# 开跑 2026-08-19 18:40:38  argv: scripts/climb_walk.py --no-tank --sag-comp 8 --press-delta 20 --stand-height 62 --max-step 66 --speed 20 --tilt-trim 6
# git: f638e56
# 模式=no-tank port=/dev/ttyACM0 release=False
# 参数: cycle=3.6s sag_comp=8.0mm press_delta=20mm lift_gate=-50kPa tilt_trim=6° SPEED=20 TURN=0.1 update_hz=50 max_step=66.0
# 阈值: ATTACH=-30.0 PUMP_ON=-60.0 PUMP_OFF=-75.0 comp_tail=70.5mm suck_timeout=2.5s leak_rescue=2.0s retry=3 volt_warn/cutoff=6.4/6.0V
[    2.468] EVT 缓慢站起（竖直升至爬墙站位）
[    6.574] EVT 爬墙站位就位，进入就位暂停
# tilt_trim=6° 站位半径 170.9→156.8
# 大步幅实验：max_step=66 几何上限 81.9 stand=62
[    6.580] EVT 下滑补偿开启：设定 8mm/抬腿事件，本速度直行实际 8mm
[    6.684] TLM t=   0.0 L1·r@-- L2·r@-- L3·r@-- R1·r@-- R2·r@-- R3·r@-- 罐=无罐 泵=0 阀=000000 速=+0,+0,+0.00 电=7.73V/1.63A/峰1.63 补余=0.0 IO错=0 就位暂停
[    7.192] TLM t=   0.0 L1·r@-- L2·r@-- L3·r@-- R1·r@-- R2·r@-- R3·r@-- 罐=无罐 泵=0 阀=000000 速=+0,+0,+0.00 电=7.73V/1.55A/峰1.63 补余=0.0 IO错=0 就位暂停
[    7.701] TLM t=   0.0 L1·r@-- L2·r@-- L3·r@-- R1·r@-- R2·r@-- R3·r@-- 罐=无罐 泵=0 阀=000000 速=+0,+0,+0.00 电=7.72V/1.47A/峰1.63 补余=0.0 IO错=0 就位暂停
[    8.212] TLM t=   0.0 L1·r@-- L2·r@-- L3·r@-- R1·r@-- R2·r@-- R3·r@-- 罐=无罐 泵=0 阀=000000 速=+0,+0,+0.00 电=7.73V/1.30A/峰1.63 补余=0.0 IO错=0 就位暂停
[    8.719] TLM t=   0.0 L1·r@-- L2·r@-- L3·r@-- R1·r@-- R2·r@-- R3·r@-- 罐=无罐 泵=0 阀=000000 速=+0,+0,+0.00 电=7.74V/1.22A/峰1.63 补余=0.0 IO错=0 就位暂停
[    9.229] TLM t=   0.0 L1·r@-- L2·r@-- L3·r@-- R1·r@-- R2·r@-- R3·r@-- 罐=无罐 泵=0 阀=000000 速=+0,+0,+0.00 电=7.75V/1.22A/峰1.63 补余=0.0 IO错=0 就位暂停
[    9.737] TLM t=   0.0 L1·r@-- L2·r@-- L3·r@-- R1·r@-- R2·r@-- R3·r@-- 罐=无罐 泵=0 阀=000000 速=+0,+0,+0.00 电=7.75V/1.22A/峰1.63 补余=0.0 IO错=0 就位暂停
[   10.249] TLM t=   0.0 L1·r@-- L2·r@-- L3·r@-- R1·r@-- R2·r@-- R3·r@-- 罐=无罐 泵=0 阀=000000 速=+0,+0,+0.00 电=7.75V/1.14A/峰1.63 补余=0.0 IO错=0 就位暂停
[   10.755] TLM t=   0.0 L1·r@-- L2·r@-- L3·r@-- R1·r@-- R2·r@-- R3·r@-- 罐=无罐 泵=0 阀=000000 速=+0,+0,+0.00 电=7.75V/1.14A/峰1.63 补余=0.0 IO错=0 就位暂停
[   11.269] TLM t=   0.0 L1·r@-- L2·r@-- L3·r@-- R1·r@-- R2·r@-- R3·r@-- 罐=无罐 泵=0 阀=000000 速=+0,+0,+0.00 电=7.75V/1.14A/峰1.63 补余=0.0 IO错=0 就位暂停
[   11.773] TLM t=   0.0 L1·r@-- L2·r@-- L3·r@-- R1·r@-- R2·r@-- R3·r@-- 罐=无罐 泵=0 阀=000000 速=+0,+0,+0.00 电=7.75V/1.14A/峰1.63 补余=0.0 IO错=0 就位暂停
[   12.284] TLM t=   0.0 L1·r@-- L2·r@-- L3·r@-- R1·r@-- R2·r@-- R3·r@-- 罐=无罐 泵=0 阀=000000 速=+0,+0,+0.00 电=7.75V/0.98A/峰1.63 补余=0.0 IO错=0 就位暂停
[   12.788] TLM t=   0.0 L1·r@-- L2·r@-- L3·r@-- R1·r@-- R2·r@-- R3·r@-- 罐=无罐 泵=0 阀=000000 速=+0,+0,+0.00 电=7.75V/0.98A/峰1.63 补余=0.0 IO错=0 就位暂停
[   13.298] TLM t=   0.0 L1·r@-- L2·r@-- L3·r@-- R1·r@-- R2·r@-- R3·r@-- 罐=无罐 泵=0 阀=000000 速=+0,+0,+0.00 电=7.75V/1.06A/峰1.63 补余=0.0 IO错=0 就位暂停
[   13.802] TLM t=   0.0 L1·r@-- L2·r@-- L3·r@-- R1·r@-- R2·r@-- R3·r@-- 罐=无罐 泵=0 阀=000000 速=+0,+0,+0.00 电=7.75V/1.06A/峰1.63 补余=0.0 IO错=0 就位暂停
[   14.314] TLM t=   0.0 L1·r@-- L2·r@-- L3·r@-- R1·r@-- R2·r@-- R3·r@-- 罐=无罐 泵=0 阀=000000 速=+0,+0,+0.00 电=7.75V/0.98A/峰1.63 补余=0.0 IO错=0 就位暂停
[   14.819] TLM t=   0.0 L1·r@-- L2·r@-- L3·r@-- R1·r@-- R2·r@-- R3·r@-- 罐=无罐 泵=0 阀=000000 速=+0,+0,+0.00 电=7.75V/0.90A/峰1.63 补余=0.0 IO错=0 就位暂停
[   15.329] TLM t=   0.0 L1·r@-- L2·r@-- L3·r@-- R1·r@-- R2·r@-- R3·r@-- 罐=无罐 泵=0 阀=000000 速=+0,+0,+0.00 电=7.75V/1.06A/峰1.63 补余=0.0 IO错=0 就位暂停
[   15.832] TLM t=   0.0 L1·r@-- L2·r@-- L3·r@-- R1·r@-- R2·r@-- R3·r@-- 罐=无罐 泵=0 阀=000000 速=+0,+0,+0.00 电=7.75V/0.98A/峰1.63 补余=0.0 IO错=0 就位暂停
[   16.346] TLM t=   0.0 L1·r@-- L2·r@-- L3·r@-- R1·r@-- R2·r@-- R3·r@-- 罐=无罐 泵=0 阀=000000 速=+0,+0,+0.00 电=7.73V/0.98A/峰1.63 补余=0.0 IO错=0 就位暂停
[   16.849] TLM t=   0.0 L1·r@-- L2·r@-- L3·r@-- R1·r@-- R2·r@-- R3·r@-- 罐=无罐 泵=0 阀=000000 速=+0,+0,+0.00 电=7.75V/1.06A/峰1.63 补余=0.0 IO错=0 就位暂停
[   17.361] TLM t=   0.0 L1·r@-- L2·r@-- L3·r@-- R1·r@-- R2·r@-- R3·r@-- 罐=无罐 泵=0 阀=000000 速=+0,+0,+0.00 电=7.74V/1.06A/峰1.63 补余=0.0 IO错=0 就位暂停
[   17.864] TLM t=   0.0 L1·r@-- L2·r@-- L3·r@-- R1·r@-- R2·r@-- R3·r@-- 罐=无罐 泵=0 阀=000000 速=+0,+0,+0.00 电=7.74V/0.98A/峰1.63 补余=0.0 IO错=0 就位暂停
[   18.376] TLM t=   0.0 L1·r@-- L2·r@-- L3·r@-- R1·r@-- R2·r@-- R3·r@-- 罐=无罐 泵=0 阀=000000 速=+0,+0,+0.00 电=7.75V/0.98A/峰1.63 补余=0.0 IO错=0 就位暂停
[   18.882] TLM t=   0.0 L1·r@-- L2·r@-- L3·r@-- R1·r@-- R2·r@-- R3·r@-- 罐=无罐 泵=0 阀=000000 速=+0,+0,+0.00 电=7.74V/0.98A/峰1.63 补余=0.0 IO错=0 就位暂停
[   19.392] TLM t=   0.0 L1·r@-- L2·r@-- L3·r@-- R1·r@-- R2·r@-- R3·r@-- 罐=无罐 泵=0 阀=000000 速=+0,+0,+0.00 电=7.75V/1.06A/峰1.63 补余=0.0 IO错=0 就位暂停
[   19.896] TLM t=   0.0 L1·r@-- L2·r@-- L3·r@-- R1·r@-- R2·r@-- R3·r@-- 罐=无罐 泵=0 阀=000000 速=+0,+0,+0.00 电=7.75V/0.98A/峰1.63 补余=0.0 IO错=0 就位暂停
[   20.410] TLM t=   0.0 L1·r@-- L2·r@-- L3·r@-- R1·r@-- R2·r@-- R3·r@-- 罐=无罐 泵=0 阀=000000 速=+0,+0,+0.00 电=7.75V/0.90A/峰1.63 补余=0.0 IO错=0 就位暂停
[   20.915] TLM t=   0.0 L1·r@-- L2·r@-- L3·r@-- R1·r@-- R2·r@-- R3·r@-- 罐=无罐 泵=0 阀=000000 速=+0,+0,+0.00 电=7.75V/0.98A/峰1.63 补余=0.0 IO错=0 就位暂停
[   21.424] TLM t=   0.0 L1·r@-- L2·r@-- L3·r@-- R1·r@-- R2·r@-- R3·r@-- 罐=无罐 泵=0 阀=000000 速=+0,+0,+0.00 电=7.75V/0.98A/峰1.63 补余=0.0 IO错=0 就位暂停
[   21.929] TLM t=   0.0 L1·r@-- L2·r@-- L3·r@-- R1·r@-- R2·r@-- R3·r@-- 罐=无罐 泵=0 阀=000000 速=+0,+0,+0.00 电=7.74V/0.98A/峰1.63 补余=0.0 IO错=0 就位暂停
[   22.446] TLM t=   0.0 L1·r@-- L2·r@-- L3·r@-- R1·r@-- R2·r@-- R3·r@-- 罐=无罐 泵=0 阀=000000 速=+0,+0,+0.00 电=7.74V/0.98A/峰1.63 补余=0.0 IO错=0 就位暂停
[   22.955] TLM t=   0.0 L1·r@-- L2·r@-- L3·r@-- R1·r@-- R2·r@-- R3·r@-- 罐=无罐 泵=0 阀=000000 速=+0,+0,+0.00 电=7.75V/0.98A/峰1.63 补余=0.0 IO错=0 就位暂停
[   23.466] TLM t=   0.0 L1·r@-- L2·r@-- L3·r@-- R1·r@-- R2·r@-- R3·r@-- 罐=无罐 泵=0 阀=000000 速=+0,+0,+0.00 电=7.74V/1.06A/峰1.63 补余=0.0 IO错=0 就位暂停
[   23.969] TLM t=   0.0 L1·r@-- L2·r@-- L3·r@-- R1·r@-- R2·r@-- R3·r@-- 罐=无罐 泵=0 阀=000000 速=+0,+0,+0.00 电=7.75V/0.98A/峰1.63 补余=0.0 IO错=0 就位暂停
[   24.482] TLM t=   0.0 L1·r@-- L2·r@-- L3·r@-- R1·r@-- R2·r@-- R3·r@-- 罐=无罐 泵=0 阀=000000 速=+0,+0,+0.00 电=7.74V/1.06A/峰1.63 补余=0.0 IO错=0 就位暂停
[   24.988] TLM t=   0.0 L1·r@-- L2·r@-- L3·r@-- R1·r@-- R2·r@-- R3·r@-- 罐=无罐 泵=0 阀=000000 速=+0,+0,+0.00 电=7.74V/0.98A/峰1.63 补余=0.0 IO错=0 就位暂停
[   25.500] TLM t=   0.0 L1·r@-- L2·r@-- L3·r@-- R1·r@-- R2·r@-- R3·r@-- 罐=无罐 泵=0 阀=000000 速=+0,+0,+0.00 电=7.75V/0.98A/峰1.63 补余=0.0 IO错=0 就位暂停
[   26.006] TLM t=   0.0 L1·r@-- L2·r@-- L3·r@-- R1·r@-- R2·r@-- R3·r@-- 罐=无罐 泵=0 阀=000000 速=+0,+0,+0.00 电=7.75V/0.98A/峰1.63 补余=0.0 IO错=0 就位暂停
[   26.520] TLM t=   0.0 L1·r@-- L2·r@-- L3·r@-- R1·r@-- R2·r@-- R3·r@-- 罐=无罐 泵=0 阀=000000 速=+0,+0,+0.00 电=7.74V/0.98A/峰1.63 补余=0.0 IO错=0 就位暂停
[   27.026] TLM t=   0.0 L1·r@-- L2·r@-- L3·r@-- R1·r@-- R2·r@-- R3·r@-- 罐=无罐 泵=0 阀=000000 速=+0,+0,+0.00 电=7.74V/0.98A/峰1.63 补余=0.0 IO错=0 就位暂停
[   27.561] TLM t=   0.0 L1·r@-- L2·r@-- L3·r@-- R1·r@-- R2·r@-- R3·r@-- 罐=无罐 泵=0 阀=000000 速=+0,+0,+0.00 电=7.74V/0.98A/峰1.63 补余=0.0 IO错=0 就位暂停
[   28.066] TLM t=   0.0 L1·r@-- L2·r@-- L3·r@-- R1·r@-- R2·r@-- R3·r@-- 罐=无罐 泵=0 阀=000000 速=+0,+0,+0.00 电=7.74V/0.81A/峰1.63 补余=0.0 IO错=0 就位暂停
[   28.596] TLM t=   0.0 L1·r@-- L2·r@-- L3·r@-- R1·r@-- R2·r@-- R3·r@-- 罐=无罐 泵=0 阀=000000 速=+0,+0,+0.00 电=7.74V/0.90A/峰1.63 补余=0.0 IO错=0 就位暂停
[   29.101] TLM t=   0.0 L1·r@-- L2·r@-- L3·r@-- R1·r@-- R2·r@-- R3·r@-- 罐=无罐 泵=0 阀=000000 速=+0,+0,+0.00 电=7.73V/1.06A/峰1.63 补余=0.0 IO错=0 就位暂停
[   29.612] TLM t=   0.0 L1·r@-- L2·r@-- L3·r@-- R1·r@-- R2·r@-- R3·r@-- 罐=无罐 泵=0 阀=000000 速=+0,+0,+0.00 电=7.74V/0.98A/峰1.63 补余=0.0 IO错=0 就位暂停
[   30.119] TLM t=   0.0 L1·r@-- L2·r@-- L3·r@-- R1·r@-- R2·r@-- R3·r@-- 罐=无罐 泵=0 阀=000000 速=+0,+0,+0.00 电=7.73V/0.98A/峰1.63 补余=0.0 IO错=0 就位暂停
[   30.630] TLM t=   0.0 L1·r@-- L2·r@-- L3·r@-- R1·r@-- R2·r@-- R3·r@-- 罐=无罐 泵=0 阀=000000 速=+0,+0,+0.00 电=7.73V/0.90A/峰1.63 补余=0.0 IO错=0 就位暂停
[   31.136] TLM t=   0.0 L1·r@-- L2·r@-- L3·r@-- R1·r@-- R2·r@-- R3·r@-- 罐=无罐 泵=0 阀=000000 速=+0,+0,+0.00 电=7.75V/0.73A/峰1.63 补余=0.0 IO错=0 就位暂停
[   31.651] TLM t=   0.0 L1·r@-- L2·r@-- L3·r@-- R1·r@-- R2·r@-- R3·r@-- 罐=无罐 泵=0 阀=000000 速=+0,+0,+0.00 电=7.76V/0.65A/峰1.63 补余=0.0 IO错=0 就位暂停
[   32.156] TLM t=   0.0 L1·r@-- L2·r@-- L3·r@-- R1·r@-- R2·r@-- R3·r@-- 罐=无罐 泵=0 阀=000000 速=+0,+0,+0.00 电=7.76V/0.57A/峰1.63 补余=0.0 IO错=0 就位暂停
[   32.664] TLM t=   0.0 L1·r@-- L2·r@-- L3·r@-- R1·r@-- R2·r@-- R3·r@-- 罐=无罐 泵=0 阀=000000 速=+0,+0,+0.00 电=7.76V/0.57A/峰1.63 补余=0.0 IO错=0 就位暂停
[   33.170] TLM t=   0.0 L1·r@-- L2·r@-- L3·r@-- R1·r@-- R2·r@-- R3·r@-- 罐=无罐 泵=0 阀=000000 速=+0,+0,+0.00 电=7.76V/0.57A/峰1.63 补余=0.0 IO错=0 就位暂停
[   33.679] TLM t=   0.0 L1·r@-- L2·r@-- L3·r@-- R1·r@-- R2·r@-- R3·r@-- 罐=无罐 泵=0 阀=000000 速=+0,+0,+0.00 电=7.76V/0.57A/峰1.63 补余=0.0 IO错=0 就位暂停
[   34.184] TLM t=   0.0 L1·r@-- L2·r@-- L3·r@-- R1·r@-- R2·r@-- R3·r@-- 罐=无罐 泵=0 阀=000000 速=+0,+0,+0.00 电=7.76V/0.57A/峰1.63 补余=0.0 IO错=0 就位暂停
[   34.693] TLM t=   0.0 L1·r@-- L2·r@-- L3·r@-- R1·r@-- R2·r@-- R3·r@-- 罐=无罐 泵=0 阀=000000 速=+0,+0,+0.00 电=7.76V/0.65A/峰1.63 补余=0.0 IO错=0 就位暂停
[   35.198] TLM t=   0.0 L1·r@-- L2·r@-- L3·r@-- R1·r@-- R2·r@-- R3·r@-- 罐=无罐 泵=0 阀=000000 速=+0,+0,+0.00 电=7.75V/0.65A/峰1.63 补余=0.0 IO错=0 就位暂停
[   35.710] TLM t=   0.0 L1·r@-- L2·r@-- L3·r@-- R1·r@-- R2·r@-- R3·r@-- 罐=无罐 泵=0 阀=000000 速=+0,+0,+0.00 电=7.75V/0.65A/峰1.63 补余=0.0 IO错=0 就位暂停
[   36.215] TLM t=   0.0 L1·r@-- L2·r@-- L3·r@-- R1·r@-- R2·r@-- R3·r@-- 罐=无罐 泵=0 阀=000000 速=+0,+0,+0.00 电=7.75V/0.65A/峰1.63 补余=0.0 IO错=0 就位暂停
[   36.726] TLM t=   0.0 L1·r@-- L2·r@-- L3·r@-- R1·r@-- R2·r@-- R3·r@-- 罐=无罐 泵=0 阀=000000 速=+0,+0,+0.00 电=7.75V/0.65A/峰1.63 补余=0.0 IO错=0 就位暂停
[   37.233] TLM t=   0.0 L1·r@-- L2·r@-- L3·r@-- R1·r@-- R2·r@-- R3·r@-- 罐=无罐 泵=0 阀=000000 速=+0,+0,+0.00 电=7.75V/0.65A/峰1.63 补余=0.0 IO错=0 就位暂停
[   37.744] TLM t=   0.0 L1·r@-- L2·r@-- L3·r@-- R1·r@-- R2·r@-- R3·r@-- 罐=无罐 泵=0 阀=000000 速=+0,+0,+0.00 电=7.75V/0.57A/峰1.63 补余=0.0 IO错=0 就位暂停
[   38.249] TLM t=   0.0 L1·r@-- L2·r@-- L3·r@-- R1·r@-- R2·r@-- R3·r@-- 罐=无罐 泵=0 阀=000000 速=+0,+0,+0.00 电=7.75V/0.65A/峰1.63 补余=0.0 IO错=0 就位暂停
[   38.757] TLM t=   0.0 L1·r@-- L2·r@-- L3·r@-- R1·r@-- R2·r@-- R3·r@-- 罐=无罐 泵=0 阀=000000 速=+0,+0,+0.00 电=7.76V/0.41A/峰1.63 补余=0.0 IO错=0 就位暂停
[   39.266] TLM t=   0.0 L1·r@-- L2·r@-- L3·r@-- R1·r@-- R2·r@-- R3·r@-- 罐=无罐 泵=0 阀=000000 速=+0,+0,+0.00 电=7.76V/0.49A/峰1.63 补余=0.0 IO错=0 就位暂停
[   39.775] TLM t=   0.0 L1·r@-- L2·r@-- L3·r@-- R1·r@-- R2·r@-- R3·r@-- 罐=无罐 泵=0 阀=000000 速=+0,+0,+0.00 电=7.75V/0.49A/峰1.63 补余=0.0 IO错=0 就位暂停
[   40.280] TLM t=   0.0 L1·r@-- L2·r@-- L3·r@-- R1·r@-- R2·r@-- R3·r@-- 罐=无罐 泵=0 阀=000000 速=+0,+0,+0.00 电=7.77V/0.33A/峰1.63 补余=0.0 IO错=0 就位暂停
[   40.790] TLM t=   0.0 L1·r@-- L2·r@-- L3·r@-- R1·r@-- R2·r@-- R3·r@-- 罐=无罐 泵=0 阀=000000 速=+0,+0,+0.00 电=7.76V/0.33A/峰1.63 补余=0.0 IO错=0 就位暂停
[   41.295] TLM t=   0.0 L1·r@-- L2·r@-- L3·r@-- R1·r@-- R2·r@-- R3·r@-- 罐=无罐 泵=0 阀=000000 速=+0,+0,+0.00 电=7.75V/0.57A/峰1.63 补余=0.0 IO错=0 就位暂停
[   41.804] TLM t=   0.0 L1·r@-- L2·r@-- L3·r@-- R1·r@-- R2·r@-- R3·r@-- 罐=无罐 泵=0 阀=000000 速=+0,+0,+0.00 电=7.75V/0.57A/峰1.63 补余=0.0 IO错=0 就位暂停
[   42.309] TLM t=   0.0 L1·r@-- L2·r@-- L3·r@-- R1·r@-- R2·r@-- R3·r@-- 罐=无罐 泵=0 阀=000000 速=+0,+0,+0.00 电=7.75V/0.57A/峰1.63 补余=0.0 IO错=0 就位暂停
[   42.819] TLM t=   0.0 L1·r@-- L2·r@-- L3·r@-- R1·r@-- R2·r@-- R3·r@-- 罐=无罐 泵=0 阀=000000 速=+0,+0,+0.00 电=7.74V/0.57A/峰1.63 补余=0.0 IO错=0 就位暂停
[   43.325] TLM t=   0.0 L1·r@-- L2·r@-- L3·r@-- R1·r@-- R2·r@-- R3·r@-- 罐=无罐 泵=0 阀=000000 速=+0,+0,+0.00 电=7.75V/0.65A/峰1.63 补余=0.0 IO错=0 就位暂停
[   43.836] TLM t=   0.0 L1·r@-- L2·r@-- L3·r@-- R1·r@-- R2·r@-- R3·r@-- 罐=无罐 泵=0 阀=000000 速=+0,+0,+0.00 电=7.75V/0.57A/峰1.63 补余=0.0 IO错=0 就位暂停
[   44.344] TLM t=   0.0 L1·r@-- L2·r@-- L3·r@-- R1·r@-- R2·r@-- R3·r@-- 罐=无罐 泵=0 阀=000000 速=+0,+0,+0.00 电=7.75V/0.57A/峰1.63 补余=0.0 IO错=0 就位暂停
[   44.853] TLM t=   0.0 L1·r@-- L2·r@-- L3·r@-- R1·r@-- R2·r@-- R3·r@-- 罐=无罐 泵=0 阀=000000 速=+0,+0,+0.00 电=7.75V/0.57A/峰1.63 补余=0.0 IO错=0 就位暂停
[   45.360] TLM t=   0.0 L1·r@-- L2·r@-- L3·r@-- R1·r@-- R2·r@-- R3·r@-- 罐=无罐 泵=0 阀=000000 速=+0,+0,+0.00 电=7.75V/0.65A/峰1.63 补余=0.0 IO错=0 就位暂停
[   45.870] TLM t=   0.0 L1·r@-- L2·r@-- L3·r@-- R1·r@-- R2·r@-- R3·r@-- 罐=无罐 泵=0 阀=000000 速=+0,+0,+0.00 电=7.75V/0.57A/峰1.63 补余=0.0 IO错=0 就位暂停
[   46.378] TLM t=   0.0 L1·r@-- L2·r@-- L3·r@-- R1·r@-- R2·r@-- R3·r@-- 罐=无罐 泵=0 阀=000000 速=+0,+0,+0.00 电=7.74V/0.65A/峰1.63 补余=0.0 IO错=0 就位暂停
[   46.891] TLM t=   0.0 L1·r@-- L2·r@-- L3·r@-- R1·r@-- R2·r@-- R3·r@-- 罐=无罐 泵=0 阀=000000 速=+0,+0,+0.00 电=7.75V/0.57A/峰1.63 补余=0.0 IO错=0 就位暂停
[   47.396] TLM t=   0.0 L1·r@-- L2·r@-- L3·r@-- R1·r@-- R2·r@-- R3·r@-- 罐=无罐 泵=0 阀=000000 速=+0,+0,+0.00 电=7.74V/0.65A/峰1.63 补余=0.0 IO错=0 就位暂停
[   47.904] TLM t=   0.0 L1·r@-- L2·r@-- L3·r@-- R1·r@-- R2·r@-- R3·r@-- 罐=无罐 泵=0 阀=000000 速=+0,+0,+0.00 电=7.75V/0.65A/峰1.63 补余=0.0 IO错=0 就位暂停
[   48.411] TLM t=   0.0 L1·r@-- L2·r@-- L3·r@-- R1·r@-- R2·r@-- R3·r@-- 罐=无罐 泵=0 阀=000000 速=+0,+0,+0.00 电=7.74V/0.65A/峰1.63 补余=0.0 IO错=0 就位暂停
[   48.920] TLM t=   0.0 L1·r@-- L2·r@-- L3·r@-- R1·r@-- R2·r@-- R3·r@-- 罐=无罐 泵=0 阀=000000 速=+0,+0,+0.00 电=7.75V/0.57A/峰1.63 补余=0.0 IO错=0 就位暂停
[   49.426] TLM t=   0.0 L1·r@-- L2·r@-- L3·r@-- R1·r@-- R2·r@-- R3·r@-- 罐=无罐 泵=0 阀=000000 速=+0,+0,+0.00 电=7.75V/0.65A/峰1.63 补余=0.0 IO错=0 就位暂停
[   49.938] TLM t=   0.0 L1·r@-- L2·r@-- L3·r@-- R1·r@-- R2·r@-- R3·r@-- 罐=无罐 泵=0 阀=000000 速=+0,+0,+0.00 电=7.75V/0.65A/峰1.63 补余=0.0 IO错=0 就位暂停
[   50.443] TLM t=   0.0 L1·r@-- L2·r@-- L3·r@-- R1·r@-- R2·r@-- R3·r@-- 罐=无罐 泵=0 阀=000000 速=+0,+0,+0.00 电=7.74V/0.65A/峰1.63 补余=0.0 IO错=0 就位暂停
[   50.955] TLM t=   0.0 L1·r@-- L2·r@-- L3·r@-- R1·r@-- R2·r@-- R3·r@-- 罐=无罐 泵=0 阀=000000 速=+0,+0,+0.00 电=7.75V/0.65A/峰1.63 补余=0.0 IO错=0 就位暂停
[   51.461] TLM t=   0.0 L1·r@-- L2·r@-- L3·r@-- R1·r@-- R2·r@-- R3·r@-- 罐=无罐 泵=0 阀=000000 速=+0,+0,+0.00 电=7.75V/0.57A/峰1.63 补余=0.0 IO错=0 就位暂停
[   51.976] TLM t=   0.0 L1·r@-- L2·r@-- L3·r@-- R1·r@-- R2·r@-- R3·r@-- 罐=无罐 泵=0 阀=000000 速=+0,+0,+0.00 电=7.74V/0.57A/峰1.63 补余=0.0 IO错=0 就位暂停
[   52.481] TLM t=   0.0 L1·r@-- L2·r@-- L3·r@-- R1·r@-- R2·r@-- R3·r@-- 罐=无罐 泵=0 阀=000000 速=+0,+0,+0.00 电=7.75V/0.65A/峰1.63 补余=0.0 IO错=0 就位暂停
[   52.996] TLM t=   0.0 L1·r@-- L2·r@-- L3·r@-- R1·r@-- R2·r@-- R3·r@-- 罐=无罐 泵=0 阀=000000 速=+0,+0,+0.00 电=7.74V/0.65A/峰1.63 补余=0.0 IO错=0 就位暂停
[   53.501] TLM t=   0.0 L1·r@-- L2·r@-- L3·r@-- R1·r@-- R2·r@-- R3·r@-- 罐=无罐 泵=0 阀=000000 速=+0,+0,+0.00 电=7.75V/0.65A/峰1.63 补余=0.0 IO错=0 就位暂停
[   54.014] TLM t=   0.0 L1·r@-- L2·r@-- L3·r@-- R1·r@-- R2·r@-- R3·r@-- 罐=无罐 泵=0 阀=000000 速=+0,+0,+0.00 电=7.75V/0.65A/峰1.63 补余=0.0 IO错=0 就位暂停
[   54.522] TLM t=   0.0 L1·r@-- L2·r@-- L3·r@-- R1·r@-- R2·r@-- R3·r@-- 罐=无罐 泵=0 阀=000000 速=+0,+0,+0.00 电=7.74V/0.65A/峰1.63 补余=0.0 IO错=0 就位暂停
[   55.036] TLM t=   0.0 L1·r@-- L2·r@-- L3·r@-- R1·r@-- R2·r@-- R3·r@-- 罐=无罐 泵=0 阀=000000 速=+0,+0,+0.00 电=7.75V/0.65A/峰1.63 补余=0.0 IO错=0 就位暂停
[   55.542] TLM t=   0.0 L1·r@-- L2·r@-- L3·r@-- R1·r@-- R2·r@-- R3·r@-- 罐=无罐 泵=0 阀=000000 速=+0,+0,+0.00 电=7.74V/0.65A/峰1.63 补余=0.0 IO错=0 就位暂停
[   56.054] TLM t=   0.0 L1·r@-- L2·r@-- L3·r@-- R1·r@-- R2·r@-- R3·r@-- 罐=无罐 泵=0 阀=000000 速=+0,+0,+0.00 电=7.74V/0.65A/峰1.63 补余=0.0 IO错=0 就位暂停
[   56.560] TLM t=   0.0 L1·r@-- L2·r@-- L3·r@-- R1·r@-- R2·r@-- R3·r@-- 罐=无罐 泵=0 阀=000000 速=+0,+0,+0.00 电=7.75V/0.65A/峰1.63 补余=0.0 IO错=0 就位暂停
[   57.071] TLM t=   0.0 L1·r@-- L2·r@-- L3·r@-- R1·r@-- R2·r@-- R3·r@-- 罐=无罐 泵=0 阀=000000 速=+0,+0,+0.00 电=7.74V/0.65A/峰1.63 补余=0.0 IO错=0 就位暂停
[   57.576] TLM t=   0.0 L1·r@-- L2·r@-- L3·r@-- R1·r@-- R2·r@-- R3·r@-- 罐=无罐 泵=0 阀=000000 速=+0,+0,+0.00 电=7.74V/0.65A/峰1.63 补余=0.0 IO错=0 就位暂停
[   58.090] TLM t=   0.0 L1·r@-- L2·r@-- L3·r@-- R1·r@-- R2·r@-- R3·r@-- 罐=无罐 泵=0 阀=000000 速=+0,+0,+0.00 电=7.74V/0.57A/峰1.63 补余=0.0 IO错=0 就位暂停
[   58.594] TLM t=   0.0 L1·r@-- L2·r@-- L3·r@-- R1·r@-- R2·r@-- R3·r@-- 罐=无罐 泵=0 阀=000000 速=+0,+0,+0.00 电=7.74V/0.65A/峰1.63 补余=0.0 IO错=0 就位暂停
[   59.106] TLM t=   0.0 L1·r@-- L2·r@-- L3·r@-- R1·r@-- R2·r@-- R3·r@-- 罐=无罐 泵=0 阀=000000 速=+0,+0,+0.00 电=7.73V/0.65A/峰1.63 补余=0.0 IO错=0 就位暂停
[   59.611] TLM t=   0.0 L1·r@-- L2·r@-- L3·r@-- R1·r@-- R2·r@-- R3·r@-- 罐=无罐 泵=0 阀=000000 速=+0,+0,+0.00 电=7.74V/0.65A/峰1.63 补余=0.0 IO错=0 就位暂停
[   60.123] TLM t=   0.0 L1·r@-- L2·r@-- L3·r@-- R1·r@-- R2·r@-- R3·r@-- 罐=无罐 泵=0 阀=000000 速=+0,+0,+0.00 电=7.74V/0.65A/峰1.63 补余=0.0 IO错=0 就位暂停
[   60.629] TLM t=   0.0 L1·r@-- L2·r@-- L3·r@-- R1·r@-- R2·r@-- R3·r@-- 罐=无罐 泵=0 阀=000000 速=+0,+0,+0.00 电=7.75V/0.65A/峰1.63 补余=0.0 IO错=0 就位暂停
[   61.140] TLM t=   0.0 L1·r@-- L2·r@-- L3·r@-- R1·r@-- R2·r@-- R3·r@-- 罐=无罐 泵=0 阀=000000 速=+0,+0,+0.00 电=7.74V/0.65A/峰1.63 补余=0.0 IO错=0 就位暂停
[   61.645] TLM t=   0.0 L1·r@-- L2·r@-- L3·r@-- R1·r@-- R2·r@-- R3·r@-- 罐=无罐 泵=0 阀=000000 速=+0,+0,+0.00 电=7.74V/0.65A/峰1.63 补余=0.0 IO错=0 就位暂停
[   62.156] TLM t=   0.0 L1·r@-- L2·r@-- L3·r@-- R1·r@-- R2·r@-- R3·r@-- 罐=无罐 泵=0 阀=000000 速=+0,+0,+0.00 电=7.74V/0.65A/峰1.63 补余=0.0 IO错=0 就位暂停
[   62.663] TLM t=   0.0 L1·r@-- L2·r@-- L3·r@-- R1·r@-- R2·r@-- R3·r@-- 罐=无罐 泵=0 阀=000000 速=+0,+0,+0.00 电=7.74V/0.65A/峰1.63 补余=0.0 IO错=0 就位暂停
[   63.174] TLM t=   0.0 L1·r@-- L2·r@-- L3·r@-- R1·r@-- R2·r@-- R3·r@-- 罐=无罐 泵=0 阀=000000 速=+0,+0,+0.00 电=7.74V/0.65A/峰1.63 补余=0.0 IO错=0 就位暂停
[   63.678] TLM t=   0.0 L1·r@-- L2·r@-- L3·r@-- R1·r@-- R2·r@-- R3·r@-- 罐=无罐 泵=0 阀=000000 速=+0,+0,+0.00 电=7.74V/0.57A/峰1.63 补余=0.0 IO错=0 就位暂停
[   64.189] TLM t=   0.0 L1·r@-- L2·r@-- L3·r@-- R1·r@-- R2·r@-- R3·r@-- 罐=无罐 泵=0 阀=000000 速=+0,+0,+0.00 电=7.74V/0.65A/峰1.63 补余=0.0 IO错=0 就位暂停
[   64.693] TLM t=   0.0 L1·r@-- L2·r@-- L3·r@-- R1·r@-- R2·r@-- R3·r@-- 罐=无罐 泵=0 阀=000000 速=+0,+0,+0.00 电=7.74V/0.57A/峰1.63 补余=0.0 IO错=0 就位暂停
[   65.206] TLM t=   0.0 L1·r@-- L2·r@-- L3·r@-- R1·r@-- R2·r@-- R3·r@-- 罐=无罐 泵=0 阀=000000 速=+0,+0,+0.00 电=7.73V/0.65A/峰1.63 补余=0.0 IO错=0 就位暂停
[   65.709] TLM t=   0.0 L1·r@-- L2·r@-- L3·r@-- R1·r@-- R2·r@-- R3·r@-- 罐=无罐 泵=0 阀=000000 速=+0,+0,+0.00 电=7.74V/0.65A/峰1.63 补余=0.0 IO错=0 就位暂停
[   66.222] TLM t=   0.0 L1·r@-- L2·r@-- L3·r@-- R1·r@-- R2·r@-- R3·r@-- 罐=无罐 泵=0 阀=000000 速=+0,+0,+0.00 电=7.74V/0.65A/峰1.63 补余=0.0 IO错=0 就位暂停
[   66.729] TLM t=   0.0 L1·r@-- L2·r@-- L3·r@-- R1·r@-- R2·r@-- R3·r@-- 罐=无罐 泵=0 阀=000000 速=+0,+0,+0.00 电=7.73V/0.65A/峰1.63 补余=0.0 IO错=0 就位暂停
[   67.242] TLM t=   0.0 L1·r@-- L2·r@-- L3·r@-- R1·r@-- R2·r@-- R3·r@-- 罐=无罐 泵=0 阀=000000 速=+0,+0,+0.00 电=7.74V/0.65A/峰1.63 补余=0.0 IO错=0 就位暂停
[   67.747] TLM t=   0.0 L1·r@-- L2·r@-- L3·r@-- R1·r@-- R2·r@-- R3·r@-- 罐=无罐 泵=0 阀=000000 速=+0,+0,+0.00 电=7.74V/0.65A/峰1.63 补余=0.0 IO错=0 就位暂停
[   68.259] TLM t=   0.0 L1·r@-- L2·r@-- L3·r@-- R1·r@-- R2·r@-- R3·r@-- 罐=无罐 泵=0 阀=000000 速=+0,+0,+0.00 电=7.74V/0.73A/峰1.63 补余=0.0 IO错=0 就位暂停
[   68.764] TLM t=   0.0 L1·r@-- L2·r@-- L3·r@-- R1·r@-- R2·r@-- R3·r@-- 罐=无罐 泵=0 阀=000000 速=+0,+0,+0.00 电=7.73V/0.65A/峰1.63 补余=0.0 IO错=0 就位暂停
[   69.276] TLM t=   0.0 L1·r@-- L2·r@-- L3·r@-- R1·r@-- R2·r@-- R3·r@-- 罐=无罐 泵=0 阀=000000 速=+0,+0,+0.00 电=7.74V/0.49A/峰1.63 补余=0.0 IO错=0 就位暂停
[   69.779] TLM t=   0.0 L1·r@-- L2·r@-- L3·r@-- R1·r@-- R2·r@-- R3·r@-- 罐=无罐 泵=0 阀=000000 速=+0,+0,+0.00 电=7.74V/0.41A/峰1.63 补余=0.0 IO错=0 就位暂停
[   70.292] TLM t=   0.0 L1·r@-- L2·r@-- L3·r@-- R1·r@-- R2·r@-- R3·r@-- 罐=无罐 泵=0 阀=000000 速=+0,+0,+0.00 电=7.74V/0.49A/峰1.63 补余=0.0 IO错=0 就位暂停
[   70.798] TLM t=   0.0 L1·r@-- L2·r@-- L3·r@-- R1·r@-- R2·r@-- R3·r@-- 罐=无罐 泵=0 阀=000000 速=+0,+0,+0.00 电=7.74V/0.49A/峰1.63 补余=0.0 IO错=0 就位暂停
[   71.312] TLM t=   0.0 L1·r@-- L2·r@-- L3·r@-- R1·r@-- R2·r@-- R3·r@-- 罐=无罐 泵=0 阀=000000 速=+0,+0,+0.00 电=7.74V/0.49A/峰1.63 补余=0.0 IO错=0 就位暂停
[   71.817] TLM t=   0.0 L1·r@-- L2·r@-- L3·r@-- R1·r@-- R2·r@-- R3·r@-- 罐=无罐 泵=0 阀=000000 速=+0,+0,+0.00 电=7.74V/0.41A/峰1.63 补余=0.0 IO错=0 就位暂停
[   72.329] TLM t=   0.0 L1·r@-- L2·r@-- L3·r@-- R1·r@-- R2·r@-- R3·r@-- 罐=无罐 泵=0 阀=000000 速=+0,+0,+0.00 电=7.74V/0.57A/峰1.63 补余=0.0 IO错=0 就位暂停
[   72.836] TLM t=   0.0 L1·r@-- L2·r@-- L3·r@-- R1·r@-- R2·r@-- R3·r@-- 罐=无罐 泵=0 阀=000000 速=+0,+0,+0.00 电=7.73V/0.57A/峰1.63 补余=0.0 IO错=0 就位暂停
[   73.350] TLM t=   0.0 L1·r@-- L2·r@-- L3·r@-- R1·r@-- R2·r@-- R3·r@-- 罐=无罐 泵=0 阀=000000 速=+0,+0,+0.00 电=7.73V/0.57A/峰1.63 补余=0.0 IO错=0 就位暂停
[   73.857] TLM t=   0.0 L1·r@-- L2·r@-- L3·r@-- R1·r@-- R2·r@-- R3·r@-- 罐=无罐 泵=0 阀=000000 速=+0,+0,+0.00 电=7.74V/0.57A/峰1.63 补余=0.0 IO错=0 就位暂停
[   74.371] TLM t=   0.0 L1·r@-- L2·r@-- L3·r@-- R1·r@-- R2·r@-- R3·r@-- 罐=无罐 泵=0 阀=000000 速=+0,+0,+0.00 电=7.73V/0.57A/峰1.63 补余=0.0 IO错=0 就位暂停
[   74.879] TLM t=   0.0 L1·r@-- L2·r@-- L3·r@-- R1·r@-- R2·r@-- R3·r@-- 罐=无罐 泵=0 阀=000000 速=+0,+0,+0.00 电=7.73V/0.57A/峰1.63 补余=0.0 IO错=0 就位暂停
[   75.391] TLM t=   0.0 L1·r@-- L2·r@-- L3·r@-- R1·r@-- R2·r@-- R3·r@-- 罐=无罐 泵=0 阀=000000 速=+0,+0,+0.00 电=7.74V/0.57A/峰1.63 补余=0.0 IO错=0 就位暂停
[   75.900] TLM t=   0.0 L1·r@-- L2·r@-- L3·r@-- R1·r@-- R2·r@-- R3·r@-- 罐=无罐 泵=0 阀=000000 速=+0,+0,+0.00 电=7.74V/0.57A/峰1.63 补余=0.0 IO错=0 就位暂停
[   76.413] TLM t=   0.0 L1·r@-- L2·r@-- L3·r@-- R1·r@-- R2·r@-- R3·r@-- 罐=无罐 泵=0 阀=000000 速=+0,+0,+0.00 电=7.74V/0.57A/峰1.63 补余=0.0 IO错=0 就位暂停
[   76.920] TLM t=   0.0 L1·r@-- L2·r@-- L3·r@-- R1·r@-- R2·r@-- R3·r@-- 罐=无罐 泵=0 阀=000000 速=+0,+0,+0.00 电=7.74V/0.65A/峰1.63 补余=0.0 IO错=0 就位暂停
[   77.437] TLM t=   0.0 L1·r@-- L2·r@-- L3·r@-- R1·r@-- R2·r@-- R3·r@-- 罐=无罐 泵=0 阀=000000 速=+0,+0,+0.00 电=7.73V/0.65A/峰1.63 补余=0.0 IO错=0 就位暂停
[   77.944] TLM t=   0.0 L1·r@-- L2·r@-- L3·r@-- R1·r@-- R2·r@-- R3·r@-- 罐=无罐 泵=0 阀=000000 速=+0,+0,+0.00 电=7.73V/0.65A/峰1.63 补余=0.0 IO错=0 就位暂停
[   78.456] TLM t=   0.0 L1·r@-- L2·r@-- L3·r@-- R1·r@-- R2·r@-- R3·r@-- 罐=无罐 泵=0 阀=000000 速=+0,+0,+0.00 电=7.73V/0.57A/峰1.63 补余=0.0 IO错=0 就位暂停
[   78.962] TLM t=   0.0 L1·r@-- L2·r@-- L3·r@-- R1·r@-- R2·r@-- R3·r@-- 罐=无罐 泵=0 阀=000000 速=+0,+0,+0.00 电=7.73V/0.65A/峰1.63 补余=0.0 IO错=0 就位暂停
[   79.472] TLM t=   0.0 L1·r@-- L2·r@-- L3·r@-- R1·r@-- R2·r@-- R3·r@-- 罐=无罐 泵=0 阀=000000 速=+0,+0,+0.00 电=7.73V/0.65A/峰1.63 补余=0.0 IO错=0 就位暂停
[   79.977] TLM t=   0.0 L1·r@-- L2·r@-- L3·r@-- R1·r@-- R2·r@-- R3·r@-- 罐=无罐 泵=0 阀=000000 速=+0,+0,+0.00 电=7.74V/0.49A/峰1.63 补余=0.0 IO错=0 就位暂停
[   80.487] TLM t=   0.0 L1·r@-- L2·r@-- L3·r@-- R1·r@-- R2·r@-- R3·r@-- 罐=无罐 泵=0 阀=000000 速=+0,+0,+0.00 电=7.73V/0.57A/峰1.63 补余=0.0 IO错=0 就位暂停
[   80.995] TLM t=   0.0 L1·r@-- L2·r@-- L3·r@-- R1·r@-- R2·r@-- R3·r@-- 罐=无罐 泵=0 阀=000000 速=+0,+0,+0.00 电=7.74V/0.49A/峰1.63 补余=0.0 IO错=0 就位暂停
[   81.503] TLM t=   0.0 L1·r@-- L2·r@-- L3·r@-- R1·r@-- R2·r@-- R3·r@-- 罐=无罐 泵=0 阀=000000 速=+0,+0,+0.00 电=7.73V/0.57A/峰1.63 补余=0.0 IO错=0 就位暂停
[   82.010] TLM t=   0.0 L1·r@-- L2·r@-- L3·r@-- R1·r@-- R2·r@-- R3·r@-- 罐=无罐 泵=0 阀=000000 速=+0,+0,+0.00 电=7.74V/0.49A/峰1.63 补余=0.0 IO错=0 就位暂停
[   82.520] TLM t=   0.0 L1·r@-- L2·r@-- L3·r@-- R1·r@-- R2·r@-- R3·r@-- 罐=无罐 泵=0 阀=000000 速=+0,+0,+0.00 电=7.74V/0.49A/峰1.63 补余=0.0 IO错=0 就位暂停
[   83.028] TLM t=   0.0 L1·r@-- L2·r@-- L3·r@-- R1·r@-- R2·r@-- R3·r@-- 罐=无罐 泵=0 阀=000000 速=+0,+0,+0.00 电=7.73V/0.49A/峰1.63 补余=0.0 IO错=0 就位暂停
[   83.539] TLM t=   0.0 L1·r@-- L2·r@-- L3·r@-- R1·r@-- R2·r@-- R3·r@-- 罐=无罐 泵=0 阀=000000 速=+0,+0,+0.00 电=7.74V/0.57A/峰1.63 补余=0.0 IO错=0 就位暂停
[   84.046] TLM t=   0.0 L1·r@-- L2·r@-- L3·r@-- R1·r@-- R2·r@-- R3·r@-- 罐=无罐 泵=0 阀=000000 速=+0,+0,+0.00 电=7.73V/0.49A/峰1.63 补余=0.0 IO错=0 就位暂停
[   84.555] TLM t=   0.0 L1·r@-- L2·r@-- L3·r@-- R1·r@-- R2·r@-- R3·r@-- 罐=无罐 泵=0 阀=000000 速=+0,+0,+0.00 电=7.74V/0.49A/峰1.63 补余=0.0 IO错=0 就位暂停
[   85.064] TLM t=   0.0 L1·r@-- L2·r@-- L3·r@-- R1·r@-- R2·r@-- R3·r@-- 罐=无罐 泵=0 阀=000000 速=+0,+0,+0.00 电=7.73V/0.57A/峰1.63 补余=0.0 IO错=0 就位暂停
[   85.573] TLM t=   0.0 L1·r@-- L2·r@-- L3·r@-- R1·r@-- R2·r@-- R3·r@-- 罐=无罐 泵=0 阀=000000 速=+0,+0,+0.00 电=7.73V/0.57A/峰1.63 补余=0.0 IO错=0 就位暂停
[   86.082] TLM t=   0.0 L1·r@-- L2·r@-- L3·r@-- R1·r@-- R2·r@-- R3·r@-- 罐=无罐 泵=0 阀=000000 速=+0,+0,+0.00 电=7.73V/0.65A/峰1.63 补余=0.0 IO错=0 就位暂停
[   86.592] TLM t=   0.0 L1·r@-- L2·r@-- L3·r@-- R1·r@-- R2·r@-- R3·r@-- 罐=无罐 泵=0 阀=000000 速=+0,+0,+0.00 电=7.72V/0.73A/峰1.63 补余=0.0 IO错=0 就位暂停
[   87.097] TLM t=   0.0 L1·r@-- L2·r@-- L3·r@-- R1·r@-- R2·r@-- R3·r@-- 罐=无罐 泵=0 阀=000000 速=+0,+0,+0.00 电=7.72V/0.73A/峰1.63 补余=0.0 IO错=0 就位暂停
[   87.607] TLM t=   0.0 L1·r@-- L2·r@-- L3·r@-- R1·r@-- R2·r@-- R3·r@-- 罐=无罐 泵=0 阀=000000 速=+0,+0,+0.00 电=7.72V/0.73A/峰1.63 补余=0.0 IO错=0 就位暂停
[   88.112] TLM t=   0.0 L1·r@-- L2·r@-- L3·r@-- R1·r@-- R2·r@-- R3·r@-- 罐=无罐 泵=0 阀=000000 速=+0,+0,+0.00 电=7.73V/0.73A/峰1.63 补余=0.0 IO错=0 就位暂停
[   88.622] TLM t=   0.0 L1·r@-- L2·r@-- L3·r@-- R1·r@-- R2·r@-- R3·r@-- 罐=无罐 泵=0 阀=000000 速=+0,+0,+0.00 电=7.73V/0.65A/峰1.63 补余=0.0 IO错=0 就位暂停
[   88.800] EVT 按 p：开始全吸附启动序列
[   88.801] EVT 相位 L1 stance→press
[   88.821] EVT 泵 开
[   89.132] TLM t=   0.0 L1Pr@-- L2·r@-- L3·r@-- R1·r@-- R2·r@-- R3·r@-- 罐=无罐 泵=1 阀=000000 速=+0,+0,+0.00 电=7.69V/0.73A/峰1.63 补余=0.0 IO错=0
[   89.630] TLM t=   0.0 L1Pr@-- L2·r@-- L3·r@-- R1·r@-- R2·r@-- R3·r@-- 罐=无罐 泵=1 阀=000000 速=+0,+0,+0.00 电=7.70V/0.90A/峰1.63 补余=0.0 IO错=0
[   90.133] TLM t=   0.0 L1Pr@-- L2·r@-- L3·r@-- R1·r@-- R2·r@-- R3·r@-- 罐=无罐 泵=1 阀=000000 速=+0,+0,+0.00 电=7.69V/0.90A/峰1.63 补余=0.0 IO错=0
[   90.633] TLM t=   0.0 L1Pr@-- L2·r@-- L3·r@-- R1·r@-- R2·r@-- R3·r@-- 罐=无罐 泵=1 阀=000000 速=+0,+0,+0.00 电=7.67V/0.90A/峰1.63 补余=0.0 IO错=0
[   91.135] TLM t=   0.0 L1Pr@-- L2·r@-- L3·r@-- R1·r@-- R2·r@-- R3·r@-- 罐=无罐 泵=1 阀=000000 速=+0,+0,+0.00 电=7.67V/0.81A/峰1.63 补余=0.0 IO错=0
[   91.638] TLM t=   0.0 L1Pr@-- L2·r@-- L3·r@-- R1·r@-- R2·r@-- R3·r@-- 罐=无罐 泵=1 阀=000000 速=+0,+0,+0.00 电=7.64V/0.90A/峰1.63 补余=0.0 IO错=0
[   91.788] EVT 吸附 L1 released→pressing 在态3.00s
[   91.788] EVT 相位 L1 press→wait
[   91.808] EVT 泵 停
[   92.089] EVT 吸附 L1 pressing→sucking 在态0.30s
[   92.089] EVT 阀 L1 →抽气位
[   92.112] EVT 泵 开
[   92.138] TLM t=   0.0 L1Ws@-10 L2·r@-- L3·r@-- R1·r@-- R2·r@-- R3·r@-- 罐=无罐 泵=1 阀=100000 速=+0,+0,+0.00 电=7.60V/0.90A/峰1.63 补余=0.0 IO错=0
[   92.370] EVT 吸附 L1 sucking→attached 在态0.28s -69.3kPa
[   92.370] EVT 相位 L1 wait→stance
[   92.390] EVT 相位 L2 stance→press
[   92.593] EVT 泵 停 最差盘压-75.2
[   92.638] TLM t=   0.0 L1·A@-75 L2Pr@-- L3·r@-- R1·r@-- R2·r@-- R3·r@-- 罐=无罐 泵=0 阀=100000 速=+0,+0,+0.00 电=7.73V/0.90A/峰1.63 补余=0.0 IO错=0
[   93.148] TLM t=   0.0 L1·A@-75 L2Pr@-- L3·r@-- R1·r@-- R2·r@-- R3·r@-- 罐=无罐 泵=0 阀=100000 速=+0,+0,+0.00 电=7.72V/0.90A/峰1.63 补余=0.0 IO错=0
[   93.646] TLM t=   0.0 L1·A@-75 L2Pr@-- L3·r@-- R1·r@-- R2·r@-- R3·r@-- 罐=无罐 泵=0 阀=100000 速=+0,+0,+0.00 电=7.72V/1.06A/峰1.63 补余=0.0 IO错=0
[   93.718] EVT 吸附 L2 released→pressing 在态4.92s
[   93.718] EVT 相位 L2 press→wait
[   94.041] EVT 吸附 L2 pressing→sucking 在态0.32s
[   94.041] EVT 阀 L2 →抽气位
[   94.061] EVT 泵 开 最差盘压-74.6
[   94.149] TLM t=   0.0 L1·A@-75 L2Ws@-56 L3·r@-- R1·r@-- R2·r@-- R3·r@-- 罐=无罐 泵=1 阀=110000 速=+0,+0,+0.00 电=7.68V/0.90A/峰1.63 补余=0.0 IO错=0
[   94.342] EVT 吸附 L2 sucking→attached 在态0.30s -67.1kPa
[   94.342] EVT 相位 L2 wait→stance
[   94.362] EVT 相位 L3 stance→press
[   94.643] EVT 泵 停 最差盘压-75.1
[   94.651] TLM t=   0.0 L1·A@-75 L2·A@-75 L3Pr@-- R1·r@-- R2·r@-- R3·r@-- 罐=无罐 泵=0 阀=110000 速=+0,+0,+0.00 电=7.72V/0.90A/峰1.63 补余=0.0 IO错=0
[   95.151] TLM t=   0.0 L1·A@-76 L2·A@-75 L3Pr@-- R1·r@-- R2·r@-- R3·r@-- 罐=无罐 泵=0 阀=110000 速=+0,+0,+0.00 电=7.73V/0.81A/峰1.63 补余=0.0 IO错=0
[   95.675] TLM t=   0.0 L1·A@-75 L2·A@-75 L3Pr@-- R1·r@-- R2·r@-- R3·r@-- 罐=无罐 泵=0 阀=110000 速=+0,+0,+0.00 电=7.73V/0.90A/峰1.63 补余=0.0 IO错=0
[   95.686] EVT 吸附 L3 released→pressing 在态6.88s
[   95.686] EVT 相位 L3 press→wait
[   96.004] EVT 吸附 L3 pressing→sucking 在态0.32s
[   96.004] EVT 阀 L3 →抽气位
[   96.029] EVT 泵 开 最差盘压-74.1
[   96.176] TLM t=   0.0 L1·A@-75 L2·A@-74 L3Ws@-59 R1·r@-- R2·r@-- R3·r@-- 罐=无罐 泵=1 阀=111000 速=+0,+0,+0.00 电=7.70V/0.65A/峰1.63 补余=0.0 IO错=0
[   96.305] EVT 吸附 L3 sucking→attached 在态0.30s -65.7kPa
[   96.305] EVT 相位 L3 wait→stance
[   96.330] EVT 相位 R1 stance→press
[   96.691] EVT 泵 停 最差盘压-75.4
[   96.699] TLM t=   0.0 L1·A@-76 L2·A@-75 L3·A@-76 R1Pr@-- R2·r@-- R3·r@-- 罐=无罐 泵=0 阀=111000 速=+0,+0,+0.00 电=7.75V/0.73A/峰1.63 补余=0.0 IO错=0
[   97.218] TLM t=   0.0 L1·A@-76 L2·A@-76 L3·A@-76 R1Pr@-- R2·r@-- R3·r@-- 罐=无罐 泵=0 阀=111000 速=+0,+0,+0.00 电=7.74V/0.90A/峰1.63 补余=0.0 IO错=0
[   97.653] EVT 吸附 R1 released→pressing 在态8.84s
[   97.654] EVT 相位 R1 press→wait
[   97.726] TLM t=   0.0 L1·A@-75 L2·A@-75 L3·A@-75 R1Wp@-- R2·r@-- R3·r@-- 罐=无罐 泵=0 阀=111000 速=+0,+0,+0.00 电=7.75V/0.81A/峰1.63 补余=0.0 IO错=0
[   97.972] EVT 吸附 R1 pressing→sucking 在态0.32s
[   97.972] EVT 阀 R1 →抽气位
[   97.992] EVT 泵 开 最差盘压-74.6
[   98.240] TLM t=   0.0 L1·A@-75 L2·A@-74 L3·A@-75 R1Ws@-67 R2·r@-- R3·r@-- 罐=无罐 泵=1 阀=111100 速=+0,+0,+0.00 电=7.73V/0.81A/峰1.63 补余=0.0 IO错=0
[   98.273] EVT 吸附 R1 sucking→attached 在态0.30s -67.4kPa
[   98.273] EVT 相位 R1 wait→stance
[   98.293] EVT 相位 R2 stance→press
[   98.594] EVT 泵 停 最差盘压-75.3
[   98.747] TLM t=   0.0 L1·A@-76 L2·A@-77 L3·A@-76 R1·A@-76 R2Pr@-- R3·r@-- 罐=无罐 泵=0 阀=111100 速=+0,+0,+0.00 电=7.75V/0.90A/峰1.63 补余=0.0 IO错=0
[   99.267] TLM t=   0.0 L1·A@-76 L2·A@-76 L3·A@-76 R1·A@-75 R2Pr@-- R3·r@-- 罐=无罐 泵=0 阀=111100 速=+0,+0,+0.00 电=7.75V/0.98A/峰1.63 补余=0.0 IO错=0
[   99.616] EVT 吸附 R2 released→pressing 在态10.80s
[   99.617] EVT 相位 R2 press→wait
[   99.766] TLM t=   0.0 L1·A@-76 L2·A@-75 L3·A@-76 R1·A@-75 R2Wp@-- R3·r@-- 罐=无罐 泵=0 阀=111100 速=+0,+0,+0.00 电=7.76V/0.81A/峰1.63 补余=0.0 IO错=0
[   99.940] EVT 吸附 R2 pressing→sucking 在态0.32s
[   99.940] EVT 阀 R2 →抽气位
[   99.960] EVT 泵 开 最差盘压-75.0
[  100.241] EVT 吸附 R2 sucking→attached 在态0.30s -66.5kPa
[  100.241] EVT 相位 R2 wait→stance
[  100.261] EVT 相位 R3 stance→press
[  100.272] TLM t=   0.0 L1·A@-76 L2·A@-75 L3·A@-76 R1·A@-75 R2·A@-69 R3Pr@-- 罐=无罐 泵=1 阀=111110 速=+0,+0,+0.00 电=7.74V/0.81A/峰1.63 补余=0.0 IO错=0
[  100.641] EVT 泵 停 最差盘压-75.4
[  100.771] TLM t=   0.0 L1·A@-77 L2·A@-77 L3·A@-77 R1·A@-76 R2·A@-77 R3Pr@-- 罐=无罐 泵=0 阀=111110 速=+0,+0,+0.00 电=7.76V/0.73A/峰1.63 补余=0.0 IO错=0
[  101.274] TLM t=   0.0 L1·A@-76 L2·A@-76 L3·A@-76 R1·A@-76 R2·A@-76 R3Pr@-- 罐=无罐 泵=0 阀=111110 速=+0,+0,+0.00 电=7.76V/0.81A/峰1.63 补余=0.0 IO错=0
[  101.586] EVT 吸附 R3 released→pressing 在态12.76s
[  101.587] EVT 相位 R3 press→wait
[  101.778] TLM t=   0.0 L1·A@-76 L2·A@-75 L3·A@-76 R1·A@-76 R2·A@-75 R3Wp@-- 罐=无罐 泵=0 阀=111110 速=+0,+0,+0.00 电=7.77V/0.81A/峰1.63 补余=0.0 IO错=0
[  101.904] EVT 吸附 R3 pressing→sucking 在态0.32s
[  101.905] EVT 阀 R3 →抽气位
[  101.930] EVT 泵 开 最差盘压-74.8
[  102.205] EVT 吸附 R3 sucking→attached 在态0.30s -68.5kPa
[  102.206] EVT 相位 R3 wait→stance
[  102.206] EVT ✓ 六足全吸附，启动序列完成，相位钟开始
[  102.298] TLM t=   0.1 L1·A@-76 L2·A@-75 L3·A@-76 R1·A@-75 R2·A@-74 R3·A@-72 罐=无罐 泵=1 阀=111111 速=+0,+0,+0.00 电=7.75V/0.65A/峰1.63 补余=0.0 IO错=0
[  102.491] EVT 泵 停 最差盘压-75.4
[  102.803] TLM t=   0.6 L1·A@-76 L2·A@-76 L3·A@-76 R1·A@-75 R2·A@-76 R3·A@-76 罐=无罐 泵=0 阀=111111 速=+0,+0,+0.00 电=7.77V/0.90A/峰1.63 补余=0.0 IO错=0
[  103.323] TLM t=   1.1 L1·A@-75 L2·A@-75 L3·A@-76 R1·A@-75 R2·A@-75 R3·A@-75 罐=无罐 泵=0 阀=111111 速=+0,+0,+0.00 电=7.75V/0.90A/峰1.63 补余=0.0 IO错=0
[  103.827] TLM t=   1.6 L1·A@-75 L2·A@-75 L3·A@-76 R1·A@-75 R2·A@-74 R3·A@-75 罐=无罐 泵=0 阀=111111 速=+0,+0,+0.00 电=7.76V/0.90A/峰1.63 补余=0.0 IO错=0
[  104.348] TLM t=   2.1 L1·A@-74 L2·A@-74 L3·A@-75 R1·A@-74 R2·A@-74 R3·A@-74 罐=无罐 泵=0 阀=111111 速=+0,+0,+0.00 电=7.77V/0.90A/峰1.63 补余=0.0 IO错=0
[  104.868] TLM t=   2.6 L1·A@-74 L2·A@-74 L3·A@-75 R1·A@-74 R2·A@-73 R3·A@-74 罐=无罐 泵=0 阀=111111 速=+0,+0,+0.00 电=7.76V/0.90A/峰1.63 补余=0.0 IO错=0
[  105.370] TLM t=   3.1 L1·A@-74 L2·A@-73 L3·A@-75 R1·A@-74 R2·A@-73 R3·A@-73 罐=无罐 泵=0 阀=111111 速=+0,+0,+0.00 电=7.77V/0.98A/峰1.63 补余=0.0 IO错=0
[  105.888] TLM t=   3.7 L1·A@-73 L2·A@-72 L3·A@-75 R1·A@-73 R2·A@-72 R3·A@-72 罐=无罐 泵=0 阀=111111 速=+0,+0,+0.00 电=7.77V/0.98A/峰1.63 补余=0.0 IO错=0
[  106.397] TLM t=   4.2 L1·A@-73 L2·A@-72 L3·A@-75 R1·A@-73 R2·A@-72 R3·A@-72 罐=无罐 泵=0 阀=111111 速=+0,+0,+0.00 电=7.76V/0.98A/峰1.63 补余=0.0 IO错=0
[  106.898] TLM t=   4.7 L1·A@-72 L2·A@-71 L3·A@-75 R1·A@-73 R2·A@-71 R3·A@-71 罐=无罐 泵=0 阀=111111 速=+0,+0,+0.00 电=7.77V/0.90A/峰1.63 补余=0.0 IO错=0
[  107.424] TLM t=   5.2 L1·A@-72 L2·A@-71 L3·A@-75 R1·A@-73 R2·A@-70 R3·A@-71 罐=无罐 泵=0 阀=111111 速=+0,+0,+0.00 电=7.76V/0.90A/峰1.63 补余=0.0 IO错=0
[  107.924] TLM t=   5.7 L1·A@-72 L2·A@-70 L3·A@-74 R1·A@-73 R2·A@-70 R3·A@-70 罐=无罐 泵=0 阀=111111 速=+0,+0,+0.00 电=7.77V/0.90A/峰1.63 补余=0.0 IO错=0
[  108.448] TLM t=   6.2 L1·A@-71 L2·A@-69 L3·A@-74 R1·A@-72 R2·A@-69 R3·A@-70 罐=无罐 泵=0 阀=111111 速=+0,+0,+0.00 电=7.76V/0.90A/峰1.63 补余=0.0 IO错=0
[  108.968] TLM t=   6.7 L1·A@-71 L2·A@-69 L3·A@-74 R1·A@-72 R2·A@-69 R3·A@-69 罐=无罐 泵=0 阀=111111 速=+0,+0,+0.00 电=7.77V/0.98A/峰1.63 补余=0.0 IO错=0
[  109.474] TLM t=   7.2 L1·A@-70 L2·A@-68 L3·A@-74 R1·A@-72 R2·A@-68 R3·A@-69 罐=无罐 泵=0 阀=111111 速=+0,+0,+0.00 电=7.76V/0.90A/峰1.63 补余=0.0 IO错=0
[  109.980] TLM t=   7.7 L1·A@-70 L2·A@-68 L3·A@-74 R1·A@-72 R2·A@-68 R3·A@-68 罐=无罐 泵=0 阀=111111 速=+0,+0,+0.00 电=7.77V/0.90A/峰1.63 补余=0.0 IO错=0
[  110.501] TLM t=   8.2 L1·A@-70 L2·A@-67 L3·A@-74 R1·A@-71 R2·A@-67 R3·A@-68 罐=无罐 泵=0 阀=111111 速=+0,+0,+0.00 电=7.77V/0.90A/峰1.63 补余=0.0 IO错=0
[  111.006] TLM t=   8.7 L1·A@-69 L2·A@-66 L3·A@-74 R1·A@-71 R2·A@-67 R3·A@-67 罐=无罐 泵=0 阀=111111 速=+0,+0,+0.00 电=7.77V/0.90A/峰1.63 补余=0.0 IO错=0
[  111.528] TLM t=   9.3 L1·A@-69 L2·A@-66 L3·A@-74 R1·A@-71 R2·A@-66 R3·A@-67 罐=无罐 泵=0 阀=111111 速=+0,+0,+0.00 电=7.76V/0.98A/峰1.63 补余=0.0 IO错=0
[  112.030] TLM t=   9.8 L1·A@-69 L2·A@-65 L3·A@-73 R1·A@-71 R2·A@-66 R3·A@-66 罐=无罐 泵=0 阀=111111 速=+0,+0,+0.00 电=7.77V/0.98A/峰1.63 补余=0.0 IO错=0
[  112.552] TLM t=  10.3 L1·A@-68 L2·A@-65 L3·A@-73 R1·A@-71 R2·A@-65 R3·A@-66 罐=无罐 泵=0 阀=111111 速=+0,+0,+0.00 电=7.76V/0.98A/峰1.63 补余=0.0 IO错=0
[  113.052] TLM t=  10.8 L1·A@-68 L2·A@-64 L3·A@-73 R1·A@-70 R2·A@-65 R3·A@-65 罐=无罐 泵=0 阀=111111 速=+0,+0,+0.00 电=7.77V/0.90A/峰1.63 补余=0.0 IO错=0
[  113.579] TLM t=  11.3 L1·A@-68 L2·A@-64 L3·A@-73 R1·A@-70 R2·A@-64 R3·A@-65 罐=无罐 泵=0 阀=111111 速=+0,+0,+0.00 电=7.77V/0.98A/峰1.63 补余=0.0 IO错=0
[  114.080] TLM t=  11.8 L1·A@-67 L2·A@-63 L3·A@-73 R1·A@-70 R2·A@-64 R3·A@-64 罐=无罐 泵=0 阀=111111 速=+0,+0,+0.00 电=7.76V/0.90A/峰1.63 补余=0.0 IO错=0
[  114.607] TLM t=  12.3 L1·A@-67 L2·A@-63 L3·A@-73 R1·A@-70 R2·A@-63 R3·A@-64 罐=无罐 泵=0 阀=111111 速=+0,+0,+0.00 电=7.77V/0.90A/峰1.63 补余=0.0 IO错=0
[  115.116] TLM t=  12.8 L1·A@-67 L2·A@-62 L3·A@-73 R1·A@-70 R2·A@-63 R3·A@-63 罐=无罐 泵=0 阀=111111 速=+0,+0,+0.00 电=7.77V/0.90A/峰1.63 补余=0.0 IO错=0
[  115.635] TLM t=  13.3 L1·A@-67 L2·A@-62 L3·A@-73 R1·A@-69 R2·A@-62 R3·A@-63 罐=无罐 泵=0 阀=111111 速=+0,+0,+0.00 电=7.76V/0.98A/峰1.63 补余=0.0 IO错=0
[  116.140] TLM t=  13.8 L1·A@-66 L2·A@-61 L3·A@-72 R1·A@-69 R2·A@-62 R3·A@-62 罐=无罐 泵=0 阀=111111 速=+0,+0,+0.00 电=7.77V/0.90A/峰1.63 补余=0.0 IO错=0
[  116.658] TLM t=  14.4 L1·A@-66 L2·A@-61 L3·A@-72 R1·A@-69 R2·A@-61 R3·A@-62 罐=无罐 泵=0 阀=111111 速=+0,+0,+0.00 电=7.76V/0.90A/峰1.63 补余=0.0 IO错=0
[  117.152] EVT 泵 开 最差盘压-60.0
[  117.159] TLM t=  14.9 L1·A@-66 L2·A@-60 L3·A@-72 R1·A@-69 R2·A@-61 R3·A@-62 罐=无罐 泵=1 阀=111111 速=+0,+0,+0.00 电=7.63V/0.90A/峰1.63 补余=0.0 IO错=0
[  117.682] TLM t=  15.4 L1·A@-69 L2·A@-68 L3·A@-72 R1·A@-68 R2·A@-68 R3·A@-69 罐=无罐 泵=1 阀=111111 速=+0,+0,+0.00 电=7.74V/0.98A/峰1.63 补余=0.0 IO错=0
[  118.188] TLM t=  15.9 L1·A@-75 L2·A@-76 L3·A@-75 R1·A@-75 R2·A@-75 R3·A@-75 罐=无罐 泵=1 阀=111111 速=+0,+0,+0.00 电=7.76V/0.73A/峰1.63 补余=0.0 IO错=0
[  118.237] EVT 泵 停 最差盘压-75.1
[  118.707] TLM t=  16.4 L1·A@-76 L2·A@-76 L3·A@-76 R1·A@-75 R2·A@-76 R3·A@-76 罐=无罐 泵=0 阀=111111 速=+0,+0,+0.00 电=7.76V/0.90A/峰1.63 补余=0.0 IO错=0
[  119.209] TLM t=  16.9 L1·A@-76 L2·A@-75 L3·A@-76 R1·A@-75 R2·A@-75 R3·A@-75 罐=无罐 泵=0 阀=111111 速=+0,+0,+0.00 电=7.77V/0.90A/峰1.63 补余=0.0 IO错=0
[  119.732] TLM t=  17.4 L1·A@-75 L2·A@-75 L3·A@-76 R1·A@-75 R2·A@-75 R3·A@-75 罐=无罐 泵=0 阀=111111 速=+0,+0,+0.00 电=7.77V/0.90A/峰1.63 补余=0.0 IO错=0
[  120.235] TLM t=  17.9 L1·A@-75 L2·A@-74 L3·A@-76 R1·A@-75 R2·A@-74 R3·A@-74 罐=无罐 泵=0 阀=111111 速=+0,+0,+0.00 电=7.77V/0.90A/峰1.63 补余=0.0 IO错=0
[  120.619] EVT 键 'w' → 速 20,0,0
[  120.647] EVT 吸附 R3 attached→venting 在态18.34s -73.9kPa
[  120.648] EVT 相位 R3 stance→vent 落点Δ(+30.0,+0.0)
[  120.660] EVT 阀 R3 →排气位
[  120.754] TLM t=  21.7 L1·A@-75 L2·A@-73 L3·A@-76 R1·A@-74 R2·A@-73 R3Vv@-74 罐=无罐 泵=0 阀=111110 速=+20,+0,+0.00 电=7.73V/1.55A/峰1.63 补余=0.0 IO错=0
[  120.950] EVT 相位 R3 vent→lift
[  121.050] EVT 吸附 R3 venting→released 在态0.40s 0.2kPa
[  121.263] TLM t=  22.2 L1·A@-74 L2·A@-73 L3·A@-75 R1·A@-74 R2·A@-73 R3Lr@-- 罐=无罐 泵=0 阀=111110 速=+20,+0,+0.00 电=7.67V/2.93A/峰2.93 补余=0.0 IO错=0
[  121.779] TLM t=  22.2 L1·A@-74 L2·A@-72 L3·A@-75 R1·A@-74 R2·A@-72 R3Lr@-- 罐=无罐 泵=0 阀=111110 速=+20,+0,+0.00 电=7.67V/2.60A/峰2.93 补余=0.0 IO错=0
[  121.830] EVT 相位 R3 lift→transfer
[  122.282] TLM t=  22.2 L1·A@-74 L2·A@-72 L3·A@-75 R1·A@-74 R2·A@-72 R3Tr@-- 罐=无罐 泵=0 阀=111110 速=+20,+0,+0.00 电=7.65V/2.60A/峰2.93 补余=0.0 IO错=0
[  122.455] EVT 相位 R3 transfer→descend
[  122.801] TLM t=  22.2 L1·A@-73 L2·A@-71 L3·A@-75 R1·A@-74 R2·A@-71 R3Dr@-- 罐=无罐 泵=0 阀=111110 速=+20,+0,+0.00 电=7.67V/2.69A/峰2.93 补余=0.0 IO错=0
[  122.948] EVT 相位 R3 descend→press
[  123.309] TLM t=  22.2 L1·A@-73 L2·A@-71 L3·A@-75 R1·A@-74 R2·A@-71 R3Pr@-- 罐=无罐 泵=0 阀=111110 速=+20,+0,+0.00 电=7.67V/2.60A/峰2.93 补余=0.0 IO错=0
[  123.823] TLM t=  22.2 L1·A@-73 L2·A@-70 L3·A@-75 R1·A@-74 R2·A@-70 R3Pr@-- 罐=无罐 泵=0 阀=111110 速=+20,+0,+0.00 电=7.69V/2.60A/峰2.93 补余=0.0 IO错=0
[  124.297] EVT 吸附 R3 released→pressing 在态3.24s 0.2kPa
[  124.297] EVT 相位 R3 press→wait
[  124.330] TLM t=  22.2 L1·A@-72 L2·A@-69 L3·A@-75 R1·A@-74 R2·A@-70 R3Wp@-- 罐=无罐 泵=0 阀=111110 速=+20,+0,+0.00 电=7.68V/2.60A/峰2.93 补余=0.0 IO错=0
[  124.598] EVT 吸附 R3 pressing→sucking 在态0.30s 0.2kPa
[  124.598] EVT 阀 R3 →抽气位
[  124.621] EVT 泵 开 最差盘压-69.0
[  124.850] TLM t=  22.2 L1·A@-72 L2·A@-69 L3·A@-75 R1·A@-73 R2·A@-69 R3Ws@-53 罐=无罐 泵=1 阀=111111 速=+20,+0,+0.00 电=7.62V/2.36A/峰2.93 补余=0.0 IO错=0
[  124.961] EVT 吸附 R3 sucking→attached 在态0.36s -63.5kPa
[  124.961] EVT 相位 R3 wait→stance
[  124.998] EVT 吸附 L1 attached→venting 在态32.48s -72.2kPa
[  124.999] EVT 相位 L1 stance→vent 落点Δ(+30.0,+0.0)
[  125.019] EVT 阀 L1 →排气位
[  125.300] EVT 相位 L1 vent→lift
[  125.352] TLM t=  22.6 L1Lv@-72 L2·A@-74 L3·A@-74 R1·A@-73 R2·A@-74 R3·A@-73 罐=无罐 泵=1 阀=011111 速=+20,+0,+0.00 电=7.57V/3.50A/峰3.50 补余=0.0 IO错=0
[  125.422] EVT 吸附 L1 venting→released 在态0.42s 0.1kPa
[  125.526] EVT 泵 停 最差盘压-75.0
[  125.869] TLM t=  22.8 L1Lr@-- L2·A@-76 L3·A@-76 R1·A@-75 R2·A@-76 R3·A@-76 罐=无罐 泵=0 阀=011111 速=+20,+0,+0.00 电=7.62V/3.74A/峰3.74 补余=0.0 IO错=0
[  126.187] EVT 相位 L1 lift→transfer
[  126.375] TLM t=  22.8 L1Tr@-- L2·A@-75 L3·A@-76 R1·A@-75 R2·A@-75 R3·A@-75 罐=无罐 泵=0 阀=011111 速=+20,+0,+0.00 电=7.60V/3.66A/峰3.74 补余=0.0 IO错=0
[  126.804] EVT 相位 L1 transfer→descend
[  126.893] TLM t=  22.8 L1Dr@-- L2·A@-75 L3·A@-76 R1·A@-75 R2·A@-75 R3·A@-74 罐=无罐 泵=0 阀=011111 速=+20,+0,+0.00 电=7.63V/3.50A/峰3.74 补余=0.0 IO错=0
[  127.306] EVT 相位 L1 descend→press
[  127.402] TLM t=  22.8 L1Pr@-- L2·A@-74 L3·A@-76 R1·A@-75 R2·A@-74 R3·A@-73 罐=无罐 泵=0 阀=011111 速=+20,+0,+0.00 电=7.65V/3.34A/峰3.74 补余=0.0 IO错=0
[  127.917] TLM t=  22.8 L1Pr@-- L2·A@-74 L3·A@-76 R1·A@-75 R2·A@-74 R3·A@-72 罐=无罐 泵=0 阀=011111 速=+20,+0,+0.00 电=7.62V/3.50A/峰3.74 补余=0.0 IO错=0
[  128.425] TLM t=  22.8 L1Pr@-- L2·A@-73 L3·A@-75 R1·A@-75 R2·A@-73 R3·A@-72 罐=无罐 泵=0 阀=011111 速=+20,+0,+0.00 电=7.61V/3.42A/峰3.74 补余=0.0 IO错=0
[  128.654] EVT 吸附 L1 released→pressing 在态3.22s 0.1kPa
[  128.654] EVT 相位 L1 press→wait
[  128.939] TLM t=  22.8 L1Wp@-- L2·A@-72 L3·A@-75 R1·A@-75 R2·A@-73 R3·A@-71 罐=无罐 泵=0 阀=011111 速=+20,+0,+0.00 电=7.63V/3.26A/峰3.74 补余=0.0 IO错=0
[  128.955] EVT 吸附 L1 pressing→sucking 在态0.30s 0.1kPa
[  128.955] EVT 阀 L1 →抽气位
[  128.973] EVT 泵 开 最差盘压-70.8
[  129.228] EVT 吸附 L1 sucking→attached 在态0.28s -61.5kPa
[  129.231] EVT 相位 L1 wait→stance
[  129.273] EVT 吸附 R2 attached→venting 在态28.90s -72.2kPa
[  129.274] EVT 相位 R2 stance→vent 落点Δ(+30.0,+0.0)
[  129.291] EVT 阀 R2 →排气位
[  129.443] TLM t=  23.0 L1·A@-69 L2·A@-72 L3·A@-75 R1·A@-75 R2Vv@-72 R3·A@-70 罐=无罐 泵=1 阀=111101 速=+20,+0,+0.00 电=7.55V/3.83A/峰3.83 补余=0.0 IO错=0
[  129.574] EVT 相位 R2 vent→lift
[  129.677] EVT 吸附 R2 venting→released 在态0.40s -0.1kPa
[  129.855] EVT 泵 停 最差盘压-75.4
[  129.944] TLM t=  23.4 L1·A@-77 L2·A@-77 L3·A@-76 R1·A@-76 R2Lr@-- R3·A@-77 罐=无罐 泵=0 阀=111101 速=+20,+0,+0.00 电=7.62V/3.66A/峰3.83 补余=0.0 IO错=0
[  130.445] TLM t=  23.4 L1·A@-76 L2·A@-76 L3·A@-76 R1·A@-76 R2Lr@-- R3·A@-76 罐=无罐 泵=0 阀=111101 速=+20,+0,+0.00 电=7.62V/3.66A/峰3.83 补余=0.0 IO错=0
[  130.459] EVT 相位 R2 lift→transfer
[  130.949] TLM t=  23.4 L1·A@-76 L2·A@-75 L3·A@-76 R1·A@-76 R2Tr@-- R3·A@-76 罐=无罐 泵=0 阀=111101 速=+20,+0,+0.00 电=7.58V/4.07A/峰4.07 补余=0.0 IO错=0
[  131.080] EVT 相位 R2 transfer→descend
[  131.453] TLM t=  23.4 L1·A@-76 L2·A@-75 L3·A@-76 R1·A@-75 R2Dr@-- R3·A@-75 罐=无罐 泵=0 阀=111101 速=+20,+0,+0.00 电=7.59V/3.99A/峰4.07 补余=0.0 IO错=0
[  131.579] EVT 相位 R2 descend→press
[  131.973] TLM t=  23.4 L1·A@-75 L2·A@-74 L3·A@-76 R1·A@-75 R2Pr@-- R3·A@-74 罐=无罐 泵=0 阀=111101 速=+20,+0,+0.00 电=7.62V/3.58A/峰4.07 补余=0.0 IO错=0
[  132.472] TLM t=  23.4 L1·A@-75 L2·A@-74 L3·A@-76 R1·A@-75 R2Pr@-- R3·A@-74 罐=无罐 泵=0 阀=111101 速=+20,+0,+0.00 电=7.61V/3.91A/峰4.07 补余=0.0 IO错=0
[  132.925] EVT 吸附 R2 released→pressing 在态3.24s -0.1kPa
[  132.926] EVT 相位 R2 press→wait
[  132.997] TLM t=  23.4 L1·A@-75 L2·A@-73 L3·A@-76 R1·A@-75 R2Wp@-- R3·A@-73 罐=无罐 泵=0 阀=111101 速=+20,+0,+0.00 电=7.56V/4.15A/峰4.15 补余=0.0 IO错=0
[  133.229] EVT 吸附 R2 pressing→sucking 在态0.30s -0.1kPa
[  133.229] EVT 阀 R2 →抽气位
[  133.252] EVT 泵 开 最差盘压-72.8
[  133.502] TLM t=  23.4 L1·A@-75 L2·A@-73 L3·A@-76 R1·A@-75 R2Ws@-64 R3·A@-73 罐=无罐 泵=1 阀=111111 速=+20,+0,+0.00 电=7.58V/3.58A/峰4.15 补余=0.0 IO错=0
[  133.507] EVT 吸附 R2 sucking→attached 在态0.28s -63.7kPa
[  133.507] EVT 相位 R2 wait→stance
[  133.552] EVT 吸附 L3 attached→venting 在态37.08s -75.6kPa
[  133.553] EVT 相位 L3 stance→vent 落点Δ(+30.0,+0.0)
[  133.565] EVT 阀 L3 →排气位
[  133.853] EVT 相位 L3 vent→lift
[  133.953] EVT 吸附 L3 venting→released 在态0.40s 0.0kPa
[  134.021] TLM t=  23.9 L1·A@-75 L2·A@-76 L3Lr@-- R1·A@-75 R2·A@-76 R3·A@-75 罐=无罐 泵=1 阀=110111 速=+20,+0,+0.00 电=7.52V/5.29A/峰5.29 补余=0.0 IO错=0
[  134.072] EVT 泵 停 最差盘压-75.5
[  134.525] TLM t=  24.0 L1·A@-77 L2·A@-76 L3Lr@-- R1·A@-76 R2·A@-76 R3·A@-76 罐=无罐 泵=0 阀=110111 速=+20,+0,+0.00 电=7.55V/4.72A/峰5.29 补余=0.0 IO错=0
[  134.733] EVT 相位 L3 lift→transfer
[  135.042] TLM t=  24.0 L1·A@-76 L2·A@-76 L3Tr@-- R1·A@-76 R2·A@-75 R3·A@-76 罐=无罐 泵=0 阀=110111 速=+20,+0,+0.00 电=7.49V/5.70A/峰5.70 补余=0.0 IO错=0
[  135.358] EVT 相位 L3 transfer→descend
[  135.551] TLM t=  24.0 L1·A@-76 L2·A@-75 L3Dr@-- R1·A@-76 R2·A@-75 R3·A@-75 罐=无罐 泵=0 阀=110111 速=+20,+0,+0.00 电=7.57V/4.88A/峰5.70 补余=0.0 IO错=0
[  135.852] EVT 相位 L3 descend→press
[  136.068] TLM t=  24.0 L1·A@-76 L2·A@-74 L3Pr@-- R1·A@-76 R2·A@-74 R3·A@-75 罐=无罐 泵=0 阀=110111 速=+20,+0,+0.00 电=7.50V/5.13A/峰5.70 补余=0.0 IO错=0
[  136.570] TLM t=  24.0 L1·A@-76 L2·A@-74 L3Pr@-- R1·A@-75 R2·A@-74 R3·A@-74 罐=无罐 泵=0 阀=110111 速=+20,+0,+0.00 电=7.55V/4.72A/峰5.70 补余=0.0 IO错=0
[  137.091] TLM t=  24.0 L1·A@-75 L2·A@-73 L3Pr@-- R1·A@-75 R2·A@-73 R3·A@-74 罐=无罐 泵=0 阀=110111 速=+20,+0,+0.00 电=7.57V/5.05A/峰5.70 补余=0.0 IO错=0
[  137.202] EVT 吸附 L3 released→pressing 在态3.24s 0.0kPa
[  137.202] EVT 相位 L3 press→wait
[  137.502] EVT 吸附 L3 pressing→sucking 在态0.30s 0.0kPa
[  137.503] EVT 阀 L3 →抽气位
[  137.526] EVT 泵 开 最差盘压-72.6
[  137.594] TLM t=  24.0 L1·A@-75 L2·A@-73 L3Ws@-39 R1·A@-75 R2·A@-73 R3·A@-73 罐=无罐 泵=1 阀=111111 速=+20,+0,+0.00 电=7.52V/4.80A/峰5.70 补余=0.0 IO错=0
[  137.778] EVT 吸附 L3 sucking→attached 在态0.28s -62.0kPa
[  137.781] EVT 相位 L3 wait→stance
[  137.826] EVT 吸附 R1 attached→venting 在态39.38s -75.2kPa
[  137.826] EVT 相位 R1 stance→vent 落点Δ(+30.0,+0.0)
[  137.841] EVT 阀 R1 →排气位
[  138.108] TLM t=  24.3 L1·A@-75 L2·A@-73 L3·A@-72 R1Vv@-75 R2·A@-72 R3·A@-73 罐=无罐 泵=1 阀=111011 速=+20,+0,+0.00 电=7.59V/3.66A/峰5.70 补余=0.0 IO错=0
[  138.127] EVT 相位 R1 vent→lift
[  138.224] EVT 吸附 R1 venting→released 在态0.40s 0.0kPa
[  138.323] EVT 泵 停 最差盘压-75.2
[  138.618] TLM t=  24.6 L1·A@-76 L2·A@-76 L3·A@-76 R1Lr@-- R2·A@-75 R3·A@-76 罐=无罐 泵=0 阀=111011 速=+20,+0,+0.00 电=7.56V/4.07A/峰5.70 补余=0.0 IO错=0
[  139.005] EVT 相位 R1 lift→transfer
[  139.132] TLM t=  24.6 L1·A@-75 L2·A@-75 L3·A@-75 R1Tr@-- R2·A@-75 R3·A@-75 罐=无罐 泵=0 阀=111011 速=+20,+0,+0.00 电=7.55V/4.80A/峰5.70 补余=0.0 IO错=0
[  139.631] EVT 相位 R1 transfer→descend
[  139.642] TLM t=  24.6 L1·A@-75 L2·A@-74 L3·A@-75 R1Dr@-- R2·A@-74 R3·A@-74 罐=无罐 泵=0 阀=111011 速=+20,+0,+0.00 电=7.55V/4.72A/峰5.70 补余=0.0 IO错=0
[  140.128] EVT 相位 R1 descend→press
[  140.156] TLM t=  24.6 L1·A@-75 L2·A@-73 L3·A@-75 R1Pr@-- R2·A@-74 R3·A@-74 罐=无罐 泵=0 阀=111011 速=+20,+0,+0.00 电=7.59V/3.99A/峰5.70 补余=0.0 IO错=0
[  140.665] TLM t=  24.6 L1·A@-75 L2·A@-72 L3·A@-75 R1Pr@-- R2·A@-73 R3·A@-73 罐=无罐 泵=0 阀=111011 速=+20,+0,+0.00 电=7.58V/3.99A/峰5.70 补余=0.0 IO错=0
[  141.178] TLM t=  24.6 L1·A@-75 L2·A@-71 L3·A@-75 R1Pr@-- R2·A@-73 R3·A@-73 罐=无罐 泵=0 阀=111011 速=+20,+0,+0.00 电=7.56V/4.07A/峰5.70 补余=0.0 IO错=0
[  141.471] EVT 吸附 R1 released→pressing 在态3.24s 0.0kPa
[  141.472] EVT 相位 R1 press→wait
[  141.686] TLM t=  24.6 L1·A@-74 L2·A@-70 L3·A@-74 R1Wp@-- R2·A@-72 R3·A@-72 罐=无罐 泵=0 阀=111011 速=+20,+0,+0.00 电=7.58V/4.23A/峰5.70 补余=0.0 IO错=0
[  141.772] EVT 吸附 R1 pressing→sucking 在态0.30s 0.0kPa
[  141.772] EVT 阀 R1 →抽气位
[  141.797] EVT 泵 开 最差盘压-70.1
[  142.050] EVT 吸附 R1 sucking→attached 在态0.28s -63.3kPa
[  142.056] EVT 相位 R1 wait→stance
[  142.098] EVT 吸附 L2 attached→venting 在态47.56s -69.6kPa
[  142.098] EVT 相位 L2 stance→vent 落点Δ(+30.0,+0.0)
[  142.116] EVT 阀 L2 →排气位
[  142.198] TLM t=  24.7 L1·A@-74 L2Vv@-70 L3·A@-74 R1·A@-68 R2·A@-72 R3·A@-72 罐=无罐 泵=1 阀=101111 速=+20,+0,+0.00 电=7.58V/3.83A/峰5.70 补余=8.0 IO错=0
[  142.399] EVT 相位 L2 vent→lift
[  142.494] EVT 吸附 L2 venting→released 在态0.40s 0.3kPa
[  142.580] EVT 泵 停 最差盘压-75.0
[  142.711] TLM t=  25.2 L1·A@-76 L2Lr@-- L3·A@-76 R1·A@-76 R2·A@-76 R3·A@-76 罐=无罐 泵=0 阀=101111 速=+20,+0,+0.00 电=7.58V/3.99A/峰5.70 补余=6.4 IO错=0
[  143.224] TLM t=  25.2 L1·A@-76 L2Lr@-- L3·A@-76 R1·A@-75 R2·A@-76 R3·A@-76 罐=无罐 泵=0 阀=101111 速=+20,+0,+0.00 电=7.57V/3.99A/峰5.70 补余=3.6 IO错=0
[  143.274] EVT 相位 L2 lift→transfer
[  143.730] TLM t=  25.2 L1·A@-76 L2Tr@-- L3·A@-76 R1·A@-75 R2·A@-75 R3·A@-75 罐=无罐 泵=0 阀=101111 速=+20,+0,+0.00 电=7.54V/4.80A/峰5.70 补余=0.8 IO错=0
[  143.903] EVT 相位 L2 transfer→descend
[  144.244] TLM t=  25.2 L1·A@-76 L2Dr@-- L3·A@-76 R1·A@-75 R2·A@-74 R3·A@-75 罐=无罐 泵=0 阀=101111 速=+20,+0,+0.00 电=7.55V/4.15A/峰5.70 补余=0.0 IO错=0
[  144.402] EVT 相位 L2 descend→press
[  144.754] TLM t=  25.2 L1·A@-75 L2Pr@-- L3·A@-76 R1·A@-74 R2·A@-74 R3·A@-74 罐=无罐 泵=0 阀=101111 速=+20,+0,+0.00 电=7.59V/4.07A/峰5.70 补余=0.0 IO错=0
[  145.270] TLM t=  25.2 L1·A@-75 L2Pr@-- L3·A@-75 R1·A@-74 R2·A@-73 R3·A@-74 罐=无罐 泵=0 阀=101111 速=+20,+0,+0.00 电=7.60V/4.40A/峰5.70 补余=0.0 IO错=0
[  145.741] EVT 吸附 L2 released→pressing 在态3.24s 0.3kPa
[  145.741] EVT 相位 L2 press→wait
[  145.777] TLM t=  25.2 L1·A@-75 L2Wp@-- L3·A@-75 R1·A@-74 R2·A@-73 R3·A@-73 罐=无罐 泵=0 阀=101111 速=+20,+0,+0.00 电=7.56V/4.23A/峰5.70 补余=0.0 IO错=0
[  146.042] EVT 吸附 L2 pressing→sucking 在态0.30s 0.3kPa
[  146.042] EVT 阀 L2 →抽气位
[  146.070] EVT 泵 开 最差盘压-72.8
[  146.278] TLM t=  25.2 L1·A@-75 L2Ws@-61 L3·A@-75 R1·A@-74 R2·A@-72 R3·A@-73 罐=无罐 泵=1 阀=111111 速=+20,+0,+0.00 电=7.53V/4.15A/峰5.70 补余=0.0 IO错=0
[  146.326] EVT 吸附 L2 sucking→attached 在态0.28s -65.0kPa
[  146.334] EVT 相位 L2 wait→stance
[  146.373] EVT 吸附 R3 attached→venting 在态21.34s -72.7kPa
[  146.374] EVT 相位 R3 stance→vent 落点Δ(+30.0,+0.0)
[  146.391] EVT 阀 R3 →排气位
[  146.674] EVT 相位 R3 vent→lift
[  146.769] EVT 吸附 R3 venting→released 在态0.40s 0.2kPa
[  146.781] TLM t=  25.6 L1·A@-75 L2·A@-75 L3·A@-75 R1·A@-74 R2·A@-75 R3Lr@-- 罐=无罐 泵=1 阀=111110 速=+20,+0,+0.00 电=7.50V/4.31A/峰5.70 补余=7.5 IO错=0
[  146.872] EVT 泵 停 最差盘压-75.5
[  147.285] TLM t=  25.8 L1·A@-77 L2·A@-76 L3·A@-77 R1·A@-76 R2·A@-76 R3Lr@-- 罐=无罐 泵=0 阀=111110 速=+20,+0,+0.00 电=7.60V/4.40A/峰5.70 补余=4.7 IO错=0
[  147.551] EVT 相位 R3 lift→transfer
[  147.793] TLM t=  25.8 L1·A@-76 L2·A@-76 L3·A@-76 R1·A@-76 R2·A@-76 R3Tr@-- 罐=无罐 泵=0 阀=111110 速=+20,+0,+0.00 电=7.54V/5.78A/峰5.78 补余=2.0 IO错=0
[  148.182] EVT 相位 R3 transfer→descend
[  148.312] TLM t=  25.8 L1·A@-76 L2·A@-75 L3·A@-76 R1·A@-76 R2·A@-75 R3Dr@-- 罐=无罐 泵=0 阀=111110 速=+20,+0,+0.00 电=7.55V/4.56A/峰5.78 补余=0.0 IO错=0
[  148.684] EVT 相位 R3 descend→press
[  148.812] TLM t=  25.8 L1·A@-76 L2·A@-74 L3·A@-76 R1·A@-75 R2·A@-75 R3Pr@-- 罐=无罐 泵=0 阀=111110 速=+20,+0,+0.00 电=7.58V/4.15A/峰5.78 补余=0.0 IO错=0
[  149.338] TLM t=  25.8 L1·A@-76 L2·A@-74 L3·A@-76 R1·A@-75 R2·A@-74 R3Pr@-- 罐=无罐 泵=0 阀=111110 速=+20,+0,+0.00 电=7.59V/4.23A/峰5.78 补余=0.0 IO错=0
[  149.841] TLM t=  25.8 L1·A@-75 L2·A@-73 L3·A@-76 R1·A@-75 R2·A@-74 R3Pr@-- 罐=无罐 泵=0 阀=111110 速=+20,+0,+0.00 电=7.55V/4.31A/峰5.78 补余=0.0 IO错=0
[  150.025] EVT 吸附 R3 released→pressing 在态3.24s 0.2kPa
[  150.025] EVT 相位 R3 press→wait
[  150.326] EVT 吸附 R3 pressing→sucking 在态0.30s 0.2kPa
[  150.326] EVT 阀 R3 →抽气位
[  150.354] EVT 泵 开 最差盘压-72.3
[  150.364] TLM t=  25.8 L1·A@-75 L2·A@-72 L3·A@-76 R1·A@-75 R2·A@-73 R3Ws@0 罐=无罐 泵=1 阀=111111 速=+20,+0,+0.00 电=7.46V/3.91A/峰5.78 补余=0.0 IO错=0
[  150.687] EVT 吸附 R3 sucking→attached 在态0.36s -66.7kPa
[  150.687] EVT 相位 R3 wait→stance
[  150.735] EVT 吸附 L1 attached→venting 在态21.42s -75.1kPa
[  150.735] EVT 相位 L1 stance→vent 落点Δ(+30.0,+0.0)
[  150.747] EVT 阀 L1 →排气位
[  150.880] TLM t=  26.0 L1Vv@-75 L2·A@-72 L3·A@-76 R1·A@-75 R2·A@-73 R3·A@-72 罐=无罐 泵=1 阀=011111 速=+20,+0,+0.00 电=7.56V/3.74A/峰5.78 补余=8.0 IO错=0
[  151.036] EVT 相位 L1 vent→lift
[  151.136] EVT 吸附 L1 venting→released 在态0.40s 0.1kPa
[  151.156] EVT 泵 停 最差盘压-75.4
[  151.380] TLM t=  26.4 L1Lr@-- L2·A@-77 L3·A@-77 R1·A@-76 R2·A@-76 R3·A@-76 罐=无罐 泵=0 阀=011111 速=+20,+0,+0.00 电=7.54V/4.80A/峰5.78 补余=6.2 IO错=0
[  151.889] TLM t=  26.4 L1Lr@-- L2·A@-76 L3·A@-76 R1·A@-76 R2·A@-76 R3·A@-76 罐=无罐 泵=0 阀=011111 速=+20,+0,+0.00 电=7.53V/5.37A/峰5.78 补余=3.4 IO错=0
[  151.916] EVT 相位 L1 lift→transfer
[  152.405] TLM t=  26.4 L1Tr@-- L2·A@-75 L3·A@-76 R1·A@-76 R2·A@-75 R3·A@-75 罐=无罐 泵=0 阀=011111 速=+20,+0,+0.00 电=7.48V/6.19A/峰6.19 补余=0.6 IO错=0
[  152.540] EVT 相位 L1 transfer→descend
[  152.909] TLM t=  26.4 L1Dr@-- L2·A@-75 L3·A@-76 R1·A@-76 R2·A@-75 R3·A@-74 罐=无罐 泵=0 阀=011111 速=+20,+0,+0.00 电=7.55V/4.72A/峰6.19 补余=0.0 IO错=0
[  153.034] EVT 相位 L1 descend→press
[  153.428] TLM t=  26.4 L1Pr@-- L2·A@-74 L3·A@-76 R1·A@-75 R2·A@-74 R3·A@-74 罐=无罐 泵=0 阀=011111 速=+20,+0,+0.00 电=7.49V/5.45A/峰6.19 补余=0.0 IO错=0
[  153.933] TLM t=  26.4 L1Pr@-- L2·A@-73 L3·A@-76 R1·A@-75 R2·A@-74 R3·A@-73 罐=无罐 泵=0 阀=011111 速=+20,+0,+0.00 电=7.53V/4.88A/峰6.19 补余=0.0 IO错=0
[  154.382] EVT 吸附 L1 released→pressing 在态3.24s 0.1kPa
[  154.383] EVT 相位 L1 press→wait
[  154.453] TLM t=  26.4 L1Wp@-- L2·A@-73 L3·A@-76 R1·A@-75 R2·A@-73 R3·A@-73 罐=无罐 泵=0 阀=011111 速=+20,+0,+0.00 电=7.54V/4.72A/峰6.19 补余=0.0 IO错=0
[  154.707] EVT 吸附 L1 pressing→sucking 在态0.32s 0.1kPa
[  154.707] EVT 阀 L1 →抽气位
[  154.722] EVT 泵 开 最差盘压-72.3
[  154.960] TLM t=  26.4 L1Ws@-58 L2·A@-72 L3·A@-76 R1·A@-75 R2·A@-73 R3·A@-72 罐=无罐 泵=1 阀=111111 速=+20,+0,+0.00 电=7.48V/4.64A/峰6.19 补余=0.0 IO错=0
[  155.001] EVT 吸附 L1 sucking→attached 在态0.30s -61.8kPa
[  155.008] EVT 相位 L1 wait→stance
[  155.046] EVT 吸附 R2 attached→venting 在态21.46s -72.8kPa
[  155.046] EVT 相位 R2 stance→vent 落点Δ(+30.0,+0.0)
[  155.066] EVT 阀 R2 →排气位
[  155.347] EVT 相位 R2 vent→lift
[  155.470] EVT 吸附 R2 venting→released 在态0.42s -0.0kPa
[  155.484] TLM t=  26.9 L1·A@-75 L2·A@-75 L3·A@-76 R1·A@-75 R2Lr@-- R3·A@-75 罐=无罐 泵=1 阀=111101 速=+20,+0,+0.00 电=7.56V/4.15A/峰6.19 补余=7.3 IO错=0
[  155.490] EVT 泵 停 最差盘压-75.1
[  155.996] TLM t=  27.0 L1·A@-76 L2·A@-76 L3·A@-76 R1·A@-75 R2Lr@-- R3·A@-76 罐=无罐 泵=0 阀=111101 速=+20,+0,+0.00 电=7.55V/4.97A/峰6.19 补余=4.5 IO错=0
[  156.229] EVT 相位 R2 lift→transfer
[  156.501] TLM t=  27.0 L1·A@-75 L2·A@-75 L3·A@-76 R1·A@-75 R2Tr@-- R3·A@-75 罐=无罐 泵=0 阀=111101 速=+20,+0,+0.00 电=7.49V/5.70A/峰6.19 补余=1.8 IO错=0
[  156.856] EVT 相位 R2 transfer→descend
[  157.006] TLM t=  27.0 L1·A@-75 L2·A@-74 L3·A@-76 R1·A@-75 R2Dr@-- R3·A@-74 罐=无罐 泵=0 阀=111101 速=+20,+0,+0.00 电=7.50V/5.05A/峰6.19 补余=0.0 IO错=0
[  157.357] EVT 相位 R2 descend→press
[  157.525] TLM t=  27.0 L1·A@-75 L2·A@-74 L3·A@-76 R1·A@-75 R2Pr@-- R3·A@-74 罐=无罐 泵=0 阀=111101 速=+20,+0,+0.00 电=7.56V/5.13A/峰6.19 补余=0.0 IO错=0
[  158.029] TLM t=  27.0 L1·A@-74 L2·A@-73 L3·A@-75 R1·A@-75 R2Pr@-- R3·A@-73 罐=无罐 泵=0 阀=111101 速=+20,+0,+0.00 电=7.53V/4.88A/峰6.19 补余=0.0 IO错=0
[  158.547] TLM t=  27.0 L1·A@-74 L2·A@-73 L3·A@-75 R1·A@-75 R2Pr@-- R3·A@-73 罐=无罐 泵=0 阀=111101 速=+20,+0,+0.00 电=7.54V/5.21A/峰6.19 补余=0.0 IO错=0
[  158.698] EVT 吸附 R2 released→pressing 在态3.22s -0.0kPa
[  158.698] EVT 相位 R2 press→wait
[  159.021] EVT 吸附 R2 pressing→sucking 在态0.32s -0.0kPa
[  159.022] EVT 阀 R2 →抽气位
[  159.044] EVT 泵 开 最差盘压-72.0
[  159.054] TLM t=  27.0 L1·A@-74 L2·A@-72 L3·A@-75 R1·A@-75 R2Ws@-0 R3·A@-72 罐=无罐 泵=1 阀=111111 速=+20,+0,+0.00 电=7.40V/4.64A/峰6.19 补余=0.0 IO错=0
[  159.322] EVT 吸附 R2 sucking→attached 在态0.30s -63.0kPa
[  159.322] EVT 相位 R2 wait→stance
[  159.360] EVT 吸附 L3 attached→venting 在态21.50s -75.0kPa
[  159.360] EVT 相位 L3 stance→vent 落点Δ(+30.0,+0.0)
[  159.380] EVT 阀 L3 →排气位
[  159.568] TLM t=  27.2 L1·A@-74 L2·A@-73 L3Vv@-75 R1·A@-74 R2·A@-72 R3·A@-72 罐=无罐 泵=1 阀=110111 速=+20,+0,+0.00 电=7.56V/3.99A/峰6.19 补余=8.0 IO错=0
[  159.661] EVT 相位 L3 vent→lift
[  159.784] EVT 吸附 L3 venting→released 在态0.42s 0.1kPa
[  159.887] EVT 泵 停 最差盘压-75.3
[  160.077] TLM t=  27.6 L1·A@-77 L2·A@-77 L3Lr@-- R1·A@-76 R2·A@-76 R3·A@-76 罐=无罐 泵=0 阀=110111 速=+20,+0,+0.00 电=7.51V/4.72A/峰6.19 补余=5.8 IO错=0
[  160.548] EVT 相位 L3 lift→transfer
[  160.594] TLM t=  27.6 L1·A@-76 L2·A@-76 L3Tr@-- R1·A@-76 R2·A@-76 R3·A@-76 罐=无罐 泵=0 阀=110111 速=+20,+0,+0.00 电=7.53V/5.29A/峰6.19 补余=3.0 IO错=0
[  161.101] TLM t=  27.6 L1·A@-76 L2·A@-75 L3Tr@-- R1·A@-75 R2·A@-75 R3·A@-75 罐=无罐 泵=0 阀=110111 速=+20,+0,+0.00 电=7.51V/5.45A/峰6.19 补余=0.3 IO错=0
[  161.165] EVT 相位 L3 transfer→descend
[  161.613] TLM t=  27.6 L1·A@-76 L2·A@-74 L3Dr@-- R1·A@-75 R2·A@-74 R3·A@-75 罐=无罐 泵=0 阀=110111 速=+20,+0,+0.00 电=7.53V/4.97A/峰6.19 补余=0.0 IO错=0
[  161.667] EVT 相位 L3 descend→press
[  162.125] TLM t=  27.6 L1·A@-75 L2·A@-74 L3Pr@-- R1·A@-75 R2·A@-74 R3·A@-74 罐=无罐 泵=0 阀=110111 速=+20,+0,+0.00 电=7.56V/4.80A/峰6.19 补余=0.0 IO错=0
[  162.145] EVT 键 ' ' → 速 0,0,0
[  162.642] TLM t=  27.6 L1·A@-75 L2·A@-73 L3Pr@-- R1·A@-75 R2·A@-73 R3·A@-74 罐=无罐 泵=0 阀=110111 速=+0,+0,+0.00 电=7.52V/4.72A/峰6.19 补余=0.0 IO错=0
[  163.018] EVT 吸附 L3 released→pressing 在态3.22s 0.1kPa
[  163.019] EVT 相位 L3 press→wait
[  163.148] TLM t=  27.6 L1·A@-75 L2·A@-72 L3Wp@-- R1·A@-74 R2·A@-73 R3·A@-73 罐=无罐 泵=0 阀=110111 速=+0,+0,+0.00 电=7.54V/4.88A/峰6.19 补余=0.0 IO错=0
[  163.334] EVT 吸附 L3 pressing→sucking 在态0.32s 0.1kPa
[  163.335] EVT 阀 L3 →抽气位
[  163.357] EVT 泵 开 最差盘压-71.8
[  163.635] EVT 吸附 L3 sucking→attached 在态0.30s -62.4kPa
[  163.636] EVT 相位 L3 wait→stance
[  163.666] TLM t=  27.6 L1·A@-75 L2·A@-71 L3·A@-65 R1·A@-74 R2·A@-72 R3·A@-73 罐=无罐 泵=1 阀=111111 速=+0,+0,+0.00 电=7.51V/4.88A/峰6.19 补余=0.0 IO错=0
[  164.170] TLM t=  28.1 L1·A@-75 L2·A@-76 L3·A@-75 R1·A@-75 R2·A@-76 R3·A@-76 罐=无罐 泵=1 阀=111111 速=+0,+0,+0.00 电=7.52V/4.72A/峰6.19 补余=0.0 IO错=0
[  164.222] EVT 泵 停 最差盘压-75.1
[  164.689] TLM t=  28.6 L1·A@-76 L2·A@-76 L3·A@-76 R1·A@-75 R2·A@-76 R3·A@-76 罐=无罐 泵=0 阀=111111 速=+0,+0,+0.00 电=7.54V/4.72A/峰6.19 补余=0.0 IO错=0
[  165.193] TLM t=  29.1 L1·A@-76 L2·A@-75 L3·A@-76 R1·A@-75 R2·A@-75 R3·A@-75 罐=无罐 泵=0 阀=111111 速=+0,+0,+0.00 电=7.50V/4.56A/峰6.19 补余=0.0 IO错=0
[  165.712] TLM t=  29.7 L1·A@-76 L2·A@-74 L3·A@-76 R1·A@-75 R2·A@-75 R3·A@-75 罐=无罐 泵=0 阀=111111 速=+0,+0,+0.00 电=7.51V/4.56A/峰6.19 补余=0.0 IO错=0
[  166.217] TLM t=  30.2 L1·A@-76 L2·A@-73 L3·A@-75 R1·A@-75 R2·A@-74 R3·A@-75 罐=无罐 泵=0 阀=111111 速=+0,+0,+0.00 电=7.55V/4.72A/峰6.19 补余=0.0 IO错=0
[  166.736] TLM t=  30.7 L1·A@-75 L2·A@-73 L3·A@-75 R1·A@-74 R2·A@-74 R3·A@-74 罐=无罐 泵=0 阀=111111 速=+0,+0,+0.00 电=7.53V/4.80A/峰6.19 补余=0.0 IO错=0
[  167.240] TLM t=  31.2 L1·A@-75 L2·A@-72 L3·A@-75 R1·A@-74 R2·A@-73 R3·A@-74 罐=无罐 泵=0 阀=111111 速=+0,+0,+0.00 电=7.52V/4.72A/峰6.19 补余=0.0 IO错=0
[  167.759] TLM t=  31.7 L1·A@-75 L2·A@-71 L3·A@-75 R1·A@-74 R2·A@-73 R3·A@-73 罐=无罐 泵=0 阀=111111 速=+0,+0,+0.00 电=7.53V/4.56A/峰6.19 补余=0.0 IO错=0
[  168.267] TLM t=  32.2 L1·A@-75 L2·A@-70 L3·A@-75 R1·A@-73 R2·A@-72 R3·A@-73 罐=无罐 泵=0 阀=111111 速=+0,+0,+0.00 电=7.52V/4.64A/峰6.19 补余=0.0 IO错=0
[  168.783] TLM t=  32.7 L1·A@-75 L2·A@-69 L3·A@-75 R1·A@-73 R2·A@-72 R3·A@-72 罐=无罐 泵=0 阀=111111 速=+0,+0,+0.00 电=7.54V/4.40A/峰6.19 补余=0.0 IO错=0
[  169.285] TLM t=  33.2 L1·A@-74 L2·A@-69 L3·A@-74 R1·A@-73 R2·A@-71 R3·A@-72 罐=无罐 泵=0 阀=111111 速=+0,+0,+0.00 电=7.51V/4.48A/峰6.19 补余=0.0 IO错=0
[  169.808] TLM t=  33.7 L1·A@-74 L2·A@-68 L3·A@-74 R1·A@-73 R2·A@-71 R3·A@-71 罐=无罐 泵=0 阀=111111 速=+0,+0,+0.00 电=7.54V/4.97A/峰6.19 补余=0.0 IO错=0
[  170.310] TLM t=  34.2 L1·A@-74 L2·A@-67 L3·A@-74 R1·A@-72 R2·A@-70 R3·A@-71 罐=无罐 泵=0 阀=111111 速=+0,+0,+0.00 电=7.56V/4.72A/峰6.19 补余=0.0 IO错=0
[  170.831] TLM t=  34.8 L1·A@-74 L2·A@-66 L3·A@-74 R1·A@-72 R2·A@-70 R3·A@-70 罐=无罐 泵=0 阀=111111 速=+0,+0,+0.00 电=7.52V/4.48A/峰6.19 补余=0.0 IO错=0
[  171.339] TLM t=  35.3 L1·A@-74 L2·A@-65 L3·A@-74 R1·A@-72 R2·A@-69 R3·A@-70 罐=无罐 泵=0 阀=111111 速=+0,+0,+0.00 电=7.55V/4.31A/峰6.19 补余=0.0 IO错=0
[  171.855] TLM t=  35.8 L1·A@-74 L2·A@-64 L3·A@-74 R1·A@-72 R2·A@-69 R3·A@-69 罐=无罐 泵=0 阀=111111 速=+0,+0,+0.00 电=7.55V/4.64A/峰6.19 补余=0.0 IO错=0
[  172.357] TLM t=  36.3 L1·A@-73 L2·A@-64 L3·A@-74 R1·A@-71 R2·A@-68 R3·A@-69 罐=无罐 泵=0 阀=111111 速=+0,+0,+0.00 电=7.55V/4.64A/峰6.19 补余=0.0 IO错=0
[  172.880] TLM t=  36.8 L1·A@-73 L2·A@-63 L3·A@-74 R1·A@-71 R2·A@-68 R3·A@-68 罐=无罐 泵=0 阀=111111 速=+0,+0,+0.00 电=7.57V/4.56A/峰6.19 补余=0.0 IO错=0
[  173.383] TLM t=  37.3 L1·A@-73 L2·A@-62 L3·A@-73 R1·A@-71 R2·A@-68 R3·A@-68 罐=无罐 泵=0 阀=111111 速=+0,+0,+0.00 电=7.52V/4.88A/峰6.19 补余=0.0 IO错=0
[  173.902] TLM t=  37.8 L1·A@-73 L2·A@-61 L3·A@-73 R1·A@-71 R2·A@-67 R3·A@-67 罐=无罐 泵=0 阀=111111 速=+0,+0,+0.00 电=7.54V/4.48A/峰6.19 补余=0.0 IO错=0
[  174.408] TLM t=  38.3 L1·A@-73 L2·A@-60 L3·A@-73 R1·A@-71 R2·A@-67 R3·A@-67 罐=无罐 泵=0 阀=111111 速=+0,+0,+0.00 电=7.54V/4.56A/峰6.19 补余=0.0 IO错=0
[  174.437] EVT 泵 开 最差盘压-59.9
[  174.926] TLM t=  38.8 L1·A@-73 L2·A@-72 L3·A@-73 R1·A@-70 R2·A@-71 R3·A@-71 罐=无罐 泵=1 阀=111111 速=+0,+0,+0.00 电=7.50V/4.48A/峰6.19 补余=0.0 IO错=0
[  175.362] EVT 泵 停 最差盘压-75.2
[  175.429] TLM t=  39.3 L1·A@-76 L2·A@-77 L3·A@-76 R1·A@-76 R2·A@-77 R3·A@-77 罐=无罐 泵=0 阀=111111 速=+0,+0,+0.00 电=7.56V/4.48A/峰6.19 补余=0.0 IO错=0
[  175.952] TLM t=  39.9 L1·A@-76 L2·A@-76 L3·A@-76 R1·A@-76 R2·A@-76 R3·A@-76 罐=无罐 泵=0 阀=111111 速=+0,+0,+0.00 电=7.54V/4.48A/峰6.19 补余=0.0 IO错=0
[  176.455] TLM t=  40.4 L1·A@-76 L2·A@-75 L3·A@-76 R1·A@-75 R2·A@-75 R3·A@-76 罐=无罐 泵=0 阀=111111 速=+0,+0,+0.00 电=7.56V/4.56A/峰6.19 补余=0.0 IO错=0
[  176.976] TLM t=  40.9 L1·A@-76 L2·A@-74 L3·A@-76 R1·A@-75 R2·A@-75 R3·A@-75 罐=无罐 泵=0 阀=111111 速=+0,+0,+0.00 电=7.54V/4.72A/峰6.19 补余=0.0 IO错=0
[  177.481] TLM t=  41.4 L1·A@-76 L2·A@-74 L3·A@-76 R1·A@-75 R2·A@-74 R3·A@-75 罐=无罐 泵=0 阀=111111 速=+0,+0,+0.00 电=7.56V/4.40A/峰6.19 补余=0.0 IO错=0
[  177.924] EVT 键 'o' → 速 0,0,0
[  177.996] TLM t=  41.9 L1·A@-76 L2·A@-73 L3·A@-76 R1·A@-75 R2·A@-74 R3·A@-74 罐=无罐 泵=0 阀=111111 速=+0,+0,+0.00 电=7.58V/4.72A/峰6.19 补余=0.0 IO错=0
[  178.144] EVT 取机窗口：停泵 → 逐足串行排气（0.2s 间隔）→ 六足舵机撑住（泵禁开）
[  178.513] TLM t=  42.0 L1·A@-75 L2·A@-72 L3·A@-76 R1·A@-74 R2·A@-73 R3·A@-74 罐=无罐 泵=0 阀=111111 速=+0,+0,+0.00 电=7.51V/4.31A/峰6.19 补余=0.0 IO错=0 取机放气
[  178.561] EVT 吸附 L1 attached→venting 在态23.34s -75.3kPa
[  178.566] EVT 阀 L1 →排气位
[  178.825] EVT 吸附 L2 attached→venting 在态32.18s -71.7kPa
[  178.828] EVT 阀 L2 →排气位
[  179.011] TLM t=  42.0 L1·v@-75 L2·v@-72 L3·A@-76 R1·A@-74 R2·A@-73 R3·A@-73 罐=无罐 泵=0 阀=001111 速=+0,+0,+0.00 电=7.56V/3.74A/峰6.19 补余=0.0 IO错=0 取机放气
[  179.089] EVT 吸附 L3 attached→venting 在态15.14s -75.6kPa
[  179.091] EVT 吸附 L1 venting→released 在态0.42s 0.1kPa
[  179.091] EVT 阀 L3 →排气位
[  179.315] EVT 吸附 R1 attached→venting 在态36.84s -73.7kPa
[  179.318] EVT 吸附 L2 venting→released 在态0.42s 0.3kPa
[  179.323] EVT 阀 R1 →排气位
[  179.524] TLM t=  42.0 L1·r@-- L2·r@-- L3·v@-76 R1·v@-74 R2·A@-56 R3·A@-72 罐=无罐 泵=0 阀=000011 速=+0,+0,+0.00 电=7.60V/2.28A/峰6.19 补余=0.0 IO错=0 取机放气
[  179.544] EVT 吸附 R2 attached→venting 在态19.84s -56.2kPa
[  179.547] EVT 吸附 L3 venting→released 在态0.42s 0.1kPa
[  179.547] EVT 阀 R2 →排气位
[  179.755] EVT 吸附 R3 attached→venting 在态28.64s -71.5kPa
[  179.758] EVT 吸附 R1 venting→released 在态0.42s -0.0kPa
[  179.758] EVT 阀 R3 →排气位
[  179.958] EVT 键 'o' → 速 0,0,0（已放开）
[  179.961] EVT 吸附 R2 venting→released 在态0.42s -0.0kPa
[  179.962] EVT ⚠ 主环卡顿 1818ms（目标 20ms）
[  180.032] TLM t=  42.1 L1·r@-- L2·r@-- L3·r@-- R1·r@-- R2·r@-- R3·v@-72 罐=无罐 泵=0 阀=000000 速=+0,+0,+0.00 电=7.64V/1.06A/峰6.19 补余=0.0 IO错=0 已放开
[  180.145] EVT 吸附 R3 venting→released 在态0.42s -0.0kPa
[  180.533] TLM t=  42.6 L1·r@-- L2·r@-- L3·r@-- R1·r@-- R2·r@-- R3·r@-- 罐=无罐 泵=0 阀=000000 速=+0,+0,+0.00 电=7.65V/0.73A/峰6.19 补余=0.0 IO错=0 已放开
[  181.036] TLM t=  43.1 L1·r@-- L2·r@-- L3·r@-- R1·r@-- R2·r@-- R3·r@-- 罐=无罐 泵=0 阀=000000 速=+0,+0,+0.00 电=7.66V/0.65A/峰6.19 补余=0.0 IO错=0 已放开
[  181.541] TLM t=  43.6 L1·r@-- L2·r@-- L3·r@-- R1·r@-- R2·r@-- R3·r@-- 罐=无罐 泵=0 阀=000000 速=+0,+0,+0.00 电=7.66V/0.73A/峰6.19 补余=0.0 IO错=0 已放开
[  182.045] TLM t=  44.1 L1·r@-- L2·r@-- L3·r@-- R1·r@-- R2·r@-- R3·r@-- 罐=无罐 泵=0 阀=000000 速=+0,+0,+0.00 电=7.66V/0.73A/峰6.19 补余=0.0 IO错=0 已放开
[  182.544] TLM t=  44.6 L1·r@-- L2·r@-- L3·r@-- R1·r@-- R2·r@-- R3·r@-- 罐=无罐 泵=0 阀=000000 速=+0,+0,+0.00 电=7.66V/0.65A/峰6.19 补余=0.0 IO错=0 已放开
[  183.050] TLM t=  45.1 L1·r@-- L2·r@-- L3·r@-- R1·r@-- R2·r@-- R3·r@-- 罐=无罐 泵=0 阀=000000 速=+0,+0,+0.00 电=7.66V/0.81A/峰6.19 补余=0.0 IO错=0 已放开
[  183.547] TLM t=  45.6 L1·r@-- L2·r@-- L3·r@-- R1·r@-- R2·r@-- R3·r@-- 罐=无罐 泵=0 阀=000000 速=+0,+0,+0.00 电=7.67V/0.65A/峰6.19 补余=0.0 IO错=0 已放开
[  184.048] TLM t=  46.1 L1·r@-- L2·r@-- L3·r@-- R1·r@-- R2·r@-- R3·r@-- 罐=无罐 泵=0 阀=000000 速=+0,+0,+0.00 电=7.66V/0.73A/峰6.19 补余=0.0 IO错=0 已放开
[  184.549] TLM t=  46.6 L1·r@-- L2·r@-- L3·r@-- R1·r@-- R2·r@-- R3·r@-- 罐=无罐 泵=0 阀=000000 速=+0,+0,+0.00 电=7.67V/0.65A/峰6.19 补余=0.0 IO错=0 已放开
[  185.053] TLM t=  47.1 L1·r@-- L2·r@-- L3·r@-- R1·r@-- R2·r@-- R3·r@-- 罐=无罐 泵=0 阀=000000 速=+0,+0,+0.00 电=7.66V/0.73A/峰6.19 补余=0.0 IO错=0 已放开
[  185.551] TLM t=  47.6 L1·r@-- L2·r@-- L3·r@-- R1·r@-- R2·r@-- R3·r@-- 罐=无罐 泵=0 阀=000000 速=+0,+0,+0.00 电=7.67V/0.65A/峰6.19 补余=0.0 IO错=0 已放开
[  186.054] TLM t=  48.1 L1·r@-- L2·r@-- L3·r@-- R1·r@-- R2·r@-- R3·r@-- 罐=无罐 泵=0 阀=000000 速=+0,+0,+0.00 电=7.67V/0.73A/峰6.19 补余=0.0 IO错=0 已放开
[  186.555] TLM t=  48.6 L1·r@-- L2·r@-- L3·r@-- R1·r@-- R2·r@-- R3·r@-- 罐=无罐 泵=0 阀=000000 速=+0,+0,+0.00 电=7.67V/0.73A/峰6.19 补余=0.0 IO错=0 已放开
[  187.057] TLM t=  49.1 L1·r@-- L2·r@-- L3·r@-- R1·r@-- R2·r@-- R3·r@-- 罐=无罐 泵=0 阀=000000 速=+0,+0,+0.00 电=7.67V/0.57A/峰6.19 补余=0.0 IO错=0 已放开
[  187.558] TLM t=  49.6 L1·r@-- L2·r@-- L3·r@-- R1·r@-- R2·r@-- R3·r@-- 罐=无罐 泵=0 阀=000000 速=+0,+0,+0.00 电=7.67V/0.65A/峰6.19 补余=0.0 IO错=0 已放开
[  188.060] TLM t=  50.1 L1·r@-- L2·r@-- L3·r@-- R1·r@-- R2·r@-- R3·r@-- 罐=无罐 泵=0 阀=000000 速=+0,+0,+0.00 电=7.67V/0.65A/峰6.19 补余=0.0 IO错=0 已放开
[  188.562] TLM t=  50.6 L1·r@-- L2·r@-- L3·r@-- R1·r@-- R2·r@-- R3·r@-- 罐=无罐 泵=0 阀=000000 速=+0,+0,+0.00 电=7.67V/0.65A/峰6.19 补余=0.0 IO错=0 已放开
[  189.064] TLM t=  51.1 L1·r@-- L2·r@-- L3·r@-- R1·r@-- R2·r@-- R3·r@-- 罐=无罐 泵=0 阀=000000 速=+0,+0,+0.00 电=7.66V/0.65A/峰6.19 补余=0.0 IO错=0 已放开
[  189.570] TLM t=  51.6 L1·r@-- L2·r@-- L3·r@-- R1·r@-- R2·r@-- R3·r@-- 罐=无罐 泵=0 阀=000000 速=+0,+0,+0.00 电=7.66V/0.73A/峰6.19 补余=0.0 IO错=0 已放开
[  190.069] TLM t=  52.1 L1·r@-- L2·r@-- L3·r@-- R1·r@-- R2·r@-- R3·r@-- 罐=无罐 泵=0 阀=000000 速=+0,+0,+0.00 电=7.66V/0.81A/峰6.19 补余=0.0 IO错=0 已放开
[  190.569] TLM t=  52.6 L1·r@-- L2·r@-- L3·r@-- R1·r@-- R2·r@-- R3·r@-- 罐=无罐 泵=0 阀=000000 速=+0,+0,+0.00 电=7.66V/0.73A/峰6.19 补余=0.0 IO错=0 已放开
[  191.069] TLM t=  53.1 L1·r@-- L2·r@-- L3·r@-- R1·r@-- R2·r@-- R3·r@-- 罐=无罐 泵=0 阀=000000 速=+0,+0,+0.00 电=7.66V/0.65A/峰6.19 补余=0.0 IO错=0 已放开
[  191.571] TLM t=  53.6 L1·r@-- L2·r@-- L3·r@-- R1·r@-- R2·r@-- R3·r@-- 罐=无罐 泵=0 阀=000000 速=+0,+0,+0.00 电=7.67V/0.65A/峰6.19 补余=0.0 IO错=0 已放开
[  192.072] TLM t=  54.1 L1·r@-- L2·r@-- L3·r@-- R1·r@-- R2·r@-- R3·r@-- 罐=无罐 泵=0 阀=000000 速=+0,+0,+0.00 电=7.68V/0.49A/峰6.19 补余=0.0 IO错=0 已放开
[  192.575] TLM t=  54.6 L1·r@-- L2·r@-- L3·r@-- R1·r@-- R2·r@-- R3·r@-- 罐=无罐 泵=0 阀=000000 速=+0,+0,+0.00 电=7.67V/0.57A/峰6.19 补余=0.0 IO错=0 已放开
[  193.077] TLM t=  55.1 L1·r@-- L2·r@-- L3·r@-- R1·r@-- R2·r@-- R3·r@-- 罐=无罐 泵=0 阀=000000 速=+0,+0,+0.00 电=7.66V/0.65A/峰6.19 补余=0.0 IO错=0 已放开
[  193.577] TLM t=  55.6 L1·r@-- L2·r@-- L3·r@-- R1·r@-- R2·r@-- R3·r@-- 罐=无罐 泵=0 阀=000000 速=+0,+0,+0.00 电=7.66V/0.65A/峰6.19 补余=0.0 IO错=0 已放开
[  194.081] TLM t=  56.1 L1·r@-- L2·r@-- L3·r@-- R1·r@-- R2·r@-- R3·r@-- 罐=无罐 泵=0 阀=000000 速=+0,+0,+0.00 电=7.65V/0.81A/峰6.19 补余=0.0 IO错=0 已放开
[  194.580] TLM t=  56.6 L1·r@-- L2·r@-- L3·r@-- R1·r@-- R2·r@-- R3·r@-- 罐=无罐 泵=0 阀=000000 速=+0,+0,+0.00 电=7.66V/0.81A/峰6.19 补余=0.0 IO错=0 已放开
[  195.080] TLM t=  57.1 L1·r@-- L2·r@-- L3·r@-- R1·r@-- R2·r@-- R3·r@-- 罐=无罐 泵=0 阀=000000 速=+0,+0,+0.00 电=7.65V/0.81A/峰6.19 补余=0.0 IO错=0 已放开
[  195.585] TLM t=  57.6 L1·r@-- L2·r@-- L3·r@-- R1·r@-- R2·r@-- R3·r@-- 罐=无罐 泵=0 阀=000000 速=+0,+0,+0.00 电=7.65V/0.81A/峰6.19 补余=0.0 IO错=0 已放开
[  196.083] TLM t=  58.1 L1·r@-- L2·r@-- L3·r@-- R1·r@-- R2·r@-- R3·r@-- 罐=无罐 泵=0 阀=000000 速=+0,+0,+0.00 电=7.67V/0.57A/峰6.19 补余=0.0 IO错=0 已放开
[  196.585] TLM t=  58.6 L1·r@-- L2·r@-- L3·r@-- R1·r@-- R2·r@-- R3·r@-- 罐=无罐 泵=0 阀=000000 速=+0,+0,+0.00 电=7.67V/0.57A/峰6.19 补余=0.0 IO错=0 已放开
[  197.089] TLM t=  59.1 L1·r@-- L2·r@-- L3·r@-- R1·r@-- R2·r@-- R3·r@-- 罐=无罐 泵=0 阀=000000 速=+0,+0,+0.00 电=7.67V/0.49A/峰6.19 补余=0.0 IO错=0 已放开
[  197.589] TLM t=  59.6 L1·r@-- L2·r@-- L3·r@-- R1·r@-- R2·r@-- R3·r@-- 罐=无罐 泵=0 阀=000000 速=+0,+0,+0.00 电=7.66V/0.65A/峰6.19 补余=0.0 IO错=0 已放开
[  198.092] TLM t=  60.1 L1·r@-- L2·r@-- L3·r@-- R1·r@-- R2·r@-- R3·r@-- 罐=无罐 泵=0 阀=000000 速=+0,+0,+0.00 电=7.66V/0.65A/峰6.19 补余=0.0 IO错=0 已放开
[  198.592] TLM t=  60.6 L1·r@-- L2·r@-- L3·r@-- R1·r@-- R2·r@-- R3·r@-- 罐=无罐 泵=0 阀=000000 速=+0,+0,+0.00 电=7.67V/0.73A/峰6.19 补余=0.0 IO错=0 已放开
[  199.095] TLM t=  61.1 L1·r@-- L2·r@-- L3·r@-- R1·r@-- R2·r@-- R3·r@-- 罐=无罐 泵=0 阀=000000 速=+0,+0,+0.00 电=7.67V/0.65A/峰6.19 补余=0.0 IO错=0 已放开
[  199.596] TLM t=  61.6 L1·r@-- L2·r@-- L3·r@-- R1·r@-- R2·r@-- R3·r@-- 罐=无罐 泵=0 阀=000000 速=+0,+0,+0.00 电=7.66V/0.65A/峰6.19 补余=0.0 IO错=0 已放开
[  200.095] TLM t=  62.1 L1·r@-- L2·r@-- L3·r@-- R1·r@-- R2·r@-- R3·r@-- 罐=无罐 泵=0 阀=000000 速=+0,+0,+0.00 电=7.66V/0.65A/峰6.19 补余=0.0 IO错=0 已放开
[  200.603] TLM t=  62.6 L1·r@-- L2·r@-- L3·r@-- R1·r@-- R2·r@-- R3·r@-- 罐=无罐 泵=0 阀=000000 速=+0,+0,+0.00 电=7.66V/0.65A/峰6.19 补余=0.0 IO错=0 已放开
[  201.099] TLM t=  63.1 L1·r@-- L2·r@-- L3·r@-- R1·r@-- R2·r@-- R3·r@-- 罐=无罐 泵=0 阀=000000 速=+0,+0,+0.00 电=7.66V/0.65A/峰6.19 补余=0.0 IO错=0 已放开
[  201.598] TLM t=  63.6 L1·r@-- L2·r@-- L3·r@-- R1·r@-- R2·r@-- R3·r@-- 罐=无罐 泵=0 阀=000000 速=+0,+0,+0.00 电=7.66V/0.65A/峰6.19 补余=0.0 IO错=0 已放开
[  202.104] TLM t=  64.1 L1·r@-- L2·r@-- L3·r@-- R1·r@-- R2·r@-- R3·r@-- 罐=无罐 泵=0 阀=000000 速=+0,+0,+0.00 电=7.66V/0.65A/峰6.19 补余=0.0 IO错=0 已放开
[  202.603] TLM t=  64.6 L1·r@-- L2·r@-- L3·r@-- R1·r@-- R2·r@-- R3·r@-- 罐=无罐 泵=0 阀=000000 速=+0,+0,+0.00 电=7.66V/0.65A/峰6.19 补余=0.0 IO错=0 已放开
[  203.106] TLM t=  65.1 L1·r@-- L2·r@-- L3·r@-- R1·r@-- R2·r@-- R3·r@-- 罐=无罐 泵=0 阀=000000 速=+0,+0,+0.00 电=7.66V/0.73A/峰6.19 补余=0.0 IO错=0 已放开
[  203.606] TLM t=  65.6 L1·r@-- L2·r@-- L3·r@-- R1·r@-- R2·r@-- R3·r@-- 罐=无罐 泵=0 阀=000000 速=+0,+0,+0.00 电=7.66V/0.73A/峰6.19 补余=0.0 IO错=0 已放开
[  204.108] TLM t=  66.1 L1·r@-- L2·r@-- L3·r@-- R1·r@-- R2·r@-- R3·r@-- 罐=无罐 泵=0 阀=000000 速=+0,+0,+0.00 电=7.66V/0.65A/峰6.19 补余=0.0 IO错=0 已放开
[  204.610] TLM t=  66.6 L1·r@-- L2·r@-- L3·r@-- R1·r@-- R2·r@-- R3·r@-- 罐=无罐 泵=0 阀=000000 速=+0,+0,+0.00 电=7.67V/0.73A/峰6.19 补余=0.0 IO错=0 已放开
[  205.108] TLM t=  67.1 L1·r@-- L2·r@-- L3·r@-- R1·r@-- R2·r@-- R3·r@-- 罐=无罐 泵=0 阀=000000 速=+0,+0,+0.00 电=7.66V/0.65A/峰6.19 补余=0.0 IO错=0 已放开
[  205.610] TLM t=  67.6 L1·r@-- L2·r@-- L3·r@-- R1·r@-- R2·r@-- R3·r@-- 罐=无罐 泵=0 阀=000000 速=+0,+0,+0.00 电=7.66V/0.73A/峰6.19 补余=0.0 IO错=0 已放开
[  206.112] TLM t=  68.1 L1·r@-- L2·r@-- L3·r@-- R1·r@-- R2·r@-- R3·r@-- 罐=无罐 泵=0 阀=000000 速=+0,+0,+0.00 电=7.66V/0.73A/峰6.19 补余=0.0 IO错=0 已放开
[  206.613] TLM t=  68.6 L1·r@-- L2·r@-- L3·r@-- R1·r@-- R2·r@-- R3·r@-- 罐=无罐 泵=0 阀=000000 速=+0,+0,+0.00 电=7.65V/0.65A/峰6.19 补余=0.0 IO错=0 已放开
[  207.115] TLM t=  69.1 L1·r@-- L2·r@-- L3·r@-- R1·r@-- R2·r@-- R3·r@-- 罐=无罐 泵=0 阀=000000 速=+0,+0,+0.00 电=7.65V/0.73A/峰6.19 补余=0.0 IO错=0 已放开
[  207.616] TLM t=  69.6 L1·r@-- L2·r@-- L3·r@-- R1·r@-- R2·r@-- R3·r@-- 罐=无罐 泵=0 阀=000000 速=+0,+0,+0.00 电=7.66V/0.65A/峰6.19 补余=0.0 IO错=0 已放开
[  208.116] TLM t=  70.1 L1·r@-- L2·r@-- L3·r@-- R1·r@-- R2·r@-- R3·r@-- 罐=无罐 泵=0 阀=000000 速=+0,+0,+0.00 电=7.66V/0.65A/峰6.19 补余=0.0 IO错=0 已放开
[  208.619] TLM t=  70.6 L1·r@-- L2·r@-- L3·r@-- R1·r@-- R2·r@-- R3·r@-- 罐=无罐 泵=0 阀=000000 速=+0,+0,+0.00 电=7.65V/0.73A/峰6.19 补余=0.0 IO错=0 已放开
[  209.121] TLM t=  71.1 L1·r@-- L2·r@-- L3·r@-- R1·r@-- R2·r@-- R3·r@-- 罐=无罐 泵=0 阀=000000 速=+0,+0,+0.00 电=7.66V/0.73A/峰6.19 补余=0.0 IO错=0 已放开
[  209.623] TLM t=  71.6 L1·r@-- L2·r@-- L3·r@-- R1·r@-- R2·r@-- R3·r@-- 罐=无罐 泵=0 阀=000000 速=+0,+0,+0.00 电=7.66V/0.65A/峰6.19 补余=0.0 IO错=0 已放开
[  210.124] TLM t=  72.1 L1·r@-- L2·r@-- L3·r@-- R1·r@-- R2·r@-- R3·r@-- 罐=无罐 泵=0 阀=000000 速=+0,+0,+0.00 电=7.66V/0.73A/峰6.19 补余=0.0 IO错=0 已放开
[  210.626] TLM t=  72.6 L1·r@-- L2·r@-- L3·r@-- R1·r@-- R2·r@-- R3·r@-- 罐=无罐 泵=0 阀=000000 速=+0,+0,+0.00 电=7.66V/0.73A/峰6.19 补余=0.0 IO错=0 已放开
[  210.817] EVT 键 '\x1b' → 速 0,0,0（已放开）
[  210.998] EVT 退出序列：停走 → 停泵 → 逐足串行放气（通→断，0.2s 间隔） → 舵机断电（不回站姿）
[  211.303] TLM t=  73.0 L1·r@-- L2·r@-- L3·r@-- R1·r@-- R2·r@-- R3·r@-- 罐=无罐 泵=0 阀=000000 速=+0,+0,+0.00 电=7.65V/0.73A/峰6.19 补余=0.0 IO错=0 退出放气
[  211.323] EVT 阀 L1 →抽气位
[  211.544] EVT 阀 L2 →抽气位
[  211.765] EVT 阀 L3 →抽气位
[  211.816] TLM t=  73.0 L1·r@-- L2·r@-- L3·r@-- R1·r@-- R2·r@-- R3·r@-- 罐=无罐 泵=0 阀=111000 速=+0,+0,+0.00 电=7.68V/0.73A/峰6.19 补余=0.0 IO错=0 退出放气
[  211.997] EVT 阀 R1 →抽气位
[  212.218] EVT 阀 R2 →抽气位
[  212.324] TLM t=  73.0 L1·r@-- L2·r@-- L3·r@-- R1·r@-- R2·r@-- R3·r@-- 罐=无罐 泵=0 阀=111110 速=+0,+0,+0.00 电=7.70V/0.73A/峰6.19 补余=0.0 IO错=0 退出放气
[  212.445] EVT 阀 R3 →抽气位
[  212.645] EVT 退出：阀线圈已断电（coils_off）
[  212.749] EVT 退出序列完成（舵机断电）
[  212.749] EVT END 正常退出
