# 开跑 2026-08-23 16:56:41  argv: scripts/body_lean.py --no-tank --stand-height 62 --tilt-trim 6 --handover L1:20,R1:18,L3:14,R3:14,R2:9,L2:9
# git: 1ff289e
# 模式=no-tank port=/dev/ttyACM0
# 参数: lean_step=5mm lean_speed=10mm/s press_delta=18mm stand=62 tilt_trim=6° handover=L1:20,L2:9,L3:14,R1:18,R2:9,R3:14
# 阈值: ATTACH=-30.0 PUMP_ON=-60.0 PUMP_OFF=-75.0 comp_tail=72.3mm suck_timeout=2.5s
[    2.239] EVT 缓慢站起（竖直升至爬墙站位）
[    6.346] EVT 爬墙站位就位，进入就位暂停
[    6.460] TLM t=   0.0 L1·r@-- L2·r@-- L3·r@-- R1·r@-- R2·r@-- R3·r@-- 罐=无罐 泵=0 阀=000000 速=+0,+0,+0.00 电=7.72V/1.47A/峰1.47 补余=0.0 IO错=0 就位暂停
[    6.969] TLM t=   0.0 L1·r@-- L2·r@-- L3·r@-- R1·r@-- R2·r@-- R3·r@-- 罐=无罐 泵=0 阀=000000 速=+0,+0,+0.00 电=7.72V/1.63A/峰1.63 补余=0.0 IO错=0 就位暂停
[    7.476] TLM t=   0.0 L1·r@-- L2·r@-- L3·r@-- R1·r@-- R2·r@-- R3·r@-- 罐=无罐 泵=0 阀=000000 速=+0,+0,+0.00 电=7.72V/1.55A/峰1.63 补余=0.0 IO错=0 就位暂停
[    7.987] TLM t=   0.0 L1·r@-- L2·r@-- L3·r@-- R1·r@-- R2·r@-- R3·r@-- 罐=无罐 泵=0 阀=000000 速=+0,+0,+0.00 电=7.71V/1.55A/峰1.63 补余=0.0 IO错=0 就位暂停
[    8.491] TLM t=   0.0 L1·r@-- L2·r@-- L3·r@-- R1·r@-- R2·r@-- R3·r@-- 罐=无罐 泵=0 阀=000000 速=+0,+0,+0.00 电=7.72V/1.63A/峰1.63 补余=0.0 IO错=0 就位暂停
[    9.003] TLM t=   0.0 L1·r@-- L2·r@-- L3·r@-- R1·r@-- R2·r@-- R3·r@-- 罐=无罐 泵=0 阀=000000 速=+0,+0,+0.00 电=7.71V/1.55A/峰1.63 补余=0.0 IO错=0 就位暂停
[    9.508] TLM t=   0.0 L1·r@-- L2·r@-- L3·r@-- R1·r@-- R2·r@-- R3·r@-- 罐=无罐 泵=0 阀=000000 速=+0,+0,+0.00 电=7.70V/1.55A/峰1.63 补余=0.0 IO错=0 就位暂停
[   10.017] TLM t=   0.0 L1·r@-- L2·r@-- L3·r@-- R1·r@-- R2·r@-- R3·r@-- 罐=无罐 泵=0 阀=000000 速=+0,+0,+0.00 电=7.71V/1.63A/峰1.63 补余=0.0 IO错=0 就位暂停
[   10.526] TLM t=   0.0 L1·r@-- L2·r@-- L3·r@-- R1·r@-- R2·r@-- R3·r@-- 罐=无罐 泵=0 阀=000000 速=+0,+0,+0.00 电=7.71V/1.63A/峰1.63 补余=0.0 IO错=0 就位暂停
[   11.039] TLM t=   0.0 L1·r@-- L2·r@-- L3·r@-- R1·r@-- R2·r@-- R3·r@-- 罐=无罐 泵=0 阀=000000 速=+0,+0,+0.00 电=7.71V/1.63A/峰1.63 补余=0.0 IO错=0 就位暂停
[   11.545] TLM t=   0.0 L1·r@-- L2·r@-- L3·r@-- R1·r@-- R2·r@-- R3·r@-- 罐=无罐 泵=0 阀=000000 速=+0,+0,+0.00 电=7.71V/1.63A/峰1.63 补余=0.0 IO错=0 就位暂停
[   12.055] TLM t=   0.0 L1·r@-- L2·r@-- L3·r@-- R1·r@-- R2·r@-- R3·r@-- 罐=无罐 泵=0 阀=000000 速=+0,+0,+0.00 电=7.71V/1.71A/峰1.71 补余=0.0 IO错=0 就位暂停
[   12.564] TLM t=   0.0 L1·r@-- L2·r@-- L3·r@-- R1·r@-- R2·r@-- R3·r@-- 罐=无罐 泵=0 阀=000000 速=+0,+0,+0.00 电=7.71V/1.55A/峰1.71 补余=0.0 IO错=0 就位暂停
[   13.075] TLM t=   0.0 L1·r@-- L2·r@-- L3·r@-- R1·r@-- R2·r@-- R3·r@-- 罐=无罐 泵=0 阀=000000 速=+0,+0,+0.00 电=7.72V/1.55A/峰1.71 补余=0.0 IO错=0 就位暂停
[   13.582] TLM t=   0.0 L1·r@-- L2·r@-- L3·r@-- R1·r@-- R2·r@-- R3·r@-- 罐=无罐 泵=0 阀=000000 速=+0,+0,+0.00 电=7.71V/1.63A/峰1.71 补余=0.0 IO错=0 就位暂停
[   14.101] TLM t=   0.0 L1·r@-- L2·r@-- L3·r@-- R1·r@-- R2·r@-- R3·r@-- 罐=无罐 泵=0 阀=000000 速=+0,+0,+0.00 电=7.72V/1.63A/峰1.71 补余=0.0 IO错=0 就位暂停
[   14.607] TLM t=   0.0 L1·r@-- L2·r@-- L3·r@-- R1·r@-- R2·r@-- R3·r@-- 罐=无罐 泵=0 阀=000000 速=+0,+0,+0.00 电=7.71V/1.71A/峰1.71 补余=0.0 IO错=0 就位暂停
[   15.118] TLM t=   0.0 L1·r@-- L2·r@-- L3·r@-- R1·r@-- R2·r@-- R3·r@-- 罐=无罐 泵=0 阀=000000 速=+0,+0,+0.00 电=7.72V/1.63A/峰1.71 补余=0.0 IO错=0 就位暂停
[   15.624] TLM t=   0.0 L1·r@-- L2·r@-- L3·r@-- R1·r@-- R2·r@-- R3·r@-- 罐=无罐 泵=0 阀=000000 速=+0,+0,+0.00 电=7.71V/1.55A/峰1.71 补余=0.0 IO错=0 就位暂停
[   16.142] TLM t=   0.0 L1·r@-- L2·r@-- L3·r@-- R1·r@-- R2·r@-- R3·r@-- 罐=无罐 泵=0 阀=000000 速=+0,+0,+0.00 电=7.72V/1.47A/峰1.71 补余=0.0 IO错=0 就位暂停
[   16.649] TLM t=   0.0 L1·r@-- L2·r@-- L3·r@-- R1·r@-- R2·r@-- R3·r@-- 罐=无罐 泵=0 阀=000000 速=+0,+0,+0.00 电=7.71V/1.47A/峰1.71 补余=0.0 IO错=0 就位暂停
[   17.161] TLM t=   0.0 L1·r@-- L2·r@-- L3·r@-- R1·r@-- R2·r@-- R3·r@-- 罐=无罐 泵=0 阀=000000 速=+0,+0,+0.00 电=7.70V/1.55A/峰1.71 补余=0.0 IO错=0 就位暂停
[   17.666] TLM t=   0.0 L1·r@-- L2·r@-- L3·r@-- R1·r@-- R2·r@-- R3·r@-- 罐=无罐 泵=0 阀=000000 速=+0,+0,+0.00 电=7.72V/1.55A/峰1.71 补余=0.0 IO错=0 就位暂停
[   18.176] TLM t=   0.0 L1·r@-- L2·r@-- L3·r@-- R1·r@-- R2·r@-- R3·r@-- 罐=无罐 泵=0 阀=000000 速=+0,+0,+0.00 电=7.72V/1.47A/峰1.71 补余=0.0 IO错=0 就位暂停
[   18.685] TLM t=   0.0 L1·r@-- L2·r@-- L3·r@-- R1·r@-- R2·r@-- R3·r@-- 罐=无罐 泵=0 阀=000000 速=+0,+0,+0.00 电=7.72V/1.47A/峰1.71 补余=0.0 IO错=0 就位暂停
[   19.196] TLM t=   0.0 L1·r@-- L2·r@-- L3·r@-- R1·r@-- R2·r@-- R3·r@-- 罐=无罐 泵=0 阀=000000 速=+0,+0,+0.00 电=7.71V/1.38A/峰1.71 补余=0.0 IO错=0 就位暂停
[   19.702] TLM t=   0.0 L1·r@-- L2·r@-- L3·r@-- R1·r@-- R2·r@-- R3·r@-- 罐=无罐 泵=0 阀=000000 速=+0,+0,+0.00 电=7.71V/1.38A/峰1.71 补余=0.0 IO错=0 就位暂停
[   20.209] TLM t=   0.0 L1·r@-- L2·r@-- L3·r@-- R1·r@-- R2·r@-- R3·r@-- 罐=无罐 泵=0 阀=000000 速=+0,+0,+0.00 电=7.71V/1.38A/峰1.71 补余=0.0 IO错=0 就位暂停
[   20.715] TLM t=   0.0 L1·r@-- L2·r@-- L3·r@-- R1·r@-- R2·r@-- R3·r@-- 罐=无罐 泵=0 阀=000000 速=+0,+0,+0.00 电=7.71V/1.38A/峰1.71 补余=0.0 IO错=0 就位暂停
[   21.226] TLM t=   0.0 L1·r@-- L2·r@-- L3·r@-- R1·r@-- R2·r@-- R3·r@-- 罐=无罐 泵=0 阀=000000 速=+0,+0,+0.00 电=7.72V/1.38A/峰1.71 补余=0.0 IO错=0 就位暂停
[   21.734] TLM t=   0.0 L1·r@-- L2·r@-- L3·r@-- R1·r@-- R2·r@-- R3·r@-- 罐=无罐 泵=0 阀=000000 速=+0,+0,+0.00 电=7.70V/1.38A/峰1.71 补余=0.0 IO错=0 就位暂停
[   22.243] TLM t=   0.0 L1·r@-- L2·r@-- L3·r@-- R1·r@-- R2·r@-- R3·r@-- 罐=无罐 泵=0 阀=000000 速=+0,+0,+0.00 电=7.70V/1.30A/峰1.71 补余=0.0 IO错=0 就位暂停
[   22.750] TLM t=   0.0 L1·r@-- L2·r@-- L3·r@-- R1·r@-- R2·r@-- R3·r@-- 罐=无罐 泵=0 阀=000000 速=+0,+0,+0.00 电=7.72V/1.30A/峰1.71 补余=0.0 IO错=0 就位暂停
[   23.258] TLM t=   0.0 L1·r@-- L2·r@-- L3·r@-- R1·r@-- R2·r@-- R3·r@-- 罐=无罐 泵=0 阀=000000 速=+0,+0,+0.00 电=7.71V/1.38A/峰1.71 补余=0.0 IO错=0 就位暂停
[   23.766] TLM t=   0.0 L1·r@-- L2·r@-- L3·r@-- R1·r@-- R2·r@-- R3·r@-- 罐=无罐 泵=0 阀=000000 速=+0,+0,+0.00 电=7.72V/1.38A/峰1.71 补余=0.0 IO错=0 就位暂停
[   24.275] TLM t=   0.0 L1·r@-- L2·r@-- L3·r@-- R1·r@-- R2·r@-- R3·r@-- 罐=无罐 泵=0 阀=000000 速=+0,+0,+0.00 电=7.71V/1.38A/峰1.71 补余=0.0 IO错=0 就位暂停
[   24.786] TLM t=   0.0 L1·r@-- L2·r@-- L3·r@-- R1·r@-- R2·r@-- R3·r@-- 罐=无罐 泵=0 阀=000000 速=+0,+0,+0.00 电=7.71V/1.47A/峰1.71 补余=0.0 IO错=0 就位暂停
[   25.299] TLM t=   0.0 L1·r@-- L2·r@-- L3·r@-- R1·r@-- R2·r@-- R3·r@-- 罐=无罐 泵=0 阀=000000 速=+0,+0,+0.00 电=7.71V/1.38A/峰1.71 补余=0.0 IO错=0 就位暂停
[   25.806] TLM t=   0.0 L1·r@-- L2·r@-- L3·r@-- R1·r@-- R2·r@-- R3·r@-- 罐=无罐 泵=0 阀=000000 速=+0,+0,+0.00 电=7.71V/1.30A/峰1.71 补余=0.0 IO错=0 就位暂停
[   26.314] TLM t=   0.0 L1·r@-- L2·r@-- L3·r@-- R1·r@-- R2·r@-- R3·r@-- 罐=无罐 泵=0 阀=000000 速=+0,+0,+0.00 电=7.71V/1.38A/峰1.71 补余=0.0 IO错=0 就位暂停
[   26.820] TLM t=   0.0 L1·r@-- L2·r@-- L3·r@-- R1·r@-- R2·r@-- R3·r@-- 罐=无罐 泵=0 阀=000000 速=+0,+0,+0.00 电=7.72V/1.38A/峰1.71 补余=0.0 IO错=0 就位暂停
[   27.329] TLM t=   0.0 L1·r@-- L2·r@-- L3·r@-- R1·r@-- R2·r@-- R3·r@-- 罐=无罐 泵=0 阀=000000 速=+0,+0,+0.00 电=7.70V/1.38A/峰1.71 补余=0.0 IO错=0 就位暂停
[   27.836] TLM t=   0.0 L1·r@-- L2·r@-- L3·r@-- R1·r@-- R2·r@-- R3·r@-- 罐=无罐 泵=0 阀=000000 速=+0,+0,+0.00 电=7.71V/1.47A/峰1.71 补余=0.0 IO错=0 就位暂停
[   28.346] TLM t=   0.0 L1·r@-- L2·r@-- L3·r@-- R1·r@-- R2·r@-- R3·r@-- 罐=无罐 泵=0 阀=000000 速=+0,+0,+0.00 电=7.71V/1.38A/峰1.71 补余=0.0 IO错=0 就位暂停
[   28.853] TLM t=   0.0 L1·r@-- L2·r@-- L3·r@-- R1·r@-- R2·r@-- R3·r@-- 罐=无罐 泵=0 阀=000000 速=+0,+0,+0.00 电=7.71V/1.47A/峰1.71 补余=0.0 IO错=0 就位暂停
[   29.363] TLM t=   0.0 L1·r@-- L2·r@-- L3·r@-- R1·r@-- R2·r@-- R3·r@-- 罐=无罐 泵=0 阀=000000 速=+0,+0,+0.00 电=7.70V/1.30A/峰1.71 补余=0.0 IO错=0 就位暂停
[   29.869] TLM t=   0.0 L1·r@-- L2·r@-- L3·r@-- R1·r@-- R2·r@-- R3·r@-- 罐=无罐 泵=0 阀=000000 速=+0,+0,+0.00 电=7.70V/1.38A/峰1.71 补余=0.0 IO错=0 就位暂停
[   30.380] TLM t=   0.0 L1·r@-- L2·r@-- L3·r@-- R1·r@-- R2·r@-- R3·r@-- 罐=无罐 泵=0 阀=000000 速=+0,+0,+0.00 电=7.71V/1.38A/峰1.71 补余=0.0 IO错=0 就位暂停
[   30.890] TLM t=   0.0 L1·r@-- L2·r@-- L3·r@-- R1·r@-- R2·r@-- R3·r@-- 罐=无罐 泵=0 阀=000000 速=+0,+0,+0.00 电=7.71V/1.47A/峰1.71 补余=0.0 IO错=0 就位暂停
[   31.399] TLM t=   0.0 L1·r@-- L2·r@-- L3·r@-- R1·r@-- R2·r@-- R3·r@-- 罐=无罐 泵=0 阀=000000 速=+0,+0,+0.00 电=7.70V/1.30A/峰1.71 补余=0.0 IO错=0 就位暂停
[   31.907] TLM t=   0.0 L1·r@-- L2·r@-- L3·r@-- R1·r@-- R2·r@-- R3·r@-- 罐=无罐 泵=0 阀=000000 速=+0,+0,+0.00 电=7.70V/1.47A/峰1.71 补余=0.0 IO错=0 就位暂停
[   32.419] TLM t=   0.0 L1·r@-- L2·r@-- L3·r@-- R1·r@-- R2·r@-- R3·r@-- 罐=无罐 泵=0 阀=000000 速=+0,+0,+0.00 电=7.71V/1.38A/峰1.71 补余=0.0 IO错=0 就位暂停
[   32.925] TLM t=   0.0 L1·r@-- L2·r@-- L3·r@-- R1·r@-- R2·r@-- R3·r@-- 罐=无罐 泵=0 阀=000000 速=+0,+0,+0.00 电=7.70V/1.38A/峰1.71 补余=0.0 IO错=0 就位暂停
[   33.436] TLM t=   0.0 L1·r@-- L2·r@-- L3·r@-- R1·r@-- R2·r@-- R3·r@-- 罐=无罐 泵=0 阀=000000 速=+0,+0,+0.00 电=7.70V/1.38A/峰1.71 补余=0.0 IO错=0 就位暂停
[   33.943] TLM t=   0.0 L1·r@-- L2·r@-- L3·r@-- R1·r@-- R2·r@-- R3·r@-- 罐=无罐 泵=0 阀=000000 速=+0,+0,+0.00 电=7.71V/1.47A/峰1.71 补余=0.0 IO错=0 就位暂停
[   34.457] TLM t=   0.0 L1·r@-- L2·r@-- L3·r@-- R1·r@-- R2·r@-- R3·r@-- 罐=无罐 泵=0 阀=000000 速=+0,+0,+0.00 电=7.70V/1.38A/峰1.71 补余=0.0 IO错=0 就位暂停
[   34.961] TLM t=   0.0 L1·r@-- L2·r@-- L3·r@-- R1·r@-- R2·r@-- R3·r@-- 罐=无罐 泵=0 阀=000000 速=+0,+0,+0.00 电=7.70V/1.38A/峰1.71 补余=0.0 IO错=0 就位暂停
[   35.472] TLM t=   0.0 L1·r@-- L2·r@-- L3·r@-- R1·r@-- R2·r@-- R3·r@-- 罐=无罐 泵=0 阀=000000 速=+0,+0,+0.00 电=7.71V/1.55A/峰1.71 补余=0.0 IO错=0 就位暂停
[   35.978] TLM t=   0.0 L1·r@-- L2·r@-- L3·r@-- R1·r@-- R2·r@-- R3·r@-- 罐=无罐 泵=0 阀=000000 速=+0,+0,+0.00 电=7.71V/1.47A/峰1.71 补余=0.0 IO错=0 就位暂停
[   36.491] TLM t=   0.0 L1·r@-- L2·r@-- L3·r@-- R1·r@-- R2·r@-- R3·r@-- 罐=无罐 泵=0 阀=000000 速=+0,+0,+0.00 电=7.70V/1.38A/峰1.71 补余=0.0 IO错=0 就位暂停
[   36.996] TLM t=   0.0 L1·r@-- L2·r@-- L3·r@-- R1·r@-- R2·r@-- R3·r@-- 罐=无罐 泵=0 阀=000000 速=+0,+0,+0.00 电=7.69V/1.38A/峰1.71 补余=0.0 IO错=0 就位暂停
[   37.507] TLM t=   0.0 L1·r@-- L2·r@-- L3·r@-- R1·r@-- R2·r@-- R3·r@-- 罐=无罐 泵=0 阀=000000 速=+0,+0,+0.00 电=7.71V/1.47A/峰1.71 补余=0.0 IO错=0 就位暂停
[   38.013] TLM t=   0.0 L1·r@-- L2·r@-- L3·r@-- R1·r@-- R2·r@-- R3·r@-- 罐=无罐 泵=0 阀=000000 速=+0,+0,+0.00 电=7.71V/1.38A/峰1.71 补余=0.0 IO错=0 就位暂停
[   38.525] TLM t=   0.0 L1·r@-- L2·r@-- L3·r@-- R1·r@-- R2·r@-- R3·r@-- 罐=无罐 泵=0 阀=000000 速=+0,+0,+0.00 电=7.71V/1.22A/峰1.71 补余=0.0 IO错=0 就位暂停
[   39.034] TLM t=   0.0 L1·r@-- L2·r@-- L3·r@-- R1·r@-- R2·r@-- R3·r@-- 罐=无罐 泵=0 阀=000000 速=+0,+0,+0.00 电=7.71V/1.30A/峰1.71 补余=0.0 IO错=0 就位暂停
[   39.544] TLM t=   0.0 L1·r@-- L2·r@-- L3·r@-- R1·r@-- R2·r@-- R3·r@-- 罐=无罐 泵=0 阀=000000 速=+0,+0,+0.00 电=7.72V/0.81A/峰1.71 补余=0.0 IO错=0 就位暂停
[   40.050] TLM t=   0.0 L1·r@-- L2·r@-- L3·r@-- R1·r@-- R2·r@-- R3·r@-- 罐=无罐 泵=0 阀=000000 速=+0,+0,+0.00 电=7.74V/0.57A/峰1.71 补余=0.0 IO错=0 就位暂停
[   40.563] TLM t=   0.0 L1·r@-- L2·r@-- L3·r@-- R1·r@-- R2·r@-- R3·r@-- 罐=无罐 泵=0 阀=000000 速=+0,+0,+0.00 电=7.74V/0.49A/峰1.71 补余=0.0 IO错=0 就位暂停
[   41.069] TLM t=   0.0 L1·r@-- L2·r@-- L3·r@-- R1·r@-- R2·r@-- R3·r@-- 罐=无罐 泵=0 阀=000000 速=+0,+0,+0.00 电=7.75V/0.49A/峰1.71 补余=0.0 IO错=0 就位暂停
[   41.584] TLM t=   0.0 L1·r@-- L2·r@-- L3·r@-- R1·r@-- R2·r@-- R3·r@-- 罐=无罐 泵=0 阀=000000 速=+0,+0,+0.00 电=7.74V/0.65A/峰1.71 补余=0.0 IO错=0 就位暂停
[   42.090] TLM t=   0.0 L1·r@-- L2·r@-- L3·r@-- R1·r@-- R2·r@-- R3·r@-- 罐=无罐 泵=0 阀=000000 速=+0,+0,+0.00 电=7.74V/0.65A/峰1.71 补余=0.0 IO错=0 就位暂停
[   42.603] TLM t=   0.0 L1·r@-- L2·r@-- L3·r@-- R1·r@-- R2·r@-- R3·r@-- 罐=无罐 泵=0 阀=000000 速=+0,+0,+0.00 电=7.74V/0.65A/峰1.71 补余=0.0 IO错=0 就位暂停
[   43.110] TLM t=   0.0 L1·r@-- L2·r@-- L3·r@-- R1·r@-- R2·r@-- R3·r@-- 罐=无罐 泵=0 阀=000000 速=+0,+0,+0.00 电=7.74V/0.65A/峰1.71 补余=0.0 IO错=0 就位暂停
[   43.621] TLM t=   0.0 L1·r@-- L2·r@-- L3·r@-- R1·r@-- R2·r@-- R3·r@-- 罐=无罐 泵=0 阀=000000 速=+0,+0,+0.00 电=7.74V/0.65A/峰1.71 补余=0.0 IO错=0 就位暂停
[   44.124] TLM t=   0.0 L1·r@-- L2·r@-- L3·r@-- R1·r@-- R2·r@-- R3·r@-- 罐=无罐 泵=0 阀=000000 速=+0,+0,+0.00 电=7.73V/0.65A/峰1.71 补余=0.0 IO错=0 就位暂停
[   44.633] TLM t=   0.0 L1·r@-- L2·r@-- L3·r@-- R1·r@-- R2·r@-- R3·r@-- 罐=无罐 泵=0 阀=000000 速=+0,+0,+0.00 电=7.73V/0.65A/峰1.71 补余=0.0 IO错=0 就位暂停
[   45.137] TLM t=   0.0 L1·r@-- L2·r@-- L3·r@-- R1·r@-- R2·r@-- R3·r@-- 罐=无罐 泵=0 阀=000000 速=+0,+0,+0.00 电=7.74V/0.65A/峰1.71 补余=0.0 IO错=0 就位暂停
[   45.647] TLM t=   0.0 L1·r@-- L2·r@-- L3·r@-- R1·r@-- R2·r@-- R3·r@-- 罐=无罐 泵=0 阀=000000 速=+0,+0,+0.00 电=7.73V/0.73A/峰1.71 补余=0.0 IO错=0 就位暂停
[   46.150] TLM t=   0.0 L1·r@-- L2·r@-- L3·r@-- R1·r@-- R2·r@-- R3·r@-- 罐=无罐 泵=0 阀=000000 速=+0,+0,+0.00 电=7.73V/0.65A/峰1.71 补余=0.0 IO错=0 就位暂停
[   46.663] TLM t=   0.0 L1·r@-- L2·r@-- L3·r@-- R1·r@-- R2·r@-- R3·r@-- 罐=无罐 泵=0 阀=000000 速=+0,+0,+0.00 电=7.74V/0.73A/峰1.71 补余=0.0 IO错=0 就位暂停
[   47.170] TLM t=   0.0 L1·r@-- L2·r@-- L3·r@-- R1·r@-- R2·r@-- R3·r@-- 罐=无罐 泵=0 阀=000000 速=+0,+0,+0.00 电=7.73V/0.65A/峰1.71 补余=0.0 IO错=0 就位暂停
[   47.682] TLM t=   0.0 L1·r@-- L2·r@-- L3·r@-- R1·r@-- R2·r@-- R3·r@-- 罐=无罐 泵=0 阀=000000 速=+0,+0,+0.00 电=7.73V/0.65A/峰1.71 补余=0.0 IO错=0 就位暂停
[   48.186] TLM t=   0.0 L1·r@-- L2·r@-- L3·r@-- R1·r@-- R2·r@-- R3·r@-- 罐=无罐 泵=0 阀=000000 速=+0,+0,+0.00 电=7.74V/0.65A/峰1.71 补余=0.0 IO错=0 就位暂停
[   48.696] TLM t=   0.0 L1·r@-- L2·r@-- L3·r@-- R1·r@-- R2·r@-- R3·r@-- 罐=无罐 泵=0 阀=000000 速=+0,+0,+0.00 电=7.74V/0.65A/峰1.71 补余=0.0 IO错=0 就位暂停
[   49.200] TLM t=   0.0 L1·r@-- L2·r@-- L3·r@-- R1·r@-- R2·r@-- R3·r@-- 罐=无罐 泵=0 阀=000000 速=+0,+0,+0.00 电=7.73V/0.65A/峰1.71 补余=0.0 IO错=0 就位暂停
[   49.711] TLM t=   0.0 L1·r@-- L2·r@-- L3·r@-- R1·r@-- R2·r@-- R3·r@-- 罐=无罐 泵=0 阀=000000 速=+0,+0,+0.00 电=7.74V/0.65A/峰1.71 补余=0.0 IO错=0 就位暂停
[   50.215] TLM t=   0.0 L1·r@-- L2·r@-- L3·r@-- R1·r@-- R2·r@-- R3·r@-- 罐=无罐 泵=0 阀=000000 速=+0,+0,+0.00 电=7.73V/0.65A/峰1.71 补余=0.0 IO错=0 就位暂停
[   50.726] TLM t=   0.0 L1·r@-- L2·r@-- L3·r@-- R1·r@-- R2·r@-- R3·r@-- 罐=无罐 泵=0 阀=000000 速=+0,+0,+0.00 电=7.73V/0.65A/峰1.71 补余=0.0 IO错=0 就位暂停
[   51.230] TLM t=   0.0 L1·r@-- L2·r@-- L3·r@-- R1·r@-- R2·r@-- R3·r@-- 罐=无罐 泵=0 阀=000000 速=+0,+0,+0.00 电=7.73V/0.57A/峰1.71 补余=0.0 IO错=0 就位暂停
[   51.742] TLM t=   0.0 L1·r@-- L2·r@-- L3·r@-- R1·r@-- R2·r@-- R3·r@-- 罐=无罐 泵=0 阀=000000 速=+0,+0,+0.00 电=7.74V/0.73A/峰1.71 补余=0.0 IO错=0 就位暂停
[   52.246] TLM t=   0.0 L1·r@-- L2·r@-- L3·r@-- R1·r@-- R2·r@-- R3·r@-- 罐=无罐 泵=0 阀=000000 速=+0,+0,+0.00 电=7.73V/0.65A/峰1.71 补余=0.0 IO错=0 就位暂停
[   52.760] TLM t=   0.0 L1·r@-- L2·r@-- L3·r@-- R1·r@-- R2·r@-- R3·r@-- 罐=无罐 泵=0 阀=000000 速=+0,+0,+0.00 电=7.74V/0.65A/峰1.71 补余=0.0 IO错=0 就位暂停
[   53.263] TLM t=   0.0 L1·r@-- L2·r@-- L3·r@-- R1·r@-- R2·r@-- R3·r@-- 罐=无罐 泵=0 阀=000000 速=+0,+0,+0.00 电=7.74V/0.65A/峰1.71 补余=0.0 IO错=0 就位暂停
[   53.773] TLM t=   0.0 L1·r@-- L2·r@-- L3·r@-- R1·r@-- R2·r@-- R3·r@-- 罐=无罐 泵=0 阀=000000 速=+0,+0,+0.00 电=7.73V/0.65A/峰1.71 补余=0.0 IO错=0 就位暂停
[   54.277] TLM t=   0.0 L1·r@-- L2·r@-- L3·r@-- R1·r@-- R2·r@-- R3·r@-- 罐=无罐 泵=0 阀=000000 速=+0,+0,+0.00 电=7.74V/0.57A/峰1.71 补余=0.0 IO错=0 就位暂停
[   54.787] TLM t=   0.0 L1·r@-- L2·r@-- L3·r@-- R1·r@-- R2·r@-- R3·r@-- 罐=无罐 泵=0 阀=000000 速=+0,+0,+0.00 电=7.73V/0.65A/峰1.71 补余=0.0 IO错=0 就位暂停
[   55.293] TLM t=   0.0 L1·r@-- L2·r@-- L3·r@-- R1·r@-- R2·r@-- R3·r@-- 罐=无罐 泵=0 阀=000000 速=+0,+0,+0.00 电=7.72V/0.90A/峰1.71 补余=0.0 IO错=0 就位暂停
[   55.804] TLM t=   0.0 L1·r@-- L2·r@-- L3·r@-- R1·r@-- R2·r@-- R3·r@-- 罐=无罐 泵=0 阀=000000 速=+0,+0,+0.00 电=7.71V/0.98A/峰1.71 补余=0.0 IO错=0 就位暂停
[   56.308] TLM t=   0.0 L1·r@-- L2·r@-- L3·r@-- R1·r@-- R2·r@-- R3·r@-- 罐=无罐 泵=0 阀=000000 速=+0,+0,+0.00 电=7.73V/0.73A/峰1.71 补余=0.0 IO错=0 就位暂停
[   56.820] TLM t=   0.0 L1·r@-- L2·r@-- L3·r@-- R1·r@-- R2·r@-- R3·r@-- 罐=无罐 泵=0 阀=000000 速=+0,+0,+0.00 电=7.73V/0.65A/峰1.71 补余=0.0 IO错=0 就位暂停
[   57.325] TLM t=   0.0 L1·r@-- L2·r@-- L3·r@-- R1·r@-- R2·r@-- R3·r@-- 罐=无罐 泵=0 阀=000000 速=+0,+0,+0.00 电=7.73V/0.57A/峰1.71 补余=0.0 IO错=0 就位暂停
[   57.834] TLM t=   0.0 L1·r@-- L2·r@-- L3·r@-- R1·r@-- R2·r@-- R3·r@-- 罐=无罐 泵=0 阀=000000 速=+0,+0,+0.00 电=7.74V/0.57A/峰1.71 补余=0.0 IO错=0 就位暂停
[   58.340] TLM t=   0.0 L1·r@-- L2·r@-- L3·r@-- R1·r@-- R2·r@-- R3·r@-- 罐=无罐 泵=0 阀=000000 速=+0,+0,+0.00 电=7.73V/0.65A/峰1.71 补余=0.0 IO错=0 就位暂停
[   58.854] TLM t=   0.0 L1·r@-- L2·r@-- L3·r@-- R1·r@-- R2·r@-- R3·r@-- 罐=无罐 泵=0 阀=000000 速=+0,+0,+0.00 电=7.73V/0.65A/峰1.71 补余=0.0 IO错=0 就位暂停
[   59.359] TLM t=   0.0 L1·r@-- L2·r@-- L3·r@-- R1·r@-- R2·r@-- R3·r@-- 罐=无罐 泵=0 阀=000000 速=+0,+0,+0.00 电=7.73V/0.65A/峰1.71 补余=0.0 IO错=0 就位暂停
[   59.872] TLM t=   0.0 L1·r@-- L2·r@-- L3·r@-- R1·r@-- R2·r@-- R3·r@-- 罐=无罐 泵=0 阀=000000 速=+0,+0,+0.00 电=7.73V/0.65A/峰1.71 补余=0.0 IO错=0 就位暂停
[   60.376] TLM t=   0.0 L1·r@-- L2·r@-- L3·r@-- R1·r@-- R2·r@-- R3·r@-- 罐=无罐 泵=0 阀=000000 速=+0,+0,+0.00 电=7.73V/0.65A/峰1.71 补余=0.0 IO错=0 就位暂停
[   60.889] TLM t=   0.0 L1·r@-- L2·r@-- L3·r@-- R1·r@-- R2·r@-- R3·r@-- 罐=无罐 泵=0 阀=000000 速=+0,+0,+0.00 电=7.74V/0.57A/峰1.71 补余=0.0 IO错=0 就位暂停
[   61.395] TLM t=   0.0 L1·r@-- L2·r@-- L3·r@-- R1·r@-- R2·r@-- R3·r@-- 罐=无罐 泵=0 阀=000000 速=+0,+0,+0.00 电=7.74V/0.57A/峰1.71 补余=0.0 IO错=0 就位暂停
[   61.563] EVT 按 p：开始全吸附启动序列
[   61.564] EVT 相位 L1 stance→press
[   61.584] EVT 泵 开
[   61.914] TLM t=   0.0 L1Pr@-- L2·r@-- L3·r@-- R1·r@-- R2·r@-- R3·r@-- 罐=无罐 泵=1 阀=000000 速=+0,+0,+0.00 电=7.69V/0.65A/峰1.71 补余=0.0 IO错=0 倾+0.0
[   62.415] TLM t=   0.0 L1Pr@-- L2·r@-- L3·r@-- R1·r@-- R2·r@-- R3·r@-- 罐=无罐 泵=1 阀=000000 速=+0,+0,+0.00 电=7.71V/0.65A/峰1.71 补余=0.0 IO错=0 倾+0.0
[   62.914] TLM t=   0.0 L1Pr@-- L2·r@-- L3·r@-- R1·r@-- R2·r@-- R3·r@-- 罐=无罐 泵=1 阀=000000 速=+0,+0,+0.00 电=7.68V/0.57A/峰1.71 补余=0.0 IO错=0 倾+0.0
[   63.420] TLM t=   0.0 L1Pr@-- L2·r@-- L3·r@-- R1·r@-- R2·r@-- R3·r@-- 罐=无罐 泵=1 阀=000000 速=+0,+0,+0.00 电=7.71V/0.57A/峰1.71 补余=0.0 IO错=0 倾+0.0
[   63.919] TLM t=   0.0 L1Pr@-- L2·r@-- L3·r@-- R1·r@-- R2·r@-- R3·r@-- 罐=无罐 泵=1 阀=000000 速=+0,+0,+0.00 电=7.72V/0.65A/峰1.71 补余=0.0 IO错=0 倾+0.0
[   64.421] TLM t=   0.0 L1Pr@-- L2·r@-- L3·r@-- R1·r@-- R2·r@-- R3·r@-- 罐=无罐 泵=1 阀=000000 速=+0,+0,+0.00 电=7.70V/0.65A/峰1.71 补余=0.0 IO错=0 倾+0.0
[   64.551] EVT 吸附 L1 released→pressing 在态3.00s
[   64.552] EVT 相位 L1 press→wait
[   64.572] EVT 泵 停
[   64.852] EVT 吸附 L1 pressing→sucking 在态0.30s
[   64.853] EVT 阀 L1 →抽气位
[   64.875] EVT 泵 开
[   64.921] TLM t=   0.0 L1Ws@-6 L2·r@-- L3·r@-- R1·r@-- R2·r@-- R3·r@-- 罐=无罐 泵=1 阀=100000 速=+0,+0,+0.00 电=7.68V/0.73A/峰1.71 补余=0.0 IO错=0 倾+0.0
[   65.193] EVT 吸附 L1 sucking→attached 在态0.34s -71.0kPa
[   65.194] EVT 相位 L1 wait→stance
[   65.214] EVT 相位 L2 stance→press
[   65.357] EVT 泵 停 最差盘压-75.0
[   65.426] TLM t=   0.0 L1·A@-76 L2Pr@-- L3·r@-- R1·r@-- R2·r@-- R3·r@-- 罐=无罐 泵=0 阀=100000 速=+0,+0,+0.00 电=7.74V/0.73A/峰1.71 补余=0.0 IO错=0 倾+0.0
[   65.947] TLM t=   0.0 L1·A@-75 L2Pr@-- L3·r@-- R1·r@-- R2·r@-- R3·r@-- 罐=无罐 泵=0 阀=100000 速=+0,+0,+0.00 电=7.74V/0.73A/峰1.71 补余=0.0 IO错=0 倾+0.0
[   66.397] EVT 吸附 L2 released→pressing 在态4.84s
[   66.397] EVT 相位 L2 press→wait
[   66.448] TLM t=   0.0 L1·A@-75 L2Wp@-- L3·r@-- R1·r@-- R2·r@-- R3·r@-- 罐=无罐 泵=0 阀=100000 速=+0,+0,+0.00 电=7.73V/0.73A/峰1.71 补余=0.0 IO错=0 倾+0.0
[   66.718] EVT 吸附 L2 pressing→sucking 在态0.32s
[   66.718] EVT 阀 L2 →抽气位
[   66.743] EVT 泵 开 最差盘压-74.8
[   66.966] TLM t=   0.0 L1·A@-75 L2Ws@-63 L3·r@-- R1·r@-- R2·r@-- R3·r@-- 罐=无罐 泵=1 阀=110000 速=+0,+0,+0.00 电=7.73V/0.65A/峰1.71 补余=0.0 IO错=0 倾+0.0
[   67.018] EVT 吸附 L2 sucking→attached 在态0.30s -66.1kPa
[   67.019] EVT 相位 L2 wait→stance
[   67.044] EVT 相位 L3 stance→press
[   67.345] EVT 泵 停 最差盘压-75.2
[   67.476] TLM t=   0.0 L1·A@-76 L2·A@-76 L3Pr@-- R1·r@-- R2·r@-- R3·r@-- 罐=无罐 泵=0 阀=110000 速=+0,+0,+0.00 电=7.75V/0.65A/峰1.71 补余=0.0 IO错=0 倾+0.0
[   67.993] TLM t=   0.0 L1·A@-76 L2·A@-75 L3Pr@-- R1·r@-- R2·r@-- R3·r@-- 罐=无罐 泵=0 阀=110000 速=+0,+0,+0.00 电=7.75V/0.65A/峰1.71 补余=0.0 IO错=0 倾+0.0
[   68.223] EVT 吸附 L3 released→pressing 在态6.66s
[   68.223] EVT 相位 L3 press→wait
[   68.498] TLM t=   0.0 L1·A@-75 L2·A@-75 L3Wp@-- R1·r@-- R2·r@-- R3·r@-- 罐=无罐 泵=0 阀=110000 速=+0,+0,+0.00 电=7.76V/0.57A/峰1.71 补余=0.0 IO错=0 倾+0.0
[   68.549] EVT 吸附 L3 pressing→sucking 在态0.32s
[   68.549] EVT 阀 L3 →抽气位
[   68.567] EVT 泵 开 最差盘压-74.5
[   68.850] EVT 吸附 L3 sucking→attached 在态0.30s -62.1kPa
[   68.850] EVT 相位 L3 wait→stance
[   68.868] EVT 相位 R1 stance→press
[   69.013] TLM t=   0.0 L1·A@-75 L2·A@-74 L3·A@-69 R1Pr@-- R2·r@-- R3·r@-- 罐=无罐 泵=1 阀=111000 速=+0,+0,+0.00 电=7.73V/0.81A/峰1.71 补余=0.0 IO错=0 倾+0.0
[   69.289] EVT 泵 停 最差盘压-75.2
[   69.522] TLM t=   0.0 L1·A@-76 L2·A@-76 L3·A@-76 R1Pr@-- R2·r@-- R3·r@-- 罐=无罐 泵=0 阀=111000 速=+0,+0,+0.00 电=7.76V/0.65A/峰1.71 补余=0.0 IO错=0 倾+0.0
[   70.023] TLM t=   0.0 L1·A@-76 L2·A@-75 L3·A@-76 R1Pr@-- R2·r@-- R3·r@-- 罐=无罐 泵=0 阀=111000 速=+0,+0,+0.00 电=7.76V/0.65A/峰1.71 补余=0.0 IO错=0 倾+0.0
[   70.059] EVT 吸附 R1 released→pressing 在态8.48s
[   70.059] EVT 相位 R1 press→wait
[   70.377] EVT 吸附 R1 pressing→sucking 在态0.32s
[   70.378] EVT 阀 R1 →抽气位
[   70.398] EVT 泵 开 最差盘压-75.0
[   70.530] TLM t=   0.0 L1·A@-75 L2·A@-75 L3·A@-75 R1Ws@-58 R2·r@-- R3·r@-- 罐=无罐 泵=1 阀=111100 速=+0,+0,+0.00 电=7.71V/0.57A/峰1.71 补余=0.0 IO错=0 倾+0.0
[   70.739] EVT 吸附 R1 sucking→attached 在态0.36s -68.2kPa
[   70.740] EVT 相位 R1 wait→stance
[   70.760] EVT 相位 R2 stance→press
[   71.031] TLM t=   0.0 L1·A@-76 L2·A@-76 L3·A@-75 R1·A@-75 R2Pr@-- R3·r@-- 罐=无罐 泵=1 阀=111100 速=+0,+0,+0.00 电=7.72V/0.73A/峰1.71 补余=0.0 IO错=0 倾+0.0
[   71.060] EVT 泵 停 最差盘压-75.5
[   71.553] TLM t=   0.0 L1·A@-76 L2·A@-76 L3·A@-76 R1·A@-76 R2Pr@-- R3·r@-- 罐=无罐 泵=0 阀=111100 速=+0,+0,+0.00 电=7.77V/0.73A/峰1.71 补余=0.0 IO错=0 倾+0.0
[   71.943] EVT 吸附 R2 released→pressing 在态10.36s
[   71.943] EVT 相位 R2 press→wait
[   72.056] TLM t=   0.0 L1·A@-76 L2·A@-76 L3·A@-76 R1·A@-76 R2Wp@-- R3·r@-- 罐=无罐 泵=0 阀=111100 速=+0,+0,+0.00 电=7.77V/0.73A/峰1.71 补余=0.0 IO错=0 倾+0.0
[   72.264] EVT 吸附 R2 pressing→sucking 在态0.32s
[   72.264] EVT 阀 R2 →抽气位
[   72.289] EVT 泵 开 最差盘压-75.4
[   72.564] EVT 吸附 R2 sucking→attached 在态0.30s -68.5kPa
[   72.569] EVT 相位 R2 wait→stance
[   72.578] TLM t=   0.0 L1·A@-76 L2·A@-75 L3·A@-76 R1·A@-75 R2·A@-68 R3·r@-- 罐=无罐 泵=1 阀=111110 速=+0,+0,+0.00 电=7.76V/0.73A/峰1.71 补余=0.0 IO错=0 倾+0.0
[   72.590] EVT 相位 R3 stance→press
[   73.011] EVT 泵 停 最差盘压-75.1
[   73.082] TLM t=   0.0 L1·A@-76 L2·A@-76 L3·A@-76 R1·A@-75 R2·A@-75 R3Pr@-- 罐=无罐 泵=0 阀=111110 速=+0,+0,+0.00 电=7.79V/0.65A/峰1.71 补余=0.0 IO错=0 倾+0.0
[   73.595] TLM t=   0.0 L1·A@-76 L2·A@-75 L3·A@-76 R1·A@-75 R2·A@-74 R3Pr@-- 罐=无罐 泵=0 阀=111110 速=+0,+0,+0.00 电=7.78V/0.81A/峰1.71 补余=0.0 IO错=0 倾+0.0
[   73.768] EVT 吸附 R3 released→pressing 在态12.18s
[   73.768] EVT 相位 R3 press→wait
[   74.094] EVT 吸附 R3 pressing→sucking 在态0.32s
[   74.094] EVT 阀 R3 →抽气位
[   74.104] TLM t=   0.0 L1·A@-75 L2·A@-75 L3·A@-76 R1·A@-75 R2·A@-73 R3Ws@-- 罐=无罐 泵=0 阀=111111 速=+0,+0,+0.00 电=7.79V/0.81A/峰1.71 补余=0.0 IO错=0 倾+0.0
[   74.112] EVT 泵 开 最差盘压-72.9
[   74.395] EVT 吸附 R3 sucking→attached 在态0.30s -66.5kPa
[   74.395] EVT 相位 R3 wait→stance
[   74.395] EVT ✓ 六足全吸附，启动序列完成，相位钟开始
[   74.618] TLM t=   0.2 L1·A@-75 L2·A@-74 L3·A@-76 R1·A@-75 R2·A@-73 R3·A@-74 罐=无罐 泵=1 阀=111111 速=+0,+0,+0.00 电=7.75V/0.73A/峰1.71 补余=0.0 IO错=0 倾+0.0
[   74.791] EVT 泵 停 最差盘压-75.0
[   75.125] TLM t=   0.7 L1·A@-76 L2·A@-76 L3·A@-76 R1·A@-76 R2·A@-76 R3·A@-76 罐=无罐 泵=0 阀=111111 速=+0,+0,+0.00 电=7.79V/0.81A/峰1.71 补余=0.0 IO错=0 倾+0.0
[   75.643] TLM t=   1.2 L1·A@-76 L2·A@-76 L3·A@-76 R1·A@-75 R2·A@-75 R3·A@-75 罐=无罐 泵=0 阀=111111 速=+0,+0,+0.00 电=7.79V/0.73A/峰1.71 补余=0.0 IO错=0 倾+0.0
[   76.153] TLM t=   1.7 L1·A@-76 L2·A@-75 L3·A@-76 R1·A@-75 R2·A@-75 R3·A@-74 罐=无罐 泵=0 阀=111111 速=+0,+0,+0.00 电=7.78V/0.73A/峰1.71 补余=0.0 IO错=0 倾+0.0
[   76.649] TLM t=   2.2 L1·A@-75 L2·A@-75 L3·A@-76 R1·A@-75 R2·A@-74 R3·A@-74 罐=无罐 泵=0 阀=111111 速=+0,+0,+0.00 电=7.79V/0.73A/峰1.71 补余=0.0 IO错=0 倾+0.0
[   77.172] TLM t=   2.8 L1·A@-75 L2·A@-74 L3·A@-76 R1·A@-75 R2·A@-74 R3·A@-73 罐=无罐 泵=0 阀=111111 速=+0,+0,+0.00 电=7.79V/0.73A/峰1.71 补余=0.0 IO错=0 倾+0.0
[   77.691] TLM t=   3.3 L1·A@-75 L2·A@-74 L3·A@-76 R1·A@-75 R2·A@-73 R3·A@-72 罐=无罐 泵=0 阀=111111 速=+0,+0,+0.00 电=7.79V/0.73A/峰1.71 补余=0.0 IO错=0 倾+0.0
[   78.198] TLM t=   3.8 L1·A@-75 L2·A@-73 L3·A@-75 R1·A@-75 R2·A@-73 R3·A@-71 罐=无罐 泵=0 阀=111111 速=+0,+0,+0.00 电=7.79V/0.73A/峰1.71 补余=0.0 IO错=0 倾+0.0
[   78.710] TLM t=   4.3 L1·A@-74 L2·A@-73 L3·A@-75 R1·A@-74 R2·A@-72 R3·A@-71 罐=无罐 泵=0 阀=111111 速=+0,+0,+0.00 电=7.78V/0.65A/峰1.71 补余=0.0 IO错=0 倾+0.0
[   79.221] TLM t=   4.8 L1·A@-74 L2·A@-72 L3·A@-75 R1·A@-74 R2·A@-72 R3·A@-70 罐=无罐 泵=0 阀=111111 速=+0,+0,+0.00 电=7.79V/0.73A/峰1.71 补余=0.0 IO错=0 倾+0.0
[   79.737] TLM t=   5.3 L1·A@-74 L2·A@-72 L3·A@-75 R1·A@-74 R2·A@-71 R3·A@-69 罐=无罐 泵=0 阀=111111 速=+0,+0,+0.00 电=7.79V/0.73A/峰1.71 补余=0.0 IO错=0 倾+0.0
[   80.243] TLM t=   5.8 L1·A@-74 L2·A@-71 L3·A@-75 R1·A@-74 R2·A@-71 R3·A@-69 罐=无罐 泵=0 阀=111111 速=+0,+0,+0.00 电=7.80V/0.73A/峰1.71 补余=0.0 IO错=0 倾+0.0
[   80.762] TLM t=   6.3 L1·A@-74 L2·A@-71 L3·A@-75 R1·A@-74 R2·A@-71 R3·A@-68 罐=无罐 泵=0 阀=111111 速=+0,+0,+0.00 电=7.79V/0.73A/峰1.71 补余=0.0 IO错=0 倾+0.0
[   81.265] TLM t=   6.8 L1·A@-73 L2·A@-70 L3·A@-75 R1·A@-73 R2·A@-70 R3·A@-67 罐=无罐 泵=0 阀=111111 速=+0,+0,+0.00 电=7.79V/0.73A/峰1.71 补余=0.0 IO错=0 倾+0.0
[   81.785] TLM t=   7.4 L1·A@-73 L2·A@-70 L3·A@-75 R1·A@-73 R2·A@-70 R3·A@-67 罐=无罐 泵=0 阀=111111 速=+0,+0,+0.00 电=7.79V/0.73A/峰1.71 补余=0.0 IO错=0 倾+0.0
[   82.288] TLM t=   7.9 L1·A@-73 L2·A@-70 L3·A@-75 R1·A@-73 R2·A@-69 R3·A@-66 罐=无罐 泵=0 阀=111111 速=+0,+0,+0.00 电=7.79V/0.73A/峰1.71 补余=0.0 IO错=0 倾+0.0
[   82.806] TLM t=   8.4 L1·A@-73 L2·A@-69 L3·A@-75 R1·A@-73 R2·A@-69 R3·A@-65 罐=无罐 泵=0 阀=111111 速=+0,+0,+0.00 电=7.79V/0.73A/峰1.71 补余=0.0 IO错=0 倾+0.0
[   83.312] TLM t=   8.9 L1·A@-73 L2·A@-69 L3·A@-75 R1·A@-73 R2·A@-69 R3·A@-65 罐=无罐 泵=0 阀=111111 速=+0,+0,+0.00 电=7.80V/0.73A/峰1.71 补余=0.0 IO错=0 倾+0.0
[   83.828] TLM t=   9.4 L1·A@-72 L2·A@-68 L3·A@-74 R1·A@-73 R2·A@-68 R3·A@-64 罐=无罐 泵=0 阀=111111 速=+0,+0,+0.00 电=7.80V/0.81A/峰1.71 补余=0.0 IO错=0 倾+0.0
[   84.333] TLM t=   9.9 L1·A@-72 L2·A@-68 L3·A@-74 R1·A@-73 R2·A@-68 R3·A@-63 罐=无罐 泵=0 阀=111111 速=+0,+0,+0.00 电=7.79V/0.73A/峰1.71 补余=0.0 IO错=0 倾+0.0
[   84.852] TLM t=  10.4 L1·A@-72 L2·A@-67 L3·A@-74 R1·A@-72 R2·A@-68 R3·A@-63 罐=无罐 泵=0 阀=111111 速=+0,+0,+0.00 电=7.80V/0.73A/峰1.71 补余=0.0 IO错=0 倾+0.0
[   85.359] TLM t=  10.9 L1·A@-72 L2·A@-67 L3·A@-74 R1·A@-72 R2·A@-67 R3·A@-62 罐=无罐 泵=0 阀=111111 速=+0,+0,+0.00 电=7.79V/0.73A/峰1.71 补余=0.0 IO错=0 倾+0.0
[   85.872] TLM t=  11.4 L1·A@-72 L2·A@-67 L3·A@-74 R1·A@-72 R2·A@-67 R3·A@-61 罐=无罐 泵=0 阀=111111 速=+0,+0,+0.00 电=7.79V/0.81A/峰1.71 补余=0.0 IO错=0 倾+0.0
[   86.378] TLM t=  11.9 L1·A@-72 L2·A@-66 L3·A@-74 R1·A@-72 R2·A@-66 R3·A@-61 罐=无罐 泵=0 阀=111111 速=+0,+0,+0.00 电=7.80V/0.73A/峰1.71 补余=0.0 IO错=0 倾+0.0
[   86.897] TLM t=  12.5 L1·A@-71 L2·A@-66 L3·A@-74 R1·A@-72 R2·A@-66 R3·A@-60 罐=无罐 泵=0 阀=111111 速=+0,+0,+0.00 电=7.79V/0.73A/峰1.71 补余=0.0 IO错=0 倾+0.0
[   87.171] EVT 泵 开 最差盘压-59.9
[   87.402] TLM t=  13.0 L1·A@-71 L2·A@-65 L3·A@-74 R1·A@-72 R2·A@-66 R3·A@-60 罐=无罐 泵=1 阀=111111 速=+0,+0,+0.00 电=7.75V/0.81A/峰1.71 补余=0.0 IO错=0 倾+0.0
[   87.749] EVT ⚠ IO 降落伞：OSError(121, 'Remote I/O error')
[   87.749] EVT 泵 停 最差盘压-71.2
[   87.749] EVT 冻结 ⚠ IO 持续失败（[Errno 121] Remote I/O error）——恢复后按 f，或 ESC×2 退出（盲态纯计时放气）
[   87.905] TLM t=  13.3 L1·A@-73 L2·A@-73 L3·A@-74 R1·A@-72 R2·A@-72 R3·A@-73 罐=无罐 泵=0 阀=111111 速=+0,+0,+0.00 电=7.80V/0.73A/峰1.71 补余=0.0 IO错=0 倾+0.0
[   88.427] TLM t=  13.3 L1·A@-73 L2·A@-72 L3·A@-74 R1·A@-72 R2·A@-72 R3·A@-72 罐=无罐 泵=0 阀=111111 速=+0,+0,+0.00 电=7.79V/0.73A/峰1.71 补余=0.0 IO错=0 倾+0.0
[   88.929] TLM t=  13.3 L1·A@-72 L2·A@-72 L3·A@-74 R1·A@-72 R2·A@-71 R3·A@-71 罐=无罐 泵=0 阀=111111 速=+0,+0,+0.00 电=7.80V/0.81A/峰1.71 补余=0.0 IO错=0 倾+0.0
[   89.452] TLM t=  13.3 L1·A@-72 L2·A@-71 L3·A@-73 R1·A@-72 R2·A@-71 R3·A@-71 罐=无罐 泵=0 阀=111111 速=+0,+0,+0.00 电=7.80V/0.73A/峰1.71 补余=0.0 IO错=0 倾+0.0
[   89.953] TLM t=  13.3 L1·A@-72 L2·A@-71 L3·A@-73 R1·A@-72 R2·A@-71 R3·A@-70 罐=无罐 泵=0 阀=111111 速=+0,+0,+0.00 电=7.80V/0.73A/峰1.71 补余=0.0 IO错=0 倾+0.0
[   90.478] TLM t=  13.3 L1·A@-72 L2·A@-71 L3·A@-73 R1·A@-71 R2·A@-70 R3·A@-69 罐=无罐 泵=0 阀=111111 速=+0,+0,+0.00 电=7.80V/0.81A/峰1.71 补余=0.0 IO错=0 倾+0.0
[   90.982] TLM t=  13.3 L1·A@-72 L2·A@-70 L3·A@-73 R1·A@-71 R2·A@-70 R3·A@-69 罐=无罐 泵=0 阀=111111 速=+0,+0,+0.00 电=7.79V/0.73A/峰1.71 补余=0.0 IO错=0 倾+0.0
[   91.505] TLM t=  13.3 L1·A@-72 L2·A@-70 L3·A@-73 R1·A@-71 R2·A@-69 R3·A@-68 罐=无罐 泵=0 阀=111111 速=+0,+0,+0.00 电=7.79V/0.73A/峰1.71 补余=0.0 IO错=0 倾+0.0
[   92.006] TLM t=  13.3 L1·A@-71 L2·A@-69 L3·A@-73 R1·A@-71 R2·A@-69 R3·A@-68 罐=无罐 泵=0 阀=111111 速=+0,+0,+0.00 电=7.80V/0.73A/峰1.71 补余=0.0 IO错=0 倾+0.0
[   92.528] TLM t=  13.3 L1·A@-71 L2·A@-69 L3·A@-73 R1·A@-71 R2·A@-69 R3·A@-67 罐=无罐 泵=0 阀=111111 速=+0,+0,+0.00 电=7.79V/0.73A/峰1.71 补余=0.0 IO错=0 倾+0.0
[   93.031] TLM t=  13.3 L1·A@-71 L2·A@-68 L3·A@-73 R1·A@-71 R2·A@-68 R3·A@-66 罐=无罐 泵=0 阀=111111 速=+0,+0,+0.00 电=7.80V/0.81A/峰1.71 补余=0.0 IO错=0 倾+0.0
[   93.553] TLM t=  13.3 L1·A@-71 L2·A@-68 L3·A@-73 R1·A@-71 R2·A@-68 R3·A@-66 罐=无罐 泵=0 阀=111111 速=+0,+0,+0.00 电=7.80V/0.81A/峰1.71 补余=0.0 IO错=0 倾+0.0
[   94.057] TLM t=  13.3 L1·A@-71 L2·A@-68 L3·A@-73 R1·A@-70 R2·A@-67 R3·A@-65 罐=无罐 泵=0 阀=111111 速=+0,+0,+0.00 电=7.79V/0.73A/峰1.71 补余=0.0 IO错=0 倾+0.0
[   94.582] TLM t=  13.3 L1·A@-71 L2·A@-67 L3·A@-73 R1·A@-70 R2·A@-67 R3·A@-64 罐=无罐 泵=0 阀=111111 速=+0,+0,+0.00 电=7.80V/0.73A/峰1.71 补余=0.0 IO错=0 倾+0.0
[   95.082] TLM t=  13.3 L1·A@-70 L2·A@-67 L3·A@-73 R1·A@-70 R2·A@-67 R3·A@-64 罐=无罐 泵=0 阀=111111 速=+0,+0,+0.00 电=7.80V/0.73A/峰1.71 补余=0.0 IO错=0 倾+0.0
[   95.608] TLM t=  13.3 L1·A@-70 L2·A@-66 L3·A@-72 R1·A@-70 R2·A@-66 R3·A@-63 罐=无罐 泵=0 阀=111111 速=+0,+0,+0.00 电=7.80V/0.73A/峰1.71 补余=0.0 IO错=0 倾+0.0
[   96.109] TLM t=  13.3 L1·A@-70 L2·A@-66 L3·A@-72 R1·A@-70 R2·A@-66 R3·A@-63 罐=无罐 泵=0 阀=111111 速=+0,+0,+0.00 电=7.79V/0.73A/峰1.71 补余=0.0 IO错=0 倾+0.0
[   96.630] TLM t=  13.3 L1·A@-70 L2·A@-65 L3·A@-72 R1·A@-70 R2·A@-66 R3·A@-62 罐=无罐 泵=0 阀=111111 速=+0,+0,+0.00 电=7.80V/0.73A/峰1.71 补余=0.0 IO错=0 倾+0.0
[   97.134] TLM t=  13.3 L1·A@-70 L2·A@-65 L3·A@-72 R1·A@-70 R2·A@-65 R3·A@-61 罐=无罐 泵=0 阀=111111 速=+0,+0,+0.00 电=7.80V/0.73A/峰1.71 补余=0.0 IO错=0 倾+0.0
[   97.655] TLM t=  13.3 L1·A@-70 L2·A@-65 L3·A@-72 R1·A@-70 R2·A@-65 R3·A@-61 罐=无罐 泵=0 阀=111111 速=+0,+0,+0.00 电=7.79V/0.73A/峰1.71 补余=0.0 IO错=0 倾+0.0
[   98.159] TLM t=  13.3 L1·A@-69 L2·A@-64 L3·A@-72 R1·A@-69 R2·A@-65 R3·A@-60 罐=无罐 泵=0 阀=111111 速=+0,+0,+0.00 电=7.80V/0.65A/峰1.71 补余=0.0 IO错=0 倾+0.0
[   98.332] EVT 泵 开 最差盘压-60.0
[   98.681] TLM t=  13.3 L1·A@-69 L2·A@-67 L3·A@-72 R1·A@-69 R2·A@-65 R3·A@-66 罐=无罐 泵=1 阀=111111 速=+0,+0,+0.00 电=7.75V/0.73A/峰1.71 补余=0.0 IO错=0 倾+0.0
[   99.195] TLM t=  13.3 L1·A@-74 L2·A@-74 L3·A@-74 R1·A@-73 R2·A@-74 R3·A@-75 罐=无罐 泵=1 阀=111111 速=+0,+0,+0.00 电=7.73V/0.73A/峰1.71 补余=0.0 IO错=0 倾+0.0
[   99.691] TLM t=  13.3 L1·A@-74 L2·A@-74 L3·A@-74 R1·A@-73 R2·A@-74 R3·A@-75 罐=无罐 泵=1 阀=111111 速=+0,+0,+0.00 电=7.79V/0.81A/峰1.71 补余=0.0 IO错=0 倾+0.0
[  100.197] TLM t=  13.3 L1·A@-79 L2·A@-79 L3·A@-79 R1·A@-73 R2·A@-74 R3·A@-75 罐=无罐 泵=1 阀=111111 速=+0,+0,+0.00 电=7.78V/0.73A/峰1.71 补余=0.0 IO错=0 倾+0.0
[  100.697] TLM t=  13.3 L1·A@-79 L2·A@-80 L3·A@-80 R1·A@-79 R2·A@-79 R3·A@-75 罐=无罐 泵=1 阀=111111 速=+0,+0,+0.00 电=7.79V/0.73A/峰1.71 补余=0.0 IO错=0 倾+0.0
[  101.199] TLM t=  13.3 L1·A@-80 L2·A@-80 L3·A@-80 R1·A@-79 R2·A@-79 R3·A@-75 罐=无罐 泵=1 阀=111111 速=+0,+0,+0.00 电=7.78V/0.73A/峰1.71 补余=0.0 IO错=0 倾+0.0
[  101.701] TLM t=  13.3 L1·A@-80 L2·A@-80 L3·A@-80 R1·A@-79 R2·A@-79 R3·A@-75 罐=无罐 泵=1 阀=111111 速=+0,+0,+0.00 电=7.73V/0.81A/峰1.71 补余=0.0 IO错=0 倾+0.0
[  102.202] TLM t=  13.3 L1·A@-61 L2·A@-80 L3·A@-80 R1·A@-79 R2·A@-79 R3·A@-75 罐=无罐 泵=1 阀=111111 速=+0,+0,+0.00 电=7.77V/0.65A/峰1.71 补余=0.0 IO错=0 倾+0.0
[  102.703] TLM t=  13.3 L1·A@-81 L2·A@-80 L3·A@-80 R1·A@-79 R2·A@-79 R3·A@-75 罐=无罐 泵=1 阀=111111 速=+0,+0,+0.00 电=7.78V/0.73A/峰1.71 补余=0.0 IO错=0 倾+0.0
[  103.203] TLM t=  13.3 L1·A@-80 L2·A@-80 L3·A@-80 R1·A@-79 R2·A@-79 R3·A@-75 罐=无罐 泵=1 阀=111111 速=+0,+0,+0.00 电=7.73V/0.81A/峰1.71 补余=0.0 IO错=0 倾+0.0
[  103.306] EVT 泵 停 最差盘压-80.2
[  103.708] TLM t=  13.3 L1·A@-80 L2·A@-80 L3·A@-81 R1·A@-80 R2·A@-80 R3·A@-80 罐=无罐 泵=0 阀=111111 速=+0,+0,+0.00 电=7.79V/0.73A/峰1.71 补余=0.0 IO错=0 倾+0.0
[  104.217] TLM t=  13.3 L1·A@-80 L2·A@-80 L3·A@-81 R1·A@-80 R2·A@-80 R3·A@-80 罐=无罐 泵=0 阀=111111 速=+0,+0,+0.00 电=7.80V/0.73A/峰1.71 补余=0.0 IO错=0 倾+0.0
[  104.739] TLM t=  13.3 L1·A@-80 L2·A@-79 L3·A@-80 R1·A@-80 R2·A@-79 R3·A@-79 罐=无罐 泵=0 阀=111111 速=+0,+0,+0.00 电=7.80V/0.65A/峰1.71 补余=0.0 IO错=0 倾+0.0
[  105.243] TLM t=  13.3 L1·A@-80 L2·A@-79 L3·A@-80 R1·A@-80 R2·A@-79 R3·A@-78 罐=无罐 泵=0 阀=111111 速=+0,+0,+0.00 电=7.80V/0.73A/峰1.71 补余=0.0 IO错=0 倾+0.0
[  105.768] TLM t=  13.3 L1·A@-80 L2·A@-78 L3·A@-80 R1·A@-80 R2·A@-78 R3·A@-78 罐=无罐 泵=0 阀=111111 速=+0,+0,+0.00 电=7.79V/0.73A/峰1.71 补余=0.0 IO错=0 倾+0.0
[  106.265] TLM t=  13.3 L1·A@-79 L2·A@-78 L3·A@-80 R1·A@-80 R2·A@-78 R3·A@-77 罐=无罐 泵=0 阀=111111 速=+0,+0,+0.00 电=7.79V/0.73A/峰1.71 补余=0.0 IO错=0 倾+0.0
[  106.791] TLM t=  13.3 L1·A@-79 L2·A@-78 L3·A@-80 R1·A@-79 R2·A@-78 R3·A@-76 罐=无罐 泵=0 阀=111111 速=+0,+0,+0.00 电=7.80V/0.81A/峰1.71 补余=0.0 IO错=0 倾+0.0
[  107.295] TLM t=  13.3 L1·A@-79 L2·A@-77 L3·A@-80 R1·A@-79 R2·A@-77 R3·A@-76 罐=无罐 泵=0 阀=111111 速=+0,+0,+0.00 电=7.80V/0.73A/峰1.71 补余=0.0 IO错=0 倾+0.0
[  107.818] TLM t=  13.3 L1·A@-79 L2·A@-77 L3·A@-80 R1·A@-79 R2·A@-77 R3·A@-75 罐=无罐 泵=0 阀=111111 速=+0,+0,+0.00 电=7.79V/0.73A/峰1.71 补余=0.0 IO错=0 倾+0.0
[  108.324] TLM t=  13.3 L1·A@-79 L2·A@-76 L3·A@-80 R1·A@-79 R2·A@-77 R3·A@-74 罐=无罐 泵=0 阀=111111 速=+0,+0,+0.00 电=7.79V/0.73A/峰1.71 补余=0.0 IO错=0 倾+0.0
[  108.819] TLM t=  13.3 L1·A@-79 L2·A@-76 L3·A@-80 R1·A@-79 R2·A@-76 R3·A@-74 罐=无罐 泵=0 阀=111111 速=+0,+0,+0.00 电=7.80V/0.81A/峰1.71 补余=0.0 IO错=0 倾+0.0
[  109.327] TLM t=  13.3 L1·A@-78 L2·A@-75 L3·A@-80 R1·A@-79 R2·A@-76 R3·A@-73 罐=无罐 泵=0 阀=111111 速=+0,+0,+0.00 电=7.79V/0.73A/峰1.71 补余=0.0 IO错=0 倾+0.0
[  109.832] TLM t=  13.3 L1·A@-78 L2·A@-75 L3·A@-80 R1·A@-79 R2·A@-75 R3·A@-72 罐=无罐 泵=0 阀=111111 速=+0,+0,+0.00 电=7.79V/0.73A/峰1.71 补余=0.0 IO错=0 倾+0.0
[  110.350] TLM t=  13.3 L1·A@-78 L2·A@-74 L3·A@-79 R1·A@-79 R2·A@-75 R3·A@-72 罐=无罐 泵=0 阀=111111 速=+0,+0,+0.00 电=7.79V/0.81A/峰1.71 补余=0.0 IO错=0 倾+0.0
[  110.861] TLM t=  13.3 L1·A@-78 L2·A@-74 L3·A@-79 R1·A@-78 R2·A@-75 R3·A@-71 罐=无罐 泵=0 阀=111111 速=+0,+0,+0.00 电=7.79V/0.81A/峰1.71 补余=0.0 IO错=0 倾+0.0
[  111.380] TLM t=  13.3 L1·A@-78 L2·A@-74 L3·A@-79 R1·A@-78 R2·A@-74 R3·A@-71 罐=无罐 泵=0 阀=111111 速=+0,+0,+0.00 电=7.79V/0.81A/峰1.71 补余=0.0 IO错=0 倾+0.0
[  111.882] TLM t=  13.3 L1·A@-77 L2·A@-73 L3·A@-79 R1·A@-78 R2·A@-74 R3·A@-70 罐=无罐 泵=0 阀=111111 速=+0,+0,+0.00 电=7.80V/0.73A/峰1.71 补余=0.0 IO错=0 倾+0.0
[  112.407] TLM t=  13.3 L1·A@-77 L2·A@-73 L3·A@-79 R1·A@-78 R2·A@-73 R3·A@-69 罐=无罐 泵=0 阀=111111 速=+0,+0,+0.00 电=7.79V/0.73A/峰1.71 补余=0.0 IO错=0 倾+0.0
[  112.911] TLM t=  13.3 L1·A@-77 L2·A@-72 L3·A@-79 R1·A@-78 R2·A@-73 R3·A@-69 罐=无罐 泵=0 阀=111111 速=+0,+0,+0.00 电=7.79V/0.73A/峰1.71 补余=0.0 IO错=0 倾+0.0
[  113.430] TLM t=  13.3 L1·A@-77 L2·A@-72 L3·A@-79 R1·A@-78 R2·A@-73 R3·A@-68 罐=无罐 泵=0 阀=111111 速=+0,+0,+0.00 电=7.80V/0.81A/峰1.71 补余=0.0 IO错=0 倾+0.0
[  113.935] TLM t=  13.3 L1·A@-77 L2·A@-71 L3·A@-79 R1·A@-78 R2·A@-72 R3·A@-68 罐=无罐 泵=0 阀=111111 速=+0,+0,+0.00 电=7.80V/0.73A/峰1.71 补余=0.0 IO错=0 倾+0.0
[  114.456] TLM t=  13.3 L1·A@-77 L2·A@-71 L3·A@-79 R1·A@-78 R2·A@-72 R3·A@-67 罐=无罐 泵=0 阀=111111 速=+0,+0,+0.00 电=7.79V/0.73A/峰1.71 补余=0.0 IO错=0 倾+0.0
[  114.960] TLM t=  13.3 L1·A@-76 L2·A@-71 L3·A@-79 R1·A@-77 R2·A@-72 R3·A@-66 罐=无罐 泵=0 阀=111111 速=+0,+0,+0.00 电=7.80V/0.81A/峰1.71 补余=0.0 IO错=0 倾+0.0
[  115.483] TLM t=  13.3 L1·A@-76 L2·A@-70 L3·A@-79 R1·A@-77 R2·A@-71 R3·A@-66 罐=无罐 泵=0 阀=111111 速=+0,+0,+0.00 电=7.79V/0.81A/峰1.71 补余=0.0 IO错=0 倾+0.0
[  115.989] TLM t=  13.3 L1·A@-76 L2·A@-70 L3·A@-79 R1·A@-77 R2·A@-71 R3·A@-65 罐=无罐 泵=0 阀=111111 速=+0,+0,+0.00 电=7.79V/0.81A/峰1.71 补余=0.0 IO错=0 倾+0.0
[  116.497] TLM t=  13.3 L1·A@-76 L2·A@-69 L3·A@-79 R1·A@-77 R2·A@-71 R3·A@-65 罐=无罐 泵=0 阀=111111 速=+0,+0,+0.00 电=7.80V/0.73A/峰1.71 补余=0.0 IO错=0 倾+0.0
[  117.012] TLM t=  13.3 L1·A@-76 L2·A@-69 L3·A@-78 R1·A@-77 R2·A@-70 R3·A@-64 罐=无罐 泵=0 阀=111111 速=+0,+0,+0.00 电=7.80V/0.73A/峰1.71 补余=0.0 IO错=0 倾+0.0
[  117.512] TLM t=  13.3 L1·A@-75 L2·A@-68 L3·A@-78 R1·A@-77 R2·A@-70 R3·A@-63 罐=无罐 泵=0 阀=111111 速=+0,+0,+0.00 电=7.79V/0.73A/峰1.71 补余=0.0 IO错=0 倾+0.0
[  118.034] TLM t=  13.3 L1·A@-75 L2·A@-68 L3·A@-78 R1·A@-77 R2·A@-69 R3·A@-63 罐=无罐 泵=0 阀=111111 速=+0,+0,+0.00 电=7.80V/0.73A/峰1.71 补余=0.0 IO错=0 倾+0.0
[  118.536] TLM t=  13.3 L1·A@-75 L2·A@-68 L3·A@-78 R1·A@-77 R2·A@-69 R3·A@-62 罐=无罐 泵=0 阀=111111 速=+0,+0,+0.00 电=7.80V/0.73A/峰1.71 补余=0.0 IO错=0 倾+0.0
[  119.062] TLM t=  13.3 L1·A@-75 L2·A@-67 L3·A@-78 R1·A@-77 R2·A@-69 R3·A@-62 罐=无罐 泵=0 阀=111111 速=+0,+0,+0.00 电=7.80V/0.81A/峰1.71 补余=0.0 IO错=0 倾+0.0
[  119.567] TLM t=  13.3 L1·A@-75 L2·A@-66 L3·A@-78 R1·A@-77 R2·A@-68 R3·A@-61 罐=无罐 泵=0 阀=111111 速=+0,+0,+0.00 电=7.79V/0.73A/峰1.71 补余=0.0 IO错=0 倾+0.0
[  120.093] TLM t=  13.3 L1·A@-75 L2·A@-65 L3·A@-78 R1·A@-77 R2·A@-68 R3·A@-60 罐=无罐 泵=0 阀=111111 速=+0,+0,+0.00 电=7.79V/0.73A/峰1.71 补余=0.0 IO错=0 倾+0.0
[  120.253] EVT 键 'f' 倾=+0.0待=+0.0
[  120.262] EVT 解冻
[  120.402] EVT 泵 开 最差盘压-60.0
[  120.591] TLM t=  13.6 L1·A@-74 L2·A@-65 L3·A@-78 R1·A@-77 R2·A@-68 R3·A@-60 罐=无罐 泵=1 阀=111111 速=+0,+0,+0.00 电=7.77V/0.81A/峰1.71 补余=0.0 IO错=0 倾+0.0
[  121.112] TLM t=  14.2 L1·A@-74 L2·A@-74 L3·A@-78 R1·A@-77 R2·A@-73 R3·A@-73 罐=无罐 泵=1 阀=111111 速=+0,+0,+0.00 电=7.79V/0.73A/峰1.71 补余=0.0 IO错=0 倾+0.0
[  121.246] EVT 泵 停 最差盘压-75.1
[  121.619] TLM t=  14.7 L1·A@-76 L2·A@-76 L3·A@-78 R1·A@-77 R2·A@-75 R3·A@-76 罐=无罐 泵=0 阀=111111 速=+0,+0,+0.00 电=7.80V/0.73A/峰1.71 补余=0.0 IO错=0 倾+0.0
[  122.115] TLM t=  15.2 L1·A@-76 L2·A@-75 L3·A@-78 R1·A@-77 R2·A@-75 R3·A@-75 罐=无罐 泵=0 阀=111111 速=+0,+0,+0.00 电=7.79V/0.73A/峰1.71 补余=0.0 IO错=0 倾+0.0
[  122.627] TLM t=  15.7 L1·A@-75 L2·A@-75 L3·A@-78 R1·A@-77 R2·A@-74 R3·A@-74 罐=无罐 泵=0 阀=111111 速=+0,+0,+0.00 电=7.80V/0.73A/峰1.71 补余=0.0 IO错=0 倾+0.0
[  123.133] TLM t=  16.2 L1·A@-75 L2·A@-74 L3·A@-78 R1·A@-77 R2·A@-74 R3·A@-74 罐=无罐 泵=0 阀=111111 速=+0,+0,+0.00 电=7.79V/0.73A/峰1.71 补余=0.0 IO错=0 倾+0.0
[  123.651] TLM t=  16.7 L1·A@-75 L2·A@-74 L3·A@-77 R1·A@-76 R2·A@-74 R3·A@-73 罐=无罐 泵=0 阀=111111 速=+0,+0,+0.00 电=7.80V/0.73A/峰1.71 补余=0.0 IO错=0 倾+0.0
[  124.159] TLM t=  17.2 L1·A@-75 L2·A@-73 L3·A@-77 R1·A@-76 R2·A@-73 R3·A@-72 罐=无罐 泵=0 阀=111111 速=+0,+0,+0.00 电=7.80V/0.73A/峰1.71 补余=0.0 IO错=0 倾+0.0
[  124.678] TLM t=  17.7 L1·A@-75 L2·A@-73 L3·A@-77 R1·A@-76 R2·A@-73 R3·A@-72 罐=无罐 泵=0 阀=111111 速=+0,+0,+0.00 电=7.79V/0.73A/峰1.71 补余=0.0 IO错=0 倾+0.0
[  125.181] TLM t=  18.2 L1·A@-75 L2·A@-73 L3·A@-77 R1·A@-76 R2·A@-72 R3·A@-71 罐=无罐 泵=0 阀=111111 速=+0,+0,+0.00 电=7.79V/0.73A/峰1.71 补余=0.0 IO错=0 倾+0.0
[  125.704] TLM t=  18.7 L1·A@-74 L2·A@-72 L3·A@-77 R1·A@-76 R2·A@-72 R3·A@-70 罐=无罐 泵=0 阀=111111 速=+0,+0,+0.00 电=7.79V/0.73A/峰1.71 补余=0.0 IO错=0 倾+0.0
[  126.209] TLM t=  19.2 L1·A@-74 L2·A@-72 L3·A@-77 R1·A@-76 R2·A@-72 R3·A@-70 罐=无罐 泵=0 阀=111111 速=+0,+0,+0.00 电=7.80V/0.81A/峰1.71 补余=0.0 IO错=0 倾+0.0
[  126.726] TLM t=  19.7 L1·A@-74 L2·A@-71 L3·A@-77 R1·A@-76 R2·A@-71 R3·A@-69 罐=无罐 泵=0 阀=111111 速=+0,+0,+0.00 电=7.79V/0.65A/峰1.71 补余=0.0 IO错=0 倾+0.0
[  127.232] TLM t=  20.2 L1·A@-74 L2·A@-71 L3·A@-77 R1·A@-76 R2·A@-71 R3·A@-69 罐=无罐 泵=0 阀=111111 速=+0,+0,+0.00 电=7.79V/0.73A/峰1.71 补余=0.0 IO错=0 倾+0.0
[  127.755] TLM t=  20.8 L1·A@-74 L2·A@-70 L3·A@-77 R1·A@-76 R2·A@-71 R3·A@-68 罐=无罐 泵=0 阀=111111 速=+0,+0,+0.00 电=7.80V/0.73A/峰1.71 补余=0.0 IO错=0 倾+0.0
[  128.256] TLM t=  21.3 L1·A@-74 L2·A@-70 L3·A@-77 R1·A@-76 R2·A@-70 R3·A@-67 罐=无罐 泵=0 阀=111111 速=+0,+0,+0.00 电=7.80V/0.73A/峰1.71 补余=0.0 IO错=0 倾+0.0
[  128.780] TLM t=  21.8 L1·A@-73 L2·A@-69 L3·A@-77 R1·A@-76 R2·A@-70 R3·A@-67 罐=无罐 泵=0 阀=111111 速=+0,+0,+0.00 电=7.80V/0.73A/峰1.71 补余=0.0 IO错=0 倾+0.0
[  129.266] EVT 键 'f' 倾=+0.0待=+0.0
[  129.282] TLM t=  22.3 L1·A@-73 L2·A@-69 L3·A@-77 R1·A@-76 R2·A@-69 R3·A@-66 罐=无罐 泵=0 阀=111111 速=+0,+0,+0.00 电=7.79V/0.73A/峰1.71 补余=0.0 IO错=0 倾+0.0
[  129.805] TLM t=  22.8 L1·A@-73 L2·A@-69 L3·A@-77 R1·A@-76 R2·A@-69 R3·A@-65 罐=无罐 泵=0 阀=111111 速=+0,+0,+0.00 电=7.80V/0.73A/峰1.71 补余=0.0 IO错=0 倾+0.0
[  130.309] TLM t=  23.3 L1·A@-73 L2·A@-68 L3·A@-76 R1·A@-76 R2·A@-69 R3·A@-65 罐=无罐 泵=0 阀=111111 速=+0,+0,+0.00 电=7.80V/0.73A/峰1.71 补余=0.0 IO错=0 倾+0.0
[  130.827] TLM t=  23.8 L1·A@-73 L2·A@-68 L3·A@-76 R1·A@-75 R2·A@-68 R3·A@-64 罐=无罐 泵=0 阀=111111 速=+0,+0,+0.00 电=7.79V/0.73A/峰1.71 补余=0.0 IO错=0 倾+0.0
[  131.333] TLM t=  24.3 L1·A@-73 L2·A@-67 L3·A@-76 R1·A@-75 R2·A@-68 R3·A@-64 罐=无罐 泵=0 阀=111111 速=+0,+0,+0.00 电=7.79V/0.65A/峰1.71 补余=0.0 IO错=0 倾+0.0
[  131.855] TLM t=  24.8 L1·A@-73 L2·A@-67 L3·A@-76 R1·A@-75 R2·A@-68 R3·A@-63 罐=无罐 泵=0 阀=111111 速=+0,+0,+0.00 电=7.79V/0.73A/峰1.71 补余=0.0 IO错=0 倾+0.0
[  132.355] TLM t=  25.3 L1·A@-72 L2·A@-67 L3·A@-76 R1·A@-75 R2·A@-67 R3·A@-62 罐=无罐 泵=0 阀=111111 速=+0,+0,+0.00 电=7.80V/0.73A/峰1.71 补余=0.0 IO错=0 倾+0.0
[  132.880] TLM t=  25.9 L1·A@-72 L2·A@-66 L3·A@-76 R1·A@-75 R2·A@-67 R3·A@-62 罐=无罐 泵=0 阀=111111 速=+0,+0,+0.00 电=7.80V/0.65A/峰1.71 补余=0.0 IO错=0 倾+0.0
[  133.386] TLM t=  26.4 L1·A@-72 L2·A@-66 L3·A@-76 R1·A@-75 R2·A@-67 R3·A@-61 罐=无罐 泵=0 阀=111111 速=+0,+0,+0.00 电=7.80V/0.73A/峰1.71 补余=0.0 IO错=0 倾+0.0
[  133.905] TLM t=  26.9 L1·A@-72 L2·A@-65 L3·A@-76 R1·A@-75 R2·A@-66 R3·A@-61 罐=无罐 泵=0 阀=111111 速=+0,+0,+0.00 电=7.80V/0.73A/峰1.71 补余=0.0 IO错=0 倾+0.0
[  134.411] TLM t=  27.4 L1·A@-72 L2·A@-65 L3·A@-76 R1·A@-75 R2·A@-66 R3·A@-60 罐=无罐 泵=0 阀=111111 速=+0,+0,+0.00 电=7.80V/0.73A/峰1.71 补余=0.0 IO错=0 倾+0.0
[  134.460] EVT 泵 开 最差盘压-60.0
[  134.579] EVT ⚠ IO 降落伞：OSError(121, 'Remote I/O error')
[  134.579] EVT 泵 停 最差盘压-59.9
[  134.579] EVT 冻结 ⚠ IO 持续失败（[Errno 121] Remote I/O error）——恢复后按 f，或 ESC×2 退出（盲态纯计时放气）
[  134.595] EVT 泵 开 最差盘压-59.8
[  134.918] TLM t=  27.5 L1·A@-72 L2·A@-68 L3·A@-76 R1·A@-75 R2·A@-67 R3·A@-67 罐=无罐 泵=1 阀=111111 速=+0,+0,+0.00 电=7.73V/0.90A/峰1.71 补余=0.0 IO错=0 倾+0.0
[  135.421] TLM t=  27.5 L1·A@-75 L2·A@-75 L3·A@-76 R1·A@-75 R2·A@-75 R3·A@-76 罐=无罐 泵=1 阀=111111 速=+0,+0,+0.00 电=7.78V/0.65A/峰1.71 补余=0.0 IO错=0 倾+0.0
[  135.478] EVT 泵 停 最差盘压-75.8
[  135.930] TLM t=  27.5 L1·A@-77 L2·A@-77 L3·A@-77 R1·A@-76 R2·A@-76 R3·A@-77 罐=无罐 泵=0 阀=111111 速=+0,+0,+0.00 电=7.79V/0.81A/峰1.71 补余=0.0 IO错=0 倾+0.0
[  136.447] TLM t=  27.5 L1·A@-77 L2·A@-76 L3·A@-77 R1·A@-76 R2·A@-76 R3·A@-76 罐=无罐 泵=0 阀=111111 速=+0,+0,+0.00 电=7.80V/0.73A/峰1.71 补余=0.0 IO错=0 倾+0.0
[  136.946] TLM t=  27.5 L1·A@-76 L2·A@-76 L3·A@-77 R1·A@-76 R2·A@-75 R3·A@-75 罐=无罐 泵=0 阀=111111 速=+0,+0,+0.00 电=7.80V/0.73A/峰1.71 补余=0.0 IO错=0 倾+0.0
[  137.450] TLM t=  27.5 L1·A@-76 L2·A@-75 L3·A@-77 R1·A@-76 R2·A@-75 R3·A@-75 罐=无罐 泵=0 阀=111111 速=+0,+0,+0.00 电=7.79V/0.73A/峰1.71 补余=0.0 IO错=0 倾+0.0
[  137.958] TLM t=  27.5 L1·A@-76 L2·A@-75 L3·A@-77 R1·A@-76 R2·A@-75 R3·A@-74 罐=无罐 泵=0 阀=111111 速=+0,+0,+0.00 电=7.78V/0.73A/峰1.71 补余=0.0 IO错=0 倾+0.0
[  138.462] TLM t=  27.5 L1·A@-76 L2·A@-74 L3·A@-76 R1·A@-76 R2·A@-74 R3·A@-73 罐=无罐 泵=0 阀=111111 速=+0,+0,+0.00 电=7.80V/0.73A/峰1.71 补余=0.0 IO错=0 倾+0.0
[  138.988] TLM t=  27.5 L1·A@-76 L2·A@-74 L3·A@-76 R1·A@-76 R2·A@-74 R3·A@-73 罐=无罐 泵=0 阀=111111 速=+0,+0,+0.00 电=7.80V/0.81A/峰1.71 补余=0.0 IO错=0 倾+0.0
[  139.491] TLM t=  27.5 L1·A@-75 L2·A@-74 L3·A@-76 R1·A@-76 R2·A@-74 R3·A@-72 罐=无罐 泵=0 阀=111111 速=+0,+0,+0.00 电=7.80V/0.73A/峰1.71 补余=0.0 IO错=0 倾+0.0
[  139.993] TLM t=  27.5 L1·A@-75 L2·A@-73 L3·A@-76 R1·A@-76 R2·A@-73 R3·A@-71 罐=无罐 泵=0 阀=111111 速=+0,+0,+0.00 电=7.80V/0.73A/峰1.71 补余=0.0 IO错=0 倾+0.0
[  140.516] TLM t=  27.5 L1·A@-75 L2·A@-73 L3·A@-76 R1·A@-76 R2·A@-73 R3·A@-71 罐=无罐 泵=0 阀=111111 速=+0,+0,+0.00 电=7.79V/0.73A/峰1.71 补余=0.0 IO错=0 倾+0.0
[  141.021] TLM t=  27.5 L1·A@-75 L2·A@-72 L3·A@-76 R1·A@-76 R2·A@-72 R3·A@-70 罐=无罐 泵=0 阀=111111 速=+0,+0,+0.00 电=7.79V/0.73A/峰1.71 补余=0.0 IO错=0 倾+0.0
[  141.066] EVT 键 '\x1b' 倾=+0.0待=+0.0
[  141.175] EVT 退出序列：停泵 → 逐足串行放气（通→断，0.2s 间隔） → 舵机断电（不回站姿）
[  141.475] EVT 吸附 L1 attached→venting 在态75.58s -74.9kPa
[  141.482] EVT 阀 L1 →排气位
[  141.487] TLM t=  27.5 L1·v@-75 L2·A@-72 L3·A@-76 R1·A@-76 R2·A@-72 R3·A@-70 罐=无罐 泵=0 阀=011111 速=+0,+0,+0.00 电=7.79V/0.73A/峰1.71 补余=0.0 IO错=0 退出放气
[  141.534] EVT ⚠ 退出期吸附状态机异常（I2C 降级？），退化纯计时放气: [Errno 121] Remote I/O error
[  141.995] EVT 吸附 L1 venting→released 在态0.42s 0.0kPa
[  142.004] TLM t=  27.5 L1·r@-- L2·A@-71 L3·A@-76 R1·A@-75 R2·A@-72 R3·A@-69 罐=无罐 泵=0 阀=011111 速=+0,+0,+0.00 电=7.79V/0.49A/峰1.71 补余=0.0 IO错=0 退出放气
[  142.032] EVT 阀 L1 →抽气位
[  142.293] EVT 吸附 L2 attached→venting 在态74.38s -71.2kPa
[  142.298] EVT 阀 L2 →排气位
[  142.531] TLM t=  27.5 L1·r@-- L2·v@-71 L3·A@-76 R1·A@-75 R2·A@-71 R3·A@-68 罐=无罐 泵=0 阀=101111 速=+0,+0,+0.00 电=7.79V/0.57A/峰1.71 补余=0.0 IO错=0 退出放气
[  142.805] EVT 吸附 L2 venting→released 在态0.42s 0.3kPa
[  142.836] EVT 阀 L2 →抽气位
[  143.042] TLM t=  27.5 L1·r@-- L2·r@-- L3·A@-76 R1·A@-75 R2·A@-71 R3·A@-67 罐=无罐 泵=0 阀=111111 速=+0,+0,+0.00 电=7.81V/0.49A/峰1.71 补余=0.0 IO错=0 退出放气
[  143.095] EVT 吸附 L3 attached→venting 在态73.18s -75.9kPa
[  143.100] EVT 阀 L3 →排气位
[  143.550] EVT 吸附 L3 venting→released 在态0.42s 0.0kPa
[  143.562] TLM t=  27.5 L1·r@-- L2·r@-- L3·r@-- R1·A@-75 R2·A@-70 R3·A@-67 罐=无罐 泵=0 阀=110111 速=+0,+0,+0.00 电=7.79V/0.49A/峰1.71 补余=0.0 IO错=0 退出放气
[  143.585] EVT 阀 L3 →抽气位
[  143.809] EVT 吸附 R1 attached→venting 在态71.92s -75.3kPa
[  143.811] EVT 阀 R1 →排气位
[  144.079] TLM t=  27.5 L1·r@-- L2·r@-- L3·r@-- R1·v@-75 R2·A@-70 R3·A@-67 罐=无罐 泵=0 阀=111011 速=+0,+0,+0.00 电=7.79V/0.49A/峰1.71 补余=0.0 IO错=0 退出放气
[  144.260] EVT 吸附 R1 venting→released 在态0.42s -0.1kPa
[  144.283] EVT 阀 R1 →抽气位
[  144.499] EVT 吸附 R2 attached→venting 在态70.72s -70.0kPa
[  144.502] EVT 阀 R2 →排气位
[  144.592] TLM t=  27.5 L1·r@-- L2·r@-- L3·r@-- R1·r@-- R2·v@-70 R3·A@-66 罐=无罐 泵=0 阀=111101 速=+0,+0,+0.00 电=7.79V/0.65A/峰1.71 补余=0.0 IO错=0 退出放气
[  144.929] EVT 吸附 R2 venting→released 在态0.42s 0.0kPa
[  144.951] EVT 阀 R2 →抽气位
[  145.102] TLM t=  27.5 L1·r@-- L2·r@-- L3·r@-- R1·r@-- R2·r@-- R3·A@-65 罐=无罐 泵=0 阀=111111 速=+0,+0,+0.00 电=7.80V/0.49A/峰1.71 补余=0.0 IO错=0 退出放气
[  145.170] EVT 吸附 R3 attached→venting 在态69.52s -65.3kPa
[  145.170] EVT 阀 R3 →排气位
[  145.574] EVT 吸附 R3 venting→released 在态0.42s 0.2kPa
[  145.594] EVT 阀 R3 →抽气位
[  145.619] TLM t=  27.5 L1·r@-- L2·r@-- L3·r@-- R1·r@-- R2·r@-- R3·r@-- 罐=无罐 泵=0 阀=111111 速=+0,+0,+0.00 电=7.80V/0.57A/峰1.71 补余=0.0 IO错=0 退出放气
[  145.800] EVT 退出：阀线圈已断电（coils_off）
[  145.904] EVT 退出序列完成（舵机断电）
[  145.904] EVT END 正常退出
