# 开跑 2026-08-24 13:03:55  argv: scripts/body_lean.py --no-tank --stand-height 62 --tilt-trim 6
# git: dd778e6
# 模式=no-tank port=/dev/ttyACM0
# 参数: lean_step=5mm lean_speed=10mm/s press_delta=18mm stand=62 tilt_trim=6° handover=关
# 阈值: ATTACH=-30.0 PUMP_ON=-60.0 PUMP_OFF=-75.0 comp_tail=72.3mm suck_timeout=2.5s
[    2.235] EVT 缓慢站起（竖直升至爬墙站位）
[    6.343] EVT 爬墙站位就位，进入就位暂停
[    6.454] TLM t=   0.0 L1·r@-- L2·r@-- L3·r@-- R1·r@-- R2·r@-- R3·r@-- 罐=无罐 泵=0 阀=000000 速=+0,+0,+0.00 电=7.96V/1.30A/峰1.30 补余=0.0 IO错=0 就位暂停
[    6.961] TLM t=   0.0 L1·r@-- L2·r@-- L3·r@-- R1·r@-- R2·r@-- R3·r@-- 罐=无罐 泵=0 阀=000000 速=+0,+0,+0.00 电=8.00V/0.90A/峰1.30 补余=0.0 IO错=0 就位暂停
[    7.464] TLM t=   0.0 L1·r@-- L2·r@-- L3·r@-- R1·r@-- R2·r@-- R3·r@-- 罐=无罐 泵=0 阀=000000 速=+0,+0,+0.00 电=8.00V/0.81A/峰1.30 补余=0.0 IO错=0 就位暂停
[    7.979] TLM t=   0.0 L1·r@-- L2·r@-- L3·r@-- R1·r@-- R2·r@-- R3·r@-- 罐=无罐 泵=0 阀=000000 速=+0,+0,+0.00 电=7.99V/0.81A/峰1.30 补余=0.0 IO错=0 就位暂停
[    8.482] TLM t=   0.0 L1·r@-- L2·r@-- L3·r@-- R1·r@-- R2·r@-- R3·r@-- 罐=无罐 泵=0 阀=000000 速=+0,+0,+0.00 电=8.00V/0.65A/峰1.30 补余=0.0 IO错=0 就位暂停
[    8.994] TLM t=   0.0 L1·r@-- L2·r@-- L3·r@-- R1·r@-- R2·r@-- R3·r@-- 罐=无罐 泵=0 阀=000000 速=+0,+0,+0.00 电=8.01V/0.57A/峰1.30 补余=0.0 IO错=0 就位暂停
[    9.497] TLM t=   0.0 L1·r@-- L2·r@-- L3·r@-- R1·r@-- R2·r@-- R3·r@-- 罐=无罐 泵=0 阀=000000 速=+0,+0,+0.00 电=8.01V/0.49A/峰1.30 补余=0.0 IO错=0 就位暂停
[   10.007] TLM t=   0.0 L1·r@-- L2·r@-- L3·r@-- R1·r@-- R2·r@-- R3·r@-- 罐=无罐 泵=0 阀=000000 速=+0,+0,+0.00 电=8.01V/0.57A/峰1.30 补余=0.0 IO错=0 就位暂停
[   10.511] TLM t=   0.0 L1·r@-- L2·r@-- L3·r@-- R1·r@-- R2·r@-- R3·r@-- 罐=无罐 泵=0 阀=000000 速=+0,+0,+0.00 电=8.00V/0.57A/峰1.30 补余=0.0 IO错=0 就位暂停
[   11.023] TLM t=   0.0 L1·r@-- L2·r@-- L3·r@-- R1·r@-- R2·r@-- R3·r@-- 罐=无罐 泵=0 阀=000000 速=+0,+0,+0.00 电=8.01V/0.73A/峰1.30 补余=0.0 IO错=0 就位暂停
[   11.527] TLM t=   0.0 L1·r@-- L2·r@-- L3·r@-- R1·r@-- R2·r@-- R3·r@-- 罐=无罐 泵=0 阀=000000 速=+0,+0,+0.00 电=7.99V/0.73A/峰1.30 补余=0.0 IO错=0 就位暂停
[   12.037] TLM t=   0.0 L1·r@-- L2·r@-- L3·r@-- R1·r@-- R2·r@-- R3·r@-- 罐=无罐 泵=0 阀=000000 速=+0,+0,+0.00 电=8.00V/0.73A/峰1.30 补余=0.0 IO错=0 就位暂停
[   12.542] TLM t=   0.0 L1·r@-- L2·r@-- L3·r@-- R1·r@-- R2·r@-- R3·r@-- 罐=无罐 泵=0 阀=000000 速=+0,+0,+0.00 电=8.00V/0.73A/峰1.30 补余=0.0 IO错=0 就位暂停
[   13.054] TLM t=   0.0 L1·r@-- L2·r@-- L3·r@-- R1·r@-- R2·r@-- R3·r@-- 罐=无罐 泵=0 阀=000000 速=+0,+0,+0.00 电=8.00V/0.57A/峰1.30 补余=0.0 IO错=0 就位暂停
[   13.560] TLM t=   0.0 L1·r@-- L2·r@-- L3·r@-- R1·r@-- R2·r@-- R3·r@-- 罐=无罐 泵=0 阀=000000 速=+0,+0,+0.00 电=8.01V/0.57A/峰1.30 补余=0.0 IO错=0 就位暂停
[   14.098] TLM t=   0.0 L1·r@-- L2·r@-- L3·r@-- R1·r@-- R2·r@-- R3·r@-- 罐=无罐 泵=0 阀=000000 速=+0,+0,+0.00 电=8.01V/0.65A/峰1.30 补余=0.0 IO错=0 就位暂停
[   14.602] TLM t=   0.0 L1·r@-- L2·r@-- L3·r@-- R1·r@-- R2·r@-- R3·r@-- 罐=无罐 泵=0 阀=000000 速=+0,+0,+0.00 电=8.00V/0.65A/峰1.30 补余=0.0 IO错=0 就位暂停
[   15.162] TLM t=   0.0 L1·r@-- L2·r@-- L3·r@-- R1·r@-- R2·r@-- R3·r@-- 罐=无罐 泵=0 阀=000000 速=+0,+0,+0.00 电=7.99V/0.73A/峰1.30 补余=0.0 IO错=0 就位暂停
[   15.668] TLM t=   0.0 L1·r@-- L2·r@-- L3·r@-- R1·r@-- R2·r@-- R3·r@-- 罐=无罐 泵=0 阀=000000 速=+0,+0,+0.00 电=7.99V/0.73A/峰1.30 补余=0.0 IO错=0 就位暂停
[   16.180] TLM t=   0.0 L1·r@-- L2·r@-- L3·r@-- R1·r@-- R2·r@-- R3·r@-- 罐=无罐 泵=0 阀=000000 速=+0,+0,+0.00 电=8.00V/0.65A/峰1.30 补余=0.0 IO错=0 就位暂停
[   16.686] TLM t=   0.0 L1·r@-- L2·r@-- L3·r@-- R1·r@-- R2·r@-- R3·r@-- 罐=无罐 泵=0 阀=000000 速=+0,+0,+0.00 电=8.00V/0.81A/峰1.30 补余=0.0 IO错=0 就位暂停
[   17.196] TLM t=   0.0 L1·r@-- L2·r@-- L3·r@-- R1·r@-- R2·r@-- R3·r@-- 罐=无罐 泵=0 阀=000000 速=+0,+0,+0.00 电=8.00V/0.73A/峰1.30 补余=0.0 IO错=0 就位暂停
[   17.702] TLM t=   0.0 L1·r@-- L2·r@-- L3·r@-- R1·r@-- R2·r@-- R3·r@-- 罐=无罐 泵=0 阀=000000 速=+0,+0,+0.00 电=8.00V/0.73A/峰1.30 补余=0.0 IO错=0 就位暂停
[   18.214] TLM t=   0.0 L1·r@-- L2·r@-- L3·r@-- R1·r@-- R2·r@-- R3·r@-- 罐=无罐 泵=0 阀=000000 速=+0,+0,+0.00 电=7.99V/0.65A/峰1.30 补余=0.0 IO错=0 就位暂停
[   18.720] TLM t=   0.0 L1·r@-- L2·r@-- L3·r@-- R1·r@-- R2·r@-- R3·r@-- 罐=无罐 泵=0 阀=000000 速=+0,+0,+0.00 电=8.00V/0.65A/峰1.30 补余=0.0 IO错=0 就位暂停
[   19.244] TLM t=   0.0 L1·r@-- L2·r@-- L3·r@-- R1·r@-- R2·r@-- R3·r@-- 罐=无罐 泵=0 阀=000000 速=+0,+0,+0.00 电=8.00V/0.73A/峰1.30 补余=0.0 IO错=0 就位暂停
[   19.750] TLM t=   0.0 L1·r@-- L2·r@-- L3·r@-- R1·r@-- R2·r@-- R3·r@-- 罐=无罐 泵=0 阀=000000 速=+0,+0,+0.00 电=7.99V/0.73A/峰1.30 补余=0.0 IO错=0 就位暂停
[   20.260] TLM t=   0.0 L1·r@-- L2·r@-- L3·r@-- R1·r@-- R2·r@-- R3·r@-- 罐=无罐 泵=0 阀=000000 速=+0,+0,+0.00 电=8.00V/0.65A/峰1.30 补余=0.0 IO错=0 就位暂停
[   20.765] TLM t=   0.0 L1·r@-- L2·r@-- L3·r@-- R1·r@-- R2·r@-- R3·r@-- 罐=无罐 泵=0 阀=000000 速=+0,+0,+0.00 电=7.99V/0.65A/峰1.30 补余=0.0 IO错=0 就位暂停
[   21.274] TLM t=   0.0 L1·r@-- L2·r@-- L3·r@-- R1·r@-- R2·r@-- R3·r@-- 罐=无罐 泵=0 阀=000000 速=+0,+0,+0.00 电=8.00V/0.65A/峰1.30 补余=0.0 IO错=0 就位暂停
[   21.778] TLM t=   0.0 L1·r@-- L2·r@-- L3·r@-- R1·r@-- R2·r@-- R3·r@-- 罐=无罐 泵=0 阀=000000 速=+0,+0,+0.00 电=8.00V/0.65A/峰1.30 补余=0.0 IO错=0 就位暂停
[   22.288] TLM t=   0.0 L1·r@-- L2·r@-- L3·r@-- R1·r@-- R2·r@-- R3·r@-- 罐=无罐 泵=0 阀=000000 速=+0,+0,+0.00 电=7.99V/0.65A/峰1.30 补余=0.0 IO错=0 就位暂停
[   22.795] TLM t=   0.0 L1·r@-- L2·r@-- L3·r@-- R1·r@-- R2·r@-- R3·r@-- 罐=无罐 泵=0 阀=000000 速=+0,+0,+0.00 电=7.99V/0.65A/峰1.30 补余=0.0 IO错=0 就位暂停
[   23.303] TLM t=   0.0 L1·r@-- L2·r@-- L3·r@-- R1·r@-- R2·r@-- R3·r@-- 罐=无罐 泵=0 阀=000000 速=+0,+0,+0.00 电=8.00V/0.65A/峰1.30 补余=0.0 IO错=0 就位暂停
[   23.809] TLM t=   0.0 L1·r@-- L2·r@-- L3·r@-- R1·r@-- R2·r@-- R3·r@-- 罐=无罐 泵=0 阀=000000 速=+0,+0,+0.00 电=8.00V/0.73A/峰1.30 补余=0.0 IO错=0 就位暂停
[   24.318] TLM t=   0.0 L1·r@-- L2·r@-- L3·r@-- R1·r@-- R2·r@-- R3·r@-- 罐=无罐 泵=0 阀=000000 速=+0,+0,+0.00 电=7.99V/0.65A/峰1.30 补余=0.0 IO错=0 就位暂停
[   24.824] TLM t=   0.0 L1·r@-- L2·r@-- L3·r@-- R1·r@-- R2·r@-- R3·r@-- 罐=无罐 泵=0 阀=000000 速=+0,+0,+0.00 电=7.99V/0.73A/峰1.30 补余=0.0 IO错=0 就位暂停
[   25.336] TLM t=   0.0 L1·r@-- L2·r@-- L3·r@-- R1·r@-- R2·r@-- R3·r@-- 罐=无罐 泵=0 阀=000000 速=+0,+0,+0.00 电=8.00V/0.65A/峰1.30 补余=0.0 IO错=0 就位暂停
[   25.842] TLM t=   0.0 L1·r@-- L2·r@-- L3·r@-- R1·r@-- R2·r@-- R3·r@-- 罐=无罐 泵=0 阀=000000 速=+0,+0,+0.00 电=7.99V/0.65A/峰1.30 补余=0.0 IO错=0 就位暂停
[   26.352] TLM t=   0.0 L1·r@-- L2·r@-- L3·r@-- R1·r@-- R2·r@-- R3·r@-- 罐=无罐 泵=0 阀=000000 速=+0,+0,+0.00 电=7.99V/0.65A/峰1.30 补余=0.0 IO错=0 就位暂停
[   26.826] EVT 按 p：开始全吸附启动序列
[   26.827] EVT 相位 R3 stance→press
[   26.847] EVT 泵 开
[   26.858] TLM t=   0.0 L1·r@-- L2·r@-- L3·r@-- R1·r@-- R2·r@-- R3Pr@-- 罐=无罐 泵=1 阀=000000 速=+0,+0,+0.00 电=7.86V/0.65A/峰1.30 补余=0.0 IO错=0 倾+0.0
[   27.374] TLM t=   0.0 L1·r@-- L2·r@-- L3·r@-- R1·r@-- R2·r@-- R3Pr@-- 罐=无罐 泵=1 阀=000000 速=+0,+0,+0.00 电=7.96V/0.73A/峰1.30 补余=0.0 IO错=0 倾+0.0
[   27.877] TLM t=   0.0 L1·r@-- L2·r@-- L3·r@-- R1·r@-- R2·r@-- R3Pr@-- 罐=无罐 泵=1 阀=000000 速=+0,+0,+0.00 电=7.96V/0.81A/峰1.30 补余=0.0 IO错=0 倾+0.0
[   28.380] TLM t=   0.0 L1·r@-- L2·r@-- L3·r@-- R1·r@-- R2·r@-- R3Pr@-- 罐=无罐 泵=1 阀=000000 速=+0,+0,+0.00 电=7.95V/0.81A/峰1.30 补余=0.0 IO错=0 倾+0.0
[   28.880] TLM t=   0.0 L1·r@-- L2·r@-- L3·r@-- R1·r@-- R2·r@-- R3Pr@-- 罐=无罐 泵=1 阀=000000 速=+0,+0,+0.00 电=7.97V/0.73A/峰1.30 补余=0.0 IO错=0 倾+0.0
[   29.381] TLM t=   0.0 L1·r@-- L2·r@-- L3·r@-- R1·r@-- R2·r@-- R3Pr@-- 罐=无罐 泵=1 阀=000000 速=+0,+0,+0.00 电=7.99V/0.65A/峰1.30 补余=0.0 IO错=0 倾+0.0
[   29.814] EVT 吸附 R3 released→pressing 在态3.00s
[   29.815] EVT 相位 R3 press→wait
[   29.835] EVT 泵 停
[   29.882] TLM t=   0.0 L1·r@-- L2·r@-- L3·r@-- R1·r@-- R2·r@-- R3Wp@-- 罐=无罐 泵=0 阀=000000 速=+0,+0,+0.00 电=7.99V/0.65A/峰1.30 补余=0.0 IO错=0 倾+0.0
[   30.115] EVT 吸附 R3 pressing→sucking 在态0.30s
[   30.116] EVT 阀 R3 →抽气位
[   30.138] EVT 泵 开
[   30.386] TLM t=   0.0 L1·r@-- L2·r@-- L3·r@-- R1·r@-- R2·r@-- R3Ws@-70 罐=无罐 泵=1 阀=000001 速=+0,+0,+0.00 电=7.93V/0.57A/峰1.30 补余=0.0 IO错=0 倾+0.0
[   30.396] EVT 吸附 R3 sucking→attached 在态0.28s -70.4kPa
[   30.396] EVT 相位 R3 wait→stance
[   30.416] EVT 相位 L1 stance→press
[   30.619] EVT 泵 停 最差盘压-75.7
[   30.912] TLM t=   0.0 L1Pr@-- L2·r@-- L3·r@-- R1·r@-- R2·r@-- R3·A@-76 罐=无罐 泵=0 阀=000001 速=+0,+0,+0.00 电=7.99V/0.81A/峰1.30 补余=0.0 IO错=0 倾+0.0
[   31.409] TLM t=   0.0 L1Pr@-- L2·r@-- L3·r@-- R1·r@-- R2·r@-- R3·A@-75 罐=无罐 泵=0 阀=000001 速=+0,+0,+0.00 电=7.98V/0.81A/峰1.30 补余=0.0 IO错=0 倾+0.0
[   31.599] EVT 吸附 L1 released→pressing 在态4.78s
[   31.600] EVT 相位 L1 press→wait
[   31.920] EVT 吸附 L1 pressing→sucking 在态0.32s
[   31.925] EVT 阀 L1 →抽气位
[   31.934] TLM t=   0.0 L1Ws@-- L2·r@-- L3·r@-- R1·r@-- R2·r@-- R3·A@-75 罐=无罐 泵=0 阀=100001 速=+0,+0,+0.00 电=8.00V/0.81A/峰1.30 补余=0.0 IO错=0 倾+0.0
[   31.946] EVT 泵 开 最差盘压-74.5
[   32.221] EVT 吸附 L1 sucking→attached 在态0.30s -66.3kPa
[   32.221] EVT 相位 L1 wait→stance
[   32.247] EVT 相位 R2 stance→press
[   32.438] TLM t=   0.0 L1·A@-74 L2·r@-- L3·r@-- R1·r@-- R2Pr@-- R3·A@-74 罐=无罐 泵=1 阀=100001 速=+0,+0,+0.00 电=7.98V/0.57A/峰1.30 补余=0.0 IO错=0 倾+0.0
[   32.547] EVT 泵 停 最差盘压-75.5
[   32.950] TLM t=   0.0 L1·A@-76 L2·r@-- L3·r@-- R1·r@-- R2Pr@-- R3·A@-76 罐=无罐 泵=0 阀=100001 速=+0,+0,+0.00 电=8.01V/0.73A/峰1.30 补余=0.0 IO错=0 倾+0.0
[   33.424] EVT 吸附 R2 released→pressing 在态6.60s
[   33.425] EVT 相位 R2 press→wait
[   33.458] TLM t=   0.0 L1·A@-76 L2·r@-- L3·r@-- R1·r@-- R2Wp@-- R3·A@-75 罐=无罐 泵=0 阀=100001 速=+0,+0,+0.00 电=8.00V/0.73A/峰1.30 补余=0.0 IO错=0 倾+0.0
[   33.750] EVT 吸附 R2 pressing→sucking 在态0.32s
[   33.751] EVT 阀 R2 →抽气位
[   33.768] EVT 泵 开 最差盘压-74.8
[   33.974] TLM t=   0.0 L1·A@-76 L2·r@-- L3·r@-- R1·r@-- R2Ws@-63 R3·A@-74 罐=无罐 泵=1 阀=100011 速=+0,+0,+0.00 电=8.00V/0.57A/峰1.30 补余=0.0 IO错=0 倾+0.0
[   34.049] EVT 吸附 R2 sucking→attached 在态0.30s -65.2kPa
[   34.052] EVT 相位 R2 wait→stance
[   34.069] EVT 相位 L3 stance→press
[   34.430] EVT 泵 停 最差盘压-75.4
[   34.480] TLM t=   0.0 L1·A@-76 L2·r@-- L3Pr@-- R1·r@-- R2·A@-76 R3·A@-76 罐=无罐 泵=0 阀=100011 速=+0,+0,+0.00 电=8.01V/0.65A/峰1.30 补余=0.0 IO错=0 倾+0.0
[   35.001] TLM t=   0.0 L1·A@-76 L2·r@-- L3Pr@-- R1·r@-- R2·A@-75 R3·A@-76 罐=无罐 泵=0 阀=100011 速=+0,+0,+0.00 电=8.02V/0.65A/峰1.30 补余=0.0 IO错=0 倾+0.0
[   35.255] EVT 吸附 L3 released→pressing 在态8.42s
[   35.255] EVT 相位 L3 press→wait
[   35.504] TLM t=   0.0 L1·A@-76 L2·r@-- L3Wp@-- R1·r@-- R2·A@-75 R3·A@-75 罐=无罐 泵=0 阀=100011 速=+0,+0,+0.00 电=8.02V/0.65A/峰1.30 补余=0.0 IO错=0 倾+0.0
[   35.573] EVT 吸附 L3 pressing→sucking 在态0.32s
[   35.573] EVT 阀 L3 →抽气位
[   35.593] EVT 泵 开 最差盘压-74.7
[   35.871] EVT 吸附 L3 sucking→attached 在态0.30s -69.6kPa
[   35.874] EVT 相位 L3 wait→stance
[   35.894] EVT 相位 R1 stance→press
[   36.022] TLM t=   0.0 L1·A@-75 L2·r@-- L3·A@-73 R1Pr@-- R2·A@-74 R3·A@-74 罐=无罐 泵=1 阀=101011 速=+0,+0,+0.00 电=8.02V/0.73A/峰1.30 补余=0.0 IO错=0 倾+0.0
[   36.255] EVT 泵 停 最差盘压-75.1
[   36.529] TLM t=   0.0 L1·A@-76 L2·r@-- L3·A@-74 R1Pr@-- R2·A@-76 R3·A@-76 罐=无罐 泵=0 阀=101011 速=+0,+0,+0.00 电=8.02V/0.73A/峰1.30 补余=0.0 IO错=0 倾+0.0
[   37.048] TLM t=   0.0 L1·A@-76 L2·r@-- L3·A@-70 R1Pr@-- R2·A@-75 R3·A@-75 罐=无罐 泵=0 阀=101011 速=+0,+0,+0.00 电=8.01V/1.06A/峰1.30 补余=0.0 IO错=0 倾+0.0
[   37.077] EVT 吸附 R1 released→pressing 在态10.24s
[   37.078] EVT 相位 R1 press→wait
[   37.398] EVT 吸附 R1 pressing→sucking 在态0.32s
[   37.399] EVT 阀 R1 →抽气位
[   37.424] EVT 泵 开 最差盘压-68.8
[   37.552] TLM t=   0.0 L1·A@-75 L2·r@-- L3·A@-68 R1Ws@-55 R2·A@-74 R3·A@-74 罐=无罐 泵=1 阀=101111 速=+0,+0,+0.00 电=8.01V/0.57A/峰1.30 补余=0.0 IO错=0 倾+0.0
[   37.759] EVT 吸附 R1 sucking→attached 在态0.36s -67.3kPa
[   37.760] EVT 相位 R1 wait→stance
[   37.785] EVT 相位 L2 stance→press
[   38.069] TLM t=   0.0 L1·A@-75 L2Pr@-- L3·A@-75 R1·A@-74 R2·A@-75 R3·A@-75 罐=无罐 泵=1 阀=101111 速=+0,+0,+0.00 电=8.01V/0.73A/峰1.30 补余=0.0 IO错=0 倾+0.0
[   38.206] EVT 泵 停 最差盘压-75.5
[   38.574] TLM t=   0.0 L1·A@-77 L2Pr@-- L3·A@-76 R1·A@-76 R2·A@-76 R3·A@-76 罐=无罐 泵=0 阀=101111 速=+0,+0,+0.00 电=8.02V/0.81A/峰1.30 补余=0.0 IO错=0 倾+0.0
[   38.963] EVT 吸附 L2 released→pressing 在态12.12s
[   38.963] EVT 相位 L2 press→wait
[   39.092] TLM t=   0.0 L1·A@-76 L2Wp@-- L3·A@-74 R1·A@-76 R2·A@-76 R3·A@-76 罐=无罐 泵=0 阀=101111 速=+0,+0,+0.00 电=8.03V/0.73A/峰1.30 补余=0.0 IO错=0 倾+0.0
[   39.289] EVT 吸附 L2 pressing→sucking 在态0.32s
[   39.289] EVT 阀 L2 →抽气位
[   39.306] EVT 泵 开 最差盘压-74.1
[   39.584] EVT 吸附 L2 sucking→attached 在态0.30s -67.4kPa
[   39.590] EVT 相位 L2 wait→stance
[   39.590] EVT ✓ 六足全吸附，启动序列完成，相位钟开始
[   39.598] TLM t=   0.0 L1·A@-76 L2·A@-67 L3·A@-73 R1·A@-75 R2·A@-75 R3·A@-75 罐=无罐 泵=1 阀=111111 速=+0,+0,+0.00 电=8.02V/0.73A/峰1.30 补余=0.0 IO错=0 倾+0.0
[   39.926] EVT 泵 停 最差盘压-75.3
[   40.114] TLM t=   0.5 L1·A@-76 L2·A@-76 L3·A@-76 R1·A@-75 R2·A@-76 R3·A@-76 罐=无罐 泵=0 阀=111111 速=+0,+0,+0.00 电=8.04V/0.65A/峰1.30 补余=0.0 IO错=0 倾+0.0
[   40.621] TLM t=   1.0 L1·A@-76 L2·A@-75 L3·A@-75 R1·A@-75 R2·A@-75 R3·A@-75 罐=无罐 泵=0 阀=111111 速=+0,+0,+0.00 电=8.04V/0.73A/峰1.30 补余=0.0 IO错=0 倾+0.0
[   41.140] TLM t=   1.5 L1·A@-76 L2·A@-75 L3·A@-75 R1·A@-75 R2·A@-75 R3·A@-75 罐=无罐 泵=0 阀=111111 速=+0,+0,+0.00 电=8.04V/0.81A/峰1.30 补余=0.0 IO错=0 倾+0.0
[   41.644] TLM t=   2.0 L1·A@-75 L2·A@-74 L3·A@-74 R1·A@-75 R2·A@-74 R3·A@-74 罐=无罐 泵=0 阀=111111 速=+0,+0,+0.00 电=8.04V/0.73A/峰1.30 补余=0.0 IO错=0 倾+0.0
[   42.162] TLM t=   2.6 L1·A@-75 L2·A@-73 L3·A@-74 R1·A@-75 R2·A@-74 R3·A@-73 罐=无罐 泵=0 阀=111111 速=+0,+0,+0.00 电=8.04V/0.73A/峰1.30 补余=0.0 IO错=0 倾+0.0
[   42.670] TLM t=   3.1 L1·A@-75 L2·A@-73 L3·A@-74 R1·A@-75 R2·A@-74 R3·A@-72 罐=无罐 泵=0 阀=111111 速=+0,+0,+0.00 电=8.04V/0.73A/峰1.30 补余=0.0 IO错=0 倾+0.0
[   43.183] TLM t=   3.6 L1·A@-75 L2·A@-72 L3·A@-73 R1·A@-75 R2·A@-73 R3·A@-72 罐=无罐 泵=0 阀=111111 速=+0,+0,+0.00 电=8.04V/0.81A/峰1.30 补余=0.0 IO错=0 倾+0.0
[   43.689] TLM t=   4.1 L1·A@-75 L2·A@-72 L3·A@-72 R1·A@-74 R2·A@-73 R3·A@-71 罐=无罐 泵=0 阀=111111 速=+0,+0,+0.00 电=8.04V/0.73A/峰1.30 补余=0.0 IO错=0 倾+0.0
[   44.206] TLM t=   4.6 L1·A@-75 L2·A@-71 L3·A@-72 R1·A@-74 R2·A@-72 R3·A@-70 罐=无罐 泵=0 阀=111111 速=+0,+0,+0.00 电=8.04V/0.73A/峰1.30 补余=0.0 IO错=0 倾+0.0
[   44.714] TLM t=   5.1 L1·A@-74 L2·A@-71 L3·A@-72 R1·A@-74 R2·A@-72 R3·A@-70 罐=无罐 泵=0 阀=111111 速=+0,+0,+0.00 电=8.04V/0.81A/峰1.30 补余=0.0 IO错=0 倾+0.0
[   45.231] TLM t=   5.6 L1·A@-74 L2·A@-70 L3·A@-72 R1·A@-74 R2·A@-71 R3·A@-69 罐=无罐 泵=0 阀=111111 速=+0,+0,+0.00 电=8.04V/0.73A/峰1.30 补余=0.0 IO错=0 倾+0.0
[   45.741] TLM t=   6.1 L1·A@-74 L2·A@-70 L3·A@-72 R1·A@-74 R2·A@-71 R3·A@-68 罐=无罐 泵=0 阀=111111 速=+0,+0,+0.00 电=8.04V/0.73A/峰1.30 补余=0.0 IO错=0 倾+0.0
[   46.236] TLM t=   6.6 L1·A@-74 L2·A@-69 L3·A@-72 R1·A@-74 R2·A@-70 R3·A@-68 罐=无罐 泵=0 阀=111111 速=+0,+0,+0.00 电=8.04V/0.81A/峰1.30 补余=0.0 IO错=0 倾+0.0
[   46.756] TLM t=   7.1 L1·A@-74 L2·A@-69 L3·A@-72 R1·A@-74 R2·A@-70 R3·A@-67 罐=无罐 泵=0 阀=111111 速=+0,+0,+0.00 电=8.04V/0.73A/峰1.30 补余=0.0 IO错=0 倾+0.0
[   47.261] TLM t=   7.6 L1·A@-74 L2·A@-68 L3·A@-72 R1·A@-74 R2·A@-69 R3·A@-67 罐=无罐 泵=0 阀=111111 速=+0,+0,+0.00 电=8.04V/0.73A/峰1.30 补余=0.0 IO错=0 倾+0.0
[   47.785] TLM t=   8.1 L1·A@-74 L2·A@-68 L3·A@-72 R1·A@-74 R2·A@-69 R3·A@-66 罐=无罐 泵=0 阀=111111 速=+0,+0,+0.00 电=8.04V/0.73A/峰1.30 补余=0.0 IO错=0 倾+0.0
[   48.285] TLM t=   8.6 L1·A@-74 L2·A@-67 L3·A@-72 R1·A@-74 R2·A@-69 R3·A@-65 罐=无罐 泵=0 阀=111111 速=+0,+0,+0.00 电=8.04V/0.73A/峰1.30 补余=0.0 IO错=0 倾+0.0
[   48.810] TLM t=   9.2 L1·A@-73 L2·A@-67 L3·A@-72 R1·A@-74 R2·A@-68 R3·A@-65 罐=无罐 泵=0 阀=111111 速=+0,+0,+0.00 电=8.04V/0.81A/峰1.30 补余=0.0 IO错=0 倾+0.0
[   49.307] TLM t=   9.7 L1·A@-73 L2·A@-66 L3·A@-71 R1·A@-74 R2·A@-68 R3·A@-64 罐=无罐 泵=0 阀=111111 速=+0,+0,+0.00 电=8.04V/0.81A/峰1.30 补余=0.0 IO错=0 倾+0.0
[   49.831] TLM t=  10.2 L1·A@-73 L2·A@-66 L3·A@-71 R1·A@-74 R2·A@-67 R3·A@-64 罐=无罐 泵=0 阀=111111 速=+0,+0,+0.00 电=8.04V/0.73A/峰1.30 补余=0.0 IO错=0 倾+0.0
[   50.335] TLM t=  10.7 L1·A@-73 L2·A@-65 L3·A@-71 R1·A@-73 R2·A@-67 R3·A@-63 罐=无罐 泵=0 阀=111111 速=+0,+0,+0.00 电=8.04V/0.73A/峰1.30 补余=0.0 IO错=0 倾+0.0
[   50.856] TLM t=  11.2 L1·A@-73 L2·A@-65 L3·A@-71 R1·A@-73 R2·A@-67 R3·A@-62 罐=无罐 泵=0 阀=111111 速=+0,+0,+0.00 电=8.04V/0.73A/峰1.30 补余=0.0 IO错=0 倾+0.0
[   51.361] TLM t=  11.7 L1·A@-73 L2·A@-64 L3·A@-71 R1·A@-73 R2·A@-66 R3·A@-62 罐=无罐 泵=0 阀=111111 速=+0,+0,+0.00 电=8.04V/0.73A/峰1.30 补余=0.0 IO错=0 倾+0.0
[   51.887] TLM t=  12.2 L1·A@-73 L2·A@-64 L3·A@-71 R1·A@-73 R2·A@-66 R3·A@-61 罐=无罐 泵=0 阀=111111 速=+0,+0,+0.00 电=8.03V/0.73A/峰1.30 补余=0.0 IO错=0 倾+0.0
[   52.383] TLM t=  12.7 L1·A@-73 L2·A@-63 L3·A@-71 R1·A@-73 R2·A@-65 R3·A@-61 罐=无罐 泵=0 阀=111111 速=+0,+0,+0.00 电=8.04V/0.73A/峰1.30 补余=0.0 IO错=0 倾+0.0
[   52.913] TLM t=  13.2 L1·A@-72 L2·A@-63 L3·A@-71 R1·A@-73 R2·A@-65 R3·A@-60 罐=无罐 泵=0 阀=111111 速=+0,+0,+0.00 电=8.04V/0.73A/峰1.30 补余=0.0 IO错=0 倾+0.0
[   52.921] EVT 泵 开 最差盘压-60.0
[   53.413] TLM t=  13.7 L1·A@-72 L2·A@-70 L3·A@-71 R1·A@-73 R2·A@-70 R3·A@-70 罐=无罐 泵=1 阀=111111 速=+0,+0,+0.00 电=8.02V/0.73A/峰1.30 补余=0.0 IO错=0 倾+0.0
[   53.927] EVT 泵 停 最差盘压-75.4
[   53.934] TLM t=  14.3 L1·A@-76 L2·A@-76 L3·A@-76 R1·A@-75 R2·A@-76 R3·A@-76 罐=无罐 泵=0 阀=111111 速=+0,+0,+0.00 电=8.04V/0.73A/峰1.30 补余=0.0 IO错=0 倾+0.0
[   54.438] TLM t=  14.8 L1·A@-76 L2·A@-76 L3·A@-76 R1·A@-76 R2·A@-76 R3·A@-76 罐=无罐 泵=0 阀=111111 速=+0,+0,+0.00 电=8.04V/0.73A/峰1.30 补余=0.0 IO错=0 倾+0.0
[   54.963] TLM t=  15.3 L1·A@-76 L2·A@-76 L3·A@-76 R1·A@-76 R2·A@-76 R3·A@-75 罐=无罐 泵=0 阀=111111 速=+0,+0,+0.00 电=8.04V/0.73A/峰1.30 补余=0.0 IO错=0 倾+0.0
[   55.460] TLM t=  15.8 L1·A@-76 L2·A@-75 L3·A@-76 R1·A@-76 R2·A@-75 R3·A@-75 罐=无罐 泵=0 阀=111111 速=+0,+0,+0.00 电=8.04V/0.24A/峰1.30 补余=0.0 IO错=0 倾+0.0
[   55.985] TLM t=  16.3 L1·A@-76 L2·A@-75 L3·A@-76 R1·A@-76 R2·A@-75 R3·A@-74 罐=无罐 泵=0 阀=111111 速=+0,+0,+0.00 电=8.03V/0.81A/峰1.30 补余=0.0 IO错=0 倾+0.0
[   56.486] TLM t=  16.8 L1·A@-76 L2·A@-74 L3·A@-76 R1·A@-75 R2·A@-74 R3·A@-73 罐=无罐 泵=0 阀=111111 速=+0,+0,+0.00 电=8.04V/0.73A/峰1.30 补余=0.0 IO错=0 倾+0.0
[   57.008] TLM t=  17.3 L1·A@-76 L2·A@-74 L3·A@-76 R1·A@-75 R2·A@-74 R3·A@-73 罐=无罐 泵=0 阀=111111 速=+0,+0,+0.00 电=8.04V/0.73A/峰1.30 补余=0.0 IO错=0 倾+0.0
[   57.511] TLM t=  17.8 L1·A@-76 L2·A@-73 L3·A@-76 R1·A@-75 R2·A@-73 R3·A@-72 罐=无罐 泵=0 阀=111111 速=+0,+0,+0.00 电=8.04V/0.73A/峰1.30 补余=0.0 IO错=0 倾+0.0
[   58.034] TLM t=  18.3 L1·A@-75 L2·A@-72 L3·A@-76 R1·A@-75 R2·A@-73 R3·A@-71 罐=无罐 泵=0 阀=111111 速=+0,+0,+0.00 电=8.04V/0.73A/峰1.30 补余=0.0 IO错=0 倾+0.0
[   58.539] TLM t=  18.8 L1·A@-75 L2·A@-72 L3·A@-76 R1·A@-75 R2·A@-72 R3·A@-71 罐=无罐 泵=0 阀=111111 速=+0,+0,+0.00 电=8.04V/0.73A/峰1.30 补余=0.0 IO错=0 倾+0.0
[   59.063] TLM t=  19.4 L1·A@-75 L2·A@-71 L3·A@-76 R1·A@-75 R2·A@-72 R3·A@-70 罐=无罐 泵=0 阀=111111 速=+0,+0,+0.00 电=8.04V/0.81A/峰1.30 补余=0.0 IO错=0 倾+0.0
[   59.562] TLM t=  19.9 L1·A@-75 L2·A@-71 L3·A@-75 R1·A@-75 R2·A@-71 R3·A@-69 罐=无罐 泵=0 阀=111111 速=+0,+0,+0.00 电=8.04V/0.81A/峰1.30 补余=0.0 IO错=0 倾+0.0
[   60.088] TLM t=  20.4 L1·A@-75 L2·A@-70 L3·A@-75 R1·A@-75 R2·A@-71 R3·A@-69 罐=无罐 泵=0 阀=111111 速=+0,+0,+0.00 电=8.04V/0.73A/峰1.30 补余=0.0 IO错=0 倾+0.0
[   60.589] TLM t=  20.9 L1·A@-75 L2·A@-70 L3·A@-75 R1·A@-75 R2·A@-71 R3·A@-68 罐=无罐 泵=0 阀=111111 速=+0,+0,+0.00 电=8.03V/0.73A/峰1.30 补余=0.0 IO错=0 倾+0.0
[   61.112] TLM t=  21.4 L1·A@-75 L2·A@-69 L3·A@-75 R1·A@-75 R2·A@-70 R3·A@-68 罐=无罐 泵=0 阀=111111 速=+0,+0,+0.00 电=8.03V/0.81A/峰1.30 补余=0.0 IO错=0 倾+0.0
[   61.611] TLM t=  21.9 L1·A@-75 L2·A@-69 L3·A@-75 R1·A@-75 R2·A@-70 R3·A@-67 罐=无罐 泵=0 阀=111111 速=+0,+0,+0.00 电=8.04V/0.73A/峰1.30 补余=0.0 IO错=0 倾+0.0
[   62.137] TLM t=  22.4 L1·A@-74 L2·A@-68 L3·A@-75 R1·A@-75 R2·A@-69 R3·A@-66 罐=无罐 泵=0 阀=111111 速=+0,+0,+0.00 电=8.04V/0.73A/峰1.30 补余=0.0 IO错=0 倾+0.0
[   62.636] TLM t=  22.9 L1·A@-74 L2·A@-68 L3·A@-75 R1·A@-75 R2·A@-69 R3·A@-66 罐=无罐 泵=0 阀=111111 速=+0,+0,+0.00 电=8.03V/0.81A/峰1.30 补余=0.0 IO错=0 倾+0.0
[   63.158] TLM t=  23.4 L1·A@-74 L2·A@-68 L3·A@-75 R1·A@-75 R2·A@-69 R3·A@-65 罐=无罐 泵=0 阀=111111 速=+0,+0,+0.00 电=8.04V/0.73A/峰1.30 补余=0.0 IO错=0 倾+0.0
[   63.660] TLM t=  23.9 L1·A@-74 L2·A@-67 L3·A@-75 R1·A@-75 R2·A@-68 R3·A@-65 罐=无罐 泵=0 阀=111111 速=+0,+0,+0.00 电=8.04V/0.73A/峰1.30 补余=0.0 IO错=0 倾+0.0
[   64.185] TLM t=  24.5 L1·A@-74 L2·A@-67 L3·A@-75 R1·A@-75 R2·A@-68 R3·A@-64 罐=无罐 泵=0 阀=111111 速=+0,+0,+0.00 电=8.04V/0.73A/峰1.30 补余=0.0 IO错=0 倾+0.0
[   64.688] TLM t=  25.0 L1·A@-74 L2·A@-66 L3·A@-75 R1·A@-75 R2·A@-67 R3·A@-63 罐=无罐 泵=0 阀=111111 速=+0,+0,+0.00 电=8.04V/0.73A/峰1.30 补余=0.0 IO错=0 倾+0.0
[   65.209] TLM t=  25.5 L1·A@-74 L2·A@-66 L3·A@-75 R1·A@-74 R2·A@-67 R3·A@-63 罐=无罐 泵=0 阀=111111 速=+0,+0,+0.00 电=8.04V/0.73A/峰1.30 补余=0.0 IO错=0 倾+0.0
[   65.710] TLM t=  26.0 L1·A@-74 L2·A@-65 L3·A@-75 R1·A@-74 R2·A@-67 R3·A@-62 罐=无罐 泵=0 阀=111111 速=+0,+0,+0.00 电=8.04V/0.81A/峰1.30 补余=0.0 IO错=0 倾+0.0
[   66.236] TLM t=  26.5 L1·A@-74 L2·A@-65 L3·A@-75 R1·A@-74 R2·A@-66 R3·A@-62 罐=无罐 泵=0 阀=111111 速=+0,+0,+0.00 电=8.04V/0.73A/峰1.30 补余=0.0 IO错=0 倾+0.0
[   66.735] TLM t=  27.0 L1·A@-73 L2·A@-64 L3·A@-75 R1·A@-74 R2·A@-66 R3·A@-61 罐=无罐 泵=0 阀=111111 速=+0,+0,+0.00 电=8.05V/0.81A/峰1.30 补余=0.0 IO错=0 倾+0.0
[   67.257] TLM t=  27.5 L1·A@-73 L2·A@-64 L3·A@-74 R1·A@-74 R2·A@-66 R3·A@-60 罐=无罐 泵=0 阀=111111 速=+0,+0,+0.00 电=8.03V/0.81A/峰1.30 补余=0.0 IO错=0 倾+0.0
[   67.631] EVT 泵 开 最差盘压-60.0
[   67.764] TLM t=  28.0 L1·A@-73 L2·A@-63 L3·A@-74 R1·A@-74 R2·A@-65 R3·A@-60 罐=无罐 泵=1 阀=111111 速=+0,+0,+0.00 电=8.02V/0.73A/峰1.30 补余=0.0 IO错=0 倾+0.0
[   68.289] TLM t=  28.5 L1·A@-73 L2·A@-72 L3·A@-74 R1·A@-74 R2·A@-72 R3·A@-72 罐=无罐 泵=1 阀=111111 速=+0,+0,+0.00 电=8.00V/0.81A/峰1.30 补余=0.0 IO错=0 倾+0.0
[   68.579] EVT 泵 停 最差盘压-75.3
[   68.788] TLM t=  29.0 L1·A@-76 L2·A@-76 L3·A@-76 R1·A@-76 R2·A@-76 R3·A@-76 罐=无罐 泵=0 阀=111111 速=+0,+0,+0.00 电=8.04V/0.73A/峰1.30 补余=0.0 IO错=0 倾+0.0
[   69.312] TLM t=  29.6 L1·A@-76 L2·A@-76 L3·A@-76 R1·A@-76 R2·A@-76 R3·A@-76 罐=无罐 泵=0 阀=111111 速=+0,+0,+0.00 电=8.04V/0.81A/峰1.30 补余=0.0 IO错=0 倾+0.0
[   69.815] TLM t=  30.1 L1·A@-76 L2·A@-75 L3·A@-76 R1·A@-76 R2·A@-75 R3·A@-75 罐=无罐 泵=0 阀=111111 速=+0,+0,+0.00 电=8.04V/0.81A/峰1.30 补余=0.0 IO错=0 倾+0.0
[   70.338] TLM t=  30.6 L1·A@-76 L2·A@-75 L3·A@-76 R1·A@-76 R2·A@-75 R3·A@-74 罐=无罐 泵=0 阀=111111 速=+0,+0,+0.00 电=8.04V/0.73A/峰1.30 补余=0.0 IO错=0 倾+0.0
[   70.845] TLM t=  31.1 L1·A@-76 L2·A@-74 L3·A@-76 R1·A@-75 R2·A@-74 R3·A@-74 罐=无罐 泵=0 阀=111111 速=+0,+0,+0.00 电=8.04V/0.73A/峰1.30 补余=0.0 IO错=0 倾+0.0
[   71.340] TLM t=  31.6 L1·A@-76 L2·A@-74 L3·A@-76 R1·A@-75 R2·A@-74 R3·A@-73 罐=无罐 泵=0 阀=111111 速=+0,+0,+0.00 电=8.04V/0.73A/峰1.30 补余=0.0 IO错=0 倾+0.0
[   71.849] TLM t=  32.1 L1·A@-76 L2·A@-73 L3·A@-76 R1·A@-75 R2·A@-74 R3·A@-72 罐=无罐 泵=0 阀=111111 速=+0,+0,+0.00 电=8.03V/0.73A/峰1.30 补余=0.0 IO错=0 倾+0.0
[   72.355] TLM t=  32.6 L1·A@-75 L2·A@-73 L3·A@-76 R1·A@-75 R2·A@-73 R3·A@-72 罐=无罐 泵=0 阀=111111 速=+0,+0,+0.00 电=8.04V/0.73A/峰1.30 补余=0.0 IO错=0 倾+0.0
[   72.873] TLM t=  33.1 L1·A@-75 L2·A@-72 L3·A@-76 R1·A@-75 R2·A@-73 R3·A@-71 罐=无罐 泵=0 阀=111111 速=+0,+0,+0.00 电=8.03V/0.73A/峰1.30 补余=0.0 IO错=0 倾+0.0
[   73.377] TLM t=  33.6 L1·A@-75 L2·A@-72 L3·A@-76 R1·A@-75 R2·A@-72 R3·A@-70 罐=无罐 泵=0 阀=111111 速=+0,+0,+0.00 电=8.03V/0.73A/峰1.30 补余=0.0 IO错=0 倾+0.0
[   73.898] TLM t=  34.1 L1·A@-75 L2·A@-71 L3·A@-76 R1·A@-75 R2·A@-72 R3·A@-70 罐=无罐 泵=0 阀=111111 速=+0,+0,+0.00 电=8.04V/0.73A/峰1.30 补余=0.0 IO错=0 倾+0.0
[   74.402] TLM t=  34.6 L1·A@-75 L2·A@-71 L3·A@-75 R1·A@-75 R2·A@-71 R3·A@-69 罐=无罐 泵=0 阀=111111 速=+0,+0,+0.00 电=8.04V/0.81A/峰1.30 补余=0.0 IO错=0 倾+0.0
[   74.925] TLM t=  35.1 L1·A@-75 L2·A@-70 L3·A@-75 R1·A@-75 R2·A@-71 R3·A@-69 罐=无罐 泵=0 阀=111111 速=+0,+0,+0.00 电=8.03V/0.81A/峰1.30 补余=0.0 IO错=0 倾+0.0
[   75.440] TLM t=  35.6 L1·A@-75 L2·A@-70 L3·A@-75 R1·A@-75 R2·A@-70 R3·A@-68 罐=无罐 泵=0 阀=111111 速=+0,+0,+0.00 电=8.04V/0.73A/峰1.30 补余=0.0 IO错=0 倾+0.0
[   75.941] TLM t=  36.1 L1·A@-75 L2·A@-69 L3·A@-75 R1·A@-75 R2·A@-70 R3·A@-67 罐=无罐 泵=0 阀=111111 速=+0,+0,+0.00 电=8.04V/0.73A/峰1.30 补余=0.0 IO错=0 倾+0.0
[   76.465] TLM t=  36.7 L1·A@-75 L2·A@-69 L3·A@-75 R1·A@-75 R2·A@-70 R3·A@-67 罐=无罐 泵=0 阀=111111 速=+0,+0,+0.00 电=8.04V/0.73A/峰1.30 补余=0.0 IO错=0 倾+0.0
[   76.966] TLM t=  37.2 L1·A@-74 L2·A@-68 L3·A@-75 R1·A@-75 R2·A@-69 R3·A@-66 罐=无罐 泵=0 阀=111111 速=+0,+0,+0.00 电=8.04V/0.73A/峰1.30 补余=0.0 IO错=0 倾+0.0
[   77.486] TLM t=  37.7 L1·A@-74 L2·A@-68 L3·A@-75 R1·A@-75 R2·A@-69 R3·A@-65 罐=无罐 泵=0 阀=111111 速=+0,+0,+0.00 电=8.04V/0.81A/峰1.30 补余=0.0 IO错=0 倾+0.0
[   77.989] TLM t=  38.2 L1·A@-74 L2·A@-67 L3·A@-75 R1·A@-75 R2·A@-69 R3·A@-65 罐=无罐 泵=0 阀=111111 速=+0,+0,+0.00 电=8.04V/0.73A/峰1.30 补余=0.0 IO错=0 倾+0.0
[   78.335] EVT 原地抬起受理：R3
[   78.335] EVT 键 'i' 倾=+0.0待=+0.0
[   78.343] EVT 吸附 R3 attached→venting 在态47.70s -64.5kPa
[   78.343] EVT 相位 R3 stance→vent 落点Δ(+0.0,+0.0)
[   78.356] EVT 阀 R3 →排气位
[   78.511] TLM t=  39.8 L1·A@-74 L2·A@-67 L3·A@-75 R1·A@-75 R2·A@-68 R3Vv@-64 罐=无罐 泵=0 阀=111110 速=+0,+0,+0.00 电=8.03V/0.90A/峰1.30 补余=0.0 IO错=0 倾+0.0
[   78.644] EVT 相位 R3 vent→lift
[   78.744] EVT 吸附 R3 venting→released 在态0.40s 0.2kPa
[   79.012] TLM t=  40.2 L1·A@-74 L2·A@-66 L3·A@-75 R1·A@-75 R2·A@-68 R3Lr@-- 罐=无罐 泵=0 阀=111110 速=+0,+0,+0.00 电=8.01V/1.22A/峰1.30 补余=0.0 IO错=0 倾+0.0
[   79.488] EVT 相位 R3 lift→transfer
[   79.535] TLM t=  40.2 L1·A@-74 L2·A@-66 L3·A@-75 R1·A@-75 R2·A@-67 R3Tr@-- 罐=无罐 泵=0 阀=111110 速=+0,+0,+0.00 电=8.00V/1.71A/峰1.71 补余=0.0 IO错=0 倾+0.0
[   80.037] TLM t=  40.2 L1·A@-74 L2·A@-66 L3·A@-75 R1·A@-75 R2·A@-67 R3Tr@-- 罐=无罐 泵=0 阀=111110 速=+0,+0,+0.00 电=7.99V/1.47A/峰1.71 补余=0.0 IO错=0 倾+0.0
[   80.105] EVT 相位 R3 transfer→hover
[   80.559] TLM t=  40.2 L1·A@-74 L2·A@-65 L3·A@-75 R1·A@-75 R2·A@-67 R3Hr@-- 罐=无罐 泵=0 阀=111110 速=+0,+0,+0.00 电=8.00V/1.14A/峰1.71 补余=0.0 IO错=0 倾+0.0
[   80.706] EVT 落地：R3
[   80.706] EVT 键 'i' 倾=+0.0待=+0.0
[   80.707] EVT 相位 R3 hover→descend
[   81.062] TLM t=  40.2 L1·A@-74 L2·A@-65 L3·A@-75 R1·A@-74 R2·A@-66 R3Dr@-- 罐=无罐 泵=0 阀=111110 速=+0,+0,+0.00 电=8.01V/1.14A/峰1.71 补余=0.0 IO错=0 倾+0.0
[   81.188] EVT 相位 R3 descend→press
[   81.583] TLM t=  40.2 L1·A@-74 L2·A@-64 L3·A@-75 R1·A@-74 R2·A@-66 R3Pr@-- 罐=无罐 泵=0 阀=111110 速=+0,+0,+0.00 电=8.00V/1.14A/峰1.71 补余=0.0 IO错=0 倾+0.0
[   82.085] TLM t=  40.2 L1·A@-73 L2·A@-64 L3·A@-74 R1·A@-74 R2·A@-66 R3Pr@-- 罐=无罐 泵=0 阀=111110 速=+0,+0,+0.00 电=8.01V/1.14A/峰1.71 补余=0.0 IO错=0 倾+0.0
[   82.391] EVT 吸附 R3 released→pressing 在态3.64s 0.2kPa
[   82.392] EVT 相位 R3 press→wait
[   82.605] TLM t=  40.2 L1·A@-73 L2·A@-63 L3·A@-74 R1·A@-74 R2·A@-65 R3Wp@-- 罐=无罐 泵=0 阀=111110 速=+0,+0,+0.00 电=8.00V/1.14A/峰1.71 补余=0.0 IO错=0 倾+0.0
[   82.692] EVT 吸附 R3 pressing→sucking 在态0.30s 0.2kPa
[   82.692] EVT 阀 R3 →抽气位
[   82.720] EVT 泵 开 最差盘压-63.0
[   82.980] EVT 吸附 R3 sucking→attached 在态0.28s -53.8kPa
[   82.981] EVT 相位 R3 wait→stance
[   82.981] EVT 抬落完成，轮到 L1
[   83.111] TLM t=  40.3 L1·A@-73 L2·A@-63 L3·A@-74 R1·A@-74 R2·A@-65 R3·A@-62 罐=无罐 泵=1 阀=111111 速=+0,+0,+0.00 电=7.96V/1.22A/峰1.71 补余=0.0 IO错=0 倾+0.0
[   83.635] TLM t=  40.8 L1·A@-74 L2·A@-75 L3·A@-74 R1·A@-74 R2·A@-75 R3·A@-75 罐=无罐 泵=1 阀=111111 速=+0,+0,+0.00 电=7.98V/1.14A/峰1.71 补余=0.0 IO错=0 倾+0.0
[   83.766] EVT 泵 停 最差盘压-75.0
[   84.137] TLM t=  41.3 L1·A@-76 L2·A@-76 L3·A@-76 R1·A@-76 R2·A@-76 R3·A@-76 罐=无罐 泵=0 阀=111111 速=+0,+0,+0.00 电=8.02V/1.14A/峰1.71 补余=0.0 IO错=0 倾+0.0
[   84.383] EVT 原地抬起受理：L1
[   84.383] EVT 键 'i' 倾=+0.0待=+0.0
[   84.383] EVT 吸附 L1 attached→venting 在态51.90s -76.1kPa
[   84.383] EVT 相位 L1 stance→vent 落点Δ(+0.0,+0.0)
[   84.411] EVT 阀 L1 →排气位
[   84.662] TLM t=  44.1 L1Vv@-76 L2·A@-75 L3·A@-76 R1·A@-75 R2·A@-75 R3·A@-74 罐=无罐 泵=0 阀=011111 速=+0,+0,+0.00 电=7.98V/1.55A/峰1.71 补余=0.0 IO错=0 倾+0.0
[   84.684] EVT 相位 L1 vent→lift
[   84.792] EVT 吸附 L1 venting→released 在态0.40s 0.1kPa
[   85.173] TLM t=  44.4 L1Lr@-- L2·A@-75 L3·A@-76 R1·A@-75 R2·A@-75 R3·A@-74 罐=无罐 泵=0 阀=011111 速=+0,+0,+0.00 电=7.99V/1.63A/峰1.71 补余=0.0 IO错=0 倾+0.0
[   85.526] EVT 相位 L1 lift→transfer
[   85.685] TLM t=  44.4 L1Tr@-- L2·A@-74 L3·A@-76 R1·A@-75 R2·A@-74 R3·A@-73 罐=无罐 泵=0 阀=011111 速=+0,+0,+0.00 电=8.00V/1.79A/峰1.79 补余=0.0 IO错=0 倾+0.0
[   86.156] EVT 相位 L1 transfer→hover
[   86.200] TLM t=  44.4 L1Hr@-- L2·A@-74 L3·A@-76 R1·A@-75 R2·A@-74 R3·A@-72 罐=无罐 泵=0 阀=011111 速=+0,+0,+0.00 电=7.98V/1.63A/峰1.79 补余=0.0 IO错=0 倾+0.0
[   86.705] TLM t=  44.4 L1Hr@-- L2·A@-73 L3·A@-75 R1·A@-75 R2·A@-74 R3·A@-72 罐=无罐 泵=0 阀=011111 速=+0,+0,+0.00 电=8.00V/1.55A/峰1.79 补余=0.0 IO错=0 倾+0.0
[   86.991] EVT 落地：L1
[   86.991] EVT 键 'i' 倾=+0.0待=+0.0
[   86.999] EVT 相位 L1 hover→descend
[   87.219] TLM t=  44.4 L1Dr@-- L2·A@-73 L3·A@-75 R1·A@-75 R2·A@-73 R3·A@-71 罐=无罐 泵=0 阀=011111 速=+0,+0,+0.00 电=7.97V/1.55A/峰1.79 补余=0.0 IO错=0 倾+0.0
[   87.480] EVT 相位 L1 descend→press
[   87.734] TLM t=  44.4 L1Pr@-- L2·A@-72 L3·A@-75 R1·A@-75 R2·A@-73 R3·A@-70 罐=无罐 泵=0 阀=011111 速=+0,+0,+0.00 电=7.98V/1.63A/峰1.79 补余=0.0 IO错=0 倾+0.0
[   88.228] TLM t=  44.4 L1Pr@-- L2·A@-72 L3·A@-75 R1·A@-75 R2·A@-72 R3·A@-70 罐=无罐 泵=0 阀=011111 速=+0,+0,+0.00 电=7.97V/1.63A/峰1.79 补余=0.0 IO错=0 倾+0.0
[   88.685] EVT 吸附 L1 released→pressing 在态3.88s 0.1kPa
[   88.685] EVT 相位 L1 press→wait
[   88.754] TLM t=  44.4 L1Wp@-- L2·A@-71 L3·A@-75 R1·A@-75 R2·A@-72 R3·A@-69 罐=无罐 泵=0 阀=011111 速=+0,+0,+0.00 电=7.97V/1.71A/峰1.79 补余=0.0 IO错=0 倾+0.0
[   88.986] EVT 吸附 L1 pressing→sucking 在态0.30s 0.1kPa
[   88.986] EVT 阀 L1 →抽气位
[   89.006] EVT 泵 开 最差盘压-68.8
[   89.253] TLM t=  44.4 L1Ws@-60 L2·A@-71 L3·A@-75 R1·A@-75 R2·A@-71 R3·A@-68 罐=无罐 泵=1 阀=111111 速=+0,+0,+0.00 电=7.94V/1.63A/峰1.79 补余=0.0 IO错=0 倾+0.0
[   89.319] EVT 吸附 L1 sucking→attached 在态0.34s -63.0kPa
[   89.319] EVT 相位 L1 wait→stance
[   89.319] EVT 抬落完成，轮到 R2
[   89.778] TLM t=  44.8 L1·A@-74 L2·A@-75 L3·A@-75 R1·A@-75 R2·A@-75 R3·A@-75 罐=无罐 泵=1 阀=111111 速=+0,+0,+0.00 电=7.99V/1.47A/峰1.79 补余=0.0 IO错=0 倾+0.0
[   89.908] EVT 泵 停 最差盘压-75.1
[   90.281] TLM t=  45.3 L1·A@-76 L2·A@-76 L3·A@-76 R1·A@-76 R2·A@-76 R3·A@-76 罐=无罐 泵=0 阀=111111 速=+0,+0,+0.00 电=8.00V/1.63A/峰1.79 补余=0.0 IO错=0 倾+0.0
[   90.781] TLM t=  45.8 L1·A@-76 L2·A@-76 L3·A@-76 R1·A@-76 R2·A@-76 R3·A@-75 罐=无罐 泵=0 阀=111111 速=+0,+0,+0.00 电=8.01V/1.55A/峰1.79 补余=0.0 IO错=0 倾+0.0
[   91.291] TLM t=  46.3 L1·A@-76 L2·A@-75 L3·A@-76 R1·A@-75 R2·A@-75 R3·A@-75 罐=无罐 泵=0 阀=111111 速=+0,+0,+0.00 电=8.00V/1.55A/峰1.79 补余=0.0 IO错=0 倾+0.0
[   91.794] TLM t=  46.8 L1·A@-76 L2·A@-75 L3·A@-76 R1·A@-75 R2·A@-75 R3·A@-74 罐=无罐 泵=0 阀=111111 速=+0,+0,+0.00 电=7.98V/1.63A/峰1.79 补余=0.0 IO错=0 倾+0.0
[   91.937] EVT 原地抬起受理：R2
[   91.937] EVT 键 'i' 倾=+0.0待=+0.0
[   91.945] EVT 吸附 R2 attached→venting 在态57.60s -74.6kPa
[   91.946] EVT 相位 R2 stance→vent 落点Δ(+0.0,+0.0)
[   91.966] EVT 阀 R2 →排气位
[   92.244] EVT 相位 R2 vent→lift
[   92.310] TLM t=  48.4 L1·A@-75 L2·A@-74 L3·A@-76 R1·A@-75 R2Lv@-75 R3·A@-73 罐=无罐 泵=0 阀=111101 速=+0,+0,+0.00 电=7.98V/1.55A/峰1.79 补余=0.0 IO错=0 倾+0.0
[   92.366] EVT 吸附 R2 venting→released 在态0.42s -0.1kPa
[   92.820] TLM t=  48.6 L1·A@-75 L2·A@-74 L3·A@-76 R1·A@-75 R2Lr@-- R3·A@-73 罐=无罐 泵=0 阀=111101 速=+0,+0,+0.00 电=7.99V/1.71A/峰1.79 补余=0.0 IO错=0 倾+0.0
[   93.086] EVT 相位 R2 lift→transfer
[   93.340] TLM t=  48.6 L1·A@-75 L2·A@-73 L3·A@-76 R1·A@-75 R2Tr@-- R3·A@-72 罐=无罐 泵=0 阀=111101 速=+0,+0,+0.00 电=7.97V/1.87A/峰1.87 补余=0.0 IO错=0 倾+0.0
[   93.714] EVT 相位 R2 transfer→hover
[   93.841] TLM t=  48.6 L1·A@-75 L2·A@-73 L3·A@-76 R1·A@-75 R2Hr@-- R3·A@-72 罐=无罐 泵=0 阀=111101 速=+0,+0,+0.00 电=7.98V/1.63A/峰1.87 补余=0.0 IO错=0 倾+0.0
[   94.363] TLM t=  48.6 L1·A@-75 L2·A@-72 L3·A@-76 R1·A@-75 R2Hr@-- R3·A@-71 罐=无罐 泵=0 阀=111101 速=+0,+0,+0.00 电=7.99V/1.55A/峰1.87 补余=0.0 IO错=0 倾+0.0
[   94.448] EVT 落地：R2
[   94.448] EVT 键 'i' 倾=+0.0待=+0.0
[   94.449] EVT 相位 R2 hover→descend
[   94.863] TLM t=  48.6 L1·A@-74 L2·A@-72 L3·A@-76 R1·A@-75 R2Dr@-- R3·A@-70 罐=无罐 泵=0 阀=111101 速=+0,+0,+0.00 电=7.97V/1.71A/峰1.87 补余=0.0 IO错=0 倾+0.0
[   94.930] EVT 相位 R2 descend→press
[   95.384] TLM t=  48.6 L1·A@-74 L2·A@-71 L3·A@-75 R1·A@-75 R2Pr@-- R3·A@-70 罐=无罐 泵=0 阀=111101 速=+0,+0,+0.00 电=7.98V/1.71A/峰1.87 补余=0.0 IO错=0 倾+0.0
[   95.891] TLM t=  48.6 L1·A@-74 L2·A@-71 L3·A@-75 R1·A@-75 R2Pr@-- R3·A@-69 罐=无罐 泵=0 阀=111101 速=+0,+0,+0.00 电=7.98V/1.79A/峰1.87 补余=0.0 IO错=0 倾+0.0
[   96.134] EVT 吸附 R2 released→pressing 在态3.76s -0.1kPa
[   96.134] EVT 相位 R2 press→wait
[   96.408] TLM t=  48.6 L1·A@-74 L2·A@-70 L3·A@-75 R1·A@-75 R2Wp@-- R3·A@-68 罐=无罐 泵=0 阀=111101 速=+0,+0,+0.00 电=7.98V/1.79A/峰1.87 补余=0.0 IO错=0 倾+0.0
[   96.460] EVT 吸附 R2 pressing→sucking 在态0.32s -0.1kPa
[   96.461] EVT 阀 R2 →抽气位
[   96.483] EVT 泵 开 最差盘压-68.4
[   96.723] EVT 吸附 R2 sucking→attached 在态0.26s -58.0kPa
[   96.724] EVT 相位 R2 wait→stance
[   96.724] EVT 抬落完成，轮到 L3
[   96.915] TLM t=  48.8 L1·A@-74 L2·A@-70 L3·A@-75 R1·A@-75 R2·A@-66 R3·A@-68 罐=无罐 泵=1 阀=111111 速=+0,+0,+0.00 电=7.96V/1.71A/峰1.87 补余=0.0 IO错=0 倾+0.0
[   97.433] TLM t=  49.3 L1·A@-76 L2·A@-76 L3·A@-76 R1·A@-75 R2·A@-76 R3·A@-76 罐=无罐 泵=1 阀=111111 速=+0,+0,+0.00 电=7.93V/1.71A/峰1.87 补余=0.0 IO错=0 倾+0.0
[   97.446] EVT 泵 停 最差盘压-75.5
[   97.937] TLM t=  49.8 L1·A@-77 L2·A@-76 L3·A@-77 R1·A@-76 R2·A@-76 R3·A@-76 罐=无罐 泵=0 阀=111111 速=+0,+0,+0.00 电=7.99V/1.55A/峰1.87 补余=0.0 IO错=0 倾+0.0
[   98.453] TLM t=  50.3 L1·A@-76 L2·A@-76 L3·A@-76 R1·A@-76 R2·A@-75 R3·A@-76 罐=无罐 泵=0 阀=111111 速=+0,+0,+0.00 电=8.00V/1.63A/峰1.87 补余=0.0 IO错=0 倾+0.0
[   98.621] EVT 原地抬起受理：L3
[   98.621] EVT 键 'i' 倾=+0.0待=+0.0
[   98.626] EVT 吸附 L3 attached→venting 在态62.44s -76.4kPa
[   98.627] EVT 相位 L3 stance→vent 落点Δ(+0.0,+0.0)
[   98.647] EVT 阀 L3 →排气位
[   98.927] EVT 相位 L3 vent→lift
[   98.958] TLM t=  52.5 L1·A@-76 L2·A@-75 L3Lv@-76 R1·A@-76 R2·A@-75 R3·A@-75 罐=无罐 泵=0 阀=110111 速=+0,+0,+0.00 电=7.98V/1.79A/峰1.87 补余=0.0 IO错=0 倾+0.0
[   99.050] EVT 吸附 L3 venting→released 在态0.42s 0.1kPa
[   99.479] TLM t=  52.8 L1·A@-76 L2·A@-75 L3Lr@-- R1·A@-75 R2·A@-74 R3·A@-74 罐=无罐 泵=0 阀=110111 速=+0,+0,+0.00 电=7.98V/1.63A/峰1.87 补余=0.0 IO错=0 倾+0.0
[   99.770] EVT 相位 L3 lift→transfer
[   99.982] TLM t=  52.8 L1·A@-76 L2·A@-74 L3Tr@-- R1·A@-75 R2·A@-74 R3·A@-74 罐=无罐 泵=0 阀=110111 速=+0,+0,+0.00 电=7.98V/1.79A/峰1.87 补余=0.0 IO错=0 倾+0.0
[  100.392] EVT 相位 L3 transfer→hover
[  100.501] TLM t=  52.8 L1·A@-76 L2·A@-74 L3Hr@-- R1·A@-74 R2·A@-73 R3·A@-73 罐=无罐 泵=0 阀=110111 速=+0,+0,+0.00 电=7.97V/1.38A/峰1.87 补余=0.0 IO错=0 倾+0.0
[  101.001] TLM t=  52.8 L1·A@-76 L2·A@-73 L3Hr@-- R1·A@-74 R2·A@-73 R3·A@-72 罐=无罐 泵=0 阀=110111 速=+0,+0,+0.00 电=7.98V/1.47A/峰1.87 补余=0.0 IO错=0 倾+0.0
[  101.523] TLM t=  52.8 L1·A@-76 L2·A@-73 L3Hr@-- R1·A@-74 R2·A@-72 R3·A@-72 罐=无罐 泵=0 阀=110111 速=+0,+0,+0.00 电=7.99V/1.55A/峰1.87 补余=0.0 IO错=0 倾+0.0
[  101.530] EVT 落地：L3
[  101.530] EVT 键 'i' 倾=+0.0待=+0.0
[  101.535] EVT 相位 L3 hover→descend
[  102.017] EVT 相位 L3 descend→press
[  102.027] TLM t=  52.8 L1·A@-75 L2·A@-72 L3Pr@-- R1·A@-73 R2·A@-71 R3·A@-71 罐=无罐 泵=0 阀=110111 速=+0,+0,+0.00 电=7.99V/1.55A/峰1.87 补余=0.0 IO错=0 倾+0.0
[  102.546] TLM t=  52.8 L1·A@-75 L2·A@-72 L3Pr@-- R1·A@-73 R2·A@-71 R3·A@-70 罐=无罐 泵=0 阀=110111 速=+0,+0,+0.00 电=7.99V/1.55A/峰1.87 补余=0.0 IO错=0 倾+0.0
[  103.048] TLM t=  52.8 L1·A@-75 L2·A@-71 L3Pr@-- R1·A@-73 R2·A@-70 R3·A@-70 罐=无罐 泵=0 阀=110111 速=+0,+0,+0.00 电=7.97V/1.38A/峰1.87 补余=0.0 IO错=0 倾+0.0
[  103.220] EVT 吸附 L3 released→pressing 在态4.16s 0.1kPa
[  103.220] EVT 相位 L3 press→wait
[  103.538] EVT 吸附 L3 pressing→sucking 在态0.32s 0.1kPa
[  103.539] EVT 阀 L3 →抽气位
[  103.564] EVT 泵 开 最差盘压-69.1
[  103.577] TLM t=  52.8 L1·A@-75 L2·A@-71 L3Ws@-13 R1·A@-73 R2·A@-70 R3·A@-69 罐=无罐 泵=1 阀=111111 速=+0,+0,+0.00 电=7.88V/1.47A/峰1.87 补余=0.0 IO错=0 倾+0.0
[  103.838] EVT 吸附 L3 sucking→attached 在态0.30s -55.7kPa
[  103.841] EVT 相位 L3 wait→stance
[  103.841] EVT 抬落完成，轮到 R1
[  104.091] TLM t=  53.0 L1·A@-75 L2·A@-70 L3·A@-68 R1·A@-72 R2·A@-69 R3·A@-68 罐=无罐 泵=1 阀=111111 速=+0,+0,+0.00 电=7.98V/1.30A/峰1.87 补余=0.0 IO错=0 倾+0.0
[  104.596] TLM t=  53.5 L1·A@-75 L2·A@-76 L3·A@-76 R1·A@-75 R2·A@-76 R3·A@-76 罐=无罐 泵=1 阀=111111 速=+0,+0,+0.00 电=7.98V/1.63A/峰1.87 补余=0.0 IO错=0 倾+0.0
[  104.609] EVT 泵 停 最差盘压-75.2
[  105.099] TLM t=  54.0 L1·A@-76 L2·A@-76 L3·A@-76 R1·A@-76 R2·A@-76 R3·A@-76 罐=无罐 泵=0 阀=111111 速=+0,+0,+0.00 电=7.99V/1.63A/峰1.87 补余=0.0 IO错=0 倾+0.0
[  105.621] TLM t=  54.6 L1·A@-76 L2·A@-76 L3·A@-76 R1·A@-75 R2·A@-75 R3·A@-75 罐=无罐 泵=0 阀=111111 速=+0,+0,+0.00 电=8.00V/1.55A/峰1.87 补余=0.0 IO错=0 倾+0.0
[  106.138] TLM t=  55.1 L1·A@-76 L2·A@-75 L3·A@-76 R1·A@-75 R2·A@-75 R3·A@-75 罐=无罐 泵=0 阀=111111 速=+0,+0,+0.00 电=7.99V/1.55A/峰1.87 补余=0.0 IO错=0 倾+0.0
[  106.248] EVT 原地抬起受理：R1
[  106.248] EVT 键 'i' 倾=+0.0待=+0.0
[  106.251] EVT 吸附 R1 attached→venting 在态68.16s -75.2kPa
[  106.251] EVT 相位 R1 stance→vent 落点Δ(+0.0,+0.0)
[  106.276] EVT 阀 R1 →排气位
[  106.552] EVT 相位 R1 vent→lift
[  106.646] TLM t=  56.8 L1·A@-75 L2·A@-74 L3·A@-75 R1Lv@-75 R2·A@-74 R3·A@-74 罐=无罐 泵=0 阀=111011 速=+0,+0,+0.00 电=7.94V/1.95A/峰1.95 补余=0.0 IO错=0 倾+0.0
[  106.676] EVT 吸附 R1 venting→released 在态0.42s -0.0kPa
[  107.165] TLM t=  57.0 L1·A@-75 L2·A@-74 L3·A@-75 R1Lr@-- R2·A@-74 R3·A@-73 罐=无罐 泵=0 阀=111011 速=+0,+0,+0.00 电=7.97V/1.95A/峰1.95 补余=0.0 IO错=0 倾+0.0
[  107.396] EVT 相位 R1 lift→transfer
[  107.670] TLM t=  57.0 L1·A@-75 L2·A@-73 L3·A@-75 R1Tr@-- R2·A@-73 R3·A@-72 罐=无罐 泵=0 阀=111011 速=+0,+0,+0.00 电=7.97V/1.87A/峰1.95 补余=0.0 IO错=0 倾+0.0
[  108.024] EVT 相位 R1 transfer→hover
[  108.189] TLM t=  57.0 L1·A@-75 L2·A@-73 L3·A@-75 R1Hr@-- R2·A@-73 R3·A@-72 罐=无罐 泵=0 阀=111011 速=+0,+0,+0.00 电=7.97V/1.79A/峰1.95 补余=0.0 IO错=0 倾+0.0
[  108.598] EVT 落地：R1
[  108.598] EVT 键 'i' 倾=+0.0待=+0.0
[  108.601] EVT 相位 R1 hover→descend
[  108.695] TLM t=  57.0 L1·A@-75 L2·A@-72 L3·A@-75 R1Dr@-- R2·A@-72 R3·A@-71 罐=无罐 泵=0 阀=111011 速=+0,+0,+0.00 电=7.98V/1.79A/峰1.95 补余=0.0 IO错=0 倾+0.0
[  109.084] EVT 相位 R1 descend→press
[  109.216] TLM t=  57.0 L1·A@-75 L2·A@-72 L3·A@-75 R1Pr@-- R2·A@-72 R3·A@-70 罐=无罐 泵=0 阀=111011 速=+0,+0,+0.00 电=7.97V/1.87A/峰1.95 补余=0.0 IO错=0 倾+0.0
[  109.724] TLM t=  57.0 L1·A@-75 L2·A@-71 L3·A@-75 R1Pr@-- R2·A@-71 R3·A@-69 罐=无罐 泵=0 阀=111011 速=+0,+0,+0.00 电=7.98V/1.79A/峰1.95 补余=0.0 IO错=0 倾+0.0
[  110.220] TLM t=  57.0 L1·A@-75 L2·A@-71 L3·A@-75 R1Pr@-- R2·A@-71 R3·A@-69 罐=无罐 泵=0 阀=111011 速=+0,+0,+0.00 电=7.97V/1.87A/峰1.95 补余=0.0 IO错=0 倾+0.0
[  110.293] EVT 吸附 R1 released→pressing 在态3.60s -0.0kPa
[  110.294] EVT 相位 R1 press→wait
[  110.619] EVT 吸附 R1 pressing→sucking 在态0.32s -0.0kPa
[  110.620] EVT 阀 R1 →抽气位
[  110.637] EVT 泵 开 最差盘压-67.8
[  110.723] TLM t=  57.0 L1·A@-74 L2·A@-71 L3·A@-75 R1Ws@-16 R2·A@-70 R3·A@-68 罐=无罐 泵=1 阀=111111 速=+0,+0,+0.00 电=7.94V/1.79A/峰1.95 补余=0.0 IO错=0 倾+0.0
[  110.978] EVT 吸附 R1 sucking→attached 在态0.36s -63.2kPa
[  110.988] EVT 相位 R1 wait→stance
[  110.988] EVT 抬落完成，轮到 L2
[  111.229] TLM t=  57.2 L1·A@-74 L2·A@-72 L3·A@-75 R1·A@-71 R2·A@-72 R3·A@-72 罐=无罐 泵=1 阀=111111 速=+0,+0,+0.00 电=7.97V/1.79A/峰1.95 补余=0.0 IO错=0 倾+0.0
[  111.540] EVT 泵 停 最差盘压-75.1
[  111.747] TLM t=  57.8 L1·A@-76 L2·A@-76 L3·A@-76 R1·A@-76 R2·A@-76 R3·A@-76 罐=无罐 泵=0 阀=111111 速=+0,+0,+0.00 电=7.97V/1.79A/峰1.95 补余=0.0 IO错=0 倾+0.0
[  112.258] TLM t=  58.3 L1·A@-76 L2·A@-76 L3·A@-76 R1·A@-75 R2·A@-76 R3·A@-75 罐=无罐 泵=0 阀=111111 速=+0,+0,+0.00 电=7.97V/1.71A/峰1.95 补余=0.0 IO错=0 倾+0.0
[  112.763] TLM t=  58.8 L1·A@-76 L2·A@-75 L3·A@-76 R1·A@-75 R2·A@-75 R3·A@-75 罐=无罐 泵=0 阀=111111 速=+0,+0,+0.00 电=7.98V/1.79A/峰1.95 补余=0.0 IO错=0 倾+0.0
[  113.285] TLM t=  59.3 L1·A@-76 L2·A@-75 L3·A@-76 R1·A@-75 R2·A@-75 R3·A@-74 罐=无罐 泵=0 阀=111111 速=+0,+0,+0.00 电=7.98V/1.87A/峰1.95 补余=0.0 IO错=0 倾+0.0
[  113.450] EVT 原地抬起受理：L2
[  113.450] EVT 键 'i' 倾=+0.0待=+0.0
[  113.457] EVT 吸附 L2 attached→venting 在态73.50s -74.5kPa
[  113.458] EVT 相位 L2 stance→vent 落点Δ(+0.0,+0.0)
[  113.478] EVT 阀 L2 →排气位
[  113.756] EVT 相位 L2 vent→lift
[  113.787] TLM t=  60.9 L1·A@-76 L2Lv@-74 L3·A@-76 R1·A@-75 R2·A@-74 R3·A@-74 罐=无罐 泵=0 阀=101111 速=+0,+0,+0.00 电=7.97V/1.63A/峰1.95 补余=0.0 IO错=0 倾+0.0
[  113.878] EVT 吸附 L2 venting→released 在态0.42s 0.2kPa
[  114.306] TLM t=  61.2 L1·A@-76 L2Lr@-- L3·A@-76 R1·A@-75 R2·A@-74 R3·A@-73 罐=无罐 泵=0 阀=101111 速=+0,+0,+0.00 电=7.98V/1.79A/峰1.95 补余=0.0 IO错=0 倾+0.0
[  114.599] EVT 相位 L2 lift→transfer
[  114.811] TLM t=  61.2 L1·A@-76 L2Tr@-- L3·A@-76 R1·A@-75 R2·A@-73 R3·A@-72 罐=无罐 泵=0 阀=101111 速=+0,+0,+0.00 电=7.96V/1.71A/峰1.95 补余=0.0 IO错=0 倾+0.0
[  115.223] EVT 相位 L2 transfer→hover
[  115.330] TLM t=  61.2 L1·A@-75 L2Hr@-- L3·A@-76 R1·A@-75 R2·A@-73 R3·A@-71 罐=无罐 泵=0 阀=101111 速=+0,+0,+0.00 电=7.98V/1.55A/峰1.95 补余=0.0 IO错=0 倾+0.0
[  115.831] TLM t=  61.2 L1·A@-75 L2Hr@-- L3·A@-76 R1·A@-74 R2·A@-72 R3·A@-70 罐=无罐 泵=0 阀=101111 速=+0,+0,+0.00 电=7.97V/1.63A/峰1.95 补余=0.0 IO错=0 倾+0.0
[  116.197] EVT 落地：L2
[  116.197] EVT 键 'i' 倾=+0.0待=+0.0
[  116.198] EVT 相位 L2 hover→descend
[  116.353] TLM t=  61.2 L1·A@-75 L2Dr@-- L3·A@-75 R1·A@-74 R2·A@-72 R3·A@-69 罐=无罐 泵=0 阀=101111 速=+0,+0,+0.00 电=7.98V/1.63A/峰1.95 补余=0.0 IO错=0 倾+0.0
[  116.682] EVT 相位 L2 descend→press
[  116.860] TLM t=  61.2 L1·A@-75 L2Pr@-- L3·A@-75 R1·A@-74 R2·A@-71 R3·A@-68 罐=无罐 泵=0 阀=101111 速=+0,+0,+0.00 电=7.96V/1.71A/峰1.95 补余=0.0 IO错=0 倾+0.0
[  117.375] TLM t=  61.2 L1·A@-75 L2Pr@-- L3·A@-75 R1·A@-74 R2·A@-71 R3·A@-67 罐=无罐 泵=0 阀=101111 速=+0,+0,+0.00 电=7.97V/1.71A/峰1.95 补余=0.0 IO错=0 倾+0.0
[  117.883] TLM t=  61.2 L1·A@-75 L2Pr@-- L3·A@-75 R1·A@-74 R2·A@-70 R3·A@-66 罐=无罐 泵=0 阀=101111 速=+0,+0,+0.00 电=7.96V/1.79A/峰1.95 补余=0.0 IO错=0 倾+0.0
[  117.884] EVT 吸附 L2 released→pressing 在态4.00s 0.2kPa
[  117.885] EVT 相位 L2 press→wait
[  118.210] EVT 吸附 L2 pressing→sucking 在态0.32s 0.2kPa
[  118.211] EVT 阀 L2 →抽气位
[  118.234] EVT 泵 开 最差盘压-65.5
[  118.401] TLM t=  61.2 L1·A@-75 L2Ws@-51 L3·A@-75 R1·A@-74 R2·A@-70 R3·A@-65 罐=无罐 泵=1 阀=111111 速=+0,+0,+0.00 电=7.96V/1.55A/峰1.95 补余=0.0 IO错=0 倾+0.0
[  118.506] EVT 吸附 L2 sucking→attached 在态0.30s -60.4kPa
[  118.512] EVT 相位 L2 wait→stance
[  118.512] EVT 抬落完成，轮到 R3
[  118.903] TLM t=  61.6 L1·A@-74 L2·A@-73 L3·A@-75 R1·A@-74 R2·A@-72 R3·A@-73 罐=无罐 泵=1 阀=111111 速=+0,+0,+0.00 电=7.94V/1.55A/峰1.95 补余=0.0 IO错=0 倾+0.0
[  119.136] EVT 泵 停 最差盘压-75.1
[  119.422] TLM t=  62.1 L1·A@-76 L2·A@-76 L3·A@-76 R1·A@-76 R2·A@-76 R3·A@-76 罐=无罐 泵=0 阀=111111 速=+0,+0,+0.00 电=7.98V/1.63A/峰1.95 补余=0.0 IO错=0 倾+0.0
[  119.925] TLM t=  62.6 L1·A@-76 L2·A@-75 L3·A@-76 R1·A@-75 R2·A@-76 R3·A@-75 罐=无罐 泵=0 阀=111111 速=+0,+0,+0.00 电=8.00V/1.63A/峰1.95 补余=0.0 IO错=0 倾+0.0
[  120.391] EVT 原地抬起受理：R3
[  120.391] EVT 键 'i' 倾=+0.0待=+0.0
[  120.399] EVT 吸附 R3 attached→venting 在态37.26s -74.5kPa
[  120.400] EVT 相位 R3 stance→vent 落点Δ(+0.0,+0.0)
[  120.415] EVT 阀 R3 →排气位
[  120.441] TLM t=  64.9 L1·A@-76 L2·A@-75 L3·A@-76 R1·A@-75 R2·A@-75 R3Vv@-75 罐=无罐 泵=0 阀=111110 速=+0,+0,+0.00 电=7.97V/1.71A/峰1.95 补余=0.0 IO错=0 倾+0.0
[  120.701] EVT 相位 R3 vent→lift
[  120.838] EVT 吸附 R3 venting→released 在态0.44s 0.2kPa
[  120.950] TLM t=  65.4 L1·A@-76 L2·A@-74 L3·A@-76 R1·A@-75 R2·A@-74 R3Lr@-- 罐=无罐 泵=0 阀=111110 速=+0,+0,+0.00 电=7.98V/1.30A/峰1.95 补余=0.0 IO错=0 倾+0.0
[  121.465] TLM t=  65.4 L1·A@-75 L2·A@-74 L3·A@-76 R1·A@-75 R2·A@-74 R3Lr@-- 罐=无罐 泵=0 阀=111110 速=+0,+0,+0.00 电=7.98V/1.47A/峰1.95 补余=0.0 IO错=0 倾+0.0
[  121.543] EVT 相位 R3 lift→transfer
[  121.971] TLM t=  65.4 L1·A@-75 L2·A@-73 L3·A@-76 R1·A@-75 R2·A@-73 R3Tr@-- 罐=无罐 泵=0 阀=111110 速=+0,+0,+0.00 电=7.99V/1.55A/峰1.95 补余=0.0 IO错=0 倾+0.0
[  122.160] EVT 相位 R3 transfer→hover
[  122.490] TLM t=  65.4 L1·A@-75 L2·A@-73 L3·A@-76 R1·A@-75 R2·A@-73 R3Hr@-- 罐=无罐 泵=0 阀=111110 速=+0,+0,+0.00 电=7.98V/1.47A/峰1.95 补余=0.0 IO错=0 倾+0.0
[  122.798] EVT 落地：R3
[  122.798] EVT 键 'i' 倾=+0.0待=+0.0
[  122.807] EVT 相位 R3 hover→descend
[  122.998] TLM t=  65.4 L1·A@-75 L2·A@-72 L3·A@-76 R1·A@-75 R2·A@-72 R3Dr@-- 罐=无罐 泵=0 阀=111110 速=+0,+0,+0.00 电=7.98V/1.47A/峰1.95 补余=0.0 IO错=0 倾+0.0
[  123.288] EVT 相位 R3 descend→press
[  123.511] TLM t=  65.4 L1·A@-75 L2·A@-72 L3·A@-75 R1·A@-75 R2·A@-72 R3Pr@-- 罐=无罐 泵=0 阀=111110 速=+0,+0,+0.00 电=7.99V/1.38A/峰1.95 补余=0.0 IO错=0 倾+0.0
[  124.021] TLM t=  65.4 L1·A@-75 L2·A@-71 L3·A@-75 R1·A@-75 R2·A@-71 R3Pr@-- 罐=无罐 泵=0 阀=111110 速=+0,+0,+0.00 电=7.99V/1.38A/峰1.95 补余=0.0 IO错=0 倾+0.0
[  124.491] EVT 吸附 R3 released→pressing 在态3.64s 0.2kPa
[  124.491] EVT 相位 R3 press→wait
[  124.537] TLM t=  65.4 L1·A@-75 L2·A@-71 L3·A@-75 R1·A@-75 R2·A@-71 R3Wp@-- 罐=无罐 泵=0 阀=111110 速=+0,+0,+0.00 电=7.99V/1.38A/峰1.95 补余=0.0 IO错=0 倾+0.0
[  124.807] EVT 吸附 R3 pressing→sucking 在态0.32s 0.2kPa
[  124.807] EVT 阀 R3 →抽气位
[  124.830] EVT 泵 开 最差盘压-70.2
[  125.041] TLM t=  65.4 L1·A@-75 L2·A@-70 L3·A@-75 R1·A@-75 R2·A@-70 R3Ws@-57 罐=无罐 泵=1 阀=111111 速=+0,+0,+0.00 电=7.95V/1.47A/峰1.95 补余=0.0 IO错=0 倾+0.0
[  125.107] EVT 吸附 R3 sucking→attached 在态0.30s -61.7kPa
[  125.108] EVT 相位 R3 wait→stance
[  125.108] EVT 抬落完成，轮到 L1
[  125.563] TLM t=  65.8 L1·A@-75 L2·A@-74 L3·A@-75 R1·A@-75 R2·A@-75 R3·A@-75 罐=无罐 泵=1 阀=111111 速=+0,+0,+0.00 电=7.97V/1.47A/峰1.95 补余=0.0 IO错=0 倾+0.0
[  125.696] EVT 泵 停 最差盘压-75.2
[  126.064] TLM t=  66.3 L1·A@-76 L2·A@-76 L3·A@-76 R1·A@-76 R2·A@-76 R3·A@-76 罐=无罐 泵=0 阀=111111 速=+0,+0,+0.00 电=8.00V/1.47A/峰1.95 补余=0.0 IO错=0 倾+0.0
[  126.585] TLM t=  66.9 L1·A@-76 L2·A@-76 L3·A@-76 R1·A@-76 R2·A@-76 R3·A@-75 罐=无罐 泵=0 阀=111111 速=+0,+0,+0.00 电=7.99V/1.47A/峰1.95 补余=0.0 IO错=0 倾+0.0
[  126.691] EVT 原地抬起受理：L1
[  126.691] EVT 键 'i' 倾=+0.0待=+0.0
[  126.696] EVT 吸附 L1 attached→venting 在态37.22s -76.2kPa
[  126.697] EVT 相位 L1 stance→vent 落点Δ(+0.0,+0.0)
[  126.717] EVT 阀 L1 →排气位
[  126.997] EVT 相位 L1 vent→lift
[  127.089] TLM t=  69.4 L1Lv@-76 L2·A@-75 L3·A@-76 R1·A@-76 R2·A@-75 R3·A@-74 罐=无罐 泵=0 阀=011111 速=+0,+0,+0.00 电=7.93V/2.12A/峰2.12 补余=0.0 IO错=0 倾+0.0
[  127.120] EVT 吸附 L1 venting→released 在态0.42s -0.1kPa
[  127.607] TLM t=  69.6 L1Lr@-- L2·A@-75 L3·A@-76 R1·A@-75 R2·A@-75 R3·A@-73 罐=无罐 泵=0 阀=011111 速=+0,+0,+0.00 电=7.97V/1.95A/峰2.12 补余=0.0 IO错=0 倾+0.0
[  127.849] EVT 相位 L1 lift→transfer
[  128.126] TLM t=  69.6 L1Tr@-- L2·A@-74 L3·A@-76 R1·A@-75 R2·A@-74 R3·A@-73 罐=无罐 泵=0 阀=011111 速=+0,+0,+0.00 电=7.96V/1.87A/峰2.12 补余=0.0 IO错=0 倾+0.0
[  128.479] EVT 相位 L1 transfer→hover
[  128.639] TLM t=  69.6 L1Hr@-- L2·A@-74 L3·A@-76 R1·A@-75 R2·A@-74 R3·A@-72 罐=无罐 泵=0 阀=011111 速=+0,+0,+0.00 电=7.96V/1.71A/峰2.12 补余=0.0 IO错=0 倾+0.0
[  129.092] EVT 落地：L1
[  129.092] EVT 键 'i' 倾=+0.0待=+0.0
[  129.098] EVT 相位 L1 hover→descend
[  129.147] TLM t=  69.6 L1Dr@-- L2·A@-73 L3·A@-76 R1·A@-75 R2·A@-73 R3·A@-71 罐=无罐 泵=0 阀=011111 速=+0,+0,+0.00 电=7.95V/1.87A/峰2.12 补余=0.0 IO错=0 倾+0.0
[  129.579] EVT 相位 L1 descend→press
[  129.661] TLM t=  69.6 L1Pr@-- L2·A@-73 L3·A@-76 R1·A@-75 R2·A@-73 R3·A@-71 罐=无罐 泵=0 阀=011111 速=+0,+0,+0.00 电=7.98V/1.79A/峰2.12 补余=0.0 IO错=0 倾+0.0
[  130.173] TLM t=  69.6 L1Pr@-- L2·A@-72 L3·A@-76 R1·A@-75 R2·A@-72 R3·A@-70 罐=无罐 泵=0 阀=011111 速=+0,+0,+0.00 电=7.94V/1.87A/峰2.12 补余=0.0 IO错=0 倾+0.0
[  130.689] TLM t=  69.6 L1Pr@-- L2·A@-72 L3·A@-76 R1·A@-75 R2·A@-72 R3·A@-69 罐=无罐 泵=0 阀=011111 速=+0,+0,+0.00 电=7.95V/1.87A/峰2.12 补余=0.0 IO错=0 倾+0.0
[  130.782] EVT 吸附 L1 released→pressing 在态3.64s -0.1kPa
[  130.783] EVT 相位 L1 press→wait
[  131.098] EVT 吸附 L1 pressing→sucking 在态0.32s -0.1kPa
[  131.098] EVT 阀 L1 →抽气位
[  131.126] EVT 泵 开 最差盘压-68.9
[  131.195] TLM t=  69.6 L1Ws@-16 L2·A@-71 L3·A@-75 R1·A@-75 R2·A@-71 R3·A@-69 罐=无罐 泵=1 阀=111111 速=+0,+0,+0.00 电=7.95V/1.87A/峰2.12 补余=0.0 IO错=0 倾+0.0
[  131.459] EVT 吸附 L1 sucking→attached 在态0.36s -63.0kPa
[  131.459] EVT 相位 L1 wait→stance
[  131.459] EVT 抬落完成，轮到 R2
[  131.695] TLM t=  69.8 L1·A@-71 L2·A@-72 L3·A@-75 R1·A@-75 R2·A@-72 R3·A@-72 罐=无罐 泵=1 阀=111111 速=+0,+0,+0.00 电=7.93V/1.87A/峰2.12 补余=0.0 IO错=0 倾+0.0
[  132.029] EVT 泵 停 最差盘压-75.0
[  132.217] TLM t=  70.3 L1·A@-76 L2·A@-76 L3·A@-76 R1·A@-76 R2·A@-76 R3·A@-76 罐=无罐 泵=0 阀=111111 速=+0,+0,+0.00 电=7.98V/1.71A/峰2.12 补余=0.0 IO错=0 倾+0.0
[  132.721] TLM t=  70.8 L1·A@-76 L2·A@-76 L3·A@-76 R1·A@-76 R2·A@-76 R3·A@-76 罐=无罐 泵=0 阀=111111 速=+0,+0,+0.00 电=7.97V/1.71A/峰2.12 补余=0.0 IO错=0 倾+0.0
[  132.987] EVT 原地抬起受理：R2
[  132.987] EVT 键 'i' 倾=+0.0待=+0.0
[  132.995] EVT 吸附 R2 attached→venting 在态36.12s -75.5kPa
[  132.995] EVT 相位 R2 stance→vent 落点Δ(+0.0,+0.0)
[  133.012] EVT 阀 R2 →排气位
[  133.242] TLM t=  73.5 L1·A@-76 L2·A@-75 L3·A@-76 R1·A@-76 R2Vv@-75 R3·A@-75 罐=无罐 泵=0 阀=111101 速=+0,+0,+0.00 电=7.97V/1.71A/峰2.12 补余=0.0 IO错=0 倾+0.0
[  133.296] EVT 相位 R2 vent→lift
[  133.436] EVT 吸附 R2 venting→released 在态0.44s -0.0kPa
[  133.758] TLM t=  73.8 L1·A@-75 L2·A@-75 L3·A@-76 R1·A@-76 R2Lr@-- R3·A@-74 罐=无罐 泵=0 阀=111101 速=+0,+0,+0.00 电=7.97V/1.79A/峰2.12 补余=0.0 IO错=0 倾+0.0
[  134.138] EVT 相位 R2 lift→transfer
[  134.269] TLM t=  73.8 L1·A@-75 L2·A@-74 L3·A@-76 R1·A@-75 R2Tr@-- R3·A@-74 罐=无罐 泵=0 阀=111101 速=+0,+0,+0.00 电=7.96V/1.87A/峰2.12 补余=0.0 IO错=0 倾+0.0
[  134.757] EVT 相位 R2 transfer→hover
[  134.780] TLM t=  73.8 L1·A@-75 L2·A@-74 L3·A@-76 R1·A@-75 R2Hr@-- R3·A@-73 罐=无罐 泵=0 阀=111101 速=+0,+0,+0.00 电=7.95V/2.12A/峰2.12 补余=0.0 IO错=0 倾+0.0
[  135.290] TLM t=  73.8 L1·A@-75 L2·A@-73 L3·A@-76 R1·A@-75 R2Hr@-- R3·A@-73 罐=无罐 泵=0 阀=111101 速=+0,+0,+0.00 电=7.97V/1.55A/峰2.12 补余=0.0 IO错=0 倾+0.0
[  135.394] EVT 落地：R2
[  135.394] EVT 键 'i' 倾=+0.0待=+0.0
[  135.402] EVT 相位 R2 hover→descend
[  135.806] TLM t=  73.8 L1·A@-75 L2·A@-73 L3·A@-76 R1·A@-75 R2Dr@-- R3·A@-72 罐=无罐 泵=0 阀=111101 速=+0,+0,+0.00 电=7.97V/1.71A/峰2.12 补余=0.0 IO错=0 倾+0.0
[  135.883] EVT 相位 R2 descend→press
[  136.313] TLM t=  73.8 L1·A@-74 L2·A@-72 L3·A@-76 R1·A@-75 R2Pr@-- R3·A@-71 罐=无罐 泵=0 阀=111101 速=+0,+0,+0.00 电=7.97V/1.79A/峰2.12 补余=0.0 IO错=0 倾+0.0
[  136.830] TLM t=  73.8 L1·A@-74 L2·A@-72 L3·A@-76 R1·A@-75 R2Pr@-- R3·A@-71 罐=无罐 泵=0 阀=111101 速=+0,+0,+0.00 电=7.95V/1.71A/峰2.12 补余=0.0 IO错=0 倾+0.0
[  137.086] EVT 吸附 R2 released→pressing 在态3.64s -0.0kPa
[  137.087] EVT 相位 R2 press→wait
[  137.336] TLM t=  73.8 L1·A@-74 L2·A@-71 L3·A@-76 R1·A@-75 R2Wp@-- R3·A@-70 罐=无罐 泵=0 阀=111101 速=+0,+0,+0.00 电=7.97V/1.71A/峰2.12 补余=0.0 IO错=0 倾+0.0
[  137.405] EVT 吸附 R2 pressing→sucking 在态0.32s -0.0kPa
[  137.406] EVT 阀 R2 →抽气位
[  137.423] EVT 泵 开 最差盘压-69.9
[  137.703] EVT 吸附 R2 sucking→attached 在态0.30s -60.7kPa
[  137.706] EVT 相位 R2 wait→stance
[  137.706] EVT 抬落完成，轮到 L3
[  137.852] TLM t=  73.9 L1·A@-74 L2·A@-71 L3·A@-76 R1·A@-75 R2·A@-68 R3·A@-69 罐=无罐 泵=1 阀=111111 速=+0,+0,+0.00 电=7.92V/1.79A/峰2.12 补余=0.0 IO错=0 倾+0.0
[  138.351] EVT 泵 停 最差盘压-75.4
[  138.363] TLM t=  74.4 L1·A@-76 L2·A@-76 L3·A@-76 R1·A@-75 R2·A@-76 R3·A@-76 罐=无罐 泵=0 阀=111111 速=+0,+0,+0.00 电=7.95V/1.71A/峰2.12 补余=0.0 IO错=0 倾+0.0
[  138.876] TLM t=  75.0 L1·A@-76 L2·A@-76 L3·A@-76 R1·A@-76 R2·A@-76 R3·A@-76 罐=无罐 泵=0 阀=111111 速=+0,+0,+0.00 电=7.97V/1.79A/峰2.12 补余=0.0 IO错=0 倾+0.0
[  139.389] TLM t=  75.5 L1·A@-76 L2·A@-76 L3·A@-76 R1·A@-76 R2·A@-75 R3·A@-75 罐=无罐 泵=0 阀=111111 速=+0,+0,+0.00 电=7.99V/1.63A/峰2.12 补余=0.0 IO错=0 倾+0.0
[  139.549] EVT 原地抬起受理：L3
[  139.549] EVT 键 'i' 倾=+0.0待=+0.0
[  139.557] EVT 吸附 L3 attached→venting 在态35.56s -76.4kPa
[  139.558] EVT 相位 L3 stance→vent 落点Δ(+0.0,+0.0)
[  139.573] EVT 阀 L3 →排气位
[  139.859] EVT 相位 L3 vent→lift
[  139.881] TLM t=  77.7 L1·A@-76 L2·A@-75 L3Lv@-76 R1·A@-76 R2·A@-75 R3·A@-75 罐=无罐 泵=0 阀=110111 速=+0,+0,+0.00 电=7.98V/1.47A/峰2.12 补余=0.0 IO错=0 倾+0.0
[  139.996] EVT 吸附 L3 venting→released 在态0.44s 0.1kPa
[  140.387] TLM t=  78.0 L1·A@-76 L2·A@-75 L3Lr@-- R1·A@-75 R2·A@-74 R3·A@-74 罐=无罐 泵=0 阀=110111 速=+0,+0,+0.00 电=7.96V/1.63A/峰2.12 补余=0.0 IO错=0 倾+0.0
[  140.701] EVT 相位 L3 lift→transfer
[  140.893] TLM t=  78.0 L1·A@-76 L2·A@-74 L3Tr@-- R1·A@-75 R2·A@-73 R3·A@-73 罐=无罐 泵=0 阀=110111 速=+0,+0,+0.00 电=7.97V/1.71A/峰2.12 补余=0.0 IO错=0 倾+0.0
[  141.322] EVT 相位 L3 transfer→hover
[  141.391] TLM t=  78.0 L1·A@-76 L2·A@-74 L3Hr@-- R1·A@-75 R2·A@-73 R3·A@-73 罐=无罐 泵=0 阀=110111 速=+0,+0,+0.00 电=7.98V/1.47A/峰2.12 补余=0.0 IO错=0 倾+0.0
[  141.893] TLM t=  78.0 L1·A@-75 L2·A@-73 L3Hr@-- R1·A@-75 R2·A@-72 R3·A@-72 罐=无罐 泵=0 阀=110111 速=+0,+0,+0.00 电=7.98V/1.47A/峰2.12 补余=0.0 IO错=0 倾+0.0
[  141.901] EVT 落地：L3
[  141.901] EVT 键 'i' 倾=+0.0待=+0.0
[  141.909] EVT 相位 L3 hover→descend
[  142.390] EVT 相位 L3 descend→press
[  142.400] TLM t=  78.0 L1·A@-75 L2·A@-73 L3Pr@-- R1·A@-75 R2·A@-72 R3·A@-72 罐=无罐 泵=0 阀=110111 速=+0,+0,+0.00 电=7.98V/1.38A/峰2.12 补余=0.0 IO错=0 倾+0.0
[  142.917] TLM t=  78.0 L1·A@-75 L2·A@-72 L3Pr@-- R1·A@-74 R2·A@-71 R3·A@-71 罐=无罐 泵=0 阀=110111 速=+0,+0,+0.00 电=7.98V/1.47A/峰2.12 补余=0.0 IO错=0 倾+0.0
[  143.421] TLM t=  78.0 L1·A@-75 L2·A@-72 L3Pr@-- R1·A@-74 R2·A@-71 R3·A@-70 罐=无罐 泵=0 阀=110111 速=+0,+0,+0.00 电=7.98V/1.47A/峰2.12 补余=0.0 IO错=0 倾+0.0
[  143.593] EVT 吸附 L3 released→pressing 在态3.58s 0.1kPa
[  143.594] EVT 相位 L3 press→wait
[  143.909] EVT 吸附 L3 pressing→sucking 在态0.32s 0.1kPa
[  143.910] EVT 阀 L3 →抽气位
[  143.932] EVT 泵 开 最差盘压-69.7
[  143.941] TLM t=  78.0 L1·A@-75 L2·A@-71 L3Ws@-8 R1·A@-74 R2·A@-70 R3·A@-70 罐=无罐 泵=1 阀=111111 速=+0,+0,+0.00 电=7.87V/1.47A/峰2.12 补余=0.0 IO错=0 倾+0.0
[  144.207] EVT 吸附 L3 sucking→attached 在态0.30s -55.8kPa
[  144.211] EVT 相位 L3 wait→stance
[  144.211] EVT 抬落完成，轮到 R1
[  144.461] TLM t=  78.2 L1·A@-75 L2·A@-71 L3·A@-68 R1·A@-74 R2·A@-69 R3·A@-70 罐=无罐 泵=1 阀=111111 速=+0,+0,+0.00 电=7.96V/1.38A/峰2.12 补余=0.0 IO错=0 倾+0.0
[  144.918] EVT 泵 停 最差盘压-75.0
[  144.963] TLM t=  78.7 L1·A@-76 L2·A@-76 L3·A@-76 R1·A@-75 R2·A@-76 R3·A@-76 罐=无罐 泵=0 阀=111111 速=+0,+0,+0.00 电=7.98V/1.55A/峰2.12 补余=0.0 IO错=0 倾+0.0
[  145.467] TLM t=  79.2 L1·A@-76 L2·A@-76 L3·A@-76 R1·A@-75 R2·A@-76 R3·A@-76 罐=无罐 泵=0 阀=111111 速=+0,+0,+0.00 电=7.98V/1.47A/峰2.12 补余=0.0 IO错=0 倾+0.0
[  145.571] EVT 原地抬起受理：R1
[  145.571] EVT 键 'i' 倾=+0.0待=+0.0
[  145.579] EVT 吸附 R1 attached→venting 在态34.46s -75.3kPa
[  145.580] EVT 相位 R1 stance→vent 落点Δ(+0.0,+0.0)
[  145.595] EVT 阀 R1 →排气位
[  145.878] EVT 相位 R1 vent→lift
[  145.986] TLM t=  82.0 L1·A@-76 L2·A@-75 L3·A@-75 R1Lv@-75 R2·A@-75 R3·A@-75 罐=无罐 泵=0 阀=111011 速=+0,+0,+0.00 电=7.95V/1.87A/峰2.12 补余=0.0 IO错=0 倾+0.0
[  146.000] EVT 吸附 R1 venting→released 在态0.42s -0.1kPa
[  146.488] TLM t=  82.2 L1·A@-76 L2·A@-75 L3·A@-75 R1Lr@-- R2·A@-74 R3·A@-74 罐=无罐 泵=0 阀=111011 速=+0,+0,+0.00 电=7.95V/1.87A/峰2.12 补余=0.0 IO错=0 倾+0.0
[  146.720] EVT 相位 R1 lift→transfer
[  147.009] TLM t=  82.2 L1·A@-75 L2·A@-74 L3·A@-75 R1Tr@-- R2·A@-74 R3·A@-73 罐=无罐 泵=0 阀=111011 速=+0,+0,+0.00 电=7.95V/1.79A/峰2.12 补余=0.0 IO错=0 倾+0.0
[  147.340] EVT 相位 R1 transfer→hover
[  147.511] TLM t=  82.2 L1·A@-75 L2·A@-74 L3·A@-75 R1Hr@-- R2·A@-73 R3·A@-73 罐=无罐 泵=0 阀=111011 速=+0,+0,+0.00 电=7.95V/1.79A/峰2.12 补余=0.0 IO错=0 倾+0.0
[  147.938] EVT 落地：R1
[  147.938] EVT 键 'i' 倾=+0.0待=+0.0
[  147.941] EVT 相位 R1 hover→descend
[  148.033] TLM t=  82.2 L1·A@-75 L2·A@-73 L3·A@-75 R1Dr@-- R2·A@-73 R3·A@-72 罐=无罐 泵=0 阀=111011 速=+0,+0,+0.00 电=7.96V/1.87A/峰2.12 补余=0.0 IO错=0 倾+0.0
[  148.425] EVT 相位 R1 descend→press
[  148.536] TLM t=  82.2 L1·A@-75 L2·A@-73 L3·A@-75 R1Pr@-- R2·A@-72 R3·A@-71 罐=无罐 泵=0 阀=111011 速=+0,+0,+0.00 电=7.96V/1.71A/峰2.12 补余=0.0 IO错=0 倾+0.0
[  149.057] TLM t=  82.2 L1·A@-75 L2·A@-72 L3·A@-75 R1Pr@-- R2·A@-72 R3·A@-71 罐=无罐 泵=0 阀=111011 速=+0,+0,+0.00 电=7.96V/1.71A/峰2.12 补余=0.0 IO错=0 倾+0.0
[  149.561] TLM t=  82.2 L1·A@-75 L2·A@-72 L3·A@-75 R1Pr@-- R2·A@-71 R3·A@-70 罐=无罐 泵=0 阀=111011 速=+0,+0,+0.00 电=7.96V/1.87A/峰2.12 补余=0.0 IO错=0 倾+0.0
[  149.628] EVT 吸附 R1 released→pressing 在态3.62s -0.1kPa
[  149.628] EVT 相位 R1 press→wait
[  149.951] EVT 吸附 R1 pressing→sucking 在态0.32s -0.1kPa
[  149.951] EVT 阀 R1 →抽气位
[  149.974] EVT 泵 开 最差盘压-69.2
[  150.081] TLM t=  82.2 L1·A@-75 L2·A@-71 L3·A@-75 R1Ws@-17 R2·A@-71 R3·A@-69 罐=无罐 泵=1 阀=111111 速=+0,+0,+0.00 电=7.96V/1.55A/峰2.12 补余=0.0 IO错=0 倾+0.0
[  150.310] EVT 吸附 R1 sucking→attached 在态0.36s -64.4kPa
[  150.312] EVT 相位 R1 wait→stance
[  150.312] EVT 抬落完成，轮到 L2
[  150.585] TLM t=  82.5 L1·A@-75 L2·A@-73 L3·A@-75 R1·A@-72 R2·A@-73 R3·A@-72 罐=无罐 泵=1 阀=111111 速=+0,+0,+0.00 电=7.96V/1.63A/峰2.12 补余=0.0 IO错=0 倾+0.0
[  150.877] EVT 泵 停 最差盘压-75.5
[  151.102] TLM t=  83.0 L1·A@-77 L2·A@-77 L3·A@-76 R1·A@-76 R2·A@-76 R3·A@-76 罐=无罐 泵=0 阀=111111 速=+0,+0,+0.00 电=7.96V/1.95A/峰2.12 补余=0.0 IO错=0 倾+0.0
[  151.591] EVT 原地抬起受理：L2
[  151.591] EVT 键 'i' 倾=+0.0待=+0.0
[  151.598] EVT 吸附 L2 attached→venting 在态32.96s -76.0kPa
[  151.599] EVT 相位 L2 stance→vent 落点Δ(+0.0,+0.0)
[  151.608] TLM t=  85.8 L1·A@-76 L2Vv@-76 L3·A@-76 R1·A@-76 R2·A@-76 R3·A@-76 罐=无罐 泵=0 阀=111111 速=+0,+0,+0.00 电=7.98V/1.71A/峰2.12 补余=0.0 IO错=0 倾+0.0
[  151.614] EVT 阀 L2 →排气位
[  151.897] EVT 相位 L2 vent→lift
[  152.020] EVT 吸附 L2 venting→released 在态0.42s 0.3kPa
[  152.128] TLM t=  86.3 L1·A@-76 L2Lr@-- L3·A@-76 R1·A@-75 R2·A@-75 R3·A@-75 罐=无罐 泵=0 阀=101111 速=+0,+0,+0.00 电=7.97V/1.79A/峰2.12 补余=0.0 IO错=0 倾+0.0
[  152.629] TLM t=  86.4 L1·A@-76 L2Lr@-- L3·A@-76 R1·A@-75 R2·A@-75 R3·A@-74 罐=无罐 泵=0 阀=101111 速=+0,+0,+0.00 电=7.96V/1.79A/峰2.12 补余=0.0 IO错=0 倾+0.0
[  152.741] EVT 相位 L2 lift→transfer
[  153.152] TLM t=  86.4 L1·A@-76 L2Tr@-- L3·A@-76 R1·A@-75 R2·A@-74 R3·A@-74 罐=无罐 泵=0 阀=101111 速=+0,+0,+0.00 电=7.97V/1.71A/峰2.12 补余=0.0 IO错=0 倾+0.0
[  153.363] EVT 相位 L2 transfer→hover
[  153.658] TLM t=  86.4 L1·A@-76 L2Hr@-- L3·A@-76 R1·A@-75 R2·A@-74 R3·A@-73 罐=无罐 泵=0 阀=101111 速=+0,+0,+0.00 电=7.98V/1.55A/峰2.12 补余=0.0 IO错=0 倾+0.0
[  153.801] EVT 落地：L2
[  153.801] EVT 键 'i' 倾=+0.0待=+0.0
[  153.807] EVT 相位 L2 hover→descend
[  154.176] TLM t=  86.4 L1·A@-76 L2Dr@-- L3·A@-76 R1·A@-75 R2·A@-73 R3·A@-72 罐=无罐 泵=0 阀=101111 速=+0,+0,+0.00 电=7.96V/1.63A/峰2.12 补余=0.0 IO错=0 倾+0.0
[  154.294] EVT 相位 L2 descend→press
[  154.691] TLM t=  86.4 L1·A@-76 L2Pr@-- L3·A@-76 R1·A@-75 R2·A@-73 R3·A@-71 罐=无罐 泵=0 阀=101111 速=+0,+0,+0.00 电=7.96V/1.71A/峰2.12 补余=0.0 IO错=0 倾+0.0
[  155.207] TLM t=  86.4 L1·A@-76 L2Pr@-- L3·A@-76 R1·A@-75 R2·A@-72 R3·A@-70 罐=无罐 泵=0 阀=101111 速=+0,+0,+0.00 电=7.96V/1.71A/峰2.12 补余=0.0 IO错=0 倾+0.0
[  155.497] EVT 吸附 L2 released→pressing 在态3.46s 0.3kPa
[  155.497] EVT 相位 L2 press→wait
[  155.716] TLM t=  86.4 L1·A@-75 L2Wp@-- L3·A@-76 R1·A@-75 R2·A@-72 R3·A@-69 罐=无罐 泵=0 阀=101111 速=+0,+0,+0.00 电=7.96V/1.79A/峰2.12 补余=0.0 IO错=0 倾+0.0
[  155.798] EVT 吸附 L2 pressing→sucking 在态0.30s 0.3kPa
[  155.798] EVT 阀 L2 →抽气位
[  155.826] EVT 泵 开 最差盘压-69.2
[  156.079] EVT 吸附 L2 sucking→attached 在态0.28s -62.7kPa
[  156.087] EVT 相位 L2 wait→stance
[  156.087] EVT 抬落完成，轮到 R3
[  156.217] TLM t=  86.5 L1·A@-75 L2·A@-68 L3·A@-76 R1·A@-75 R2·A@-71 R3·A@-69 罐=无罐 泵=1 阀=111111 速=+0,+0,+0.00 电=7.94V/1.63A/峰2.12 补余=0.0 IO错=0 倾+0.0
[  156.671] EVT 泵 停 最差盘压-75.3
[  156.741] TLM t=  87.0 L1·A@-76 L2·A@-77 L3·A@-76 R1·A@-76 R2·A@-76 R3·A@-76 罐=无罐 泵=0 阀=111111 速=+0,+0,+0.00 电=7.97V/1.63A/峰2.12 补余=0.0 IO错=0 倾+0.0
[  157.105] EVT 原地抬起受理：R3
[  157.105] EVT 键 'i' 倾=+0.0待=+0.0
[  157.113] EVT 吸附 R3 attached→venting 在态31.86s -76.0kPa
[  157.113] EVT 相位 R3 stance→vent 落点Δ(+0.0,+0.0)
[  157.125] EVT 阀 R3 →排气位
[  157.257] TLM t=  90.2 L1·A@-76 L2·A@-76 L3·A@-76 R1·A@-76 R2·A@-76 R3Vv@-76 罐=无罐 泵=0 阀=111110 速=+0,+0,+0.00 电=7.97V/1.30A/峰2.12 补余=0.0 IO错=0 倾+0.0
[  157.411] EVT 相位 R3 vent→lift
[  157.534] EVT 吸附 R3 venting→released 在态0.42s 0.1kPa
[  157.765] TLM t=  90.6 L1·A@-76 L2·A@-75 L3·A@-76 R1·A@-76 R2·A@-75 R3Lr@-- 罐=无罐 泵=0 阀=111110 速=+0,+0,+0.00 电=7.98V/1.47A/峰2.12 补余=0.0 IO错=0 倾+0.0
[  158.253] EVT 相位 R3 lift→transfer
[  158.277] TLM t=  90.6 L1·A@-76 L2·A@-75 L3·A@-76 R1·A@-75 R2·A@-75 R3Tr@-- 罐=无罐 泵=0 阀=111110 速=+0,+0,+0.00 电=7.98V/1.47A/峰2.12 补余=0.0 IO错=0 倾+0.0
[  158.788] TLM t=  90.6 L1·A@-76 L2·A@-74 L3·A@-76 R1·A@-75 R2·A@-74 R3Tr@-- 罐=无罐 泵=0 阀=111110 速=+0,+0,+0.00 电=7.98V/1.79A/峰2.12 补余=0.0 IO错=0 倾+0.0
[  158.870] EVT 相位 R3 transfer→hover
[  159.191] EVT 落地：R3
[  159.191] EVT 键 'i' 倾=+0.0待=+0.0
[  159.199] EVT 相位 R3 hover→descend
[  159.301] TLM t=  90.6 L1·A@-76 L2·A@-74 L3·A@-76 R1·A@-75 R2·A@-74 R3Dr@-- 罐=无罐 泵=0 阀=111110 速=+0,+0,+0.00 电=7.98V/1.38A/峰2.12 补余=0.0 IO错=0 倾+0.0
[  159.681] EVT 相位 R3 descend→press
[  159.809] TLM t=  90.6 L1·A@-75 L2·A@-73 L3·A@-76 R1·A@-75 R2·A@-73 R3Pr@-- 罐=无罐 泵=0 阀=111110 速=+0,+0,+0.00 电=7.98V/1.55A/峰2.12 补余=0.0 IO错=0 倾+0.0
[  160.323] TLM t=  90.6 L1·A@-75 L2·A@-73 L3·A@-76 R1·A@-75 R2·A@-73 R3Pr@-- 罐=无罐 泵=0 阀=111110 速=+0,+0,+0.00 电=7.98V/1.38A/峰2.12 补余=0.0 IO错=0 倾+0.0
[  160.835] TLM t=  90.6 L1·A@-75 L2·A@-72 L3·A@-76 R1·A@-75 R2·A@-72 R3Pr@-- 罐=无罐 泵=0 阀=111110 速=+0,+0,+0.00 电=7.97V/1.47A/峰2.12 补余=0.0 IO错=0 倾+0.0
[  160.883] EVT 吸附 R3 released→pressing 在态3.34s 0.1kPa
[  160.884] EVT 相位 R3 press→wait
[  161.184] EVT 吸附 R3 pressing→sucking 在态0.30s 0.1kPa
[  161.185] EVT 阀 R3 →抽气位
[  161.205] EVT 泵 开 最差盘压-71.7
[  161.334] TLM t=  90.6 L1·A@-75 L2·A@-72 L3·A@-76 R1·A@-75 R2·A@-72 R3Ws@-55 罐=无罐 泵=1 阀=111111 速=+0,+0,+0.00 电=7.96V/1.30A/峰2.12 补余=0.0 IO错=0 倾+0.0
[  161.459] EVT 吸附 R3 sucking→attached 在态0.28s -63.5kPa
[  161.460] EVT 相位 R3 wait→stance
[  161.460] EVT 抬落完成，轮到 L1
[  161.855] TLM t=  91.0 L1·A@-75 L2·A@-75 L3·A@-76 R1·A@-75 R2·A@-74 R3·A@-74 罐=无罐 泵=1 阀=111111 速=+0,+0,+0.00 电=7.92V/1.30A/峰2.12 补余=0.0 IO错=0 倾+0.0
[  161.929] EVT 泵 停 最差盘压-75.1
[  162.358] TLM t=  91.5 L1·A@-76 L2·A@-76 L3·A@-76 R1·A@-75 R2·A@-76 R3·A@-75 罐=无罐 泵=0 阀=111111 速=+0,+0,+0.00 电=7.98V/1.47A/峰2.12 补余=0.0 IO错=0 倾+0.0
[  162.881] TLM t=  92.0 L1·A@-76 L2·A@-75 L3·A@-76 R1·A@-75 R2·A@-75 R3·A@-75 罐=无罐 泵=0 阀=111111 速=+0,+0,+0.00 电=7.98V/1.38A/峰2.12 补余=0.0 IO错=0 倾+0.0
[  163.185] EVT 原地抬起受理：L1
[  163.185] EVT 键 'i' 倾=+0.0待=+0.0
[  163.193] EVT 吸附 L1 attached→venting 在态31.60s -75.6kPa
[  163.194] EVT 相位 L1 stance→vent 落点Δ(+0.0,+0.0)
[  163.206] EVT 阀 L1 →排气位
[  163.381] TLM t=  94.4 L1Vv@-76 L2·A@-75 L3·A@-76 R1·A@-75 R2·A@-74 R3·A@-73 罐=无罐 泵=0 阀=011111 速=+0,+0,+0.00 电=7.92V/2.20A/峰2.20 补余=0.0 IO错=0 倾+0.0
[  163.495] EVT 相位 L1 vent→lift
[  163.594] EVT 吸附 L1 venting→released 在态0.40s 0.4kPa
[  163.903] TLM t=  94.8 L1Lr@-- L2·A@-74 L3·A@-75 R1·A@-75 R2·A@-74 R3·A@-73 罐=无罐 泵=0 阀=011111 速=+0,+0,+0.00 电=7.95V/2.04A/峰2.20 补余=0.0 IO错=0 倾+0.0
[  164.337] EVT 相位 L1 lift→transfer
[  164.405] TLM t=  94.8 L1Tr@-- L2·A@-74 L3·A@-75 R1·A@-75 R2·A@-73 R3·A@-72 罐=无罐 泵=0 阀=011111 速=+0,+0,+0.00 电=7.94V/2.28A/峰2.28 补余=0.0 IO错=0 倾+0.0
[  164.927] TLM t=  94.8 L1Tr@-- L2·A@-73 L3·A@-75 R1·A@-75 R2·A@-73 R3·A@-71 罐=无罐 泵=0 阀=011111 速=+0,+0,+0.00 电=7.91V/2.69A/峰2.69 补余=0.0 IO错=0 倾+0.0
[  164.954] EVT 相位 L1 transfer→hover
[  165.431] TLM t=  94.8 L1Hr@-- L2·A@-73 L3·A@-75 R1·A@-75 R2·A@-72 R3·A@-71 罐=无罐 泵=0 阀=011111 速=+0,+0,+0.00 电=7.96V/1.79A/峰2.69 补余=0.0 IO错=0 倾+0.0
[  165.797] EVT 落地：L1
[  165.797] EVT 键 'i' 倾=+0.0待=+0.0
[  165.798] EVT 相位 L1 hover→descend
[  165.951] TLM t=  94.8 L1Dr@-- L2·A@-72 L3·A@-75 R1·A@-75 R2·A@-72 R3·A@-70 罐=无罐 泵=0 阀=011111 速=+0,+0,+0.00 电=7.95V/2.04A/峰2.69 补余=0.0 IO错=0 倾+0.0
[  166.279] EVT 相位 L1 descend→press
[  166.455] TLM t=  94.8 L1Pr@-- L2·A@-72 L3·A@-75 R1·A@-74 R2·A@-71 R3·A@-69 罐=无罐 泵=0 阀=011111 速=+0,+0,+0.00 电=7.95V/1.87A/峰2.69 补余=0.0 IO错=0 倾+0.0
[  166.975] TLM t=  94.8 L1Pr@-- L2·A@-71 L3·A@-75 R1·A@-74 R2·A@-71 R3·A@-69 罐=无罐 泵=0 阀=011111 速=+0,+0,+0.00 电=7.94V/1.95A/峰2.69 补余=0.0 IO错=0 倾+0.0
[  167.479] TLM t=  94.8 L1Pr@-- L2·A@-71 L3·A@-75 R1·A@-74 R2·A@-70 R3·A@-68 罐=无罐 泵=0 阀=011111 速=+0,+0,+0.00 电=7.95V/1.95A/峰2.69 补余=0.0 IO错=0 倾+0.0
[  167.484] EVT 吸附 L1 released→pressing 在态3.88s 0.4kPa
[  167.484] EVT 相位 L1 press→wait
[  167.784] EVT 吸附 L1 pressing→sucking 在态0.30s 0.4kPa
[  167.785] EVT 阀 L1 →抽气位
[  167.813] EVT 泵 开 最差盘压-67.7
[  168.002] TLM t=  94.8 L1Ws@-53 L2·A@-70 L3·A@-75 R1·A@-74 R2·A@-70 R3·A@-68 罐=无罐 泵=1 阀=111111 速=+0,+0,+0.00 电=7.91V/1.87A/峰2.69 补余=0.0 IO错=0 倾+0.0
[  168.125] EVT 吸附 L1 sucking→attached 在态0.34s -62.5kPa
[  168.134] EVT 相位 L1 wait→stance
[  168.134] EVT 抬落完成，轮到 R2
[  168.504] TLM t=  95.2 L1·A@-73 L2·A@-73 L3·A@-75 R1·A@-74 R2·A@-73 R3·A@-73 罐=无罐 泵=1 阀=111111 速=+0,+0,+0.00 电=7.92V/1.87A/峰2.69 补余=0.0 IO错=0 倾+0.0
[  168.801] EVT 泵 停 最差盘压-75.5
[  169.029] TLM t=  95.7 L1·A@-77 L2·A@-77 L3·A@-77 R1·A@-76 R2·A@-77 R3·A@-77 罐=无罐 泵=0 阀=111111 速=+0,+0,+0.00 电=7.96V/1.95A/峰2.69 补余=0.0 IO错=0 倾+0.0
[  169.531] TLM t=  96.2 L1·A@-76 L2·A@-76 L3·A@-76 R1·A@-76 R2·A@-76 R3·A@-76 罐=无罐 泵=0 阀=111111 速=+0,+0,+0.00 电=7.97V/1.79A/峰2.69 补余=0.0 IO错=0 倾+0.0
[  169.998] EVT 原地抬起受理：R2
[  169.998] EVT 键 'i' 倾=+0.0待=+0.0
[  170.005] EVT 吸附 R2 attached→venting 在态32.16s -75.4kPa
[  170.006] EVT 相位 R2 stance→vent 落点Δ(+0.0,+0.0)
[  170.018] EVT 阀 R2 →排气位
[  170.056] TLM t=  98.5 L1·A@-76 L2·A@-76 L3·A@-76 R1·A@-76 R2Vv@-75 R3·A@-75 罐=无罐 泵=0 阀=111101 速=+0,+0,+0.00 电=7.95V/1.87A/峰2.69 补余=0.0 IO错=0 倾+0.0
[  170.304] EVT 相位 R2 vent→lift
[  170.426] EVT 吸附 R2 venting→released 在态0.42s -0.0kPa
[  170.568] TLM t=  99.0 L1·A@-76 L2·A@-75 L3·A@-76 R1·A@-76 R2Lr@-- R3·A@-75 罐=无罐 泵=0 阀=111101 速=+0,+0,+0.00 电=7.96V/1.71A/峰2.69 补余=0.0 IO错=0 倾+0.0
[  171.079] TLM t=  99.0 L1·A@-76 L2·A@-75 L3·A@-76 R1·A@-76 R2Lr@-- R3·A@-74 罐=无罐 泵=0 阀=111101 速=+0,+0,+0.00 电=7.96V/1.79A/峰2.69 补余=0.0 IO错=0 倾+0.0
[  171.146] EVT 相位 R2 lift→transfer
[  171.594] TLM t=  99.0 L1·A@-75 L2·A@-74 L3·A@-76 R1·A@-76 R2Tr@-- R3·A@-73 罐=无罐 泵=0 阀=111101 速=+0,+0,+0.00 电=7.96V/1.95A/峰2.69 补余=0.0 IO错=0 倾+0.0
[  171.763] EVT 相位 R2 transfer→hover
[  172.103] TLM t=  99.0 L1·A@-75 L2·A@-74 L3·A@-76 R1·A@-76 R2Hr@-- R3·A@-73 罐=无罐 泵=0 阀=111101 速=+0,+0,+0.00 电=7.96V/1.79A/峰2.69 补余=0.0 IO错=0 倾+0.0
[  172.615] TLM t=  99.0 L1·A@-75 L2·A@-73 L3·A@-76 R1·A@-76 R2Hr@-- R3·A@-72 罐=无罐 泵=0 阀=111101 速=+0,+0,+0.00 电=7.97V/1.63A/峰2.69 补余=0.0 IO错=0 倾+0.0
[  172.625] EVT 落地：R2
[  172.625] EVT 键 'i' 倾=+0.0待=+0.0
[  172.633] EVT 相位 R2 hover→descend
[  173.114] EVT 相位 R2 descend→press
[  173.123] TLM t=  99.0 L1·A@-75 L2·A@-73 L3·A@-76 R1·A@-75 R2Pr@-- R3·A@-72 罐=无罐 泵=0 阀=111101 速=+0,+0,+0.00 电=7.96V/1.71A/峰2.69 补余=0.0 IO错=0 倾+0.0
[  173.637] TLM t=  99.0 L1·A@-75 L2·A@-72 L3·A@-76 R1·A@-75 R2Pr@-- R3·A@-71 罐=无罐 泵=0 阀=111101 速=+0,+0,+0.00 电=7.96V/1.63A/峰2.69 补余=0.0 IO错=0 倾+0.0
[  174.148] TLM t=  99.0 L1·A@-75 L2·A@-72 L3·A@-76 R1·A@-75 R2Pr@-- R3·A@-70 罐=无罐 泵=0 阀=111101 速=+0,+0,+0.00 电=7.97V/1.71A/峰2.69 补余=0.0 IO错=0 倾+0.0
[  174.318] EVT 吸附 R2 released→pressing 在态3.88s -0.0kPa
[  174.318] EVT 相位 R2 press→wait
[  174.618] EVT 吸附 R2 pressing→sucking 在态0.30s -0.0kPa
[  174.619] EVT 阀 R2 →抽气位
[  174.639] EVT 泵 开 最差盘压-69.6
[  174.651] TLM t=  99.0 L1·A@-74 L2·A@-71 L3·A@-76 R1·A@-75 R2Ws@-5 R3·A@-70 罐=无罐 泵=1 阀=111111 速=+0,+0,+0.00 电=7.84V/1.79A/峰2.69 补余=0.0 IO错=0 倾+0.0
[  174.892] EVT 吸附 R2 sucking→attached 在态0.28s -60.6kPa
[  174.892] EVT 相位 R2 wait→stance
[  174.892] EVT 抬落完成，轮到 L3
[  175.167] TLM t=  99.3 L1·A@-74 L2·A@-71 L3·A@-76 R1·A@-75 R2·A@-70 R3·A@-70 罐=无罐 泵=1 阀=111111 速=+0,+0,+0.00 电=7.92V/1.71A/峰2.69 补余=0.0 IO错=0 倾+0.0
[  175.482] EVT 泵 停 最差盘压-75.2
[  175.673] TLM t=  99.8 L1·A@-76 L2·A@-76 L3·A@-76 R1·A@-75 R2·A@-76 R3·A@-76 罐=无罐 泵=0 阀=111111 速=+0,+0,+0.00 电=7.97V/1.79A/峰2.69 补余=0.0 IO错=0 倾+0.0
[  176.197] TLM t= 100.3 L1·A@-76 L2·A@-76 L3·A@-76 R1·A@-75 R2·A@-75 R3·A@-75 罐=无罐 泵=0 阀=111111 速=+0,+0,+0.00 电=7.97V/1.79A/峰2.69 补余=0.0 IO错=0 倾+0.0
[  176.501] EVT 原地抬起受理：L3
[  176.501] EVT 键 'i' 倾=+0.0待=+0.0
[  176.509] EVT 吸附 L3 attached→venting 在态32.16s -75.9kPa
[  176.509] EVT 相位 L3 stance→vent 落点Δ(+0.0,+0.0)
[  176.522] EVT 阀 L3 →排气位
[  176.697] TLM t= 102.8 L1·A@-76 L2·A@-75 L3Vv@-76 R1·A@-75 R2·A@-75 R3·A@-75 罐=无罐 泵=0 阀=110111 速=+0,+0,+0.00 电=7.96V/1.71A/峰2.69 补余=0.0 IO错=0 倾+0.0
[  176.811] EVT 相位 L3 vent→lift
[  176.911] EVT 吸附 L3 venting→released 在态0.40s 0.1kPa
[  177.217] TLM t= 103.2 L1·A@-75 L2·A@-75 L3Lr@-- R1·A@-75 R2·A@-74 R3·A@-74 罐=无罐 泵=0 阀=110111 速=+0,+0,+0.00 电=7.97V/1.55A/峰2.69 补余=0.0 IO错=0 倾+0.0
[  177.653] EVT 相位 L3 lift→transfer
[  177.720] TLM t= 103.2 L1·A@-75 L2·A@-74 L3Tr@-- R1·A@-74 R2·A@-74 R3·A@-73 罐=无罐 泵=0 阀=110111 速=+0,+0,+0.00 电=7.95V/1.79A/峰2.69 补余=0.0 IO错=0 倾+0.0
[  178.240] TLM t= 103.2 L1·A@-75 L2·A@-74 L3Tr@-- R1·A@-74 R2·A@-73 R3·A@-73 罐=无罐 泵=0 阀=110111 速=+0,+0,+0.00 电=7.95V/1.63A/峰2.69 补余=0.0 IO错=0 倾+0.0
[  178.267] EVT 相位 L3 transfer→hover
[  178.747] TLM t= 103.2 L1·A@-75 L2·A@-73 L3Hr@-- R1·A@-74 R2·A@-73 R3·A@-72 罐=无罐 泵=0 阀=110111 速=+0,+0,+0.00 电=7.98V/1.38A/峰2.69 补余=0.0 IO错=0 倾+0.0
[  178.752] EVT 落地：L3
[  178.752] EVT 键 'i' 倾=+0.0待=+0.0
[  178.752] EVT 相位 L3 hover→descend
[  179.233] EVT 相位 L3 descend→press
[  179.268] TLM t= 103.2 L1·A@-75 L2·A@-73 L3Pr@-- R1·A@-74 R2·A@-72 R3·A@-71 罐=无罐 泵=0 阀=110111 速=+0,+0,+0.00 电=7.97V/1.30A/峰2.69 补余=0.0 IO错=0 倾+0.0
[  179.772] TLM t= 103.2 L1·A@-75 L2·A@-72 L3Pr@-- R1·A@-74 R2·A@-72 R3·A@-71 罐=无罐 泵=0 阀=110111 速=+0,+0,+0.00 电=7.98V/1.38A/峰2.69 补余=0.0 IO错=0 倾+0.0
[  180.289] TLM t= 103.2 L1·A@-75 L2·A@-72 L3Pr@-- R1·A@-74 R2·A@-72 R3·A@-70 罐=无罐 泵=0 阀=110111 速=+0,+0,+0.00 电=7.96V/1.38A/峰2.69 补余=0.0 IO错=0 倾+0.0
[  180.459] EVT 吸附 L3 released→pressing 在态3.52s 0.1kPa
[  180.459] EVT 相位 L3 press→wait
[  180.760] EVT 吸附 L3 pressing→sucking 在态0.30s 0.1kPa
[  180.760] EVT 阀 L3 →抽气位
[  180.782] EVT 泵 开 最差盘压-69.6
[  180.798] TLM t= 103.2 L1·A@-75 L2·A@-71 L3Ws@-0 R1·A@-74 R2·A@-71 R3·A@-70 罐=无罐 泵=1 阀=111111 速=+0,+0,+0.00 电=7.85V/1.30A/峰2.69 补余=0.0 IO错=0 倾+0.0
[  181.038] EVT 吸附 L3 sucking→attached 在态0.28s -56.3kPa
[  181.041] EVT 相位 L3 wait→stance
[  181.042] EVT 抬落完成，轮到 R1
[  181.313] TLM t= 103.5 L1·A@-75 L2·A@-71 L3·A@-68 R1·A@-74 R2·A@-71 R3·A@-69 罐=无罐 泵=1 阀=111111 速=+0,+0,+0.00 电=7.92V/1.55A/峰2.69 补余=0.0 IO错=0 倾+0.0
[  181.809] EVT 泵 停 最差盘压-75.3
[  181.819] TLM t= 104.0 L1·A@-76 L2·A@-76 L3·A@-76 R1·A@-75 R2·A@-76 R3·A@-76 罐=无罐 泵=0 阀=111111 速=+0,+0,+0.00 电=7.99V/1.38A/峰2.69 补余=0.0 IO错=0 倾+0.0
[  182.335] TLM t= 104.5 L1·A@-76 L2·A@-76 L3·A@-76 R1·A@-76 R2·A@-76 R3·A@-76 罐=无罐 泵=0 阀=111111 速=+0,+0,+0.00 电=7.98V/1.47A/峰2.69 补余=0.0 IO错=0 倾+0.0
[  182.543] EVT 原地抬起受理：R1
[  182.543] EVT 键 'i' 倾=+0.0待=+0.0
[  182.545] EVT 吸附 R1 attached→venting 在态32.08s -75.5kPa
[  182.546] EVT 相位 R1 stance→vent 落点Δ(+0.0,+0.0)
[  182.569] EVT 阀 R1 →排气位
[  182.836] TLM t= 107.1 L1·A@-76 L2·A@-76 L3·A@-76 R1Vv@-76 R2·A@-75 R3·A@-75 罐=无罐 泵=0 阀=111011 速=+0,+0,+0.00 电=7.95V/1.87A/峰2.69 补余=0.0 IO错=0 倾+0.0
[  182.847] EVT 相位 R1 vent→lift
[  182.951] EVT 吸附 R1 venting→released 在态0.40s -0.0kPa
[  183.363] TLM t= 107.4 L1·A@-76 L2·A@-75 L3·A@-76 R1Lr@-- R2·A@-75 R3·A@-74 罐=无罐 泵=0 阀=111011 速=+0,+0,+0.00 电=7.96V/1.95A/峰2.69 补余=0.0 IO错=0 倾+0.0
[  183.689] EVT 相位 R1 lift→transfer
[  183.863] TLM t= 107.4 L1·A@-76 L2·A@-75 L3·A@-76 R1Tr@-- R2·A@-75 R3·A@-74 罐=无罐 泵=0 阀=111011 速=+0,+0,+0.00 电=7.94V/2.12A/峰2.69 补余=0.0 IO错=0 倾+0.0
[  184.315] EVT 相位 R1 transfer→hover
[  184.362] TLM t= 107.4 L1·A@-75 L2·A@-74 L3·A@-75 R1Hr@-- R2·A@-74 R3·A@-73 罐=无罐 泵=0 阀=111011 速=+0,+0,+0.00 电=7.94V/1.79A/峰2.69 补余=0.0 IO错=0 倾+0.0
[  184.868] TLM t= 107.4 L1·A@-75 L2·A@-74 L3·A@-75 R1Hr@-- R2·A@-74 R3·A@-72 罐=无罐 泵=0 阀=111011 速=+0,+0,+0.00 电=7.97V/1.79A/峰2.69 补余=0.0 IO错=0 倾+0.0
[  185.216] EVT 落地：R1
[  185.216] EVT 键 'i' 倾=+0.0待=+0.0
[  185.222] EVT 相位 R1 hover→descend
[  185.370] TLM t= 107.4 L1·A@-75 L2·A@-73 L3·A@-75 R1Dr@-- R2·A@-73 R3·A@-72 罐=无罐 泵=0 阀=111011 速=+0,+0,+0.00 电=7.96V/1.79A/峰2.69 补余=0.0 IO错=0 倾+0.0
[  185.703] EVT 相位 R1 descend→press
[  185.891] TLM t= 107.4 L1·A@-75 L2·A@-73 L3·A@-75 R1Pr@-- R2·A@-73 R3·A@-71 罐=无罐 泵=0 阀=111011 速=+0,+0,+0.00 电=7.95V/1.71A/峰2.69 补余=0.0 IO错=0 倾+0.0
[  186.394] TLM t= 107.4 L1·A@-75 L2·A@-72 L3·A@-75 R1Pr@-- R2·A@-73 R3·A@-70 罐=无罐 泵=0 阀=111011 速=+0,+0,+0.00 电=7.95V/1.87A/峰2.69 补余=0.0 IO错=0 倾+0.0
[  186.905] EVT 吸附 R1 released→pressing 在态3.94s -0.0kPa
[  186.911] EVT 相位 R1 press→wait
[  186.921] TLM t= 107.4 L1·A@-75 L2·A@-72 L3·A@-75 R1Wp@-- R2·A@-72 R3·A@-69 罐=无罐 泵=0 阀=111011 速=+0,+0,+0.00 电=7.96V/1.87A/峰2.69 补余=0.0 IO错=0 倾+0.0
[  187.207] EVT 吸附 R1 pressing→sucking 在态0.30s -0.0kPa
[  187.208] EVT 阀 R1 →抽气位
[  187.230] EVT 泵 开 最差盘压-68.6
[  187.439] TLM t= 107.4 L1·A@-75 L2·A@-71 L3·A@-75 R1Ws@-57 R2·A@-72 R3·A@-68 罐=无罐 泵=1 阀=111111 速=+0,+0,+0.00 电=7.92V/1.71A/峰2.69 补余=0.0 IO错=0 倾+0.0
[  187.543] EVT 吸附 R1 sucking→attached 在态0.34s -63.9kPa
[  187.546] EVT 相位 R1 wait→stance
[  187.546] EVT 抬落完成，轮到 L2
[  187.941] TLM t= 107.8 L1·A@-75 L2·A@-75 L3·A@-75 R1·A@-73 R2·A@-74 R3·A@-74 罐=无罐 泵=1 阀=111111 速=+0,+0,+0.00 电=7.92V/1.79A/峰2.69 补余=0.0 IO错=0 倾+0.0
[  188.135] EVT 泵 停 最差盘压-75.4
[  188.445] TLM t= 108.3 L1·A@-76 L2·A@-77 L3·A@-76 R1·A@-76 R2·A@-76 R3·A@-76 罐=无罐 泵=0 阀=111111 速=+0,+0,+0.00 电=7.97V/1.71A/峰2.69 补余=0.0 IO错=0 倾+0.0
[  188.628] EVT 原地抬起受理：L2
[  188.628] EVT 键 'i' 倾=+0.0待=+0.0
[  188.631] EVT 吸附 L2 attached→venting 在态32.40s -76.3kPa
[  188.631] EVT 相位 L2 stance→vent 落点Δ(+0.0,+0.0)
[  188.651] EVT 阀 L2 →排气位
[  188.932] EVT 相位 L2 vent→lift
[  188.961] TLM t= 111.3 L1·A@-76 L2Lv@-76 L3·A@-76 R1·A@-76 R2·A@-76 R3·A@-76 罐=无罐 泵=0 阀=101111 速=+0,+0,+0.00 电=7.95V/1.71A/峰2.69 补余=0.0 IO错=0 倾+0.0
[  189.054] EVT 吸附 L2 venting→released 在态0.42s 0.3kPa
[  189.469] TLM t= 111.6 L1·A@-76 L2Lr@-- L3·A@-76 R1·A@-75 R2·A@-75 R3·A@-75 罐=无罐 泵=0 阀=101111 速=+0,+0,+0.00 电=7.94V/1.71A/峰2.69 补余=0.0 IO错=0 倾+0.0
[  189.774] EVT 相位 L2 lift→transfer
[  189.982] TLM t= 111.6 L1·A@-76 L2Tr@-- L3·A@-76 R1·A@-75 R2·A@-75 R3·A@-74 罐=无罐 泵=0 阀=101111 速=+0,+0,+0.00 电=7.95V/2.20A/峰2.69 补余=0.0 IO错=0 倾+0.0
[  190.396] EVT 相位 L2 transfer→hover
[  190.489] TLM t= 111.6 L1·A@-76 L2Hr@-- L3·A@-76 R1·A@-75 R2·A@-75 R3·A@-73 罐=无罐 泵=0 阀=101111 速=+0,+0,+0.00 电=7.95V/1.63A/峰2.69 补余=0.0 IO错=0 倾+0.0
[  191.007] TLM t= 111.6 L1·A@-76 L2Hr@-- L3·A@-76 R1·A@-75 R2·A@-74 R3·A@-73 罐=无罐 泵=0 阀=101111 速=+0,+0,+0.00 电=7.96V/1.55A/峰2.69 补余=0.0 IO错=0 倾+0.0
[  191.175] EVT 落地：L2
[  191.175] EVT 键 'i' 倾=+0.0待=+0.0
[  191.178] EVT 相位 L2 hover→descend
[  191.514] TLM t= 111.6 L1·A@-76 L2Dr@-- L3·A@-76 R1·A@-75 R2·A@-74 R3·A@-72 罐=无罐 泵=0 阀=101111 速=+0,+0,+0.00 电=7.96V/1.55A/峰2.69 补余=0.0 IO错=0 倾+0.0
[  191.660] EVT 相位 L2 descend→press
[  192.033] TLM t= 111.6 L1·A@-76 L2Pr@-- L3·A@-76 R1·A@-75 R2·A@-73 R3·A@-71 罐=无罐 泵=0 阀=101111 速=+0,+0,+0.00 电=7.96V/1.87A/峰2.69 补余=0.0 IO错=0 倾+0.0
[  192.538] TLM t= 111.6 L1·A@-75 L2Pr@-- L3·A@-76 R1·A@-75 R2·A@-73 R3·A@-70 罐=无罐 泵=0 阀=101111 速=+0,+0,+0.00 电=7.95V/1.79A/峰2.69 补余=0.0 IO错=0 倾+0.0
[  192.863] EVT 吸附 L2 released→pressing 在态3.80s 0.3kPa
[  192.864] EVT 相位 L2 press→wait
[  193.051] TLM t= 111.6 L1·A@-75 L2Wp@-- L3·A@-76 R1·A@-75 R2·A@-73 R3·A@-69 罐=无罐 泵=0 阀=101111 速=+0,+0,+0.00 电=7.95V/1.79A/峰2.69 补余=0.0 IO错=0 倾+0.0
[  193.164] EVT 吸附 L2 pressing→sucking 在态0.30s 0.3kPa
[  193.164] EVT 阀 L2 →抽气位
[  193.189] EVT 泵 开 最差盘压-69.0
[  193.442] EVT 吸附 L2 sucking→attached 在态0.28s -62.1kPa
[  193.448] EVT 相位 L2 wait→stance
[  193.448] EVT 抬落完成，轮到 R3
[  193.558] TLM t= 111.7 L1·A@-75 L2·A@-68 L3·A@-76 R1·A@-74 R2·A@-72 R3·A@-68 罐=无罐 泵=1 阀=111111 速=+0,+0,+0.00 电=7.91V/1.71A/峰2.69 补余=0.0 IO错=0 倾+0.0
[  194.032] EVT 泵 停 最差盘压-75.3
[  194.077] TLM t= 112.2 L1·A@-76 L2·A@-76 L3·A@-76 R1·A@-75 R2·A@-76 R3·A@-76 罐=无罐 泵=0 阀=111111 速=+0,+0,+0.00 电=7.96V/1.63A/峰2.69 补余=0.0 IO错=0 倾+0.0
[  194.582] TLM t= 112.7 L1·A@-76 L2·A@-76 L3·A@-76 R1·A@-76 R2·A@-76 R3·A@-76 罐=无罐 泵=0 阀=111111 速=+0,+0,+0.00 电=7.97V/1.63A/峰2.69 补余=0.0 IO错=0 倾+0.0
[  195.102] TLM t= 113.2 L1·A@-76 L2·A@-75 L3·A@-76 R1·A@-76 R2·A@-76 R3·A@-75 罐=无罐 泵=0 阀=111111 速=+0,+0,+0.00 电=7.96V/1.71A/峰2.69 补余=0.0 IO错=0 倾+0.0
[  195.603] TLM t= 113.7 L1·A@-76 L2·A@-75 L3·A@-76 R1·A@-76 R2·A@-75 R3·A@-74 罐=无罐 泵=0 阀=111111 速=+0,+0,+0.00 电=7.96V/1.71A/峰2.69 补余=0.0 IO错=0 倾+0.0
[  196.125] TLM t= 114.3 L1·A@-76 L2·A@-74 L3·A@-76 R1·A@-76 R2·A@-75 R3·A@-74 罐=无罐 泵=0 阀=111111 速=+0,+0,+0.00 电=7.97V/1.63A/峰2.69 补余=0.0 IO错=0 倾+0.0
[  196.635] TLM t= 114.8 L1·A@-76 L2·A@-74 L3·A@-76 R1·A@-75 R2·A@-74 R3·A@-73 罐=无罐 泵=0 阀=111111 速=+0,+0,+0.00 电=7.96V/1.63A/峰2.69 补余=0.0 IO错=0 倾+0.0
[  197.133] TLM t= 115.3 L1·A@-76 L2·A@-73 L3·A@-76 R1·A@-75 R2·A@-74 R3·A@-72 罐=无罐 泵=0 阀=111111 速=+0,+0,+0.00 电=7.97V/1.63A/峰2.69 补余=0.0 IO错=0 倾+0.0
[  197.630] TLM t= 115.8 L1·A@-75 L2·A@-73 L3·A@-76 R1·A@-75 R2·A@-74 R3·A@-71 罐=无罐 泵=0 阀=111111 速=+0,+0,+0.00 电=7.97V/1.63A/峰2.69 补余=0.0 IO错=0 倾+0.0
[  198.140] TLM t= 116.3 L1·A@-75 L2·A@-72 L3·A@-76 R1·A@-75 R2·A@-73 R3·A@-71 罐=无罐 泵=0 阀=111111 速=+0,+0,+0.00 电=7.97V/1.71A/峰2.69 补余=0.0 IO错=0 倾+0.0
[  198.638] TLM t= 116.8 L1·A@-75 L2·A@-72 L3·A@-76 R1·A@-75 R2·A@-73 R3·A@-70 罐=无罐 泵=0 阀=111111 速=+0,+0,+0.00 电=7.96V/1.63A/峰2.69 补余=0.0 IO错=0 倾+0.0
[  199.166] TLM t= 117.3 L1·A@-75 L2·A@-71 L3·A@-76 R1·A@-75 R2·A@-73 R3·A@-69 罐=无罐 泵=0 阀=111111 速=+0,+0,+0.00 电=7.97V/1.55A/峰2.69 补余=0.0 IO错=0 倾+0.0
[  199.667] TLM t= 117.8 L1·A@-75 L2·A@-71 L3·A@-76 R1·A@-75 R2·A@-72 R3·A@-68 罐=无罐 泵=0 阀=111111 速=+0,+0,+0.00 电=7.97V/1.63A/峰2.69 补余=0.0 IO错=0 倾+0.0
[  200.191] TLM t= 118.3 L1·A@-75 L2·A@-70 L3·A@-76 R1·A@-75 R2·A@-72 R3·A@-67 罐=无罐 泵=0 阀=111111 速=+0,+0,+0.00 电=7.97V/1.63A/峰2.69 补余=0.0 IO错=0 倾+0.0
[  200.691] TLM t= 118.8 L1·A@-75 L2·A@-70 L3·A@-76 R1·A@-75 R2·A@-71 R3·A@-66 罐=无罐 泵=0 阀=111111 速=+0,+0,+0.00 电=7.98V/1.55A/峰2.69 补余=0.0 IO错=0 倾+0.0
[  201.217] TLM t= 119.3 L1·A@-75 L2·A@-69 L3·A@-75 R1·A@-75 R2·A@-71 R3·A@-65 罐=无罐 泵=0 阀=111111 速=+0,+0,+0.00 电=7.96V/1.63A/峰2.69 补余=0.0 IO错=0 倾+0.0
[  201.720] TLM t= 119.8 L1·A@-74 L2·A@-69 L3·A@-75 R1·A@-75 R2·A@-71 R3·A@-64 罐=无罐 泵=0 阀=111111 速=+0,+0,+0.00 电=7.97V/1.63A/峰2.69 补余=0.0 IO错=0 倾+0.0
[  202.241] TLM t= 120.3 L1·A@-74 L2·A@-68 L3·A@-75 R1·A@-75 R2·A@-70 R3·A@-63 罐=无罐 泵=0 阀=111111 速=+0,+0,+0.00 电=7.97V/1.95A/峰2.69 补余=0.0 IO错=0 倾+0.0
[  202.742] TLM t= 120.8 L1·A@-74 L2·A@-68 L3·A@-75 R1·A@-75 R2·A@-70 R3·A@-62 罐=无罐 泵=0 阀=111111 速=+0,+0,+0.00 电=7.97V/1.55A/峰2.69 补余=0.0 IO错=0 倾+0.0
[  203.269] TLM t= 121.4 L1·A@-74 L2·A@-67 L3·A@-75 R1·A@-75 R2·A@-70 R3·A@-62 罐=无罐 泵=0 阀=111111 速=+0,+0,+0.00 电=7.97V/1.63A/峰2.69 补余=0.0 IO错=0 倾+0.0
[  203.769] TLM t= 121.9 L1·A@-74 L2·A@-67 L3·A@-75 R1·A@-75 R2·A@-69 R3·A@-61 罐=无罐 泵=0 阀=111111 速=+0,+0,+0.00 电=7.97V/1.63A/峰2.69 补余=0.0 IO错=0 倾+0.0
[  204.241] EVT 泵 开 最差盘压-59.9
[  204.293] TLM t= 122.4 L1·A@-74 L2·A@-66 L3·A@-75 R1·A@-75 R2·A@-69 R3·A@-60 罐=无罐 泵=1 阀=111111 速=+0,+0,+0.00 电=7.91V/1.71A/峰2.69 补余=0.0 IO错=0 倾+0.0
[  204.793] TLM t= 122.9 L1·A@-74 L2·A@-72 L3·A@-75 R1·A@-74 R2·A@-73 R3·A@-73 罐=无罐 泵=1 阀=111111 速=+0,+0,+0.00 电=7.91V/1.71A/峰2.69 补余=0.0 IO错=0 倾+0.0
[  205.068] EVT 泵 停 最差盘压-75.2
[  205.320] TLM t= 123.4 L1·A@-76 L2·A@-76 L3·A@-76 R1·A@-76 R2·A@-76 R3·A@-76 罐=无罐 泵=0 阀=111111 速=+0,+0,+0.00 电=7.95V/1.71A/峰2.69 补余=0.0 IO错=0 倾+0.0
[  205.823] TLM t= 123.9 L1·A@-76 L2·A@-76 L3·A@-76 R1·A@-76 R2·A@-76 R3·A@-76 罐=无罐 泵=0 阀=111111 速=+0,+0,+0.00 电=7.96V/1.71A/峰2.69 补余=0.0 IO错=0 倾+0.0
[  206.343] TLM t= 124.4 L1·A@-76 L2·A@-75 L3·A@-76 R1·A@-76 R2·A@-75 R3·A@-75 罐=无罐 泵=0 阀=111111 速=+0,+0,+0.00 电=7.97V/1.63A/峰2.69 补余=0.0 IO错=0 倾+0.0
[  206.857] TLM t= 124.9 L1·A@-76 L2·A@-75 L3·A@-76 R1·A@-76 R2·A@-75 R3·A@-74 罐=无罐 泵=0 阀=111111 速=+0,+0,+0.00 电=7.96V/1.55A/峰2.69 补余=0.0 IO错=0 倾+0.0
[  207.360] TLM t= 125.4 L1·A@-76 L2·A@-74 L3·A@-76 R1·A@-75 R2·A@-75 R3·A@-73 罐=无罐 泵=0 阀=111111 速=+0,+0,+0.00 电=7.96V/1.63A/峰2.69 补余=0.0 IO错=0 倾+0.0
[  207.884] TLM t= 125.9 L1·A@-76 L2·A@-74 L3·A@-76 R1·A@-75 R2·A@-74 R3·A@-73 罐=无罐 泵=0 阀=111111 速=+0,+0,+0.00 电=7.95V/1.63A/峰2.69 补余=0.0 IO错=0 倾+0.0
[  208.385] TLM t= 126.4 L1·A@-76 L2·A@-73 L3·A@-76 R1·A@-75 R2·A@-74 R3·A@-72 罐=无罐 泵=0 阀=111111 速=+0,+0,+0.00 电=7.94V/1.63A/峰2.69 补余=0.0 IO错=0 倾+0.0
[  208.907] TLM t= 127.0 L1·A@-75 L2·A@-73 L3·A@-76 R1·A@-75 R2·A@-73 R3·A@-71 罐=无罐 泵=0 阀=111111 速=+0,+0,+0.00 电=7.96V/1.63A/峰2.69 补余=0.0 IO错=0 倾+0.0
[  209.413] TLM t= 127.5 L1·A@-75 L2·A@-72 L3·A@-76 R1·A@-75 R2·A@-73 R3·A@-71 罐=无罐 泵=0 阀=111111 速=+0,+0,+0.00 电=7.96V/1.55A/峰2.69 补余=0.0 IO错=0 倾+0.0
[  209.739] EVT 键 'o' 倾=+0.0待=+0.0
[  209.938] TLM t= 128.0 L1·A@-75 L2·A@-72 L3·A@-76 R1·A@-75 R2·A@-73 R3·A@-70 罐=无罐 泵=0 阀=111111 速=+0,+0,+0.00 电=7.95V/1.55A/峰2.69 补余=0.0 IO错=0 倾+0.0
[  210.060] EVT 取机窗口：停泵 → 逐足串行排气（0.2s 间隔）→ 六足舵机撑住（泵禁开）
[  210.452] TLM t= 128.1 L1·A@-75 L2·A@-71 L3·A@-76 R1·A@-75 R2·A@-72 R3·A@-69 罐=无罐 泵=0 阀=111111 速=+0,+0,+0.00 电=7.98V/1.47A/峰2.69 补余=0.0 IO错=0 取机放气
[  210.477] EVT 吸附 L1 attached→venting 在态42.00s -74.9kPa
[  210.485] EVT 阀 L1 →排气位
[  210.741] EVT 吸附 L2 attached→venting 在态17.00s -71.1kPa
[  210.749] EVT 阀 L2 →排气位
[  210.957] TLM t= 128.1 L1·v@-75 L2·v@-71 L3·A@-76 R1·A@-75 R2·A@-72 R3·A@-69 罐=无罐 泵=0 阀=001111 速=+0,+0,+0.00 电=7.97V/1.14A/峰2.69 补余=0.0 IO错=0 取机放气
[  210.979] EVT 吸附 L1 venting→released 在态0.40s 0.1kPa
[  211.002] EVT 吸附 L3 attached→venting 在态29.56s -75.6kPa
[  211.010] EVT 阀 L3 →排气位
[  211.208] EVT 吸附 L2 venting→released 在态0.40s 0.2kPa
[  211.233] EVT 吸附 R1 attached→venting 在态23.28s -75.2kPa
[  211.236] EVT 阀 R1 →排气位
[  211.432] EVT 吸附 L3 venting→released 在态0.40s 0.0kPa
[  211.455] EVT 吸附 R2 attached→venting 在态36.06s -71.4kPa
[  211.462] EVT 阀 R2 →排气位
[  211.467] TLM t= 128.1 L1·r@-- L2·r@-- L3·r@-- R1·v@-75 R2·v@-71 R3·A@-68 罐=无罐 泵=0 阀=000001 速=+0,+0,+0.00 电=7.95V/1.14A/峰2.69 补余=0.0 IO错=0 取机放气
[  211.658] EVT 吸附 R1 venting→released 在态0.40s -0.0kPa
[  211.678] EVT 吸附 R3 attached→venting 在态49.64s -67.9kPa
[  211.678] EVT 阀 R3 →排气位
[  211.861] EVT 吸附 R2 venting→released 在态0.40s -0.1kPa
[  211.881] EVT 键 'o' 倾=+0.0待=+0.0（已放开）
[  211.882] EVT ⚠ 主环卡顿 1822ms（目标 20ms）
[  211.973] TLM t= 128.2 L1·r@-- L2·r@-- L3·r@-- R1·r@-- R2·r@-- R3·v@-68 罐=无罐 泵=0 阀=000000 速=+0,+0,+0.00 电=7.94V/0.98A/峰2.69 补余=0.0 IO错=0 倾+0.0 已放开
[  212.045] EVT 吸附 R3 venting→released 在态0.40s 0.2kPa
[  212.471] TLM t= 128.7 L1·r@-- L2·r@-- L3·r@-- R1·r@-- R2·r@-- R3·r@-- 罐=无罐 泵=0 阀=000000 速=+0,+0,+0.00 电=7.94V/0.81A/峰2.69 补余=0.0 IO错=0 倾+0.0 已放开
[  212.975] TLM t= 129.2 L1·r@-- L2·r@-- L3·r@-- R1·r@-- R2·r@-- R3·r@-- 罐=无罐 泵=0 阀=000000 速=+0,+0,+0.00 电=7.95V/0.81A/峰2.69 补余=0.0 IO错=0 倾+0.0 已放开
[  213.478] TLM t= 129.7 L1·r@-- L2·r@-- L3·r@-- R1·r@-- R2·r@-- R3·r@-- 罐=无罐 泵=0 阀=000000 速=+0,+0,+0.00 电=7.95V/0.81A/峰2.69 补余=0.0 IO错=0 倾+0.0 已放开
[  213.976] TLM t= 130.2 L1·r@-- L2·r@-- L3·r@-- R1·r@-- R2·r@-- R3·r@-- 罐=无罐 泵=0 阀=000000 速=+0,+0,+0.00 电=7.94V/0.73A/峰2.69 补余=0.0 IO错=0 倾+0.0 已放开
[  214.480] TLM t= 130.7 L1·r@-- L2·r@-- L3·r@-- R1·r@-- R2·r@-- R3·r@-- 罐=无罐 泵=0 阀=000000 速=+0,+0,+0.00 电=7.95V/0.73A/峰2.69 补余=0.0 IO错=0 倾+0.0 已放开
[  214.984] TLM t= 131.2 L1·r@-- L2·r@-- L3·r@-- R1·r@-- R2·r@-- R3·r@-- 罐=无罐 泵=0 阀=000000 速=+0,+0,+0.00 电=7.95V/0.73A/峰2.69 补余=0.0 IO错=0 倾+0.0 已放开
[  215.479] TLM t= 131.7 L1·r@-- L2·r@-- L3·r@-- R1·r@-- R2·r@-- R3·r@-- 罐=无罐 泵=0 阀=000000 速=+0,+0,+0.00 电=7.95V/0.65A/峰2.69 补余=0.0 IO错=0 倾+0.0 已放开
[  215.986] TLM t= 132.2 L1·r@-- L2·r@-- L3·r@-- R1·r@-- R2·r@-- R3·r@-- 罐=无罐 泵=0 阀=000000 速=+0,+0,+0.00 电=7.95V/0.73A/峰2.69 补余=0.0 IO错=0 倾+0.0 已放开
[  216.482] TLM t= 132.7 L1·r@-- L2·r@-- L3·r@-- R1·r@-- R2·r@-- R3·r@-- 罐=无罐 泵=0 阀=000000 速=+0,+0,+0.00 电=7.94V/0.73A/峰2.69 补余=0.0 IO错=0 倾+0.0 已放开
[  216.985] TLM t= 133.2 L1·r@-- L2·r@-- L3·r@-- R1·r@-- R2·r@-- R3·r@-- 罐=无罐 泵=0 阀=000000 速=+0,+0,+0.00 电=7.95V/0.73A/峰2.69 补余=0.0 IO错=0 倾+0.0 已放开
[  217.486] TLM t= 133.7 L1·r@-- L2·r@-- L3·r@-- R1·r@-- R2·r@-- R3·r@-- 罐=无罐 泵=0 阀=000000 速=+0,+0,+0.00 电=7.95V/0.65A/峰2.69 补余=0.0 IO错=0 倾+0.0 已放开
[  217.990] TLM t= 134.2 L1·r@-- L2·r@-- L3·r@-- R1·r@-- R2·r@-- R3·r@-- 罐=无罐 泵=0 阀=000000 速=+0,+0,+0.00 电=7.95V/0.57A/峰2.69 补余=0.0 IO错=0 倾+0.0 已放开
[  218.492] TLM t= 134.7 L1·r@-- L2·r@-- L3·r@-- R1·r@-- R2·r@-- R3·r@-- 罐=无罐 泵=0 阀=000000 速=+0,+0,+0.00 电=7.96V/0.57A/峰2.69 补余=0.0 IO错=0 倾+0.0 已放开
[  218.991] TLM t= 135.2 L1·r@-- L2·r@-- L3·r@-- R1·r@-- R2·r@-- R3·r@-- 罐=无罐 泵=0 阀=000000 速=+0,+0,+0.00 电=7.96V/0.41A/峰2.69 补余=0.0 IO错=0 倾+0.0 已放开
[  219.492] TLM t= 135.7 L1·r@-- L2·r@-- L3·r@-- R1·r@-- R2·r@-- R3·r@-- 罐=无罐 泵=0 阀=000000 速=+0,+0,+0.00 电=7.95V/0.57A/峰2.69 补余=0.0 IO错=0 倾+0.0 已放开
[  219.996] TLM t= 136.2 L1·r@-- L2·r@-- L3·r@-- R1·r@-- R2·r@-- R3·r@-- 罐=无罐 泵=0 阀=000000 速=+0,+0,+0.00 电=7.95V/0.65A/峰2.69 补余=0.0 IO错=0 倾+0.0 已放开
[  220.495] TLM t= 136.7 L1·r@-- L2·r@-- L3·r@-- R1·r@-- R2·r@-- R3·r@-- 罐=无罐 泵=0 阀=000000 速=+0,+0,+0.00 电=7.94V/0.65A/峰2.69 补余=0.0 IO错=0 倾+0.0 已放开
[  220.996] TLM t= 137.2 L1·r@-- L2·r@-- L3·r@-- R1·r@-- R2·r@-- R3·r@-- 罐=无罐 泵=0 阀=000000 速=+0,+0,+0.00 电=7.94V/0.65A/峰2.69 补余=0.0 IO错=0 倾+0.0 已放开
[  221.498] TLM t= 137.7 L1·r@-- L2·r@-- L3·r@-- R1·r@-- R2·r@-- R3·r@-- 罐=无罐 泵=0 阀=000000 速=+0,+0,+0.00 电=7.95V/0.65A/峰2.69 补余=0.0 IO错=0 倾+0.0 已放开
[  221.998] TLM t= 138.2 L1·r@-- L2·r@-- L3·r@-- R1·r@-- R2·r@-- R3·r@-- 罐=无罐 泵=0 阀=000000 速=+0,+0,+0.00 电=7.95V/0.65A/峰2.69 补余=0.0 IO错=0 倾+0.0 已放开
[  222.504] TLM t= 138.7 L1·r@-- L2·r@-- L3·r@-- R1·r@-- R2·r@-- R3·r@-- 罐=无罐 泵=0 阀=000000 速=+0,+0,+0.00 电=7.95V/0.65A/峰2.69 补余=0.0 IO错=0 倾+0.0 已放开
[  222.999] TLM t= 139.2 L1·r@-- L2·r@-- L3·r@-- R1·r@-- R2·r@-- R3·r@-- 罐=无罐 泵=0 阀=000000 速=+0,+0,+0.00 电=7.95V/0.65A/峰2.69 补余=0.0 IO错=0 倾+0.0 已放开
[  223.174] EVT 键 '\x1b' 倾=+0.0待=+0.0（已放开）
[  223.275] EVT 退出序列：停泵 → 逐足串行放气（通→断，0.2s 间隔） → 舵机断电（不回站姿）
[  223.581] TLM t= 139.5 L1·r@-- L2·r@-- L3·r@-- R1·r@-- R2·r@-- R3·r@-- 罐=无罐 泵=0 阀=000000 速=+0,+0,+0.00 电=7.95V/0.65A/峰2.69 补余=0.0 IO错=0 退出放气
[  223.607] EVT 阀 L1 →抽气位
[  223.828] EVT 阀 L2 →抽气位
[  224.049] EVT 阀 L3 →抽气位
[  224.096] TLM t= 139.5 L1·r@-- L2·r@-- L3·r@-- R1·r@-- R2·r@-- R3·r@-- 罐=无罐 泵=0 阀=111000 速=+0,+0,+0.00 电=7.98V/0.65A/峰2.69 补余=0.0 IO错=0 退出放气
[  224.277] EVT 阀 R1 →抽气位
[  224.498] EVT 阀 R2 →抽气位
[  224.603] TLM t= 139.5 L1·r@-- L2·r@-- L3·r@-- R1·r@-- R2·r@-- R3·r@-- 罐=无罐 泵=0 阀=111110 速=+0,+0,+0.00 电=7.99V/0.65A/峰2.69 补余=0.0 IO错=0 退出放气
[  224.728] EVT 阀 R3 →抽气位
[  224.928] EVT 退出：阀线圈已断电（coils_off）
[  225.035] EVT 退出序列完成（舵机断电）
[  225.035] EVT END 正常退出
