# 开跑 2026-08-24 13:08:30  argv: scripts/body_lean.py --no-tank --stand-height 62 --tilt-trim 6 --handover L1:12,R1:12,L3:12,R3:12,R2:12,L2:12
# git: dd778e6
# 模式=no-tank port=/dev/ttyACM0
# 参数: lean_step=5mm lean_speed=10mm/s press_delta=18mm stand=62 tilt_trim=6° handover=L1:12,L2:12,L3:12,R1:12,R2:12,R3:12
# 阈值: ATTACH=-30.0 PUMP_ON=-60.0 PUMP_OFF=-75.0 comp_tail=72.3mm suck_timeout=2.5s
[    2.235] EVT 缓慢站起（竖直升至爬墙站位）
[    6.352] EVT 爬墙站位就位，进入就位暂停
[    6.464] TLM t=   0.0 L1·r@-- L2·r@-- L3·r@-- R1·r@-- R2·r@-- R3·r@-- 罐=无罐 泵=0 阀=000000 速=+0,+0,+0.00 电=7.92V/1.30A/峰1.30 补余=0.0 IO错=0 就位暂停
[    6.967] TLM t=   0.0 L1·r@-- L2·r@-- L3·r@-- R1·r@-- R2·r@-- R3·r@-- 罐=无罐 泵=0 阀=000000 速=+0,+0,+0.00 电=7.92V/1.38A/峰1.38 补余=0.0 IO错=0 就位暂停
[    7.473] TLM t=   0.0 L1·r@-- L2·r@-- L3·r@-- R1·r@-- R2·r@-- R3·r@-- 罐=无罐 泵=0 阀=000000 速=+0,+0,+0.00 电=7.91V/1.30A/峰1.38 补余=0.0 IO错=0 就位暂停
[    7.982] TLM t=   0.0 L1·r@-- L2·r@-- L3·r@-- R1·r@-- R2·r@-- R3·r@-- 罐=无罐 泵=0 阀=000000 速=+0,+0,+0.00 电=7.92V/1.30A/峰1.38 补余=0.0 IO错=0 就位暂停
[    8.488] TLM t=   0.0 L1·r@-- L2·r@-- L3·r@-- R1·r@-- R2·r@-- R3·r@-- 罐=无罐 泵=0 阀=000000 速=+0,+0,+0.00 电=7.91V/1.30A/峰1.38 补余=0.0 IO错=0 就位暂停
[    8.996] TLM t=   0.0 L1·r@-- L2·r@-- L3·r@-- R1·r@-- R2·r@-- R3·r@-- 罐=无罐 泵=0 阀=000000 速=+0,+0,+0.00 电=7.91V/1.14A/峰1.38 补余=0.0 IO错=0 就位暂停
[    9.503] TLM t=   0.0 L1·r@-- L2·r@-- L3·r@-- R1·r@-- R2·r@-- R3·r@-- 罐=无罐 泵=0 阀=000000 速=+0,+0,+0.00 电=7.93V/0.98A/峰1.38 补余=0.0 IO错=0 就位暂停
[   10.011] TLM t=   0.0 L1·r@-- L2·r@-- L3·r@-- R1·r@-- R2·r@-- R3·r@-- 罐=无罐 泵=0 阀=000000 速=+0,+0,+0.00 电=7.94V/0.81A/峰1.38 补余=0.0 IO错=0 就位暂停
[   10.517] TLM t=   0.0 L1·r@-- L2·r@-- L3·r@-- R1·r@-- R2·r@-- R3·r@-- 罐=无罐 泵=0 阀=000000 速=+0,+0,+0.00 电=7.94V/0.65A/峰1.38 补余=0.0 IO错=0 就位暂停
[   11.027] TLM t=   0.0 L1·r@-- L2·r@-- L3·r@-- R1·r@-- R2·r@-- R3·r@-- 罐=无罐 泵=0 阀=000000 速=+0,+0,+0.00 电=7.95V/0.49A/峰1.38 补余=0.0 IO错=0 就位暂停
[   11.533] TLM t=   0.0 L1·r@-- L2·r@-- L3·r@-- R1·r@-- R2·r@-- R3·r@-- 罐=无罐 泵=0 阀=000000 速=+0,+0,+0.00 电=7.95V/0.57A/峰1.38 补余=0.0 IO错=0 就位暂停
[   12.049] TLM t=   0.0 L1·r@-- L2·r@-- L3·r@-- R1·r@-- R2·r@-- R3·r@-- 罐=无罐 泵=0 阀=000000 速=+0,+0,+0.00 电=7.95V/0.57A/峰1.38 补余=0.0 IO错=0 就位暂停
[   12.556] TLM t=   0.0 L1·r@-- L2·r@-- L3·r@-- R1·r@-- R2·r@-- R3·r@-- 罐=无罐 泵=0 阀=000000 速=+0,+0,+0.00 电=7.95V/0.57A/峰1.38 补余=0.0 IO错=0 就位暂停
[   13.063] TLM t=   0.0 L1·r@-- L2·r@-- L3·r@-- R1·r@-- R2·r@-- R3·r@-- 罐=无罐 泵=0 阀=000000 速=+0,+0,+0.00 电=7.94V/0.65A/峰1.38 补余=0.0 IO错=0 就位暂停
[   13.569] TLM t=   0.0 L1·r@-- L2·r@-- L3·r@-- R1·r@-- R2·r@-- R3·r@-- 罐=无罐 泵=0 阀=000000 速=+0,+0,+0.00 电=7.94V/0.65A/峰1.38 补余=0.0 IO错=0 就位暂停
[   14.076] TLM t=   0.0 L1·r@-- L2·r@-- L3·r@-- R1·r@-- R2·r@-- R3·r@-- 罐=无罐 泵=0 阀=000000 速=+0,+0,+0.00 电=7.94V/0.73A/峰1.38 补余=0.0 IO错=0 就位暂停
[   14.582] TLM t=   0.0 L1·r@-- L2·r@-- L3·r@-- R1·r@-- R2·r@-- R3·r@-- 罐=无罐 泵=0 阀=000000 速=+0,+0,+0.00 电=7.94V/0.57A/峰1.38 补余=0.0 IO错=0 就位暂停
[   15.091] TLM t=   0.0 L1·r@-- L2·r@-- L3·r@-- R1·r@-- R2·r@-- R3·r@-- 罐=无罐 泵=0 阀=000000 速=+0,+0,+0.00 电=7.94V/0.57A/峰1.38 补余=0.0 IO错=0 就位暂停
[   15.597] TLM t=   0.0 L1·r@-- L2·r@-- L3·r@-- R1·r@-- R2·r@-- R3·r@-- 罐=无罐 泵=0 阀=000000 速=+0,+0,+0.00 电=7.94V/0.57A/峰1.38 补余=0.0 IO错=0 就位暂停
[   16.106] TLM t=   0.0 L1·r@-- L2·r@-- L3·r@-- R1·r@-- R2·r@-- R3·r@-- 罐=无罐 泵=0 阀=000000 速=+0,+0,+0.00 电=7.94V/0.57A/峰1.38 补余=0.0 IO错=0 就位暂停
[   16.613] TLM t=   0.0 L1·r@-- L2·r@-- L3·r@-- R1·r@-- R2·r@-- R3·r@-- 罐=无罐 泵=0 阀=000000 速=+0,+0,+0.00 电=7.94V/0.49A/峰1.38 补余=0.0 IO错=0 就位暂停
[   16.666] EVT 按 p：开始全吸附启动序列
[   16.666] EVT 相位 R3 stance→press
[   16.686] EVT 泵 开
[   17.118] TLM t=   0.0 L1·r@-- L2·r@-- L3·r@-- R1·r@-- R2·r@-- R3Pr@-- 罐=无罐 泵=1 阀=000000 速=+0,+0,+0.00 电=7.91V/0.49A/峰1.38 补余=0.0 IO错=0 倾+0.0
[   17.617] TLM t=   0.0 L1·r@-- L2·r@-- L3·r@-- R1·r@-- R2·r@-- R3Pr@-- 罐=无罐 泵=1 阀=000000 速=+0,+0,+0.00 电=7.87V/0.73A/峰1.38 补余=0.0 IO错=0 倾+0.0
[   18.119] TLM t=   0.0 L1·r@-- L2·r@-- L3·r@-- R1·r@-- R2·r@-- R3Pr@-- 罐=无罐 泵=1 阀=000000 速=+0,+0,+0.00 电=7.92V/0.49A/峰1.38 补余=0.0 IO错=0 倾+0.0
[   18.619] TLM t=   0.0 L1·r@-- L2·r@-- L3·r@-- R1·r@-- R2·r@-- R3Pr@-- 罐=无罐 泵=1 阀=000000 速=+0,+0,+0.00 电=7.88V/0.49A/峰1.38 补余=0.0 IO错=0 倾+0.0
[   19.123] TLM t=   0.0 L1·r@-- L2·r@-- L3·r@-- R1·r@-- R2·r@-- R3Pr@-- 罐=无罐 泵=1 阀=000000 速=+0,+0,+0.00 电=7.94V/0.57A/峰1.38 补余=0.0 IO错=0 倾+0.0
[   19.623] TLM t=   0.0 L1·r@-- L2·r@-- L3·r@-- R1·r@-- R2·r@-- R3Pr@-- 罐=无罐 泵=1 阀=000000 速=+0,+0,+0.00 电=7.90V/0.57A/峰1.38 补余=0.0 IO错=0 倾+0.0
[   19.654] EVT 吸附 R3 released→pressing 在态3.00s
[   19.655] EVT 相位 R3 press→wait
[   19.675] EVT 泵 停
[   19.955] EVT 吸附 R3 pressing→sucking 在态0.30s
[   19.955] EVT 阀 R3 →抽气位
[   19.978] EVT 泵 开
[   20.124] TLM t=   0.0 L1·r@-- L2·r@-- L3·r@-- R1·r@-- R2·r@-- R3Ws@-65 罐=无罐 泵=1 阀=000001 速=+0,+0,+0.00 电=7.91V/0.49A/峰1.38 补余=0.0 IO错=0 倾+0.0
[   20.236] EVT 吸附 R3 sucking→attached 在态0.28s -70.4kPa
[   20.236] EVT 相位 R3 wait→stance
[   20.256] EVT 相位 L1 stance→press
[   20.459] EVT 泵 停 最差盘压-75.8
[   20.627] TLM t=   0.0 L1Pr@-- L2·r@-- L3·r@-- R1·r@-- R2·r@-- R3·A@-76 罐=无罐 泵=0 阀=000001 速=+0,+0,+0.00 电=7.95V/0.73A/峰1.38 补余=0.0 IO错=0 倾+0.0
[   21.127] TLM t=   0.0 L1Pr@-- L2·r@-- L3·r@-- R1·r@-- R2·r@-- R3·A@-76 罐=无罐 泵=0 阀=000001 速=+0,+0,+0.00 电=7.94V/0.73A/峰1.38 补余=0.0 IO错=0 倾+0.0
[   21.439] EVT 吸附 L1 released→pressing 在态4.78s
[   21.440] EVT 相位 L1 press→wait
[   21.651] TLM t=   0.0 L1Wp@-- L2·r@-- L3·r@-- R1·r@-- R2·r@-- R3·A@-75 罐=无罐 泵=0 阀=000001 速=+0,+0,+0.00 电=7.93V/0.73A/峰1.38 补余=0.0 IO错=0 倾+0.0
[   21.760] EVT 吸附 L1 pressing→sucking 在态0.32s
[   21.760] EVT 阀 L1 →抽气位
[   21.786] EVT 泵 开 最差盘压-74.6
[   22.061] EVT 吸附 L1 sucking→attached 在态0.30s -66.8kPa
[   22.061] EVT 相位 L1 wait→stance
[   22.086] EVT 相位 R2 stance→press
[   22.158] TLM t=   0.0 L1·A@-71 L2·r@-- L3·r@-- R1·r@-- R2Pr@-- R3·A@-74 罐=无罐 泵=1 阀=100001 速=+0,+0,+0.00 电=7.91V/0.81A/峰1.38 补余=0.0 IO错=0 倾+0.0
[   22.387] EVT 泵 停 最差盘压-75.7
[   22.672] TLM t=   0.0 L1·A@-76 L2·r@-- L3·r@-- R1·r@-- R2Pr@-- R3·A@-76 罐=无罐 泵=0 阀=100001 速=+0,+0,+0.00 电=7.96V/0.73A/峰1.38 补余=0.0 IO错=0 倾+0.0
[   23.177] TLM t=   0.0 L1·A@-76 L2·r@-- L3·r@-- R1·r@-- R2Pr@-- R3·A@-76 罐=无罐 泵=0 阀=100001 速=+0,+0,+0.00 电=7.94V/0.65A/峰1.38 补余=0.0 IO错=0 倾+0.0
[   23.264] EVT 吸附 R2 released→pressing 在态6.60s
[   23.265] EVT 相位 R2 press→wait
[   23.590] EVT 吸附 R2 pressing→sucking 在态0.32s
[   23.591] EVT 阀 R2 →抽气位
[   23.608] EVT 泵 开 最差盘压-75.0
[   23.698] TLM t=   0.0 L1·A@-76 L2·r@-- L3·r@-- R1·r@-- R2Ws@-63 R3·A@-75 罐=无罐 泵=1 阀=100011 速=+0,+0,+0.00 电=7.89V/0.73A/峰1.38 补余=0.0 IO错=0 倾+0.0
[   23.889] EVT 吸附 R2 sucking→attached 在态0.30s -66.3kPa
[   23.892] EVT 相位 R2 wait→stance
[   23.909] EVT 相位 L3 stance→press
[   24.205] TLM t=   0.0 L1·A@-75 L2·r@-- L3Pr@-- R1·r@-- R2·A@-74 R3·A@-75 罐=无罐 泵=1 阀=100011 速=+0,+0,+0.00 电=7.93V/0.65A/峰1.38 补余=0.0 IO错=0 倾+0.0
[   24.210] EVT 泵 停 最差盘压-75.1
[   24.719] TLM t=   0.0 L1·A@-76 L2·r@-- L3Pr@-- R1·r@-- R2·A@-75 R3·A@-75 罐=无罐 泵=0 阀=100011 速=+0,+0,+0.00 电=7.95V/0.73A/峰1.38 补余=0.0 IO错=0 倾+0.0
[   25.095] EVT 吸附 L3 released→pressing 在态8.42s
[   25.095] EVT 相位 L3 press→wait
[   25.225] TLM t=   0.0 L1·A@-76 L2·r@-- L3Wp@-- R1·r@-- R2·A@-75 R3·A@-75 罐=无罐 泵=0 阀=100011 速=+0,+0,+0.00 电=7.96V/0.65A/峰1.38 补余=0.0 IO错=0 倾+0.0
[   25.413] EVT 吸附 L3 pressing→sucking 在态0.32s
[   25.413] EVT 阀 L3 →抽气位
[   25.433] EVT 泵 开 最差盘压-74.4
[   25.711] EVT 吸附 L3 sucking→attached 在态0.30s -63.7kPa
[   25.714] EVT 相位 L3 wait→stance
[   25.734] EVT 相位 R1 stance→press
[   25.744] TLM t=   0.0 L1·A@-75 L2·r@-- L3·A@-66 R1Pr@-- R2·A@-74 R3·A@-74 罐=无罐 泵=1 阀=101011 速=+0,+0,+0.00 电=7.95V/0.65A/峰1.38 补余=0.0 IO错=0 倾+0.0
[   26.155] EVT 泵 停 最差盘压-75.2
[   26.264] TLM t=   0.0 L1·A@-76 L2·r@-- L3·A@-76 R1Pr@-- R2·A@-76 R3·A@-76 罐=无罐 泵=0 阀=101011 速=+0,+0,+0.00 电=7.97V/0.73A/峰1.38 补余=0.0 IO错=0 倾+0.0
[   26.764] TLM t=   0.0 L1·A@-76 L2·r@-- L3·A@-76 R1Pr@-- R2·A@-76 R3·A@-76 罐=无罐 泵=0 阀=101011 速=+0,+0,+0.00 电=7.97V/0.73A/峰1.38 补余=0.0 IO错=0 倾+0.0
[   26.917] EVT 吸附 R1 released→pressing 在态10.24s
[   26.918] EVT 相位 R1 press→wait
[   27.238] EVT 吸附 R1 pressing→sucking 在态0.32s
[   27.238] EVT 阀 R1 →抽气位
[   27.264] EVT 泵 开 最差盘压-74.9
[   27.272] TLM t=   0.0 L1·A@-76 L2·r@-- L3·A@-76 R1Ws@-2 R2·A@-75 R3·A@-75 罐=无罐 泵=1 阀=101111 速=+0,+0,+0.00 电=7.84V/0.65A/峰1.38 补余=0.0 IO错=0 倾+0.0
[   27.599] EVT 吸附 R1 sucking→attached 在态0.36s -69.2kPa
[   27.600] EVT 相位 R1 wait→stance
[   27.625] EVT 相位 L2 stance→press
[   27.790] TLM t=   0.0 L1·A@-76 L2Pr@-- L3·A@-75 R1·A@-74 R2·A@-75 R3·A@-75 罐=无罐 泵=1 阀=101111 速=+0,+0,+0.00 电=7.92V/0.65A/峰1.38 补余=0.0 IO错=0 倾+0.0
[   27.866] EVT 泵 停 最差盘压-75.1
[   28.298] TLM t=   0.0 L1·A@-76 L2Pr@-- L3·A@-76 R1·A@-76 R2·A@-76 R3·A@-76 罐=无罐 泵=0 阀=101111 速=+0,+0,+0.00 电=7.98V/0.65A/峰1.38 补余=0.0 IO错=0 倾+0.0
[   28.803] EVT 吸附 L2 released→pressing 在态12.12s
[   28.808] EVT 相位 L2 press→wait
[   28.818] TLM t=   0.0 L1·A@-76 L2Wp@-- L3·A@-76 R1·A@-75 R2·A@-75 R3·A@-75 罐=无罐 泵=0 阀=101111 速=+0,+0,+0.00 电=7.98V/0.73A/峰1.38 补余=0.0 IO错=0 倾+0.0
[   29.129] EVT 吸附 L2 pressing→sucking 在态0.32s
[   29.130] EVT 阀 L2 →抽气位
[   29.148] EVT 泵 开 最差盘压-74.8
[   29.321] TLM t=   0.0 L1·A@-76 L2Ws@-60 L3·A@-76 R1·A@-75 R2·A@-75 R3·A@-75 罐=无罐 泵=1 阀=111111 速=+0,+0,+0.00 电=7.95V/0.65A/峰1.38 补余=0.0 IO错=0 倾+0.0
[   29.425] EVT 吸附 L2 sucking→attached 在态0.30s -66.6kPa
[   29.431] EVT 相位 L2 wait→stance
[   29.431] EVT ✓ 六足全吸附，启动序列完成，相位钟开始
[   29.750] EVT 泵 停 最差盘压-75.0
[   29.834] TLM t=   0.4 L1·A@-76 L2·A@-76 L3·A@-76 R1·A@-75 R2·A@-76 R3·A@-76 罐=无罐 泵=0 阀=111111 速=+0,+0,+0.00 电=7.99V/0.57A/峰1.38 补余=0.0 IO错=0 倾+0.0
[   30.341] TLM t=   0.9 L1·A@-76 L2·A@-75 L3·A@-76 R1·A@-75 R2·A@-75 R3·A@-75 罐=无罐 泵=0 阀=111111 速=+0,+0,+0.00 电=7.99V/0.57A/峰1.38 补余=0.0 IO错=0 倾+0.0
[   30.861] TLM t=   1.4 L1·A@-76 L2·A@-75 L3·A@-76 R1·A@-75 R2·A@-75 R3·A@-75 罐=无罐 泵=0 阀=111111 速=+0,+0,+0.00 电=8.00V/0.57A/峰1.38 补余=0.0 IO错=0 倾+0.0
[   31.368] TLM t=   1.9 L1·A@-75 L2·A@-74 L3·A@-76 R1·A@-75 R2·A@-74 R3·A@-74 罐=无罐 泵=0 阀=111111 速=+0,+0,+0.00 电=7.99V/0.65A/峰1.38 补余=0.0 IO错=0 倾+0.0
[   31.883] TLM t=   2.4 L1·A@-75 L2·A@-73 L3·A@-75 R1·A@-75 R2·A@-74 R3·A@-73 罐=无罐 泵=0 阀=111111 速=+0,+0,+0.00 电=8.00V/0.65A/峰1.38 补余=0.0 IO错=0 倾+0.0
[   32.391] TLM t=   2.9 L1·A@-75 L2·A@-73 L3·A@-75 R1·A@-75 R2·A@-74 R3·A@-73 罐=无罐 泵=0 阀=111111 速=+0,+0,+0.00 电=7.99V/0.65A/峰1.38 补余=0.0 IO错=0 倾+0.0
[   32.904] TLM t=   3.5 L1·A@-75 L2·A@-72 L3·A@-75 R1·A@-74 R2·A@-73 R3·A@-72 罐=无罐 泵=0 阀=111111 速=+0,+0,+0.00 电=7.99V/0.65A/峰1.38 补余=0.0 IO错=0 倾+0.0
[   33.413] TLM t=   4.0 L1·A@-75 L2·A@-72 L3·A@-75 R1·A@-74 R2·A@-73 R3·A@-71 罐=无罐 泵=0 阀=111111 速=+0,+0,+0.00 电=8.00V/0.57A/峰1.38 补余=0.0 IO错=0 倾+0.0
[   33.927] TLM t=   4.5 L1·A@-74 L2·A@-71 L3·A@-75 R1·A@-74 R2·A@-72 R3·A@-71 罐=无罐 泵=0 阀=111111 速=+0,+0,+0.00 电=7.98V/0.73A/峰1.38 补余=0.0 IO错=0 倾+0.0
[   34.435] TLM t=   5.0 L1·A@-74 L2·A@-71 L3·A@-75 R1·A@-74 R2·A@-72 R3·A@-70 罐=无罐 泵=0 阀=111111 速=+0,+0,+0.00 电=7.99V/0.73A/峰1.38 补余=0.0 IO错=0 倾+0.0
[   34.952] TLM t=   5.5 L1·A@-74 L2·A@-70 L3·A@-75 R1·A@-74 R2·A@-71 R3·A@-69 罐=无罐 泵=0 阀=111111 速=+0,+0,+0.00 电=7.99V/0.73A/峰1.38 补余=0.0 IO错=0 倾+0.0
[   35.457] TLM t=   6.0 L1·A@-74 L2·A@-70 L3·A@-75 R1·A@-74 R2·A@-71 R3·A@-69 罐=无罐 泵=0 阀=111111 速=+0,+0,+0.00 电=7.99V/0.65A/峰1.38 补余=0.0 IO错=0 倾+0.0
[   35.978] TLM t=   6.5 L1·A@-74 L2·A@-69 L3·A@-75 R1·A@-74 R2·A@-71 R3·A@-68 罐=无罐 泵=0 阀=111111 速=+0,+0,+0.00 电=7.99V/0.65A/峰1.38 补余=0.0 IO错=0 倾+0.0
[   36.482] TLM t=   7.0 L1·A@-74 L2·A@-69 L3·A@-75 R1·A@-74 R2·A@-70 R3·A@-67 罐=无罐 泵=0 阀=111111 速=+0,+0,+0.00 电=7.99V/0.73A/峰1.38 补余=0.0 IO错=0 倾+0.0
[   36.996] TLM t=   7.5 L1·A@-73 L2·A@-68 L3·A@-75 R1·A@-74 R2·A@-70 R3·A@-67 罐=无罐 泵=0 阀=111111 速=+0,+0,+0.00 电=8.00V/0.73A/峰1.38 补余=0.0 IO错=0 倾+0.0
[   37.504] TLM t=   8.0 L1·A@-73 L2·A@-68 L3·A@-74 R1·A@-74 R2·A@-69 R3·A@-66 罐=无罐 泵=0 阀=111111 速=+0,+0,+0.00 电=7.98V/0.65A/峰1.38 补余=0.0 IO错=0 倾+0.0
[   38.018] TLM t=   8.6 L1·A@-73 L2·A@-67 L3·A@-74 R1·A@-74 R2·A@-69 R3·A@-65 罐=无罐 泵=0 阀=111111 速=+0,+0,+0.00 电=7.99V/0.73A/峰1.38 补余=0.0 IO错=0 倾+0.0
[   38.532] TLM t=   9.1 L1·A@-73 L2·A@-67 L3·A@-74 R1·A@-74 R2·A@-69 R3·A@-65 罐=无罐 泵=0 阀=111111 速=+0,+0,+0.00 电=7.99V/0.65A/峰1.38 补余=0.0 IO错=0 倾+0.0
[   39.029] TLM t=   9.6 L1·A@-73 L2·A@-66 L3·A@-74 R1·A@-73 R2·A@-68 R3·A@-64 罐=无罐 泵=0 阀=111111 速=+0,+0,+0.00 电=7.99V/0.65A/峰1.38 补余=0.0 IO错=0 倾+0.0
[   39.555] TLM t=  10.1 L1·A@-73 L2·A@-66 L3·A@-74 R1·A@-73 R2·A@-68 R3·A@-64 罐=无罐 泵=0 阀=111111 速=+0,+0,+0.00 电=7.99V/0.73A/峰1.38 补余=0.0 IO错=0 倾+0.0
[   40.071] TLM t=  10.6 L1·A@-72 L2·A@-65 L3·A@-74 R1·A@-73 R2·A@-67 R3·A@-63 罐=无罐 泵=0 阀=111111 速=+0,+0,+0.00 电=7.99V/0.65A/峰1.38 补余=0.0 IO错=0 倾+0.0
[   40.572] TLM t=  11.1 L1·A@-72 L2·A@-65 L3·A@-74 R1·A@-73 R2·A@-67 R3·A@-62 罐=无罐 泵=0 阀=111111 速=+0,+0,+0.00 电=7.99V/0.90A/峰1.38 补余=0.0 IO错=0 倾+0.0
[   41.093] TLM t=  11.6 L1·A@-72 L2·A@-64 L3·A@-74 R1·A@-73 R2·A@-67 R3·A@-62 罐=无罐 泵=0 阀=111111 速=+0,+0,+0.00 电=7.99V/0.65A/峰1.38 补余=0.0 IO错=0 倾+0.0
[   41.598] TLM t=  12.1 L1·A@-72 L2·A@-64 L3·A@-74 R1·A@-73 R2·A@-66 R3·A@-61 罐=无罐 泵=0 阀=111111 速=+0,+0,+0.00 电=7.98V/0.81A/峰1.38 补余=0.0 IO错=0 倾+0.0
[   42.112] TLM t=  12.6 L1·A@-72 L2·A@-63 L3·A@-74 R1·A@-73 R2·A@-66 R3·A@-61 罐=无罐 泵=0 阀=111111 速=+0,+0,+0.00 电=7.99V/0.65A/峰1.38 补余=0.0 IO错=0 倾+0.0
[   42.612] EVT 泵 开 最差盘压-59.9
[   42.621] TLM t=  13.1 L1·A@-72 L2·A@-63 L3·A@-74 R1·A@-73 R2·A@-66 R3·A@-60 罐=无罐 泵=1 阀=111111 速=+0,+0,+0.00 电=7.85V/0.73A/峰1.38 补余=0.0 IO错=0 倾+0.0
[   43.141] TLM t=  13.7 L1·A@-72 L2·A@-70 L3·A@-74 R1·A@-73 R2·A@-70 R3·A@-70 罐=无罐 泵=1 阀=111111 速=+0,+0,+0.00 电=7.96V/0.73A/峰1.38 补余=0.0 IO错=0 倾+0.0
[   43.575] EVT 泵 停 最差盘压-75.3
[   43.644] TLM t=  14.2 L1·A@-76 L2·A@-76 L3·A@-76 R1·A@-76 R2·A@-76 R3·A@-76 罐=无罐 泵=0 阀=111111 速=+0,+0,+0.00 电=7.99V/0.65A/峰1.38 补余=0.0 IO错=0 倾+0.0
[   44.161] TLM t=  14.7 L1·A@-76 L2·A@-76 L3·A@-76 R1·A@-76 R2·A@-76 R3·A@-76 罐=无罐 泵=0 阀=111111 速=+0,+0,+0.00 电=7.98V/0.65A/峰1.38 补余=0.0 IO错=0 倾+0.0
[   44.667] TLM t=  15.2 L1·A@-76 L2·A@-75 L3·A@-76 R1·A@-76 R2·A@-75 R3·A@-75 罐=无罐 泵=0 阀=111111 速=+0,+0,+0.00 电=7.99V/0.90A/峰1.38 补余=0.0 IO错=0 倾+0.0
[   45.184] TLM t=  15.7 L1·A@-76 L2·A@-75 L3·A@-76 R1·A@-76 R2·A@-75 R3·A@-74 罐=无罐 泵=0 阀=111111 速=+0,+0,+0.00 电=7.99V/0.73A/峰1.38 补余=0.0 IO错=0 倾+0.0
[   45.694] TLM t=  16.2 L1·A@-76 L2·A@-74 L3·A@-76 R1·A@-75 R2·A@-75 R3·A@-74 罐=无罐 泵=0 阀=111111 速=+0,+0,+0.00 电=7.99V/0.73A/峰1.38 补余=0.0 IO错=0 倾+0.0
[   46.188] TLM t=  16.7 L1·A@-76 L2·A@-74 L3·A@-76 R1·A@-75 R2·A@-74 R3·A@-73 罐=无罐 泵=0 阀=111111 速=+0,+0,+0.00 电=7.98V/0.65A/峰1.38 补余=0.0 IO错=0 倾+0.0
[   46.712] TLM t=  17.2 L1·A@-75 L2·A@-73 L3·A@-76 R1·A@-75 R2·A@-74 R3·A@-73 罐=无罐 泵=0 阀=111111 速=+0,+0,+0.00 电=7.99V/0.65A/峰1.38 补余=0.0 IO错=0 倾+0.0
[   47.231] TLM t=  17.7 L1·A@-75 L2·A@-73 L3·A@-76 R1·A@-75 R2·A@-73 R3·A@-72 罐=无罐 泵=0 阀=111111 速=+0,+0,+0.00 电=7.98V/0.73A/峰1.38 补余=0.0 IO错=0 倾+0.0
[   47.736] TLM t=  18.2 L1·A@-75 L2·A@-72 L3·A@-76 R1·A@-75 R2·A@-73 R3·A@-71 罐=无罐 泵=0 阀=111111 速=+0,+0,+0.00 电=7.99V/0.73A/峰1.38 补余=0.0 IO错=0 倾+0.0
[   48.252] TLM t=  18.8 L1·A@-75 L2·A@-72 L3·A@-76 R1·A@-75 R2·A@-72 R3·A@-71 罐=无罐 泵=0 阀=111111 速=+0,+0,+0.00 电=7.99V/0.73A/峰1.38 补余=0.0 IO错=0 倾+0.0
[   48.759] TLM t=  19.3 L1·A@-75 L2·A@-71 L3·A@-76 R1·A@-75 R2·A@-72 R3·A@-70 罐=无罐 泵=0 阀=111111 速=+0,+0,+0.00 电=7.99V/0.73A/峰1.38 补余=0.0 IO错=0 倾+0.0
[   49.004] EVT 原地抬起受理：R3
[   49.004] EVT 键 'i' 倾=+0.0待=+0.0
[   49.009] EVT 相位 R3 stance→handover
[   49.275] TLM t=  21.9 L1·A@-75 L2·A@-71 L3·A@-75 R1·A@-75 R2·A@-72 R3ZA@-69 罐=无罐 泵=0 阀=111111 速=+0,+0,+0.00 电=7.99V/0.73A/峰1.38 补余=0.0 IO错=0 倾+0.0
[   49.782] TLM t=  22.2 L1·A@-74 L2·A@-70 L3·A@-75 R1·A@-75 R2·A@-71 R3ZA@-69 罐=无罐 泵=0 阀=111111 速=+0,+0,+0.00 电=7.97V/1.06A/峰1.38 补余=0.0 IO错=0 倾+0.0
[   50.195] EVT 吸附 R3 attached→venting 在态29.86s -68.2kPa
[   50.195] EVT 相位 R3 handover→vent 落点Δ(+0.0,+0.0)
[   50.212] EVT 阀 R3 →排气位
[   50.299] TLM t=  22.2 L1·A@-74 L2·A@-70 L3·A@-75 R1·A@-75 R2·A@-71 R3Vv@-68 罐=无罐 泵=0 阀=111110 速=+0,+0,+0.00 电=7.94V/1.38A/峰1.38 补余=0.0 IO错=0 倾+0.0
[   50.493] EVT 相位 R3 vent→lift
[   50.593] EVT 吸附 R3 venting→released 在态0.40s 0.2kPa
[   50.805] TLM t=  22.2 L1·A@-74 L2·A@-70 L3·A@-75 R1·A@-75 R2·A@-71 R3Lr@-- 罐=无罐 泵=0 阀=111110 速=+0,+0,+0.00 电=7.95V/1.47A/峰1.47 补余=0.0 IO错=0 倾+0.0
[   51.303] TLM t=  22.2 L1·A@-74 L2·A@-69 L3·A@-75 R1·A@-75 R2·A@-70 R3Lr@-- 罐=无罐 泵=0 阀=111110 速=+0,+0,+0.00 电=7.92V/1.71A/峰1.71 补余=0.0 IO错=0 倾+0.0
[   51.335] EVT 相位 R3 lift→transfer
[   51.828] TLM t=  22.2 L1·A@-74 L2·A@-69 L3·A@-75 R1·A@-75 R2·A@-70 R3Tr@-- 罐=无罐 泵=0 阀=111110 速=+0,+0,+0.00 电=7.94V/1.55A/峰1.71 补余=0.0 IO错=0 倾+0.0
[   51.957] EVT 相位 R3 transfer→hover
[   52.326] TLM t=  22.2 L1·A@-74 L2·A@-68 L3·A@-75 R1·A@-75 R2·A@-69 R3Hr@-- 罐=无罐 泵=0 阀=111110 速=+0,+0,+0.00 电=7.95V/1.47A/峰1.71 补余=0.0 IO错=0 倾+0.0
[   52.393] EVT 落地：R3
[   52.393] EVT 键 'i' 倾=+0.0待=+0.0
[   52.397] EVT 相位 R3 hover→descend
[   52.850] TLM t=  22.2 L1·A@-73 L2·A@-68 L3·A@-75 R1·A@-75 R2·A@-69 R3Dr@-- 罐=无罐 泵=0 阀=111110 速=+0,+0,+0.00 电=7.95V/1.55A/峰1.71 补余=0.0 IO错=0 倾+0.0
[   52.878] EVT 相位 R3 descend→press
[   53.351] TLM t=  22.2 L1·A@-73 L2·A@-67 L3·A@-75 R1·A@-75 R2·A@-69 R3Pr@-- 罐=无罐 泵=0 阀=111110 速=+0,+0,+0.00 电=7.94V/1.55A/峰1.71 补余=0.0 IO错=0 倾+0.0
[   53.870] TLM t=  22.2 L1·A@-73 L2·A@-67 L3·A@-75 R1·A@-75 R2·A@-68 R3Pr@-- 罐=无罐 泵=0 阀=111110 速=+0,+0,+0.00 电=7.92V/1.55A/峰1.71 补余=0.0 IO错=0 倾+0.0
[   54.081] EVT 吸附 R3 released→pressing 在态3.48s 0.2kPa
[   54.082] EVT 相位 R3 press→wait
[   54.378] TLM t=  22.2 L1·A@-73 L2·A@-66 L3·A@-75 R1·A@-74 R2·A@-68 R3Wp@-- 罐=无罐 泵=0 阀=111110 速=+0,+0,+0.00 电=7.94V/1.55A/峰1.71 补余=0.0 IO错=0 倾+0.0
[   54.385] EVT 吸附 R3 pressing→sucking 在态0.30s 0.2kPa
[   54.386] EVT 阀 R3 →抽气位
[   54.411] EVT 泵 开 最差盘压-66.1
[   54.669] EVT 吸附 R3 sucking→attached 在态0.28s -56.9kPa
[   54.669] EVT 相位 R3 wait→stance
[   54.669] EVT 抬落完成，轮到 L1
[   54.874] TLM t=  22.4 L1·A@-73 L2·A@-67 L3·A@-75 R1·A@-74 R2·A@-68 R3·A@-66 罐=无罐 泵=1 阀=111111 速=+0,+0,+0.00 电=7.91V/1.55A/峰1.71 补余=0.0 IO错=0 倾+0.0
[   55.383] TLM t=  22.9 L1·A@-76 L2·A@-76 L3·A@-75 R1·A@-75 R2·A@-75 R3·A@-76 罐=无罐 泵=1 阀=111111 速=+0,+0,+0.00 电=7.89V/1.47A/峰1.71 补余=0.0 IO错=0 倾+0.0
[   55.436] EVT 泵 停 最差盘压-75.4
[   55.887] TLM t=  23.4 L1·A@-76 L2·A@-76 L3·A@-76 R1·A@-76 R2·A@-76 R3·A@-76 罐=无罐 泵=0 阀=111111 速=+0,+0,+0.00 电=7.94V/1.47A/峰1.71 补余=0.0 IO错=0 倾+0.0
[   56.170] EVT 原地抬起受理：L1
[   56.170] EVT 键 'i' 倾=+0.0待=+0.0
[   56.176] EVT 相位 L1 stance→handover
[   56.407] TLM t=  26.0 L1ZA@-76 L2·A@-76 L3·A@-76 R1·A@-76 R2·A@-76 R3·A@-75 罐=无罐 泵=0 阀=111111 速=+0,+0,+0.00 电=7.95V/1.30A/峰1.71 补余=0.0 IO错=0 倾+0.0
[   56.908] TLM t=  26.4 L1ZA@-76 L2·A@-75 L3·A@-76 R1·A@-76 R2·A@-75 R3·A@-75 罐=无罐 泵=0 阀=111111 速=+0,+0,+0.00 电=7.96V/1.30A/峰1.71 补余=0.0 IO错=0 倾+0.0
[   57.362] EVT 吸附 L1 attached→venting 在态35.18s -75.9kPa
[   57.363] EVT 相位 L1 handover→vent 落点Δ(+0.0,+0.0)
[   57.380] EVT 阀 L1 →排气位
[   57.430] TLM t=  26.4 L1Vv@-76 L2·A@-75 L3·A@-76 R1·A@-76 R2·A@-75 R3·A@-74 罐=无罐 泵=0 阀=011111 速=+0,+0,+0.00 电=7.95V/1.71A/峰1.71 补余=0.0 IO错=0 倾+0.0
[   57.667] EVT 相位 L1 vent→lift
[   57.774] EVT 吸附 L1 venting→released 在态0.40s 0.1kPa
[   57.943] TLM t=  26.4 L1Lr@-- L2·A@-74 L3·A@-76 R1·A@-75 R2·A@-74 R3·A@-73 罐=无罐 泵=0 阀=011111 速=+0,+0,+0.00 电=7.91V/1.95A/峰1.95 补余=0.0 IO错=0 倾+0.0
[   58.458] TLM t=  26.4 L1Lr@-- L2·A@-74 L3·A@-76 R1·A@-75 R2·A@-74 R3·A@-72 罐=无罐 泵=0 阀=011111 速=+0,+0,+0.00 电=7.91V/1.87A/峰1.95 补余=0.0 IO错=0 倾+0.0
[   58.509] EVT 相位 L1 lift→transfer
[   58.966] TLM t=  26.4 L1Tr@-- L2·A@-73 L3·A@-76 R1·A@-75 R2·A@-74 R3·A@-72 罐=无罐 泵=0 阀=011111 速=+0,+0,+0.00 电=7.92V/1.95A/峰1.95 补余=0.0 IO错=0 倾+0.0
[   59.138] EVT 相位 L1 transfer→hover
[   59.479] TLM t=  26.4 L1Hr@-- L2·A@-73 L3·A@-76 R1·A@-75 R2·A@-73 R3·A@-71 罐=无罐 泵=0 阀=011111 速=+0,+0,+0.00 电=7.91V/1.79A/峰1.95 补余=0.0 IO错=0 倾+0.0
[   59.812] EVT 落地：L1
[   59.812] EVT 键 'i' 倾=+0.0待=+0.0
[   59.818] EVT 相位 L1 hover→descend
[   59.991] TLM t=  26.4 L1Dr@-- L2·A@-72 L3·A@-76 R1·A@-75 R2·A@-73 R3·A@-70 罐=无罐 泵=0 阀=011111 速=+0,+0,+0.00 电=7.91V/1.87A/峰1.95 补余=0.0 IO错=0 倾+0.0
[   60.299] EVT 相位 L1 descend→press
[   60.506] TLM t=  26.4 L1Pr@-- L2·A@-72 L3·A@-76 R1·A@-75 R2·A@-72 R3·A@-70 罐=无罐 泵=0 阀=011111 速=+0,+0,+0.00 电=7.91V/1.87A/峰1.95 补余=0.0 IO错=0 倾+0.0
[   61.013] TLM t=  26.4 L1Pr@-- L2·A@-71 L3·A@-76 R1·A@-75 R2·A@-72 R3·A@-69 罐=无罐 泵=0 阀=011111 速=+0,+0,+0.00 电=7.92V/2.04A/峰2.04 补余=0.0 IO错=0 倾+0.0
[   61.502] EVT 吸附 L1 released→pressing 在态3.72s 0.1kPa
[   61.502] EVT 相位 L1 press→wait
[   61.526] TLM t=  26.4 L1Wp@-- L2·A@-71 L3·A@-76 R1·A@-75 R2·A@-72 R3·A@-68 罐=无罐 泵=0 阀=011111 速=+0,+0,+0.00 电=7.92V/2.04A/峰2.04 补余=0.0 IO错=0 倾+0.0
[   61.803] EVT 吸附 L1 pressing→sucking 在态0.30s 0.1kPa
[   61.803] EVT 阀 L1 →抽气位
[   61.821] EVT 泵 开 最差盘压-67.9
[   62.035] TLM t=  26.4 L1Ws@-53 L2·A@-70 L3·A@-76 R1·A@-75 R2·A@-71 R3·A@-68 罐=无罐 泵=1 阀=111111 速=+0,+0,+0.00 电=7.83V/1.87A/峰2.04 补余=0.0 IO错=0 倾+0.0
[   62.139] EVT 吸附 L1 sucking→attached 在态0.34s -62.3kPa
[   62.147] EVT 相位 L1 wait→stance
[   62.147] EVT 抬落完成，轮到 R2
[   62.553] TLM t=  26.8 L1·A@-74 L2·A@-73 L3·A@-76 R1·A@-75 R2·A@-73 R3·A@-74 罐=无罐 泵=1 阀=111111 速=+0,+0,+0.00 电=7.86V/1.87A/峰2.04 补余=0.0 IO错=0 倾+0.0
[   62.768] EVT 泵 停 最差盘压-75.3
[   63.058] TLM t=  27.3 L1·A@-76 L2·A@-76 L3·A@-76 R1·A@-76 R2·A@-76 R3·A@-76 罐=无罐 泵=0 阀=111111 速=+0,+0,+0.00 电=7.91V/1.95A/峰2.04 补余=0.0 IO错=0 倾+0.0
[   63.577] TLM t=  27.8 L1·A@-76 L2·A@-76 L3·A@-76 R1·A@-76 R2·A@-76 R3·A@-76 罐=无罐 泵=0 阀=111111 速=+0,+0,+0.00 电=7.91V/1.79A/峰2.04 补余=0.0 IO错=0 倾+0.0
[   64.084] TLM t=  28.3 L1·A@-76 L2·A@-75 L3·A@-76 R1·A@-76 R2·A@-75 R3·A@-75 罐=无罐 泵=0 阀=111111 速=+0,+0,+0.00 电=7.93V/1.79A/峰2.04 补余=0.0 IO错=0 倾+0.0
[   64.599] TLM t=  28.8 L1·A@-76 L2·A@-75 L3·A@-76 R1·A@-76 R2·A@-75 R3·A@-74 罐=无罐 泵=0 阀=111111 速=+0,+0,+0.00 电=7.93V/1.87A/峰2.04 补余=0.0 IO错=0 倾+0.0
[   64.888] EVT 原地抬起受理：R2
[   64.888] EVT 键 'i' 倾=+0.0待=+0.0
[   64.891] EVT 相位 R2 stance→handover
[   65.111] TLM t=  30.2 L1·A@-76 L2·A@-74 L3·A@-76 R1·A@-76 R2ZA@-75 R3·A@-74 罐=无罐 泵=0 阀=111111 速=+0,+0,+0.00 电=7.92V/1.95A/峰2.04 补余=0.0 IO错=0 倾+0.0
[   65.606] TLM t=  30.6 L1·A@-75 L2·A@-74 L3·A@-76 R1·A@-75 R2ZA@-74 R3·A@-73 罐=无罐 泵=0 阀=111111 速=+0,+0,+0.00 电=7.91V/2.20A/峰2.20 补余=0.0 IO错=0 倾+0.0
[   66.079] EVT 吸附 R2 attached→venting 在态42.04s -73.8kPa
[   66.079] EVT 相位 R2 handover→vent 落点Δ(+0.0,+0.0)
[   66.097] EVT 阀 R2 →排气位
[   66.129] TLM t=  30.6 L1·A@-75 L2·A@-73 L3·A@-76 R1·A@-75 R2Vv@-74 R3·A@-72 罐=无罐 泵=0 阀=111101 速=+0,+0,+0.00 电=7.89V/2.44A/峰2.44 补余=0.0 IO错=0 倾+0.0
[   66.380] EVT 相位 R2 vent→lift
[   66.483] EVT 吸附 R2 venting→released 在态0.40s -0.1kPa
[   66.631] TLM t=  30.6 L1·A@-75 L2·A@-73 L3·A@-76 R1·A@-75 R2Lr@-- R3·A@-72 罐=无罐 泵=0 阀=111101 速=+0,+0,+0.00 电=7.87V/2.52A/峰2.52 补余=0.0 IO错=0 倾+0.0
[   67.130] TLM t=  30.6 L1·A@-75 L2·A@-72 L3·A@-76 R1·A@-75 R2Lr@-- R3·A@-71 罐=无罐 泵=0 阀=111101 速=+0,+0,+0.00 电=7.86V/2.44A/峰2.52 补余=0.0 IO错=0 倾+0.0
[   67.226] EVT 相位 R2 lift→transfer
[   67.636] TLM t=  30.6 L1·A@-75 L2·A@-72 L3·A@-76 R1·A@-75 R2Tr@-- R3·A@-70 罐=无罐 泵=0 阀=111101 速=+0,+0,+0.00 电=7.88V/2.69A/峰2.69 补余=0.0 IO错=0 倾+0.0
[   67.845] EVT 相位 R2 transfer→hover
[   68.134] TLM t=  30.6 L1·A@-74 L2·A@-72 L3·A@-76 R1·A@-75 R2Hr@-- R3·A@-70 罐=无罐 泵=0 阀=111101 速=+0,+0,+0.00 电=7.90V/2.52A/峰2.69 补余=0.0 IO错=0 倾+0.0
[   68.658] TLM t=  30.6 L1·A@-74 L2·A@-71 L3·A@-76 R1·A@-75 R2Hr@-- R3·A@-69 罐=无罐 泵=0 阀=111101 速=+0,+0,+0.00 电=7.88V/2.52A/峰2.69 补余=0.0 IO错=0 倾+0.0
[   68.845] EVT 落地：R2
[   68.845] EVT 键 'i' 倾=+0.0待=+0.0
[   68.850] EVT 相位 R2 hover→descend
[   69.160] TLM t=  30.6 L1·A@-74 L2·A@-71 L3·A@-76 R1·A@-75 R2Dr@-- R3·A@-68 罐=无罐 泵=0 阀=111101 速=+0,+0,+0.00 电=7.86V/2.44A/峰2.69 补余=0.0 IO错=0 倾+0.0
[   69.331] EVT 相位 R2 descend→press
[   69.681] TLM t=  30.6 L1·A@-74 L2·A@-70 L3·A@-75 R1·A@-75 R2Pr@-- R3·A@-68 罐=无罐 泵=0 阀=111101 速=+0,+0,+0.00 电=7.88V/2.69A/峰2.69 补余=0.0 IO错=0 倾+0.0
[   70.181] TLM t=  30.6 L1·A@-74 L2·A@-70 L3·A@-75 R1·A@-75 R2Pr@-- R3·A@-67 罐=无罐 泵=0 阀=111101 速=+0,+0,+0.00 电=7.89V/2.60A/峰2.69 补余=0.0 IO错=0 倾+0.0
[   70.535] EVT 吸附 R2 released→pressing 在态4.04s -0.1kPa
[   70.535] EVT 相位 R2 press→wait
[   70.703] TLM t=  30.6 L1·A@-74 L2·A@-69 L3·A@-75 R1·A@-75 R2Wp@-- R3·A@-67 罐=无罐 泵=0 阀=111101 速=+0,+0,+0.00 电=7.85V/2.69A/峰2.69 补余=0.0 IO错=0 倾+0.0
[   70.836] EVT 吸附 R2 pressing→sucking 在态0.30s -0.1kPa
[   70.836] EVT 阀 R2 →抽气位
[   70.856] EVT 泵 开 最差盘压-66.4
[   71.116] EVT 吸附 R2 sucking→attached 在态0.28s -59.2kPa
[   71.117] EVT 相位 R2 wait→stance
[   71.117] EVT 抬落完成，轮到 L3
[   71.208] TLM t=  30.7 L1·A@-74 L2·A@-69 L3·A@-75 R1·A@-75 R2·A@-62 R3·A@-66 罐=无罐 泵=1 阀=111111 速=+0,+0,+0.00 电=7.85V/2.60A/峰2.69 补余=0.0 IO错=0 倾+0.0
[   71.708] TLM t=  31.2 L1·A@-75 L2·A@-75 L3·A@-75 R1·A@-75 R2·A@-75 R3·A@-75 罐=无罐 泵=1 阀=111111 速=+0,+0,+0.00 电=7.82V/2.69A/峰2.69 补余=0.0 IO错=0 倾+0.0
[   71.801] EVT 泵 停 最差盘压-75.1
[   72.210] TLM t=  31.7 L1·A@-76 L2·A@-76 L3·A@-76 R1·A@-76 R2·A@-76 R3·A@-76 罐=无罐 泵=0 阀=111111 速=+0,+0,+0.00 电=7.89V/2.44A/峰2.69 补余=0.0 IO错=0 倾+0.0
[   72.713] TLM t=  32.2 L1·A@-76 L2·A@-76 L3·A@-76 R1·A@-76 R2·A@-75 R3·A@-75 罐=无罐 泵=0 阀=111111 速=+0,+0,+0.00 电=7.90V/2.36A/峰2.69 补余=0.0 IO错=0 倾+0.0
[   73.213] TLM t=  32.7 L1·A@-76 L2·A@-75 L3·A@-76 R1·A@-75 R2·A@-75 R3·A@-75 罐=无罐 泵=0 阀=111111 速=+0,+0,+0.00 电=7.89V/2.44A/峰2.69 补余=0.0 IO错=0 倾+0.0
[   73.501] EVT 原地抬起受理：L3
[   73.501] EVT 键 'i' 倾=+0.0待=+0.0
[   73.506] EVT 相位 L3 stance→handover
[   73.713] TLM t=  34.4 L1·A@-76 L2·A@-75 L3ZA@-76 R1·A@-75 R2·A@-74 R3·A@-74 罐=无罐 泵=0 阀=111111 速=+0,+0,+0.00 电=7.88V/2.52A/峰2.69 补余=0.0 IO错=0 倾+0.0
[   74.218] TLM t=  34.8 L1·A@-76 L2·A@-74 L3ZA@-76 R1·A@-75 R2·A@-74 R3·A@-73 罐=无罐 泵=0 阀=111111 速=+0,+0,+0.00 电=7.89V/2.28A/峰2.69 补余=0.0 IO错=0 倾+0.0
[   74.689] EVT 吸附 L3 attached→venting 在态48.80s -75.8kPa
[   74.689] EVT 相位 L3 handover→vent 落点Δ(+0.0,+0.0)
[   74.709] EVT 阀 L3 →排气位
[   74.720] TLM t=  34.8 L1·A@-75 L2·A@-74 L3Vv@-76 R1·A@-75 R2·A@-73 R3·A@-73 罐=无罐 泵=0 阀=110111 速=+0,+0,+0.00 电=7.89V/2.44A/峰2.69 补余=0.0 IO错=0 倾+0.0
[   74.990] EVT 相位 L3 vent→lift
[   75.090] EVT 吸附 L3 venting→released 在态0.40s 0.1kPa
[   75.241] TLM t=  34.8 L1·A@-75 L2·A@-73 L3Lr@-- R1·A@-75 R2·A@-73 R3·A@-72 罐=无罐 泵=0 阀=110111 速=+0,+0,+0.00 电=7.88V/2.52A/峰2.69 补余=0.0 IO错=0 倾+0.0
[   75.742] TLM t=  34.8 L1·A@-75 L2·A@-73 L3Lr@-- R1·A@-75 R2·A@-72 R3·A@-71 罐=无罐 泵=0 阀=110111 速=+0,+0,+0.00 电=7.88V/2.60A/峰2.69 补余=0.0 IO错=0 倾+0.0
[   75.833] EVT 相位 L3 lift→transfer
[   76.263] TLM t=  34.8 L1·A@-75 L2·A@-72 L3Tr@-- R1·A@-74 R2·A@-72 R3·A@-71 罐=无罐 泵=0 阀=110111 速=+0,+0,+0.00 电=7.89V/2.36A/峰2.69 补余=0.0 IO错=0 倾+0.0
[   76.455] EVT 相位 L3 transfer→hover
[   76.764] TLM t=  34.8 L1·A@-75 L2·A@-72 L3Hr@-- R1·A@-74 R2·A@-72 R3·A@-70 罐=无罐 泵=0 阀=110111 速=+0,+0,+0.00 电=7.88V/2.36A/峰2.69 补余=0.0 IO错=0 倾+0.0
[   77.231] EVT 落地：L3
[   77.231] EVT 键 'i' 倾=+0.0待=+0.0
[   77.237] EVT 相位 L3 hover→descend
[   77.288] TLM t=  34.8 L1·A@-75 L2·A@-71 L3Dr@-- R1·A@-74 R2·A@-71 R3·A@-69 罐=无罐 泵=0 阀=110111 速=+0,+0,+0.00 电=7.88V/2.36A/峰2.69 补余=0.0 IO错=0 倾+0.0
[   77.719] EVT 相位 L3 descend→press
[   77.788] TLM t=  34.8 L1·A@-75 L2·A@-71 L3Pr@-- R1·A@-74 R2·A@-71 R3·A@-69 罐=无罐 泵=0 阀=110111 速=+0,+0,+0.00 电=7.89V/2.28A/峰2.69 补余=0.0 IO错=0 倾+0.0
[   78.287] TLM t=  34.8 L1·A@-75 L2·A@-70 L3Pr@-- R1·A@-74 R2·A@-70 R3·A@-68 罐=无罐 泵=0 阀=110111 速=+0,+0,+0.00 电=7.88V/2.44A/峰2.69 补余=0.0 IO错=0 倾+0.0
[   78.796] TLM t=  34.8 L1·A@-75 L2·A@-70 L3Pr@-- R1·A@-73 R2·A@-70 R3·A@-67 罐=无罐 泵=0 阀=110111 速=+0,+0,+0.00 电=7.89V/2.28A/峰2.69 补余=0.0 IO错=0 倾+0.0
[   78.926] EVT 吸附 L3 released→pressing 在态3.82s 0.1kPa
[   78.927] EVT 相位 L3 press→wait
[   79.227] EVT 吸附 L3 pressing→sucking 在态0.30s 0.1kPa
[   79.228] EVT 阀 L3 →抽气位
[   79.248] EVT 泵 开 最差盘压-66.9
[   79.295] TLM t=  34.8 L1·A@-74 L2·A@-69 L3Ws@-3 R1·A@-73 R2·A@-70 R3·A@-67 罐=无罐 泵=1 阀=111111 速=+0,+0,+0.00 电=7.84V/2.44A/峰2.69 补余=0.0 IO错=0 倾+0.0
[   79.503] EVT 吸附 L3 sucking→attached 在态0.28s -54.2kPa
[   79.508] EVT 相位 L3 wait→stance
[   79.508] EVT 抬落完成，轮到 R1
[   79.798] TLM t=  35.1 L1·A@-74 L2·A@-69 L3·A@-69 R1·A@-73 R2·A@-69 R3·A@-68 罐=无罐 泵=1 阀=111111 速=+0,+0,+0.00 电=7.83V/2.44A/峰2.69 补余=0.0 IO错=0 倾+0.0
[   80.299] TLM t=  35.6 L1·A@-75 L2·A@-76 L3·A@-75 R1·A@-75 R2·A@-75 R3·A@-76 罐=无罐 泵=1 阀=111111 速=+0,+0,+0.00 电=7.86V/2.36A/峰2.69 补余=0.0 IO错=0 倾+0.0
[   80.351] EVT 泵 停 最差盘压-75.3
[   80.801] TLM t=  36.1 L1·A@-76 L2·A@-76 L3·A@-76 R1·A@-76 R2·A@-76 R3·A@-76 罐=无罐 泵=0 阀=111111 速=+0,+0,+0.00 电=7.88V/2.44A/峰2.69 补余=0.0 IO错=0 倾+0.0
[   81.302] TLM t=  36.6 L1·A@-76 L2·A@-76 L3·A@-76 R1·A@-75 R2·A@-76 R3·A@-75 罐=无罐 泵=0 阀=111111 速=+0,+0,+0.00 电=7.89V/2.44A/峰2.69 补余=0.0 IO错=0 倾+0.0
[   81.804] TLM t=  37.1 L1·A@-76 L2·A@-75 L3·A@-76 R1·A@-75 R2·A@-75 R3·A@-75 罐=无罐 泵=0 阀=111111 速=+0,+0,+0.00 电=7.86V/2.20A/峰2.69 补余=0.0 IO错=0 倾+0.0
[   81.952] EVT 原地抬起受理：R1
[   81.952] EVT 键 'i' 倾=+0.0待=+0.0
[   81.958] EVT 相位 R1 stance→handover
[   82.308] TLM t=  38.8 L1·A@-76 L2·A@-75 L3·A@-76 R1ZA@-75 R2·A@-75 R3·A@-74 罐=无罐 泵=0 阀=111111 速=+0,+0,+0.00 电=7.91V/2.04A/峰2.69 补余=0.0 IO错=0 倾+0.0
[   82.812] TLM t=  39.0 L1·A@-76 L2·A@-74 L3·A@-76 R1ZA@-75 R2·A@-74 R3·A@-73 罐=无罐 泵=0 阀=111111 速=+0,+0,+0.00 电=7.91V/1.79A/峰2.69 补余=0.0 IO错=0 倾+0.0
[   83.144] EVT 吸附 R1 attached→venting 在态55.34s -74.6kPa
[   83.145] EVT 相位 R1 handover→vent 落点Δ(+0.0,+0.0)
[   83.167] EVT 阀 R1 →排气位
[   83.321] TLM t=  39.0 L1·A@-76 L2·A@-74 L3·A@-75 R1Vv@-75 R2·A@-74 R3·A@-73 罐=无罐 泵=0 阀=111011 速=+0,+0,+0.00 电=7.88V/2.20A/峰2.69 补余=0.0 IO错=0 倾+0.0
[   83.445] EVT 相位 R1 vent→lift
[   83.568] EVT 吸附 R1 venting→released 在态0.42s -0.0kPa
[   83.837] TLM t=  39.0 L1·A@-75 L2·A@-73 L3·A@-75 R1Lr@-- R2·A@-73 R3·A@-72 罐=无罐 泵=0 阀=111011 速=+0,+0,+0.00 电=7.89V/2.04A/峰2.69 补余=0.0 IO错=0 倾+0.0
[   84.294] EVT 相位 R1 lift→transfer
[   84.351] TLM t=  39.0 L1·A@-75 L2·A@-73 L3·A@-75 R1Tr@-- R2·A@-73 R3·A@-71 罐=无罐 泵=0 阀=111011 速=+0,+0,+0.00 电=7.90V/1.95A/峰2.69 补余=0.0 IO错=0 倾+0.0
[   84.870] TLM t=  39.0 L1·A@-75 L2·A@-72 L3·A@-75 R1Tr@-- R2·A@-73 R3·A@-71 罐=无罐 泵=0 阀=111011 速=+0,+0,+0.00 电=7.87V/2.52A/峰2.69 补余=0.0 IO错=0 倾+0.0
[   84.921] EVT 相位 R1 transfer→hover
[   85.375] TLM t=  39.0 L1·A@-75 L2·A@-72 L3·A@-75 R1Hr@-- R2·A@-72 R3·A@-70 罐=无罐 泵=0 阀=111011 速=+0,+0,+0.00 电=7.88V/1.71A/峰2.69 补余=0.0 IO错=0 倾+0.0
[   85.898] TLM t=  39.0 L1·A@-75 L2·A@-71 L3·A@-75 R1Hr@-- R2·A@-72 R3·A@-69 罐=无罐 泵=0 阀=111011 速=+0,+0,+0.00 电=7.91V/1.79A/峰2.69 补余=0.0 IO错=0 倾+0.0
[   86.003] EVT 落地：R1
[   86.003] EVT 键 'i' 倾=+0.0待=+0.0
[   86.009] EVT 相位 R1 hover→descend
[   86.401] TLM t=  39.0 L1·A@-75 L2·A@-71 L3·A@-75 R1Dr@-- R2·A@-71 R3·A@-68 罐=无罐 泵=0 阀=111011 速=+0,+0,+0.00 电=7.91V/1.95A/峰2.69 补余=0.0 IO错=0 倾+0.0
[   86.490] EVT 相位 R1 descend→press
[   86.921] TLM t=  39.0 L1·A@-75 L2·A@-70 L3·A@-75 R1Pr@-- R2·A@-71 R3·A@-67 罐=无罐 泵=0 阀=111011 速=+0,+0,+0.00 电=7.91V/1.87A/峰2.69 补余=0.0 IO错=0 倾+0.0
[   87.423] TLM t=  39.0 L1·A@-75 L2·A@-70 L3·A@-75 R1Pr@-- R2·A@-71 R3·A@-67 罐=无罐 泵=0 阀=111011 速=+0,+0,+0.00 电=7.90V/2.04A/峰2.69 补余=0.0 IO错=0 倾+0.0
[   87.693] EVT 吸附 R1 released→pressing 在态4.10s -0.0kPa
[   87.694] EVT 相位 R1 press→wait
[   87.942] TLM t=  39.0 L1·A@-74 L2·A@-69 L3·A@-75 R1Wp@-- R2·A@-70 R3·A@-66 罐=无罐 泵=0 阀=111011 速=+0,+0,+0.00 电=7.91V/1.87A/峰2.69 补余=0.0 IO错=0 倾+0.0
[   88.018] EVT 吸附 R1 pressing→sucking 在态0.32s -0.0kPa
[   88.018] EVT 阀 R1 →抽气位
[   88.033] EVT 泵 开 最差盘压-65.7
[   88.374] EVT 吸附 R1 sucking→attached 在态0.36s -61.3kPa
[   88.379] EVT 相位 R1 wait→stance
[   88.379] EVT 抬落完成，轮到 L2
[   88.446] TLM t=  39.1 L1·A@-74 L2·A@-69 L3·A@-75 R1·A@-64 R2·A@-70 R3·A@-67 罐=无罐 泵=1 阀=111111 速=+0,+0,+0.00 电=7.87V/1.79A/峰2.69 补余=0.0 IO错=0 倾+0.0
[   88.969] TLM t=  39.6 L1·A@-75 L2·A@-76 L3·A@-76 R1·A@-75 R2·A@-75 R3·A@-75 罐=无罐 泵=1 阀=111111 速=+0,+0,+0.00 电=7.90V/1.79A/峰2.69 补余=0.0 IO错=0 倾+0.0
[   88.997] EVT 泵 停 最差盘压-75.2
[   89.469] TLM t=  40.1 L1·A@-76 L2·A@-76 L3·A@-76 R1·A@-75 R2·A@-76 R3·A@-76 罐=无罐 泵=0 阀=111111 速=+0,+0,+0.00 电=7.90V/1.95A/峰2.69 补余=0.0 IO错=0 倾+0.0
[   89.993] TLM t=  40.6 L1·A@-76 L2·A@-75 L3·A@-76 R1·A@-75 R2·A@-75 R3·A@-75 罐=无罐 泵=0 阀=111111 速=+0,+0,+0.00 电=7.89V/1.71A/峰2.69 补余=0.0 IO错=0 倾+0.0
[   90.480] EVT 原地抬起受理：L2
[   90.480] EVT 键 'i' 倾=+0.0待=+0.0
[   90.488] EVT 相位 L2 stance→handover
[   90.497] TLM t=  42.6 L1·A@-76 L2ZA@-75 L3·A@-76 R1·A@-75 R2·A@-75 R3·A@-74 罐=无罐 泵=0 阀=111111 速=+0,+0,+0.00 电=7.91V/1.87A/峰2.69 补余=0.0 IO错=0 倾+0.0
[   91.015] TLM t=  43.1 L1·A@-76 L2ZA@-74 L3·A@-76 R1·A@-75 R2·A@-75 R3·A@-74 罐=无罐 泵=0 阀=111111 速=+0,+0,+0.00 电=7.90V/1.87A/峰2.69 补余=0.0 IO错=0 倾+0.0
[   91.520] TLM t=  43.2 L1·A@-76 L2ZA@-74 L3·A@-76 R1·A@-75 R2·A@-74 R3·A@-73 罐=无罐 泵=0 阀=111111 速=+0,+0,+0.00 电=7.90V/2.04A/峰2.69 补余=0.0 IO错=0 倾+0.0
[   91.668] EVT 吸附 L2 attached→venting 在态62.00s -73.7kPa
[   91.668] EVT 相位 L2 handover→vent 落点Δ(+0.0,+0.0)
[   91.691] EVT 阀 L2 →排气位
[   91.967] EVT 相位 L2 vent→lift
[   92.036] TLM t=  43.2 L1·A@-76 L2Lv@-74 L3·A@-76 R1·A@-75 R2·A@-74 R3·A@-72 罐=无罐 泵=0 阀=101111 速=+0,+0,+0.00 电=7.91V/2.12A/峰2.69 补余=0.0 IO错=0 倾+0.0
[   92.089] EVT 吸附 L2 venting→released 在态0.42s 0.3kPa
[   92.542] TLM t=  43.2 L1·A@-75 L2Lr@-- L3·A@-76 R1·A@-75 R2·A@-73 R3·A@-72 罐=无罐 泵=0 阀=101111 速=+0,+0,+0.00 电=7.89V/2.36A/峰2.69 补余=0.0 IO错=0 倾+0.0
[   92.809] EVT 相位 L2 lift→transfer
[   93.057] TLM t=  43.2 L1·A@-75 L2Tr@-- L3·A@-76 R1·A@-75 R2·A@-73 R3·A@-71 罐=无罐 泵=0 阀=101111 速=+0,+0,+0.00 电=7.88V/2.20A/峰2.69 补余=0.0 IO错=0 倾+0.0
[   93.436] EVT 相位 L2 transfer→hover
[   93.566] TLM t=  43.2 L1·A@-75 L2Hr@-- L3·A@-76 R1·A@-74 R2·A@-73 R3·A@-70 罐=无罐 泵=0 阀=101111 速=+0,+0,+0.00 电=7.88V/2.12A/峰2.69 补余=0.0 IO错=0 倾+0.0
[   94.082] TLM t=  43.2 L1·A@-75 L2Hr@-- L3·A@-75 R1·A@-74 R2·A@-72 R3·A@-69 罐=无罐 泵=0 阀=101111 速=+0,+0,+0.00 电=7.90V/2.12A/峰2.69 补余=0.0 IO错=0 倾+0.0
[   94.250] EVT 落地：L2
[   94.250] EVT 键 'i' 倾=+0.0待=+0.0
[   94.253] EVT 相位 L2 hover→descend
[   94.589] TLM t=  43.2 L1·A@-75 L2Dr@-- L3·A@-75 R1·A@-74 R2·A@-72 R3·A@-68 罐=无罐 泵=0 阀=101111 速=+0,+0,+0.00 电=7.88V/2.20A/峰2.69 补余=0.0 IO错=0 倾+0.0
[   94.735] EVT 相位 L2 descend→press
[   95.103] TLM t=  43.2 L1·A@-75 L2Pr@-- L3·A@-75 R1·A@-74 R2·A@-71 R3·A@-68 罐=无罐 泵=0 阀=101111 速=+0,+0,+0.00 电=7.89V/2.12A/峰2.69 补余=0.0 IO错=0 倾+0.0
[   95.612] TLM t=  43.2 L1·A@-74 L2Pr@-- L3·A@-75 R1·A@-74 R2·A@-71 R3·A@-67 罐=无罐 泵=0 阀=101111 速=+0,+0,+0.00 电=7.89V/2.20A/峰2.69 补余=0.0 IO错=0 倾+0.0
[   95.938] EVT 吸附 L2 released→pressing 在态3.84s 0.3kPa
[   95.938] EVT 相位 L2 press→wait
[   96.126] TLM t=  43.2 L1·A@-74 L2Wp@-- L3·A@-75 R1·A@-74 R2·A@-71 R3·A@-66 罐=无罐 泵=0 阀=101111 速=+0,+0,+0.00 电=7.89V/2.20A/峰2.69 补余=0.0 IO错=0 倾+0.0
[   96.264] EVT 吸附 L2 pressing→sucking 在态0.32s 0.3kPa
[   96.264] EVT 阀 L2 →抽气位
[   96.282] EVT 泵 开 最差盘压-65.7
[   96.620] EVT 吸附 L2 sucking→attached 在态0.36s -63.0kPa
[   96.625] EVT 相位 L2 wait→stance
[   96.625] EVT 抬落完成，轮到 R3
[   96.633] TLM t=  43.2 L1·A@-74 L2·A@-63 L3·A@-75 R1·A@-74 R2·A@-70 R3·A@-65 罐=无罐 泵=1 阀=111111 速=+0,+0,+0.00 电=7.84V/2.20A/峰2.69 补余=0.0 IO错=0 倾+0.0
[   97.150] TLM t=  43.7 L1·A@-75 L2·A@-76 L3·A@-75 R1·A@-74 R2·A@-75 R3·A@-75 罐=无罐 泵=1 阀=111111 速=+0,+0,+0.00 电=7.83V/1.95A/峰2.69 补余=0.0 IO错=0 倾+0.0
[   97.184] EVT 泵 停 最差盘压-75.0
[   97.659] TLM t=  44.2 L1·A@-76 L2·A@-76 L3·A@-76 R1·A@-75 R2·A@-76 R3·A@-76 罐=无罐 泵=0 阀=111111 速=+0,+0,+0.00 电=7.89V/2.20A/峰2.69 补余=0.0 IO错=0 倾+0.0
[   98.175] TLM t=  44.7 L1·A@-76 L2·A@-75 L3·A@-76 R1·A@-75 R2·A@-75 R3·A@-75 罐=无罐 泵=0 阀=111111 速=+0,+0,+0.00 电=7.91V/2.12A/峰2.69 补余=0.0 IO错=0 倾+0.0
[   98.483] EVT 原地抬起受理：R3
[   98.483] EVT 键 'i' 倾=+0.0待=+0.0
[   98.491] EVT 相位 R3 stance→handover
[   98.680] TLM t=  47.0 L1·A@-76 L2·A@-75 L3·A@-76 R1·A@-75 R2·A@-75 R3ZA@-74 罐=无罐 泵=0 阀=111111 速=+0,+0,+0.00 电=7.88V/1.95A/峰2.69 补余=0.0 IO错=0 倾+0.0
[   99.198] TLM t=  47.4 L1·A@-76 L2·A@-74 L3·A@-76 R1·A@-75 R2·A@-74 R3ZA@-74 罐=无罐 泵=0 阀=111111 速=+0,+0,+0.00 电=7.90V/1.95A/峰2.69 补余=0.0 IO错=0 倾+0.0
[   99.669] EVT 吸附 R3 attached→venting 在态44.82s -73.1kPa
[   99.669] EVT 相位 R3 handover→vent 落点Δ(+0.0,+0.0)
[   99.692] EVT 阀 R3 →排气位
[   99.701] TLM t=  47.4 L1·A@-75 L2·A@-74 L3·A@-76 R1·A@-75 R2·A@-74 R3Vv@-73 罐=无罐 泵=0 阀=111110 速=+0,+0,+0.00 电=7.89V/2.04A/峰2.69 补余=0.0 IO错=0 倾+0.0
[   99.970] EVT 相位 R3 vent→lift
[  100.092] EVT 吸附 R3 venting→released 在态0.42s 0.2kPa
[  100.200] TLM t=  47.4 L1·A@-75 L2·A@-73 L3·A@-76 R1·A@-75 R2·A@-74 R3Lr@-- 罐=无罐 泵=0 阀=111110 速=+0,+0,+0.00 电=7.88V/2.20A/峰2.69 补余=0.0 IO错=0 倾+0.0
[  100.724] TLM t=  47.4 L1·A@-75 L2·A@-73 L3·A@-76 R1·A@-75 R2·A@-73 R3Lr@-- 罐=无罐 泵=0 阀=111110 速=+0,+0,+0.00 电=7.87V/2.12A/峰2.69 补余=0.0 IO错=0 倾+0.0
[  100.813] EVT 相位 R3 lift→transfer
[  101.225] TLM t=  47.4 L1·A@-75 L2·A@-72 L3·A@-76 R1·A@-75 R2·A@-73 R3Tr@-- 罐=无罐 泵=0 阀=111110 速=+0,+0,+0.00 电=7.87V/2.20A/峰2.69 补余=0.0 IO错=0 倾+0.0
[  101.437] EVT 相位 R3 transfer→hover
[  101.745] TLM t=  47.4 L1·A@-75 L2·A@-72 L3·A@-75 R1·A@-75 R2·A@-72 R3Hr@-- 罐=无罐 泵=0 阀=111110 速=+0,+0,+0.00 电=7.87V/2.04A/峰2.69 补余=0.0 IO错=0 倾+0.0
[  102.250] TLM t=  47.4 L1·A@-74 L2·A@-71 L3·A@-75 R1·A@-75 R2·A@-72 R3Hr@-- 罐=无罐 泵=0 阀=111110 速=+0,+0,+0.00 电=7.89V/2.20A/峰2.69 补余=0.0 IO错=0 倾+0.0
[  102.747] TLM t=  47.4 L1·A@-74 L2·A@-71 L3·A@-75 R1·A@-75 R2·A@-72 R3Hr@-- 罐=无罐 泵=0 阀=111110 速=+0,+0,+0.00 电=7.90V/2.12A/峰2.69 补余=0.0 IO错=0 倾+0.0
[  103.017] EVT 落地：R3
[  103.017] EVT 键 'i' 倾=+0.0待=+0.0
[  103.023] EVT 相位 R3 hover→descend
[  103.250] TLM t=  47.4 L1·A@-74 L2·A@-70 L3·A@-75 R1·A@-75 R2·A@-71 R3Dr@-- 罐=无罐 泵=0 阀=111110 速=+0,+0,+0.00 电=7.86V/2.12A/峰2.69 补余=0.0 IO错=0 倾+0.0
[  103.504] EVT 相位 R3 descend→press
[  103.756] TLM t=  47.4 L1·A@-74 L2·A@-70 L3·A@-75 R1·A@-75 R2·A@-71 R3Pr@-- 罐=无罐 泵=0 阀=111110 速=+0,+0,+0.00 电=7.88V/2.12A/峰2.69 补余=0.0 IO错=0 倾+0.0
[  104.274] TLM t=  47.4 L1·A@-74 L2·A@-69 L3·A@-75 R1·A@-75 R2·A@-71 R3Pr@-- 罐=无罐 泵=0 阀=111110 速=+0,+0,+0.00 电=7.89V/2.04A/峰2.69 补余=0.0 IO错=0 倾+0.0
[  104.708] EVT 吸附 R3 released→pressing 在态4.60s 0.2kPa
[  104.708] EVT 相位 R3 press→wait
[  104.780] TLM t=  47.4 L1·A@-74 L2·A@-69 L3·A@-75 R1·A@-75 R2·A@-70 R3Wp@-- 罐=无罐 泵=0 阀=111110 速=+0,+0,+0.00 电=7.89V/2.12A/峰2.69 补余=0.0 IO错=0 倾+0.0
[  105.026] EVT 吸附 R3 pressing→sucking 在态0.32s 0.2kPa
[  105.027] EVT 阀 R3 →抽气位
[  105.052] EVT 泵 开 最差盘压-68.4
[  105.302] TLM t=  47.4 L1·A@-74 L2·A@-68 L3·A@-75 R1·A@-75 R2·A@-70 R3Ws@-59 罐=无罐 泵=1 阀=111111 速=+0,+0,+0.00 电=7.87V/2.20A/峰2.69 补余=0.0 IO错=0 倾+0.0
[  105.330] EVT 吸附 R3 sucking→attached 在态0.30s -59.3kPa
[  105.331] EVT 相位 R3 wait→stance
[  105.331] EVT 抬落完成，轮到 L1
[  105.801] TLM t=  47.9 L1·A@-74 L2·A@-74 L3·A@-75 R1·A@-74 R2·A@-74 R3·A@-74 罐=无罐 泵=1 阀=111111 速=+0,+0,+0.00 电=7.87V/2.04A/峰2.69 补余=0.0 IO错=0 倾+0.0
[  105.975] EVT 泵 停 最差盘压-75.2
[  106.328] TLM t=  48.4 L1·A@-76 L2·A@-76 L3·A@-76 R1·A@-76 R2·A@-76 R3·A@-76 罐=无罐 泵=0 阀=111111 速=+0,+0,+0.00 电=7.89V/2.04A/峰2.69 补余=0.0 IO错=0 倾+0.0
[  106.694] EVT 原地抬起受理：L1
[  106.694] EVT 键 'i' 倾=+0.0待=+0.0
[  106.700] EVT 相位 L1 stance→handover
[  106.829] TLM t=  51.1 L1ZA@-76 L2·A@-76 L3·A@-76 R1·A@-76 R2·A@-76 R3·A@-75 罐=无罐 泵=0 阀=111111 速=+0,+0,+0.00 电=7.88V/1.87A/峰2.69 补余=0.0 IO错=0 倾+0.0
[  107.350] TLM t=  51.6 L1ZA@-76 L2·A@-75 L3·A@-76 R1·A@-76 R2·A@-75 R3·A@-75 罐=无罐 泵=0 阀=111111 速=+0,+0,+0.00 电=7.89V/1.71A/峰2.69 补余=0.0 IO错=0 倾+0.0
[  107.870] TLM t=  51.6 L1ZA@-76 L2·A@-75 L3·A@-76 R1·A@-76 R2·A@-75 R3·A@-74 罐=无罐 泵=0 阀=111111 速=+0,+0,+0.00 电=7.91V/1.79A/峰2.69 补余=0.0 IO错=0 倾+0.0
[  107.885] EVT 吸附 L1 attached→venting 在态45.56s -75.6kPa
[  107.886] EVT 相位 L1 handover→vent 落点Δ(+0.0,+0.0)
[  107.903] EVT 阀 L1 →排气位
[  108.184] EVT 相位 L1 vent→lift
[  108.306] EVT 吸附 L1 venting→released 在态0.42s 0.1kPa
[  108.377] TLM t=  51.6 L1Lr@-- L2·A@-74 L3·A@-76 R1·A@-75 R2·A@-74 R3·A@-73 罐=无罐 泵=0 阀=011111 速=+0,+0,+0.00 电=7.87V/2.36A/峰2.69 补余=0.0 IO错=0 倾+0.0
[  108.876] TLM t=  51.6 L1Lr@-- L2·A@-74 L3·A@-76 R1·A@-75 R2·A@-74 R3·A@-72 罐=无罐 泵=0 阀=011111 速=+0,+0,+0.00 电=7.87V/2.44A/峰2.69 补余=0.0 IO错=0 倾+0.0
[  109.029] EVT 相位 L1 lift→transfer
[  109.399] TLM t=  51.6 L1Tr@-- L2·A@-73 L3·A@-76 R1·A@-75 R2·A@-74 R3·A@-71 罐=无罐 泵=0 阀=011111 速=+0,+0,+0.00 电=7.86V/2.44A/峰2.69 补余=0.0 IO错=0 倾+0.0
[  109.652] EVT 相位 L1 transfer→hover
[  109.900] TLM t=  51.6 L1Hr@-- L2·A@-73 L3·A@-75 R1·A@-75 R2·A@-73 R3·A@-71 罐=无罐 泵=0 阀=011111 速=+0,+0,+0.00 电=7.86V/2.36A/峰2.69 补余=0.0 IO错=0 倾+0.0
[  110.421] TLM t=  51.6 L1Hr@-- L2·A@-72 L3·A@-75 R1·A@-75 R2·A@-73 R3·A@-70 罐=无罐 泵=0 阀=011111 速=+0,+0,+0.00 电=7.86V/2.36A/峰2.69 补余=0.0 IO错=0 倾+0.0
[  110.899] EVT 落地：L1
[  110.899] EVT 键 'i' 倾=+0.0待=+0.0
[  110.905] EVT 相位 L1 hover→descend
[  110.937] TLM t=  51.6 L1Dr@-- L2·A@-72 L3·A@-75 R1·A@-75 R2·A@-72 R3·A@-69 罐=无罐 泵=0 阀=011111 速=+0,+0,+0.00 电=7.87V/2.28A/峰2.69 补余=0.0 IO错=0 倾+0.0
[  111.386] EVT 相位 L1 descend→press
[  111.454] TLM t=  51.6 L1Pr@-- L2·A@-71 L3·A@-75 R1·A@-75 R2·A@-72 R3·A@-69 罐=无罐 泵=0 阀=011111 速=+0,+0,+0.00 电=7.84V/2.44A/峰2.69 补余=0.0 IO错=0 倾+0.0
[  111.958] TLM t=  51.6 L1Pr@-- L2·A@-71 L3·A@-75 R1·A@-75 R2·A@-72 R3·A@-68 罐=无罐 泵=0 阀=011111 速=+0,+0,+0.00 电=7.88V/2.28A/峰2.69 补余=0.0 IO错=0 倾+0.0
[  112.478] TLM t=  51.6 L1Pr@-- L2·A@-70 L3·A@-75 R1·A@-75 R2·A@-71 R3·A@-68 罐=无罐 泵=0 阀=011111 速=+0,+0,+0.00 电=7.85V/2.44A/峰2.69 补余=0.0 IO错=0 倾+0.0
[  112.589] EVT 吸附 L1 released→pressing 在态4.26s 0.1kPa
[  112.589] EVT 相位 L1 press→wait
[  112.912] EVT 吸附 L1 pressing→sucking 在态0.32s 0.1kPa
[  112.913] EVT 阀 L1 →抽气位
[  112.928] EVT 泵 开 最差盘压-67.0
[  112.981] TLM t=  51.6 L1Ws@-0 L2·A@-70 L3·A@-75 R1·A@-75 R2·A@-71 R3·A@-67 罐=无罐 泵=1 阀=111111 速=+0,+0,+0.00 电=7.84V/2.52A/峰2.69 补余=0.0 IO错=0 倾+0.0
[  113.266] EVT 吸附 L1 sucking→attached 在态0.36s -61.1kPa
[  113.274] EVT 相位 L1 wait→stance
[  113.274] EVT 抬落完成，轮到 R2
[  113.502] TLM t=  51.8 L1·A@-70 L2·A@-70 L3·A@-75 R1·A@-75 R2·A@-70 R3·A@-71 罐=无罐 泵=1 阀=111111 速=+0,+0,+0.00 电=7.80V/2.28A/峰2.69 补余=0.0 IO错=0 倾+0.0
[  113.937] EVT 泵 停 最差盘压-75.5
[  114.008] TLM t=  52.3 L1·A@-76 L2·A@-77 L3·A@-77 R1·A@-76 R2·A@-77 R3·A@-77 罐=无罐 泵=0 阀=111111 速=+0,+0,+0.00 电=7.88V/2.28A/峰2.69 补余=0.0 IO错=0 倾+0.0
[  114.523] TLM t=  52.8 L1·A@-76 L2·A@-76 L3·A@-77 R1·A@-76 R2·A@-76 R3·A@-76 罐=无罐 泵=0 阀=111111 速=+0,+0,+0.00 电=7.87V/2.44A/峰2.69 补余=0.0 IO错=0 倾+0.0
[  114.973] EVT 原地抬起受理：R2
[  114.973] EVT 键 'i' 倾=+0.0待=+0.0
[  114.976] EVT 相位 R2 stance→handover
[  115.028] TLM t=  55.3 L1·A@-76 L2·A@-76 L3·A@-76 R1·A@-76 R2ZA@-76 R3·A@-75 罐=无罐 泵=0 阀=111111 速=+0,+0,+0.00 电=7.88V/2.44A/峰2.69 补余=0.0 IO错=0 倾+0.0
[  115.553] TLM t=  55.8 L1·A@-76 L2·A@-75 L3·A@-76 R1·A@-76 R2ZA@-75 R3·A@-75 罐=无罐 泵=0 阀=111111 速=+0,+0,+0.00 电=7.89V/2.44A/峰2.69 补余=0.0 IO错=0 倾+0.0
[  116.056] TLM t=  55.8 L1·A@-76 L2·A@-75 L3·A@-76 R1·A@-76 R2ZA@-75 R3·A@-74 罐=无罐 泵=0 阀=111111 速=+0,+0,+0.00 电=7.88V/2.44A/峰2.69 补余=0.0 IO错=0 倾+0.0
[  116.167] EVT 吸附 R2 attached→venting 在态44.86s -74.7kPa
[  116.168] EVT 相位 R2 handover→vent 落点Δ(+0.0,+0.0)
[  116.183] EVT 阀 R2 →排气位
[  116.468] EVT 相位 R2 vent→lift
[  116.574] TLM t=  55.8 L1·A@-76 L2·A@-74 L3·A@-76 R1·A@-76 R2Lv@-75 R3·A@-74 罐=无罐 泵=0 阀=111101 速=+0,+0,+0.00 电=7.87V/2.85A/峰2.85 补余=0.0 IO错=0 倾+0.0
[  116.606] EVT 吸附 R2 venting→released 在态0.44s -0.0kPa
[  117.078] TLM t=  55.8 L1·A@-75 L2·A@-74 L3·A@-76 R1·A@-76 R2Lr@-- R3·A@-73 罐=无罐 泵=0 阀=111101 速=+0,+0,+0.00 电=7.85V/2.60A/峰2.85 补余=0.0 IO错=0 倾+0.0
[  117.311] EVT 相位 R2 lift→transfer
[  117.594] TLM t=  55.8 L1·A@-75 L2·A@-73 L3·A@-76 R1·A@-76 R2Tr@-- R3·A@-72 罐=无罐 泵=0 阀=111101 速=+0,+0,+0.00 电=7.85V/2.93A/峰2.93 补余=0.0 IO错=0 倾+0.0
[  117.928] EVT 相位 R2 transfer→hover
[  118.103] TLM t=  55.8 L1·A@-75 L2·A@-73 L3·A@-76 R1·A@-76 R2Hr@-- R3·A@-72 罐=无罐 泵=0 阀=111101 速=+0,+0,+0.00 电=7.86V/2.60A/峰2.93 补余=0.0 IO错=0 倾+0.0
[  118.619] TLM t=  55.8 L1·A@-75 L2·A@-72 L3·A@-76 R1·A@-75 R2Hr@-- R3·A@-71 罐=无罐 泵=0 阀=111101 速=+0,+0,+0.00 电=7.85V/2.69A/峰2.93 补余=0.0 IO错=0 倾+0.0
[  119.124] TLM t=  55.8 L1·A@-75 L2·A@-72 L3·A@-76 R1·A@-75 R2Hr@-- R3·A@-70 罐=无罐 泵=0 阀=111101 速=+0,+0,+0.00 电=7.84V/2.52A/峰2.93 补余=0.0 IO错=0 倾+0.0
[  119.128] EVT 落地：R2
[  119.128] EVT 键 'i' 倾=+0.0待=+0.0
[  119.131] EVT 相位 R2 hover→descend
[  119.612] EVT 相位 R2 descend→press
[  119.642] TLM t=  55.8 L1·A@-74 L2·A@-71 L3·A@-76 R1·A@-75 R2Pr@-- R3·A@-70 罐=无罐 泵=0 阀=111101 速=+0,+0,+0.00 电=7.86V/2.60A/峰2.93 补余=0.0 IO错=0 倾+0.0
[  120.149] TLM t=  55.8 L1·A@-74 L2·A@-71 L3·A@-76 R1·A@-75 R2Pr@-- R3·A@-69 罐=无罐 泵=0 阀=111101 速=+0,+0,+0.00 电=7.84V/2.52A/峰2.93 补余=0.0 IO错=0 倾+0.0
[  120.664] TLM t=  55.8 L1·A@-74 L2·A@-71 L3·A@-76 R1·A@-75 R2Pr@-- R3·A@-68 罐=无罐 泵=0 阀=111101 速=+0,+0,+0.00 电=7.85V/2.60A/峰2.93 补余=0.0 IO错=0 倾+0.0
[  120.816] EVT 吸附 R2 released→pressing 在态4.20s -0.0kPa
[  120.816] EVT 相位 R2 press→wait
[  121.137] EVT 吸附 R2 pressing→sucking 在态0.32s -0.0kPa
[  121.137] EVT 阀 R2 →抽气位
[  121.162] EVT 泵 开 最差盘压-67.9
[  121.170] TLM t=  55.8 L1·A@-74 L2·A@-70 L3·A@-76 R1·A@-75 R2Ws@-0 R3·A@-68 罐=无罐 泵=1 阀=111111 速=+0,+0,+0.00 电=7.72V/2.60A/峰2.93 补余=0.0 IO错=0 倾+0.0
[  121.402] EVT 吸附 R2 sucking→attached 在态0.26s -57.7kPa
[  121.403] EVT 相位 R2 wait→stance
[  121.403] EVT 抬落完成，轮到 L3
[  121.687] TLM t=  56.1 L1·A@-74 L2·A@-70 L3·A@-76 R1·A@-75 R2·A@-70 R3·A@-70 罐=无罐 泵=1 阀=111111 速=+0,+0,+0.00 电=7.82V/3.01A/峰3.01 补余=0.0 IO错=0 倾+0.0
[  122.022] EVT 泵 停 最差盘压-75.1
[  122.194] TLM t=  56.6 L1·A@-76 L2·A@-76 L3·A@-76 R1·A@-75 R2·A@-76 R3·A@-76 罐=无罐 泵=0 阀=111111 速=+0,+0,+0.00 电=7.86V/2.52A/峰3.01 补余=0.0 IO错=0 倾+0.0
[  122.714] TLM t=  57.1 L1·A@-76 L2·A@-76 L3·A@-76 R1·A@-75 R2·A@-75 R3·A@-75 罐=无罐 泵=0 阀=111111 速=+0,+0,+0.00 电=7.88V/2.60A/峰3.01 补余=0.0 IO错=0 倾+0.0
[  123.219] TLM t=  57.6 L1·A@-76 L2·A@-75 L3·A@-76 R1·A@-75 R2·A@-75 R3·A@-75 罐=无罐 泵=0 阀=111111 速=+0,+0,+0.00 电=7.86V/2.44A/峰3.01 补余=0.0 IO错=0 倾+0.0
[  123.441] EVT 原地抬起受理：L3
[  123.441] EVT 键 'i' 倾=+0.0待=+0.0
[  123.449] EVT 相位 L3 stance→handover
[  123.733] TLM t=  59.7 L1·A@-75 L2·A@-75 L3ZA@-76 R1·A@-75 R2·A@-74 R3·A@-74 罐=无罐 泵=0 阀=111111 速=+0,+0,+0.00 电=7.88V/2.20A/峰3.01 补余=0.0 IO错=0 倾+0.0
[  124.240] TLM t=  60.0 L1·A@-75 L2·A@-74 L3ZA@-76 R1·A@-75 R2·A@-74 R3·A@-73 罐=无罐 泵=0 阀=111111 速=+0,+0,+0.00 电=7.86V/2.20A/峰3.01 补余=0.0 IO错=0 倾+0.0
[  124.626] EVT 吸附 L3 attached→venting 在态44.94s -75.5kPa
[  124.627] EVT 相位 L3 handover→vent 落点Δ(+0.0,+0.0)
[  124.650] EVT 阀 L3 →排气位
[  124.758] TLM t=  60.0 L1·A@-75 L2·A@-74 L3Vv@-76 R1·A@-75 R2·A@-73 R3·A@-73 罐=无罐 泵=0 阀=110111 速=+0,+0,+0.00 电=7.86V/2.20A/峰3.01 补余=0.0 IO错=0 倾+0.0
[  124.928] EVT 相位 L3 vent→lift
[  125.050] EVT 吸附 L3 venting→released 在态0.42s 0.1kPa
[  125.258] TLM t=  60.0 L1·A@-75 L2·A@-73 L3Lr@-- R1·A@-74 R2·A@-73 R3·A@-72 罐=无罐 泵=0 阀=110111 速=+0,+0,+0.00 电=7.88V/1.95A/峰3.01 补余=0.0 IO错=0 倾+0.0
[  125.765] TLM t=  60.0 L1·A@-75 L2·A@-73 L3Lr@-- R1·A@-74 R2·A@-72 R3·A@-71 罐=无罐 泵=0 阀=110111 速=+0,+0,+0.00 电=7.88V/1.95A/峰3.01 补余=0.0 IO错=0 倾+0.0
[  125.776] EVT 相位 L3 lift→transfer
[  126.264] TLM t=  60.0 L1·A@-75 L2·A@-72 L3Tr@-- R1·A@-74 R2·A@-72 R3·A@-71 罐=无罐 泵=0 阀=110111 速=+0,+0,+0.00 电=7.88V/1.95A/峰3.01 补余=0.0 IO错=0 倾+0.0
[  126.403] EVT 相位 L3 transfer→hover
[  126.774] TLM t=  60.0 L1·A@-75 L2·A@-72 L3Hr@-- R1·A@-74 R2·A@-71 R3·A@-70 罐=无罐 泵=0 阀=110111 速=+0,+0,+0.00 电=7.89V/1.79A/峰3.01 补余=0.0 IO错=0 倾+0.0
[  126.839] EVT 落地：L3
[  126.839] EVT 键 'i' 倾=+0.0待=+0.0
[  126.842] EVT 相位 L3 hover→descend
[  127.276] TLM t=  60.0 L1·A@-75 L2·A@-71 L3Dr@-- R1·A@-74 R2·A@-71 R3·A@-69 罐=无罐 泵=0 阀=110111 速=+0,+0,+0.00 电=7.89V/2.04A/峰3.01 补余=0.0 IO错=0 倾+0.0
[  127.324] EVT 相位 L3 descend→press
[  127.774] TLM t=  60.0 L1·A@-74 L2·A@-71 L3Pr@-- R1·A@-74 R2·A@-71 R3·A@-69 罐=无罐 泵=0 阀=110111 速=+0,+0,+0.00 电=7.87V/1.87A/峰3.01 补余=0.0 IO错=0 倾+0.0
[  128.280] TLM t=  60.0 L1·A@-74 L2·A@-70 L3Pr@-- R1·A@-74 R2·A@-70 R3·A@-68 罐=无罐 泵=0 阀=110111 速=+0,+0,+0.00 电=7.89V/1.95A/峰3.01 补余=0.0 IO错=0 倾+0.0
[  128.528] EVT 吸附 L3 released→pressing 在态3.46s 0.1kPa
[  128.528] EVT 相位 L3 press→wait
[  128.801] TLM t=  60.0 L1·A@-74 L2·A@-70 L3Wp@-- R1·A@-74 R2·A@-70 R3·A@-67 罐=无罐 泵=0 阀=110111 速=+0,+0,+0.00 电=7.89V/1.95A/峰3.01 补余=0.0 IO错=0 倾+0.0
[  128.849] EVT 吸附 L3 pressing→sucking 在态0.32s 0.1kPa
[  128.849] EVT 阀 L3 →抽气位
[  128.874] EVT 泵 开 最差盘压-67.4
[  129.147] EVT 吸附 L3 sucking→attached 在态0.30s -54.4kPa
[  129.150] EVT 相位 L3 wait→stance
[  129.150] EVT 抬落完成，轮到 R1
[  129.305] TLM t=  60.1 L1·A@-74 L2·A@-69 L3·A@-65 R1·A@-74 R2·A@-69 R3·A@-67 罐=无罐 泵=1 阀=111111 速=+0,+0,+0.00 电=7.88V/2.04A/峰3.01 补余=0.0 IO错=0 倾+0.0
[  129.808] TLM t=  60.6 L1·A@-74 L2·A@-75 L3·A@-75 R1·A@-74 R2·A@-75 R3·A@-74 罐=无罐 泵=1 阀=111111 速=+0,+0,+0.00 电=7.84V/1.95A/峰3.01 补余=0.0 IO错=0 倾+0.0
[  129.977] EVT 泵 停 最差盘压-75.4
[  130.329] TLM t=  61.2 L1·A@-76 L2·A@-76 L3·A@-76 R1·A@-76 R2·A@-76 R3·A@-76 罐=无罐 泵=0 阀=111111 速=+0,+0,+0.00 电=7.90V/1.79A/峰3.01 补余=0.0 IO错=0 倾+0.0
[  130.832] TLM t=  61.7 L1·A@-76 L2·A@-76 L3·A@-76 R1·A@-76 R2·A@-76 R3·A@-76 罐=无罐 泵=0 阀=111111 速=+0,+0,+0.00 电=7.88V/1.87A/峰3.01 补余=0.0 IO错=0 倾+0.0
[  131.354] TLM t=  62.2 L1·A@-76 L2·A@-75 L3·A@-76 R1·A@-76 R2·A@-75 R3·A@-75 罐=无罐 泵=0 阀=111111 速=+0,+0,+0.00 电=7.88V/1.87A/峰3.01 补余=0.0 IO错=0 倾+0.0
[  131.480] EVT 原地抬起受理：R1
[  131.480] EVT 键 'i' 倾=+0.0待=+0.0
[  131.485] EVT 相位 R1 stance→handover
[  131.872] TLM t=  64.0 L1·A@-76 L2·A@-75 L3·A@-76 R1ZA@-75 R2·A@-75 R3·A@-74 罐=无罐 泵=0 阀=111111 速=+0,+0,+0.00 电=7.91V/1.63A/峰3.01 补余=0.0 IO错=0 倾+0.0
[  132.377] TLM t=  64.2 L1·A@-76 L2·A@-74 L3·A@-76 R1ZA@-75 R2·A@-74 R3·A@-74 罐=无罐 泵=0 阀=111111 速=+0,+0,+0.00 电=7.89V/1.71A/峰3.01 补余=0.0 IO错=0 倾+0.0
[  132.671] EVT 吸附 R1 attached→venting 在态44.12s -75.2kPa
[  132.671] EVT 相位 R1 handover→vent 落点Δ(+0.0,+0.0)
[  132.686] EVT 阀 R1 →排气位
[  132.895] TLM t=  64.2 L1·A@-76 L2·A@-74 L3·A@-76 R1Vv@-75 R2·A@-74 R3·A@-73 罐=无罐 泵=0 阀=111011 速=+0,+0,+0.00 电=7.87V/2.04A/峰3.01 补余=0.0 IO错=0 倾+0.0
[  132.972] EVT 相位 R1 vent→lift
[  133.109] EVT 吸附 R1 venting→released 在态0.44s -0.0kPa
[  133.406] TLM t=  64.2 L1·A@-76 L2·A@-73 L3·A@-75 R1Lr@-- R2·A@-74 R3·A@-72 罐=无罐 泵=0 阀=111011 速=+0,+0,+0.00 电=7.86V/2.04A/峰3.01 补余=0.0 IO错=0 倾+0.0
[  133.820] EVT 相位 R1 lift→transfer
[  133.903] TLM t=  64.2 L1·A@-75 L2·A@-73 L3·A@-75 R1Tr@-- R2·A@-73 R3·A@-72 罐=无罐 泵=0 阀=111011 速=+0,+0,+0.00 电=7.87V/2.04A/峰3.01 补余=0.0 IO错=0 倾+0.0
[  134.406] TLM t=  64.2 L1·A@-75 L2·A@-72 L3·A@-75 R1Tr@-- R2·A@-73 R3·A@-71 罐=无罐 泵=0 阀=111011 速=+0,+0,+0.00 电=7.85V/2.60A/峰3.01 补余=0.0 IO错=0 倾+0.0
[  134.437] EVT 相位 R1 transfer→hover
[  134.912] TLM t=  64.2 L1·A@-75 L2·A@-72 L3·A@-75 R1Hr@-- R2·A@-72 R3·A@-70 罐=无罐 泵=0 阀=111011 速=+0,+0,+0.00 电=7.88V/1.87A/峰3.01 补余=0.0 IO错=0 倾+0.0
[  134.936] EVT 落地：R1
[  134.936] EVT 键 'i' 倾=+0.0待=+0.0
[  134.939] EVT 相位 R1 hover→descend
[  135.420] EVT 相位 R1 descend→press
[  135.432] TLM t=  64.2 L1·A@-75 L2·A@-72 L3·A@-75 R1Pr@-- R2·A@-72 R3·A@-69 罐=无罐 泵=0 阀=111011 速=+0,+0,+0.00 电=7.87V/1.95A/峰3.01 补余=0.0 IO错=0 倾+0.0
[  135.935] TLM t=  64.2 L1·A@-75 L2·A@-71 L3·A@-75 R1Pr@-- R2·A@-72 R3·A@-69 罐=无罐 泵=0 阀=111011 速=+0,+0,+0.00 电=7.86V/1.87A/峰3.01 补余=0.0 IO错=0 倾+0.0
[  136.451] TLM t=  64.2 L1·A@-75 L2·A@-71 L3·A@-75 R1Pr@-- R2·A@-71 R3·A@-68 罐=无罐 泵=0 阀=111011 速=+0,+0,+0.00 电=7.85V/2.12A/峰3.01 补余=0.0 IO错=0 倾+0.0
[  136.624] EVT 吸附 R1 released→pressing 在态3.50s -0.0kPa
[  136.625] EVT 相位 R1 press→wait
[  136.950] EVT 吸附 R1 pressing→sucking 在态0.32s -0.0kPa
[  136.951] EVT 阀 R1 →抽气位
[  136.960] TLM t=  64.2 L1·A@-75 L2·A@-70 L3·A@-75 R1Ws@-0 R2·A@-71 R3·A@-67 罐=无罐 泵=0 阀=111111 速=+0,+0,+0.00 电=7.87V/1.95A/峰3.01 补余=0.0 IO错=0 倾+0.0
[  136.968] EVT 泵 开 最差盘压-66.9
[  137.311] EVT 吸附 R1 sucking→attached 在态0.36s -62.1kPa
[  137.312] EVT 相位 R1 wait→stance
[  137.312] EVT 抬落完成，轮到 L2
[  137.475] TLM t=  64.4 L1·A@-75 L2·A@-70 L3·A@-75 R1·A@-69 R2·A@-71 R3·A@-70 罐=无罐 泵=1 阀=111111 速=+0,+0,+0.00 电=7.87V/1.87A/峰3.01 补余=0.0 IO错=0 倾+0.0
[  137.931] EVT 泵 停 最差盘压-75.4
[  137.980] TLM t=  64.9 L1·A@-76 L2·A@-77 L3·A@-76 R1·A@-75 R2·A@-76 R3·A@-76 罐=无罐 泵=0 阀=111111 速=+0,+0,+0.00 电=7.88V/1.87A/峰3.01 补余=0.0 IO错=0 倾+0.0
[  138.498] TLM t=  65.4 L1·A@-76 L2·A@-76 L3·A@-76 R1·A@-76 R2·A@-76 R3·A@-76 罐=无罐 泵=0 阀=111111 速=+0,+0,+0.00 电=7.87V/1.87A/峰3.01 补余=0.0 IO错=0 倾+0.0
[  138.828] EVT 原地抬起受理：L2
[  138.828] EVT 键 'i' 倾=+0.0待=+0.0
[  138.834] EVT 相位 L2 stance→handover
[  139.005] TLM t=  68.0 L1·A@-76 L2ZA@-76 L3·A@-76 R1·A@-76 R2·A@-76 R3·A@-75 罐=无罐 泵=0 阀=111111 速=+0,+0,+0.00 电=7.88V/2.04A/峰3.01 补余=0.0 IO错=0 倾+0.0
[  139.520] TLM t=  68.4 L1·A@-76 L2ZA@-75 L3·A@-76 R1·A@-75 R2·A@-75 R3·A@-74 罐=无罐 泵=0 阀=111111 速=+0,+0,+0.00 电=7.89V/1.95A/峰3.01 补余=0.0 IO错=0 倾+0.0
[  140.019] EVT 吸附 L2 attached→venting 在态43.22s -74.6kPa
[  140.019] EVT 相位 L2 handover→vent 落点Δ(+0.0,+0.0)
[  140.029] TLM t=  68.4 L1·A@-76 L2Vv@-75 L3·A@-76 R1·A@-75 R2·A@-75 R3·A@-74 罐=无罐 泵=0 阀=111111 速=+0,+0,+0.00 电=7.86V/2.44A/峰3.01 补余=0.0 IO错=0 倾+0.0
[  140.037] EVT 阀 L2 →排气位
[  140.317] EVT 相位 L2 vent→lift
[  140.440] EVT 吸附 L2 venting→released 在态0.42s 0.3kPa
[  140.544] TLM t=  68.4 L1·A@-76 L2Lr@-- L3·A@-76 R1·A@-75 R2·A@-74 R3·A@-73 罐=无罐 泵=0 阀=101111 速=+0,+0,+0.00 电=7.85V/2.60A/峰3.01 补余=0.0 IO错=0 倾+0.0
[  141.046] TLM t=  68.4 L1·A@-76 L2Lr@-- L3·A@-76 R1·A@-75 R2·A@-74 R3·A@-72 罐=无罐 泵=0 阀=101111 速=+0,+0,+0.00 电=7.85V/2.69A/峰3.01 补余=0.0 IO错=0 倾+0.0
[  141.160] EVT 相位 L2 lift→transfer
[  141.549] TLM t=  68.4 L1·A@-76 L2Tr@-- L3·A@-76 R1·A@-75 R2·A@-74 R3·A@-71 罐=无罐 泵=0 阀=101111 速=+0,+0,+0.00 电=7.86V/2.20A/峰3.01 补余=0.0 IO错=0 倾+0.0
[  141.782] EVT 相位 L2 transfer→hover
[  142.073] TLM t=  68.4 L1·A@-75 L2Hr@-- L3·A@-76 R1·A@-75 R2·A@-73 R3·A@-70 罐=无罐 泵=0 阀=101111 速=+0,+0,+0.00 电=7.86V/2.28A/峰3.01 补余=0.0 IO错=0 倾+0.0
[  142.573] TLM t=  68.4 L1·A@-75 L2Hr@-- L3·A@-76 R1·A@-75 R2·A@-73 R3·A@-70 罐=无罐 泵=0 阀=101111 速=+0,+0,+0.00 电=7.85V/2.20A/峰3.01 补余=0.0 IO错=0 倾+0.0
[  143.094] TLM t=  68.4 L1·A@-75 L2Hr@-- L3·A@-76 R1·A@-75 R2·A@-72 R3·A@-69 罐=无罐 泵=0 阀=101111 速=+0,+0,+0.00 电=7.85V/2.36A/峰3.01 补余=0.0 IO错=0 倾+0.0
[  143.341] EVT 落地：L2
[  143.341] EVT 键 'i' 倾=+0.0待=+0.0
[  143.346] EVT 相位 L2 hover→descend
[  143.597] TLM t=  68.4 L1·A@-75 L2Dr@-- L3·A@-76 R1·A@-75 R2·A@-72 R3·A@-68 罐=无罐 泵=0 阀=101111 速=+0,+0,+0.00 电=7.86V/2.44A/峰3.01 补余=0.0 IO错=0 倾+0.0
[  143.828] EVT 相位 L2 descend→press
[  144.119] TLM t=  68.4 L1·A@-75 L2Pr@-- L3·A@-76 R1·A@-74 R2·A@-72 R3·A@-67 罐=无罐 泵=0 阀=101111 速=+0,+0,+0.00 电=7.85V/2.36A/峰3.01 补余=0.0 IO错=0 倾+0.0
[  144.620] TLM t=  68.4 L1·A@-75 L2Pr@-- L3·A@-76 R1·A@-74 R2·A@-71 R3·A@-66 罐=无罐 泵=0 阀=101111 速=+0,+0,+0.00 电=7.84V/2.52A/峰3.01 补余=0.0 IO错=0 倾+0.0
[  145.032] EVT 吸附 L2 released→pressing 在态4.58s 0.3kPa
[  145.032] EVT 相位 L2 press→wait
[  145.143] TLM t=  68.4 L1·A@-75 L2Wp@-- L3·A@-76 R1·A@-74 R2·A@-71 R3·A@-65 罐=无罐 泵=0 阀=101111 速=+0,+0,+0.00 电=7.82V/2.52A/峰3.01 补余=0.0 IO错=0 倾+0.0
[  145.333] EVT 吸附 L2 pressing→sucking 在态0.30s 0.3kPa
[  145.333] EVT 阀 L2 →抽气位
[  145.354] EVT 泵 开 最差盘压-65.0
[  145.611] EVT 吸附 L2 sucking→attached 在态0.28s -58.9kPa
[  145.614] EVT 相位 L2 wait→stance
[  145.614] EVT 抬落完成，轮到 R3
[  145.643] TLM t=  68.4 L1·A@-74 L2·A@-59 L3·A@-75 R1·A@-74 R2·A@-71 R3·A@-65 罐=无罐 泵=1 阀=111111 速=+0,+0,+0.00 电=7.85V/2.77A/峰3.01 补余=0.0 IO错=0 倾+0.0
[  146.146] TLM t=  68.9 L1·A@-74 L2·A@-75 L3·A@-75 R1·A@-74 R2·A@-74 R3·A@-75 罐=无罐 泵=1 阀=111111 速=+0,+0,+0.00 电=7.81V/2.36A/峰3.01 补余=0.0 IO错=0 倾+0.0
[  146.296] EVT 泵 停 最差盘压-75.3
[  146.648] TLM t=  69.4 L1·A@-76 L2·A@-76 L3·A@-76 R1·A@-76 R2·A@-76 R3·A@-76 罐=无罐 泵=0 阀=111111 速=+0,+0,+0.00 电=7.85V/2.69A/峰3.01 补余=0.0 IO错=0 倾+0.0
[  147.147] TLM t=  69.9 L1·A@-76 L2·A@-76 L3·A@-76 R1·A@-76 R2·A@-76 R3·A@-75 罐=无罐 泵=0 阀=111111 速=+0,+0,+0.00 电=7.85V/2.36A/峰3.01 补余=0.0 IO错=0 倾+0.0
[  147.214] EVT 原地抬起受理：R3
[  147.214] EVT 键 'i' 倾=+0.0待=+0.0
[  147.220] EVT 相位 R3 stance→handover
[  147.650] TLM t=  72.4 L1·A@-76 L2·A@-75 L3·A@-76 R1·A@-76 R2·A@-75 R3ZA@-75 罐=无罐 泵=0 阀=111111 速=+0,+0,+0.00 电=7.87V/2.04A/峰3.01 补余=0.0 IO错=0 倾+0.0
[  148.158] TLM t=  72.6 L1·A@-76 L2·A@-75 L3·A@-76 R1·A@-76 R2·A@-75 R3ZA@-74 罐=无罐 泵=0 阀=111111 速=+0,+0,+0.00 电=7.86V/2.12A/峰3.01 补余=0.0 IO错=0 倾+0.0
[  148.406] EVT 吸附 R3 attached→venting 在态42.90s -73.6kPa
[  148.407] EVT 相位 R3 handover→vent 落点Δ(+0.0,+0.0)
[  148.424] EVT 阀 R3 →排气位
[  148.654] TLM t=  72.6 L1·A@-76 L2·A@-74 L3·A@-76 R1·A@-76 R2·A@-74 R3Vv@-74 罐=无罐 泵=0 阀=111110 速=+0,+0,+0.00 电=7.86V/2.12A/峰3.01 补余=0.0 IO错=0 倾+0.0
[  148.707] EVT 相位 R3 vent→lift
[  148.809] EVT 吸附 R3 venting→released 在态0.40s 0.2kPa
[  149.179] TLM t=  72.6 L1·A@-75 L2·A@-73 L3·A@-76 R1·A@-75 R2·A@-74 R3Lr@-- 罐=无罐 泵=0 阀=111110 速=+0,+0,+0.00 电=7.85V/2.12A/峰3.01 补余=0.0 IO错=0 倾+0.0
[  149.550] EVT 相位 R3 lift→transfer
[  149.680] TLM t=  72.6 L1·A@-75 L2·A@-73 L3·A@-76 R1·A@-75 R2·A@-74 R3Tr@-- 罐=无罐 泵=0 阀=111110 速=+0,+0,+0.00 电=7.84V/2.52A/峰3.01 补余=0.0 IO错=0 倾+0.0
[  150.169] EVT 相位 R3 transfer→hover
[  150.200] TLM t=  72.6 L1·A@-75 L2·A@-72 L3·A@-76 R1·A@-75 R2·A@-73 R3Hr@-- 罐=无罐 泵=0 阀=111110 速=+0,+0,+0.00 电=7.84V/2.12A/峰3.01 补余=0.0 IO错=0 倾+0.0
[  150.705] TLM t=  72.6 L1·A@-75 L2·A@-72 L3·A@-76 R1·A@-75 R2·A@-73 R3Hr@-- 罐=无罐 泵=0 阀=111110 速=+0,+0,+0.00 电=7.85V/2.04A/峰3.01 补余=0.0 IO错=0 倾+0.0
[  150.971] EVT 落地：R3
[  150.971] EVT 键 'i' 倾=+0.0待=+0.0
[  150.976] EVT 相位 R3 hover→descend
[  151.204] TLM t=  72.6 L1·A@-75 L2·A@-71 L3·A@-76 R1·A@-75 R2·A@-73 R3Dr@-- 罐=无罐 泵=0 阀=111110 速=+0,+0,+0.00 电=7.86V/2.12A/峰3.01 补余=0.0 IO错=0 倾+0.0
[  151.458] EVT 相位 R3 descend→press
[  151.709] TLM t=  72.6 L1·A@-75 L2·A@-71 L3·A@-76 R1·A@-75 R2·A@-72 R3Pr@-- 罐=无罐 泵=0 阀=111110 速=+0,+0,+0.00 电=7.87V/2.04A/峰3.01 补余=0.0 IO错=0 倾+0.0
[  152.212] TLM t=  72.6 L1·A@-74 L2·A@-70 L3·A@-76 R1·A@-75 R2·A@-72 R3Pr@-- 罐=无罐 泵=0 阀=111110 速=+0,+0,+0.00 电=7.86V/2.20A/峰3.01 补余=0.0 IO错=0 倾+0.0
[  152.662] EVT 吸附 R3 released→pressing 在态3.84s 0.2kPa
[  152.663] EVT 相位 R3 press→wait
[  152.729] TLM t=  72.6 L1·A@-74 L2·A@-70 L3·A@-76 R1·A@-75 R2·A@-71 R3Wp@-- 罐=无罐 泵=0 阀=111110 速=+0,+0,+0.00 电=7.85V/2.20A/峰3.01 补余=0.0 IO错=0 倾+0.0
[  152.963] EVT 吸附 R3 pressing→sucking 在态0.30s 0.2kPa
[  152.963] EVT 阀 R3 →抽气位
[  152.986] EVT 泵 开 最差盘压-69.8
[  153.237] TLM t=  72.6 L1·A@-74 L2·A@-70 L3·A@-76 R1·A@-75 R2·A@-71 R3Ws@-61 罐=无罐 泵=1 阀=111111 速=+0,+0,+0.00 电=7.84V/2.04A/峰3.01 补余=0.0 IO错=0 倾+0.0
[  153.241] EVT 吸附 R3 sucking→attached 在态0.28s -61.0kPa
[  153.242] EVT 相位 R3 wait→stance
[  153.242] EVT 抬落完成，轮到 L1
[  153.753] TLM t=  73.1 L1·A@-75 L2·A@-75 L3·A@-75 R1·A@-75 R2·A@-75 R3·A@-75 罐=无罐 泵=1 阀=111111 速=+0,+0,+0.00 电=7.86V/1.95A/峰3.01 补余=0.0 IO错=0 倾+0.0
[  153.888] EVT 泵 停 最差盘压-75.4
[  154.256] TLM t=  73.6 L1·A@-77 L2·A@-77 L3·A@-77 R1·A@-76 R2·A@-76 R3·A@-76 罐=无罐 泵=0 阀=111111 速=+0,+0,+0.00 电=7.88V/2.12A/峰3.01 补余=0.0 IO错=0 倾+0.0
[  154.778] TLM t=  74.1 L1·A@-76 L2·A@-76 L3·A@-76 R1·A@-76 R2·A@-76 R3·A@-76 罐=无罐 泵=0 阀=111111 速=+0,+0,+0.00 电=7.88V/1.95A/峰3.01 补余=0.0 IO错=0 倾+0.0
[  154.803] EVT 原地抬起受理：L1
[  154.803] EVT 键 'i' 倾=+0.0待=+0.0
[  154.806] EVT 相位 L1 stance→handover
[  155.281] TLM t=  76.7 L1ZA@-76 L2·A@-75 L3·A@-76 R1·A@-76 R2·A@-75 R3·A@-75 罐=无罐 泵=0 阀=111111 速=+0,+0,+0.00 电=7.89V/1.79A/峰3.01 补余=0.0 IO错=0 倾+0.0
[  155.798] TLM t=  76.8 L1ZA@-76 L2·A@-75 L3·A@-76 R1·A@-76 R2·A@-75 R3·A@-74 罐=无罐 泵=0 阀=111111 速=+0,+0,+0.00 电=7.88V/1.55A/峰3.01 补余=0.0 IO错=0 倾+0.0
[  155.994] EVT 吸附 L1 attached→venting 在态42.56s -75.9kPa
[  155.995] EVT 相位 L1 handover→vent 落点Δ(+0.0,+0.0)
[  156.009] EVT 阀 L1 →排气位
[  156.295] EVT 相位 L1 vent→lift
[  156.307] TLM t=  76.8 L1Lv@-76 L2·A@-74 L3·A@-76 R1·A@-76 R2·A@-75 R3·A@-73 罐=无罐 泵=0 阀=011111 速=+0,+0,+0.00 电=7.82V/2.36A/峰3.01 补余=0.0 IO错=0 倾+0.0
[  156.393] EVT 吸附 L1 venting→released 在态0.40s 0.1kPa
[  156.821] TLM t=  76.8 L1Lr@-- L2·A@-74 L3·A@-76 R1·A@-76 R2·A@-74 R3·A@-72 罐=无罐 泵=0 阀=011111 速=+0,+0,+0.00 电=7.83V/2.36A/峰3.01 补余=0.0 IO错=0 倾+0.0
[  157.138] EVT 相位 L1 lift→transfer
[  157.326] TLM t=  76.8 L1Tr@-- L2·A@-73 L3·A@-76 R1·A@-75 R2·A@-74 R3·A@-72 罐=无罐 泵=0 阀=011111 速=+0,+0,+0.00 电=7.82V/2.52A/峰3.01 补余=0.0 IO错=0 倾+0.0
[  157.754] EVT 相位 L1 transfer→hover
[  157.842] TLM t=  76.8 L1Hr@-- L2·A@-73 L3·A@-76 R1·A@-75 R2·A@-73 R3·A@-71 罐=无罐 泵=0 阀=011111 速=+0,+0,+0.00 电=7.85V/2.52A/峰3.01 补余=0.0 IO错=0 倾+0.0
[  158.349] TLM t=  76.8 L1Hr@-- L2·A@-72 L3·A@-76 R1·A@-75 R2·A@-73 R3·A@-70 罐=无罐 泵=0 阀=011111 速=+0,+0,+0.00 电=7.84V/2.36A/峰3.01 补余=0.0 IO错=0 倾+0.0
[  158.373] EVT 落地：L1
[  158.373] EVT 键 'i' 倾=+0.0待=+0.0
[  158.376] EVT 相位 L1 hover→descend
[  158.857] EVT 相位 L1 descend→press
[  158.870] TLM t=  76.8 L1Pr@-- L2·A@-72 L3·A@-76 R1·A@-75 R2·A@-73 R3·A@-70 罐=无罐 泵=0 阀=011111 速=+0,+0,+0.00 电=7.81V/2.36A/峰3.01 补余=0.0 IO错=0 倾+0.0
[  159.374] TLM t=  76.8 L1Pr@-- L2·A@-71 L3·A@-76 R1·A@-75 R2·A@-72 R3·A@-69 罐=无罐 泵=0 阀=011111 速=+0,+0,+0.00 电=7.82V/2.60A/峰3.01 补余=0.0 IO错=0 倾+0.0
[  159.887] TLM t=  76.8 L1Pr@-- L2·A@-71 L3·A@-76 R1·A@-75 R2·A@-72 R3·A@-69 罐=无罐 泵=0 阀=011111 速=+0,+0,+0.00 电=7.85V/2.44A/峰3.01 补余=0.0 IO错=0 倾+0.0
[  160.060] EVT 吸附 L1 released→pressing 在态3.66s 0.1kPa
[  160.061] EVT 相位 L1 press→wait
[  160.361] EVT 吸附 L1 pressing→sucking 在态0.30s 0.1kPa
[  160.361] EVT 阀 L1 →抽气位
[  160.387] EVT 泵 开 最差盘压-67.9
[  160.394] TLM t=  76.8 L1Ws@-1 L2·A@-71 L3·A@-75 R1·A@-75 R2·A@-72 R3·A@-68 罐=无罐 泵=1 阀=111111 速=+0,+0,+0.00 电=7.71V/2.36A/峰3.01 补余=0.0 IO错=0 倾+0.0
[  160.700] EVT 吸附 L1 sucking→attached 在态0.34s -61.7kPa
[  160.705] EVT 相位 L1 wait→stance
[  160.705] EVT 抬落完成，轮到 R2
[  160.913] TLM t=  77.0 L1·A@-69 L2·A@-70 L3·A@-75 R1·A@-75 R2·A@-71 R3·A@-70 罐=无罐 泵=1 阀=111111 速=+0,+0,+0.00 电=7.84V/2.44A/峰3.01 补余=0.0 IO错=0 倾+0.0
[  161.289] EVT 泵 停 最差盘压-75.1
[  161.417] TLM t=  77.5 L1·A@-76 L2·A@-76 L3·A@-76 R1·A@-75 R2·A@-76 R3·A@-76 罐=无罐 泵=0 阀=111111 速=+0,+0,+0.00 电=7.84V/2.36A/峰3.01 补余=0.0 IO错=0 倾+0.0
[  161.935] TLM t=  78.0 L1·A@-76 L2·A@-76 L3·A@-76 R1·A@-75 R2·A@-76 R3·A@-76 罐=无罐 泵=0 阀=111111 速=+0,+0,+0.00 电=7.87V/2.20A/峰3.01 补余=0.0 IO错=0 倾+0.0
[  162.264] EVT 原地抬起受理：R2
[  162.264] EVT 键 'i' 倾=+0.0待=+0.0
[  162.269] EVT 相位 R2 stance→handover
[  162.441] TLM t=  80.6 L1·A@-76 L2·A@-75 L3·A@-76 R1·A@-75 R2ZA@-75 R3·A@-75 罐=无罐 泵=0 阀=111111 速=+0,+0,+0.00 电=7.86V/2.36A/峰3.01 补余=0.0 IO错=0 倾+0.0
[  162.956] TLM t=  81.0 L1·A@-75 L2·A@-75 L3·A@-76 R1·A@-75 R2ZA@-75 R3·A@-74 罐=无罐 泵=0 阀=111111 速=+0,+0,+0.00 电=7.84V/2.52A/峰3.01 补余=0.0 IO错=0 倾+0.0
[  163.461] EVT 吸附 R2 attached→venting 在态41.90s -74.2kPa
[  163.461] EVT 相位 R2 handover→vent 落点Δ(+0.0,+0.0)
[  163.469] TLM t=  81.0 L1·A@-75 L2·A@-74 L3·A@-76 R1·A@-75 R2Vv@-74 R3·A@-74 罐=无罐 泵=0 阀=111111 速=+0,+0,+0.00 电=7.85V/2.52A/峰3.01 补余=0.0 IO错=0 倾+0.0
[  163.481] EVT 阀 R2 →排气位
[  163.759] EVT 相位 R2 vent→lift
[  163.857] EVT 吸附 R2 venting→released 在态0.40s -0.1kPa
[  163.973] TLM t=  81.0 L1·A@-75 L2·A@-74 L3·A@-76 R1·A@-75 R2Lr@-- R3·A@-73 罐=无罐 泵=0 阀=111101 速=+0,+0,+0.00 电=7.81V/2.52A/峰3.01 补余=0.0 IO错=0 倾+0.0
[  164.471] TLM t=  81.0 L1·A@-75 L2·A@-73 L3·A@-76 R1·A@-75 R2Lr@-- R3·A@-72 罐=无罐 泵=0 阀=111101 速=+0,+0,+0.00 电=7.83V/2.60A/峰3.01 补余=0.0 IO错=0 倾+0.0
[  164.610] EVT 相位 R2 lift→transfer
[  164.979] TLM t=  81.0 L1·A@-75 L2·A@-73 L3·A@-76 R1·A@-75 R2Tr@-- R3·A@-72 罐=无罐 泵=0 阀=111101 速=+0,+0,+0.00 电=7.82V/2.60A/峰3.01 补余=0.0 IO错=0 倾+0.0
[  165.230] EVT 相位 R2 transfer→hover
[  165.478] TLM t=  81.0 L1·A@-74 L2·A@-72 L3·A@-76 R1·A@-75 R2Hr@-- R3·A@-71 罐=无罐 泵=0 阀=111101 速=+0,+0,+0.00 电=7.84V/2.44A/峰3.01 补余=0.0 IO错=0 倾+0.0
[  165.867] EVT 落地：R2
[  165.867] EVT 键 'i' 倾=+0.0待=+0.0
[  165.875] EVT 相位 R2 hover→descend
[  166.004] TLM t=  81.0 L1·A@-74 L2·A@-72 L3·A@-76 R1·A@-75 R2Dr@-- R3·A@-70 罐=无罐 泵=0 阀=111101 速=+0,+0,+0.00 电=7.81V/2.69A/峰3.01 补余=0.0 IO错=0 倾+0.0
[  166.358] EVT 相位 R2 descend→press
[  166.505] TLM t=  81.0 L1·A@-74 L2·A@-71 L3·A@-75 R1·A@-75 R2Pr@-- R3·A@-70 罐=无罐 泵=0 阀=111101 速=+0,+0,+0.00 电=7.81V/2.36A/峰3.01 补余=0.0 IO错=0 倾+0.0
[  167.030] TLM t=  81.0 L1·A@-74 L2·A@-71 L3·A@-75 R1·A@-75 R2Pr@-- R3·A@-69 罐=无罐 泵=0 阀=111101 速=+0,+0,+0.00 电=7.84V/2.60A/峰3.01 补余=0.0 IO错=0 倾+0.0
[  167.530] TLM t=  81.0 L1·A@-74 L2·A@-70 L3·A@-75 R1·A@-75 R2Pr@-- R3·A@-69 罐=无罐 泵=0 阀=111101 速=+0,+0,+0.00 电=7.82V/2.60A/峰3.01 补余=0.0 IO错=0 倾+0.0
[  167.564] EVT 吸附 R2 released→pressing 在态3.68s -0.1kPa
[  167.565] EVT 相位 R2 press→wait
[  167.865] EVT 吸附 R2 pressing→sucking 在态0.30s -0.1kPa
[  167.866] EVT 阀 R2 →抽气位
[  167.886] EVT 泵 开 最差盘压-68.0
[  168.057] TLM t=  81.0 L1·A@-74 L2·A@-70 L3·A@-75 R1·A@-75 R2Ws@-54 R3·A@-68 罐=无罐 泵=1 阀=111111 速=+0,+0,+0.00 电=7.77V/2.52A/峰3.01 补余=0.0 IO错=0 倾+0.0
[  168.144] EVT 吸附 R2 sucking→attached 在态0.28s -59.9kPa
[  168.144] EVT 相位 R2 wait→stance
[  168.145] EVT 抬落完成，轮到 L3
[  168.562] TLM t=  81.4 L1·A@-74 L2·A@-73 L3·A@-75 R1·A@-75 R2·A@-73 R3·A@-73 罐=无罐 泵=1 阀=111111 速=+0,+0,+0.00 电=7.81V/2.69A/峰3.01 补余=0.0 IO错=0 倾+0.0
[  168.834] EVT 泵 停 最差盘压-75.3
[  169.082] TLM t=  81.9 L1·A@-76 L2·A@-77 L3·A@-76 R1·A@-76 R2·A@-76 R3·A@-76 罐=无罐 泵=0 阀=111111 速=+0,+0,+0.00 电=7.83V/2.44A/峰3.01 补余=0.0 IO错=0 倾+0.0
[  169.590] TLM t=  82.4 L1·A@-76 L2·A@-76 L3·A@-76 R1·A@-76 R2·A@-76 R3·A@-76 罐=无罐 泵=0 阀=111111 速=+0,+0,+0.00 电=7.83V/2.52A/峰3.01 补余=0.0 IO错=0 倾+0.0
[  169.951] EVT 原地抬起受理：L3
[  169.951] EVT 键 'i' 倾=+0.0待=+0.0
[  169.952] EVT 相位 L3 stance→handover
[  170.110] TLM t=  84.8 L1·A@-76 L2·A@-76 L3ZA@-76 R1·A@-76 R2·A@-75 R3·A@-75 罐=无罐 泵=0 阀=111111 速=+0,+0,+0.00 电=7.83V/2.36A/峰3.01 补余=0.0 IO错=0 倾+0.0
[  170.614] TLM t=  85.2 L1·A@-76 L2·A@-75 L3ZA@-76 R1·A@-76 R2·A@-75 R3·A@-74 罐=无罐 泵=0 阀=111111 速=+0,+0,+0.00 电=7.85V/2.20A/峰3.01 补余=0.0 IO错=0 倾+0.0
[  171.137] TLM t=  85.2 L1·A@-76 L2·A@-74 L3ZA@-76 R1·A@-76 R2·A@-74 R3·A@-74 罐=无罐 泵=0 阀=111111 速=+0,+0,+0.00 电=7.86V/2.12A/峰3.01 补余=0.0 IO错=0 倾+0.0
[  171.149] EVT 吸附 L3 attached→venting 在态41.82s -76.1kPa
[  171.150] EVT 相位 L3 handover→vent 落点Δ(+0.0,+0.0)
[  171.163] EVT 阀 L3 →排气位
[  171.448] EVT 相位 L3 vent→lift
[  171.570] EVT 吸附 L3 venting→released 在态0.42s 0.1kPa
[  171.635] TLM t=  85.2 L1·A@-76 L2·A@-74 L3Lr@-- R1·A@-75 R2·A@-74 R3·A@-73 罐=无罐 泵=0 阀=110111 速=+0,+0,+0.00 电=7.86V/2.20A/峰3.01 补余=0.0 IO错=0 倾+0.0
[  172.163] TLM t=  85.2 L1·A@-76 L2·A@-73 L3Lr@-- R1·A@-75 R2·A@-73 R3·A@-72 罐=无罐 泵=0 阀=110111 速=+0,+0,+0.00 电=7.85V/1.79A/峰3.01 补余=0.0 IO错=0 倾+0.0
[  172.295] EVT 相位 L3 lift→transfer
[  172.665] TLM t=  85.2 L1·A@-75 L2·A@-73 L3Tr@-- R1·A@-75 R2·A@-73 R3·A@-72 罐=无罐 泵=0 阀=110111 速=+0,+0,+0.00 电=7.85V/1.87A/峰3.01 补余=0.0 IO错=0 倾+0.0
[  172.912] EVT 相位 L3 transfer→hover
[  173.190] TLM t=  85.2 L1·A@-75 L2·A@-73 L3Hr@-- R1·A@-75 R2·A@-72 R3·A@-71 罐=无罐 泵=0 阀=110111 速=+0,+0,+0.00 电=7.87V/2.04A/峰3.01 补余=0.0 IO错=0 倾+0.0
[  173.659] EVT 落地：L3
[  173.659] EVT 键 'i' 倾=+0.0待=+0.0
[  173.667] EVT 相位 L3 hover→descend
[  173.693] TLM t=  85.2 L1·A@-75 L2·A@-72 L3Dr@-- R1·A@-75 R2·A@-72 R3·A@-70 罐=无罐 泵=0 阀=110111 速=+0,+0,+0.00 电=7.87V/1.87A/峰3.01 补余=0.0 IO错=0 倾+0.0
[  174.149] EVT 相位 L3 descend→press
[  174.224] TLM t=  85.2 L1·A@-75 L2·A@-72 L3Pr@-- R1·A@-75 R2·A@-72 R3·A@-70 罐=无罐 泵=0 阀=110111 速=+0,+0,+0.00 电=7.87V/1.95A/峰3.01 补余=0.0 IO错=0 倾+0.0
[  174.726] TLM t=  85.2 L1·A@-75 L2·A@-71 L3Pr@-- R1·A@-74 R2·A@-71 R3·A@-69 罐=无罐 泵=0 阀=110111 速=+0,+0,+0.00 电=7.84V/1.71A/峰3.01 补余=0.0 IO错=0 倾+0.0
[  175.246] TLM t=  85.2 L1·A@-75 L2·A@-71 L3Pr@-- R1·A@-74 R2·A@-71 R3·A@-68 罐=无罐 泵=0 阀=110111 速=+0,+0,+0.00 电=7.85V/1.95A/峰3.01 补余=0.0 IO错=0 倾+0.0
[  175.360] EVT 吸附 L3 released→pressing 在态3.76s 0.1kPa
[  175.360] EVT 相位 L3 press→wait
[  175.660] EVT 吸附 L3 pressing→sucking 在态0.30s 0.1kPa
[  175.661] EVT 阀 L3 →抽气位
[  175.681] EVT 泵 开 最差盘压-67.8
[  175.751] TLM t=  85.2 L1·A@-75 L2·A@-70 L3Ws@-46 R1·A@-74 R2·A@-70 R3·A@-68 罐=无罐 泵=1 阀=111111 速=+0,+0,+0.00 电=7.85V/1.79A/峰3.01 补余=0.0 IO错=0 倾+0.0
[  175.934] EVT 吸附 L3 sucking→attached 在态0.28s -53.9kPa
[  175.934] EVT 相位 L3 wait→stance
[  175.934] EVT 抬落完成，轮到 R1
[  176.272] TLM t=  85.5 L1·A@-75 L2·A@-70 L3·A@-69 R1·A@-74 R2·A@-70 R3·A@-69 罐=无罐 泵=1 阀=111111 速=+0,+0,+0.00 电=7.85V/1.95A/峰3.01 补余=0.0 IO错=0 倾+0.0
[  176.746] EVT 泵 停 最差盘压-75.2
[  176.776] TLM t=  86.0 L1·A@-76 L2·A@-76 L3·A@-76 R1·A@-75 R2·A@-76 R3·A@-76 罐=无罐 泵=0 阀=111111 速=+0,+0,+0.00 电=7.85V/1.87A/峰3.01 补余=0.0 IO错=0 倾+0.0
[  177.299] TLM t=  86.5 L1·A@-76 L2·A@-76 L3·A@-76 R1·A@-76 R2·A@-76 R3·A@-76 罐=无罐 泵=0 阀=111111 速=+0,+0,+0.00 电=7.86V/1.95A/峰3.01 补余=0.0 IO错=0 倾+0.0
[  177.705] EVT 原地抬起受理：R1
[  177.706] EVT 键 'i' 倾=+0.0待=+0.0
[  177.714] EVT 相位 R1 stance→handover
[  177.802] TLM t=  88.9 L1·A@-76 L2·A@-76 L3·A@-76 R1ZA@-75 R2·A@-75 R3·A@-75 罐=无罐 泵=0 阀=111111 速=+0,+0,+0.00 电=7.86V/1.95A/峰3.01 补余=0.0 IO错=0 倾+0.0
[  178.326] TLM t=  89.4 L1·A@-76 L2·A@-75 L3·A@-76 R1ZA@-75 R2·A@-75 R3·A@-75 罐=无罐 泵=0 阀=111111 速=+0,+0,+0.00 电=7.89V/1.55A/峰3.01 补余=0.0 IO错=0 倾+0.0
[  178.831] TLM t=  89.4 L1·A@-76 L2·A@-75 L3·A@-76 R1ZA@-75 R2·A@-75 R3·A@-74 罐=无罐 泵=0 阀=111111 速=+0,+0,+0.00 电=7.87V/1.71A/峰3.01 补余=0.0 IO错=0 倾+0.0
[  178.893] EVT 吸附 R1 attached→venting 在态41.40s -75.2kPa
[  178.893] EVT 相位 R1 handover→vent 落点Δ(+0.0,+0.0)
[  178.918] EVT 阀 R1 →排气位
[  179.194] EVT 相位 R1 vent→lift
[  179.316] EVT 吸附 R1 venting→released 在态0.42s -0.2kPa
[  179.346] TLM t=  89.4 L1·A@-76 L2·A@-74 L3·A@-75 R1Lr@-- R2·A@-74 R3·A@-73 罐=无罐 泵=0 阀=111011 速=+0,+0,+0.00 电=7.82V/2.28A/峰3.01 补余=0.0 IO错=0 倾+0.0
[  179.853] TLM t=  89.4 L1·A@-76 L2·A@-73 L3·A@-75 R1Lr@-- R2·A@-74 R3·A@-72 罐=无罐 泵=0 阀=111011 速=+0,+0,+0.00 电=7.84V/1.87A/峰3.01 补余=0.0 IO错=0 倾+0.0
[  180.036] EVT 相位 R1 lift→transfer
[  180.370] TLM t=  89.4 L1·A@-75 L2·A@-73 L3·A@-75 R1Tr@-- R2·A@-73 R3·A@-72 罐=无罐 泵=0 阀=111011 速=+0,+0,+0.00 电=7.85V/1.95A/峰3.01 补余=0.0 IO错=0 倾+0.0
[  180.663] EVT 相位 R1 transfer→hover
[  180.875] TLM t=  89.4 L1·A@-75 L2·A@-73 L3·A@-75 R1Hr@-- R2·A@-73 R3·A@-71 罐=无罐 泵=0 阀=111011 速=+0,+0,+0.00 电=7.83V/1.95A/峰3.01 补余=0.0 IO错=0 倾+0.0
[  181.393] TLM t=  89.4 L1·A@-75 L2·A@-72 L3·A@-75 R1Hr@-- R2·A@-72 R3·A@-70 罐=无罐 泵=0 阀=111011 速=+0,+0,+0.00 电=7.86V/2.04A/峰3.01 补余=0.0 IO错=0 倾+0.0
[  181.520] EVT 落地：R1
[  181.520] EVT 键 'i' 倾=+0.0待=+0.0
[  181.528] EVT 相位 R1 hover→descend
[  181.900] TLM t=  89.4 L1·A@-75 L2·A@-72 L3·A@-75 R1Dr@-- R2·A@-72 R3·A@-70 罐=无罐 泵=0 阀=111011 速=+0,+0,+0.00 电=7.84V/2.12A/峰3.01 补余=0.0 IO错=0 倾+0.0
[  182.009] EVT 相位 R1 descend→press
[  182.416] TLM t=  89.4 L1·A@-75 L2·A@-71 L3·A@-75 R1Pr@-- R2·A@-72 R3·A@-69 罐=无罐 泵=0 阀=111011 速=+0,+0,+0.00 电=7.84V/2.04A/峰3.01 补余=0.0 IO错=0 倾+0.0
[  182.924] TLM t=  89.4 L1·A@-75 L2·A@-71 L3·A@-75 R1Pr@-- R2·A@-71 R3·A@-68 罐=无罐 泵=0 阀=111011 速=+0,+0,+0.00 电=7.85V/2.12A/峰3.01 补余=0.0 IO错=0 倾+0.0
[  183.213] EVT 吸附 R1 released→pressing 在态3.88s -0.2kPa
[  183.213] EVT 相位 R1 press→wait
[  183.442] TLM t=  89.4 L1·A@-75 L2·A@-70 L3·A@-75 R1Wp@-- R2·A@-71 R3·A@-67 罐=无罐 泵=0 阀=111011 速=+0,+0,+0.00 电=7.85V/2.12A/峰3.01 补余=0.0 IO错=0 倾+0.0
[  183.515] EVT 吸附 R1 pressing→sucking 在态0.30s -0.2kPa
[  183.515] EVT 阀 R1 →抽气位
[  183.530] EVT 泵 开 最差盘压-67.0
[  183.853] EVT 吸附 R1 sucking→attached 在态0.34s -62.3kPa
[  183.854] EVT 相位 R1 wait→stance
[  183.854] EVT 抬落完成，轮到 L2
[  183.945] TLM t=  89.5 L1·A@-75 L2·A@-70 L3·A@-75 R1·A@-65 R2·A@-71 R3·A@-68 罐=无罐 泵=1 阀=111111 速=+0,+0,+0.00 电=7.81V/1.95A/峰3.01 补余=0.0 IO错=0 倾+0.0
[  184.464] TLM t=  90.0 L1·A@-76 L2·A@-76 L3·A@-76 R1·A@-75 R2·A@-76 R3·A@-76 罐=无罐 泵=1 阀=111111 速=+0,+0,+0.00 电=7.82V/1.87A/峰3.01 补余=0.0 IO错=0 倾+0.0
[  184.495] EVT 泵 停 最差盘压-75.4
[  184.971] TLM t=  90.5 L1·A@-76 L2·A@-76 L3·A@-76 R1·A@-76 R2·A@-76 R3·A@-76 罐=无罐 泵=0 阀=111111 速=+0,+0,+0.00 电=7.87V/1.95A/峰3.01 补余=0.0 IO错=0 倾+0.0
[  185.488] TLM t=  91.0 L1·A@-76 L2·A@-76 L3·A@-76 R1·A@-76 R2·A@-76 R3·A@-75 罐=无罐 泵=0 阀=111111 速=+0,+0,+0.00 电=7.86V/1.95A/峰3.01 补余=0.0 IO错=0 倾+0.0
[  185.615] EVT 原地抬起受理：L2
[  185.615] EVT 键 'i' 倾=+0.0待=+0.0
[  185.623] EVT 相位 L2 stance→handover
[  185.994] TLM t=  93.4 L1·A@-76 L2ZA@-75 L3·A@-76 R1·A@-75 R2·A@-75 R3·A@-75 罐=无罐 泵=0 阀=111111 速=+0,+0,+0.00 电=7.86V/2.04A/峰3.01 补余=0.0 IO错=0 倾+0.0
[  186.512] TLM t=  93.6 L1·A@-76 L2ZA@-75 L3·A@-76 R1·A@-75 R2·A@-75 R3·A@-74 罐=无罐 泵=0 阀=111111 速=+0,+0,+0.00 电=7.85V/2.20A/峰3.01 补余=0.0 IO错=0 倾+0.0
[  186.803] EVT 吸附 L2 attached→venting 在态41.00s -74.4kPa
[  186.804] EVT 相位 L2 handover→vent 落点Δ(+0.0,+0.0)
[  186.826] EVT 阀 L2 →排气位
[  187.014] TLM t=  93.6 L1·A@-76 L2Vv@-74 L3·A@-76 R1·A@-75 R2·A@-74 R3·A@-73 罐=无罐 泵=0 阀=101111 速=+0,+0,+0.00 电=7.83V/2.52A/峰3.01 补余=0.0 IO错=0 倾+0.0
[  187.102] EVT 相位 L2 vent→lift
[  187.205] EVT 吸附 L2 venting→released 在态0.40s 0.3kPa
[  187.532] TLM t=  93.6 L1·A@-76 L2Lr@-- L3·A@-76 R1·A@-75 R2·A@-74 R3·A@-72 罐=无罐 泵=0 阀=101111 速=+0,+0,+0.00 电=7.83V/2.44A/峰3.01 补余=0.0 IO错=0 倾+0.0
[  187.944] EVT 相位 L2 lift→transfer
[  188.039] TLM t=  93.6 L1·A@-76 L2Tr@-- L3·A@-76 R1·A@-75 R2·A@-74 R3·A@-72 罐=无罐 泵=0 阀=101111 速=+0,+0,+0.00 电=7.82V/3.01A/峰3.01 补余=0.0 IO错=0 倾+0.0
[  188.556] TLM t=  93.6 L1·A@-75 L2Tr@-- L3·A@-76 R1·A@-75 R2·A@-73 R3·A@-71 罐=无罐 泵=0 阀=101111 速=+0,+0,+0.00 电=7.82V/2.52A/峰3.01 补余=0.0 IO错=0 倾+0.0
[  188.571] EVT 相位 L2 transfer→hover
[  189.062] TLM t=  93.6 L1·A@-75 L2Hr@-- L3·A@-76 R1·A@-75 R2·A@-73 R3·A@-70 罐=无罐 泵=0 阀=101111 速=+0,+0,+0.00 电=7.81V/2.28A/峰3.01 补余=0.0 IO错=0 倾+0.0
[  189.145] EVT 落地：L2
[  189.145] EVT 键 'i' 倾=+0.0待=+0.0
[  189.148] EVT 相位 L2 hover→descend
[  189.579] TLM t=  93.6 L1·A@-75 L2Dr@-- L3·A@-76 R1·A@-75 R2·A@-73 R3·A@-69 罐=无罐 泵=0 阀=101111 速=+0,+0,+0.00 电=7.82V/2.52A/峰3.01 补余=0.0 IO错=0 倾+0.0
[  189.630] EVT 相位 L2 descend→press
[  190.086] TLM t=  93.6 L1·A@-75 L2Pr@-- L3·A@-76 R1·A@-75 R2·A@-72 R3·A@-68 罐=无罐 泵=0 阀=101111 速=+0,+0,+0.00 电=7.83V/2.52A/峰3.01 补余=0.0 IO错=0 倾+0.0
[  190.603] TLM t=  93.6 L1·A@-75 L2Pr@-- L3·A@-76 R1·A@-75 R2·A@-72 R3·A@-68 罐=无罐 泵=0 阀=101111 速=+0,+0,+0.00 电=7.82V/2.69A/峰3.01 补余=0.0 IO错=0 倾+0.0
[  190.834] EVT 吸附 L2 released→pressing 在态3.62s 0.3kPa
[  190.835] EVT 相位 L2 press→wait
[  191.108] TLM t=  93.6 L1·A@-75 L2Wp@-- L3·A@-76 R1·A@-74 R2·A@-71 R3·A@-67 罐=无罐 泵=0 阀=101111 速=+0,+0,+0.00 电=7.82V/2.69A/峰3.01 补余=0.0 IO错=0 倾+0.0
[  191.135] EVT 吸附 L2 pressing→sucking 在态0.30s 0.3kPa
[  191.135] EVT 阀 L2 →抽气位
[  191.161] EVT 泵 开 最差盘压-66.6
[  191.413] EVT 吸附 L2 sucking→attached 在态0.28s -60.4kPa
[  191.419] EVT 相位 L2 wait→stance
[  191.420] EVT 抬落完成，轮到 R3
[  191.626] TLM t=  93.8 L1·A@-75 L2·A@-68 L3·A@-76 R1·A@-74 R2·A@-71 R3·A@-69 罐=无罐 泵=1 阀=111111 速=+0,+0,+0.00 电=7.81V/2.44A/峰3.01 补余=0.0 IO错=0 倾+0.0
[  192.081] EVT 泵 停 最差盘压-75.4
[  192.132] TLM t=  94.3 L1·A@-76 L2·A@-77 L3·A@-76 R1·A@-75 R2·A@-77 R3·A@-76 罐=无罐 泵=0 阀=111111 速=+0,+0,+0.00 电=7.82V/2.28A/峰3.01 补余=0.0 IO错=0 倾+0.0
[  192.649] TLM t=  94.8 L1·A@-76 L2·A@-76 L3·A@-76 R1·A@-76 R2·A@-76 R3·A@-76 罐=无罐 泵=0 阀=111111 速=+0,+0,+0.00 电=7.83V/2.36A/峰3.01 补余=0.0 IO错=0 倾+0.0
[  193.156] TLM t=  95.3 L1·A@-76 L2·A@-76 L3·A@-76 R1·A@-76 R2·A@-76 R3·A@-75 罐=无罐 泵=0 阀=111111 速=+0,+0,+0.00 电=7.81V/2.28A/峰3.01 补余=0.0 IO错=0 倾+0.0
[  193.671] TLM t=  95.8 L1·A@-76 L2·A@-75 L3·A@-76 R1·A@-76 R2·A@-75 R3·A@-74 罐=无罐 泵=0 阀=111111 速=+0,+0,+0.00 电=7.83V/2.28A/峰3.01 补余=0.0 IO错=0 倾+0.0
[  194.177] TLM t=  96.3 L1·A@-76 L2·A@-74 L3·A@-76 R1·A@-76 R2·A@-75 R3·A@-74 罐=无罐 泵=0 阀=111111 速=+0,+0,+0.00 电=7.84V/2.28A/峰3.01 补余=0.0 IO错=0 倾+0.0
[  194.697] TLM t=  96.9 L1·A@-76 L2·A@-74 L3·A@-76 R1·A@-76 R2·A@-74 R3·A@-73 罐=无罐 泵=0 阀=111111 速=+0,+0,+0.00 电=7.82V/2.28A/峰3.01 补余=0.0 IO错=0 倾+0.0
[  195.203] TLM t=  97.4 L1·A@-76 L2·A@-73 L3·A@-76 R1·A@-75 R2·A@-74 R3·A@-72 罐=无罐 泵=0 阀=111111 速=+0,+0,+0.00 电=7.83V/2.44A/峰3.01 补余=0.0 IO错=0 倾+0.0
[  195.717] TLM t=  97.9 L1·A@-75 L2·A@-73 L3·A@-76 R1·A@-75 R2·A@-74 R3·A@-71 罐=无罐 泵=0 阀=111111 速=+0,+0,+0.00 电=7.82V/2.36A/峰3.01 补余=0.0 IO错=0 倾+0.0
[  196.225] TLM t=  98.4 L1·A@-75 L2·A@-72 L3·A@-76 R1·A@-75 R2·A@-73 R3·A@-70 罐=无罐 泵=0 阀=111111 速=+0,+0,+0.00 电=7.83V/2.36A/峰3.01 补余=0.0 IO错=0 倾+0.0
[  196.743] TLM t=  98.9 L1·A@-75 L2·A@-72 L3·A@-76 R1·A@-75 R2·A@-73 R3·A@-70 罐=无罐 泵=0 阀=111111 速=+0,+0,+0.00 电=7.82V/2.28A/峰3.01 补余=0.0 IO错=0 倾+0.0
[  197.246] TLM t=  99.4 L1·A@-75 L2·A@-71 L3·A@-76 R1·A@-75 R2·A@-72 R3·A@-69 罐=无罐 泵=0 阀=111111 速=+0,+0,+0.00 电=7.84V/2.60A/峰3.01 补余=0.0 IO错=0 倾+0.0
[  197.765] TLM t=  99.9 L1·A@-75 L2·A@-71 L3·A@-76 R1·A@-75 R2·A@-72 R3·A@-68 罐=无罐 泵=0 阀=111111 速=+0,+0,+0.00 电=7.83V/2.44A/峰3.01 补余=0.0 IO错=0 倾+0.0
[  198.277] TLM t= 100.4 L1·A@-75 L2·A@-70 L3·A@-76 R1·A@-75 R2·A@-72 R3·A@-67 罐=无罐 泵=0 阀=111111 速=+0,+0,+0.00 电=7.83V/2.44A/峰3.01 补余=0.0 IO错=0 倾+0.0
[  198.773] TLM t= 100.9 L1·A@-75 L2·A@-70 L3·A@-76 R1·A@-75 R2·A@-71 R3·A@-66 罐=无罐 泵=0 阀=111111 速=+0,+0,+0.00 电=7.83V/2.28A/峰3.01 补余=0.0 IO错=0 倾+0.0
[  199.296] TLM t= 101.4 L1·A@-75 L2·A@-69 L3·A@-76 R1·A@-75 R2·A@-71 R3·A@-66 罐=无罐 泵=0 阀=111111 速=+0,+0,+0.00 电=7.84V/2.52A/峰3.01 补余=0.0 IO错=0 倾+0.0
[  199.814] TLM t= 102.0 L1·A@-74 L2·A@-69 L3·A@-76 R1·A@-75 R2·A@-71 R3·A@-65 罐=无罐 泵=0 阀=111111 速=+0,+0,+0.00 电=7.83V/2.36A/峰3.01 补余=0.0 IO错=0 倾+0.0
[  200.320] TLM t= 102.5 L1·A@-74 L2·A@-68 L3·A@-76 R1·A@-75 R2·A@-70 R3·A@-64 罐=无罐 泵=0 阀=111111 速=+0,+0,+0.00 电=7.83V/2.36A/峰3.01 补余=0.0 IO错=0 倾+0.0
[  200.840] TLM t= 103.0 L1·A@-74 L2·A@-68 L3·A@-75 R1·A@-75 R2·A@-70 R3·A@-63 罐=无罐 泵=0 阀=111111 速=+0,+0,+0.00 电=7.82V/2.44A/峰3.01 补余=0.0 IO错=0 倾+0.0
[  201.344] TLM t= 103.5 L1·A@-74 L2·A@-67 L3·A@-75 R1·A@-75 R2·A@-69 R3·A@-62 罐=无罐 泵=0 阀=111111 速=+0,+0,+0.00 电=7.82V/2.36A/峰3.01 补余=0.0 IO错=0 倾+0.0
[  201.860] TLM t= 104.0 L1·A@-74 L2·A@-67 L3·A@-75 R1·A@-75 R2·A@-69 R3·A@-61 罐=无罐 泵=0 阀=111111 速=+0,+0,+0.00 电=7.82V/2.36A/峰3.01 补余=0.0 IO错=0 倾+0.0
[  202.366] TLM t= 104.5 L1·A@-74 L2·A@-67 L3·A@-75 R1·A@-75 R2·A@-69 R3·A@-61 罐=无罐 泵=0 阀=111111 速=+0,+0,+0.00 电=7.83V/2.36A/峰3.01 补余=0.0 IO错=0 倾+0.0
[  202.796] EVT 泵 开 最差盘压-59.9
[  202.887] TLM t= 105.0 L1·A@-74 L2·A@-66 L3·A@-75 R1·A@-75 R2·A@-68 R3·A@-60 罐=无罐 泵=1 阀=111111 速=+0,+0,+0.00 电=7.77V/2.44A/峰3.01 补余=0.0 IO错=0 倾+0.0
[  203.392] TLM t= 105.5 L1·A@-74 L2·A@-73 L3·A@-75 R1·A@-75 R2·A@-73 R3·A@-72 罐=无罐 泵=1 阀=111111 速=+0,+0,+0.00 电=7.82V/2.52A/峰3.01 补余=0.0 IO错=0 倾+0.0
[  203.640] EVT 泵 停 最差盘压-75.3
[  203.905] TLM t= 106.0 L1·A@-76 L2·A@-76 L3·A@-76 R1·A@-76 R2·A@-76 R3·A@-76 罐=无罐 泵=0 阀=111111 速=+0,+0,+0.00 电=7.81V/2.36A/峰3.01 补余=0.0 IO错=0 倾+0.0
[  204.414] TLM t= 106.5 L1·A@-76 L2·A@-76 L3·A@-76 R1·A@-76 R2·A@-76 R3·A@-76 罐=无罐 泵=0 阀=111111 速=+0,+0,+0.00 电=7.83V/1.95A/峰3.01 补余=0.0 IO错=0 倾+0.0
[  204.930] TLM t= 107.1 L1·A@-76 L2·A@-75 L3·A@-76 R1·A@-76 R2·A@-75 R3·A@-75 罐=无罐 泵=0 阀=111111 速=+0,+0,+0.00 电=7.84V/2.04A/峰3.01 补余=0.0 IO错=0 倾+0.0
[  205.435] TLM t= 107.6 L1·A@-76 L2·A@-75 L3·A@-76 R1·A@-76 R2·A@-75 R3·A@-74 罐=无罐 泵=0 阀=111111 速=+0,+0,+0.00 电=7.83V/2.04A/峰3.01 补余=0.0 IO错=0 倾+0.0
[  205.955] TLM t= 108.1 L1·A@-76 L2·A@-74 L3·A@-76 R1·A@-76 R2·A@-75 R3·A@-74 罐=无罐 泵=0 阀=111111 速=+0,+0,+0.00 电=7.84V/2.04A/峰3.01 补余=0.0 IO错=0 倾+0.0
[  206.143] EVT 键 'o' 倾=+0.0待=+0.0
[  206.460] TLM t= 108.6 L1·A@-76 L2·A@-74 L3·A@-76 R1·A@-75 R2·A@-74 R3·A@-73 罐=无罐 泵=0 阀=111111 速=+0,+0,+0.00 电=7.83V/1.95A/峰3.01 补余=0.0 IO错=0 倾+0.0
[  206.464] EVT 取机窗口：停泵 → 逐足串行排气（0.2s 间隔）→ 六足舵机撑住（泵禁开）
[  206.872] EVT 吸附 L1 attached→venting 在态45.84s -75.5kPa
[  206.877] EVT 阀 L1 →排气位
[  206.965] TLM t= 108.6 L1·v@-75 L2·A@-73 L3·A@-76 R1·A@-75 R2·A@-74 R3·A@-72 罐=无罐 泵=0 阀=011111 速=+0,+0,+0.00 电=7.85V/1.87A/峰3.01 补余=0.0 IO错=0 取机放气
[  207.149] EVT 吸附 L2 attached→venting 在态15.48s -73.2kPa
[  207.154] EVT 阀 L2 →排气位
[  207.378] EVT 吸附 L1 venting→released 在态0.40s 0.0kPa
[  207.403] EVT 吸附 L3 attached→venting 在态31.10s -76.0kPa
[  207.408] EVT 阀 L3 →排气位
[  207.480] TLM t= 108.6 L1·r@-- L2·v@-73 L3·v@-76 R1·A@-75 R2·A@-73 R3·A@-72 罐=无罐 泵=0 阀=000111 速=+0,+0,+0.00 电=7.85V/1.30A/峰3.01 补余=0.0 IO错=0 取机放气
[  207.618] EVT 吸附 L2 venting→released 在态0.40s 0.3kPa
[  207.641] EVT 吸附 R1 attached→venting 在态23.42s -75.5kPa
[  207.646] EVT 阀 R1 →排气位
[  207.840] EVT 吸附 L3 venting→released 在态0.40s 0.0kPa
[  207.865] EVT 吸附 R2 attached→venting 在态39.24s -72.9kPa
[  207.865] EVT 阀 R2 →排气位
[  207.997] TLM t= 108.6 L1·r@-- L2·r@-- L3·r@-- R1·v@-75 R2·v@-73 R3·A@-71 罐=无罐 泵=0 阀=000001 速=+0,+0,+0.00 电=7.84V/1.06A/峰3.01 补余=0.0 IO错=0 取机放气
[  208.068] EVT 吸附 R1 venting→released 在态0.40s -0.0kPa
[  208.088] EVT 吸附 R3 attached→venting 在态54.28s -70.6kPa
[  208.088] EVT 阀 R3 →排气位
[  208.271] EVT 吸附 R2 venting→released 在态0.40s -0.0kPa
[  208.292] EVT 键 'o' 倾=+0.0待=+0.0（已放开）
[  208.292] EVT ⚠ 主环卡顿 1828ms（目标 20ms）
[  208.455] EVT 吸附 R3 venting→released 在态0.40s 0.2kPa
[  208.500] TLM t= 108.8 L1·r@-- L2·r@-- L3·r@-- R1·r@-- R2·r@-- R3·r@-- 罐=无罐 泵=0 阀=000000 速=+0,+0,+0.00 电=7.85V/0.65A/峰3.01 补余=0.0 IO错=0 倾+0.0 已放开
[  209.004] TLM t= 109.3 L1·r@-- L2·r@-- L3·r@-- R1·r@-- R2·r@-- R3·r@-- 罐=无罐 泵=0 阀=000000 速=+0,+0,+0.00 电=7.85V/0.73A/峰3.01 补余=0.0 IO错=0 倾+0.0 已放开
[  209.506] TLM t= 109.8 L1·r@-- L2·r@-- L3·r@-- R1·r@-- R2·r@-- R3·r@-- 罐=无罐 泵=0 阀=000000 速=+0,+0,+0.00 电=7.84V/0.73A/峰3.01 补余=0.0 IO错=0 倾+0.0 已放开
[  210.003] TLM t= 110.3 L1·r@-- L2·r@-- L3·r@-- R1·r@-- R2·r@-- R3·r@-- 罐=无罐 泵=0 阀=000000 速=+0,+0,+0.00 电=7.85V/0.65A/峰3.01 补余=0.0 IO错=0 倾+0.0 已放开
[  210.508] TLM t= 110.8 L1·r@-- L2·r@-- L3·r@-- R1·r@-- R2·r@-- R3·r@-- 罐=无罐 泵=0 阀=000000 速=+0,+0,+0.00 电=7.84V/0.73A/峰3.01 补余=0.0 IO错=0 倾+0.0 已放开
[  211.008] TLM t= 111.3 L1·r@-- L2·r@-- L3·r@-- R1·r@-- R2·r@-- R3·r@-- 罐=无罐 泵=0 阀=000000 速=+0,+0,+0.00 电=7.85V/0.65A/峰3.01 补余=0.0 IO错=0 倾+0.0 已放开
[  211.512] TLM t= 111.8 L1·r@-- L2·r@-- L3·r@-- R1·r@-- R2·r@-- R3·r@-- 罐=无罐 泵=0 阀=000000 速=+0,+0,+0.00 电=7.84V/0.65A/峰3.01 补余=0.0 IO错=0 倾+0.0 已放开
[  212.013] TLM t= 112.3 L1·r@-- L2·r@-- L3·r@-- R1·r@-- R2·r@-- R3·r@-- 罐=无罐 泵=0 阀=000000 速=+0,+0,+0.00 电=7.84V/0.73A/峰3.01 补余=0.0 IO错=0 倾+0.0 已放开
[  212.513] TLM t= 112.8 L1·r@-- L2·r@-- L3·r@-- R1·r@-- R2·r@-- R3·r@-- 罐=无罐 泵=0 阀=000000 速=+0,+0,+0.00 电=7.84V/0.81A/峰3.01 补余=0.0 IO错=0 倾+0.0 已放开
[  213.016] TLM t= 113.3 L1·r@-- L2·r@-- L3·r@-- R1·r@-- R2·r@-- R3·r@-- 罐=无罐 泵=0 阀=000000 速=+0,+0,+0.00 电=7.85V/0.57A/峰3.01 补余=0.0 IO错=0 倾+0.0 已放开
[  213.517] TLM t= 113.8 L1·r@-- L2·r@-- L3·r@-- R1·r@-- R2·r@-- R3·r@-- 罐=无罐 泵=0 阀=000000 速=+0,+0,+0.00 电=7.85V/0.49A/峰3.01 补余=0.0 IO错=0 倾+0.0 已放开
[  214.019] TLM t= 114.3 L1·r@-- L2·r@-- L3·r@-- R1·r@-- R2·r@-- R3·r@-- 罐=无罐 泵=0 阀=000000 速=+0,+0,+0.00 电=7.85V/0.41A/峰3.01 补余=0.0 IO错=0 倾+0.0 已放开
[  214.519] TLM t= 114.8 L1·r@-- L2·r@-- L3·r@-- R1·r@-- R2·r@-- R3·r@-- 罐=无罐 泵=0 阀=000000 速=+0,+0,+0.00 电=7.85V/0.57A/峰3.01 补余=0.0 IO错=0 倾+0.0 已放开
[  215.019] TLM t= 115.3 L1·r@-- L2·r@-- L3·r@-- R1·r@-- R2·r@-- R3·r@-- 罐=无罐 泵=0 阀=000000 速=+0,+0,+0.00 电=7.84V/0.57A/峰3.01 补余=0.0 IO错=0 倾+0.0 已放开
[  215.523] TLM t= 115.8 L1·r@-- L2·r@-- L3·r@-- R1·r@-- R2·r@-- R3·r@-- 罐=无罐 泵=0 阀=000000 速=+0,+0,+0.00 电=7.84V/0.57A/峰3.01 补余=0.0 IO错=0 倾+0.0 已放开
[  216.023] TLM t= 116.3 L1·r@-- L2·r@-- L3·r@-- R1·r@-- R2·r@-- R3·r@-- 罐=无罐 泵=0 阀=000000 速=+0,+0,+0.00 电=7.85V/0.65A/峰3.01 补余=0.0 IO错=0 倾+0.0 已放开
[  216.114] EVT 键 '\x1b' 倾=+0.0待=+0.0（已放开）
[  216.295] EVT 退出序列：停泵 → 逐足串行放气（通→断，0.2s 间隔） → 舵机断电（不回站姿）
[  216.602] TLM t= 116.6 L1·r@-- L2·r@-- L3·r@-- R1·r@-- R2·r@-- R3·r@-- 罐=无罐 泵=0 阀=000000 速=+0,+0,+0.00 电=7.84V/0.65A/峰3.01 补余=0.0 IO错=0 退出放气
[  216.629] EVT 阀 L1 →抽气位
[  216.850] EVT 阀 L2 →抽气位
[  217.070] EVT 阀 L3 →抽气位
[  217.117] TLM t= 116.6 L1·r@-- L2·r@-- L3·r@-- R1·r@-- R2·r@-- R3·r@-- 罐=无罐 泵=0 阀=111000 速=+0,+0,+0.00 电=7.87V/0.57A/峰3.01 补余=0.0 IO错=0 退出放气
[  217.297] EVT 阀 R1 →抽气位
[  217.518] EVT 阀 R2 →抽气位
[  217.624] TLM t= 116.6 L1·r@-- L2·r@-- L3·r@-- R1·r@-- R2·r@-- R3·r@-- 罐=无罐 泵=0 阀=111110 速=+0,+0,+0.00 电=7.89V/0.57A/峰3.01 补余=0.0 IO错=0 退出放气
[  217.754] EVT 阀 R3 →抽气位
[  217.955] EVT 退出：阀线圈已断电（coils_off）
[  218.058] EVT 退出序列完成（舵机断电）
[  218.058] EVT END 正常退出
