# 开跑 2026-08-24 13:14:37  argv: scripts/body_lean.py --no-tank --stand-height 62 --tilt-trim 6 --handover L1:24,R1:24,L3:24,R3:24,R2:24,L2:24
# git: dd778e6
# 模式=no-tank port=/dev/ttyACM0
# 参数: lean_step=5mm lean_speed=10mm/s press_delta=18mm stand=62 tilt_trim=6° handover=L1:24,L2:24,L3:24,R1:24,R2:24,R3:24
# 阈值: ATTACH=-30.0 PUMP_ON=-60.0 PUMP_OFF=-75.0 comp_tail=72.3mm suck_timeout=2.5s
[    2.270] EVT 缓慢站起（竖直升至爬墙站位）
[    6.375] EVT 爬墙站位就位，进入就位暂停
[    6.487] TLM t=   0.0 L1·r@-- L2·r@-- L3·r@-- R1·r@-- R2·r@-- R3·r@-- 罐=无罐 泵=0 阀=000000 速=+0,+0,+0.00 电=7.75V/1.30A/峰1.30 补余=0.0 IO错=0 就位暂停
[    6.996] TLM t=   0.0 L1·r@-- L2·r@-- L3·r@-- R1·r@-- R2·r@-- R3·r@-- 罐=无罐 泵=0 阀=000000 速=+0,+0,+0.00 电=7.75V/1.30A/峰1.30 补余=0.0 IO错=0 就位暂停
[    7.501] TLM t=   0.0 L1·r@-- L2·r@-- L3·r@-- R1·r@-- R2·r@-- R3·r@-- 罐=无罐 泵=0 阀=000000 速=+0,+0,+0.00 电=7.75V/1.22A/峰1.30 补余=0.0 IO错=0 就位暂停
[    8.011] TLM t=   0.0 L1·r@-- L2·r@-- L3·r@-- R1·r@-- R2·r@-- R3·r@-- 罐=无罐 泵=0 阀=000000 速=+0,+0,+0.00 电=7.76V/1.06A/峰1.30 补余=0.0 IO错=0 就位暂停
[    8.517] TLM t=   0.0 L1·r@-- L2·r@-- L3·r@-- R1·r@-- R2·r@-- R3·r@-- 罐=无罐 泵=0 阀=000000 速=+0,+0,+0.00 电=7.76V/1.06A/峰1.30 补余=0.0 IO错=0 就位暂停
[    9.028] TLM t=   0.0 L1·r@-- L2·r@-- L3·r@-- R1·r@-- R2·r@-- R3·r@-- 罐=无罐 泵=0 阀=000000 速=+0,+0,+0.00 电=7.77V/0.98A/峰1.30 补余=0.0 IO错=0 就位暂停
[    9.535] TLM t=   0.0 L1·r@-- L2·r@-- L3·r@-- R1·r@-- R2·r@-- R3·r@-- 罐=无罐 泵=0 阀=000000 速=+0,+0,+0.00 电=7.78V/0.73A/峰1.30 补余=0.0 IO错=0 就位暂停
[   10.046] TLM t=   0.0 L1·r@-- L2·r@-- L3·r@-- R1·r@-- R2·r@-- R3·r@-- 罐=无罐 泵=0 阀=000000 速=+0,+0,+0.00 电=7.79V/0.65A/峰1.30 补余=0.0 IO错=0 就位暂停
[   10.550] TLM t=   0.0 L1·r@-- L2·r@-- L3·r@-- R1·r@-- R2·r@-- R3·r@-- 罐=无罐 泵=0 阀=000000 速=+0,+0,+0.00 电=7.78V/0.81A/峰1.30 补余=0.0 IO错=0 就位暂停
[   11.065] TLM t=   0.0 L1·r@-- L2·r@-- L3·r@-- R1·r@-- R2·r@-- R3·r@-- 罐=无罐 泵=0 阀=000000 速=+0,+0,+0.00 电=7.78V/0.57A/峰1.30 补余=0.0 IO错=0 就位暂停
[   11.568] TLM t=   0.0 L1·r@-- L2·r@-- L3·r@-- R1·r@-- R2·r@-- R3·r@-- 罐=无罐 泵=0 阀=000000 速=+0,+0,+0.00 电=7.78V/0.65A/峰1.30 补余=0.0 IO错=0 就位暂停
[   12.083] TLM t=   0.0 L1·r@-- L2·r@-- L3·r@-- R1·r@-- R2·r@-- R3·r@-- 罐=无罐 泵=0 阀=000000 速=+0,+0,+0.00 电=7.79V/0.65A/峰1.30 补余=0.0 IO错=0 就位暂停
[   12.590] TLM t=   0.0 L1·r@-- L2·r@-- L3·r@-- R1·r@-- R2·r@-- R3·r@-- 罐=无罐 泵=0 阀=000000 速=+0,+0,+0.00 电=7.79V/0.65A/峰1.30 补余=0.0 IO错=0 就位暂停
[   13.106] TLM t=   0.0 L1·r@-- L2·r@-- L3·r@-- R1·r@-- R2·r@-- R3·r@-- 罐=无罐 泵=0 阀=000000 速=+0,+0,+0.00 电=7.78V/0.65A/峰1.30 补余=0.0 IO错=0 就位暂停
[   13.609] TLM t=   0.0 L1·r@-- L2·r@-- L3·r@-- R1·r@-- R2·r@-- R3·r@-- 罐=无罐 泵=0 阀=000000 速=+0,+0,+0.00 电=7.78V/0.57A/峰1.30 补余=0.0 IO错=0 就位暂停
[   14.121] TLM t=   0.0 L1·r@-- L2·r@-- L3·r@-- R1·r@-- R2·r@-- R3·r@-- 罐=无罐 泵=0 阀=000000 速=+0,+0,+0.00 电=7.79V/0.65A/峰1.30 补余=0.0 IO错=0 就位暂停
[   14.624] TLM t=   0.0 L1·r@-- L2·r@-- L3·r@-- R1·r@-- R2·r@-- R3·r@-- 罐=无罐 泵=0 阀=000000 速=+0,+0,+0.00 电=7.79V/0.65A/峰1.30 补余=0.0 IO错=0 就位暂停
[   15.138] TLM t=   0.0 L1·r@-- L2·r@-- L3·r@-- R1·r@-- R2·r@-- R3·r@-- 罐=无罐 泵=0 阀=000000 速=+0,+0,+0.00 电=7.79V/0.57A/峰1.30 补余=0.0 IO错=0 就位暂停
[   15.643] TLM t=   0.0 L1·r@-- L2·r@-- L3·r@-- R1·r@-- R2·r@-- R3·r@-- 罐=无罐 泵=0 阀=000000 速=+0,+0,+0.00 电=7.78V/0.65A/峰1.30 补余=0.0 IO错=0 就位暂停
[   16.154] TLM t=   0.0 L1·r@-- L2·r@-- L3·r@-- R1·r@-- R2·r@-- R3·r@-- 罐=无罐 泵=0 阀=000000 速=+0,+0,+0.00 电=7.78V/0.65A/峰1.30 补余=0.0 IO错=0 就位暂停
[   16.660] TLM t=   0.0 L1·r@-- L2·r@-- L3·r@-- R1·r@-- R2·r@-- R3·r@-- 罐=无罐 泵=0 阀=000000 速=+0,+0,+0.00 电=7.78V/0.57A/峰1.30 补余=0.0 IO错=0 就位暂停
[   17.173] TLM t=   0.0 L1·r@-- L2·r@-- L3·r@-- R1·r@-- R2·r@-- R3·r@-- 罐=无罐 泵=0 阀=000000 速=+0,+0,+0.00 电=7.78V/0.57A/峰1.30 补余=0.0 IO错=0 就位暂停
[   17.677] TLM t=   0.0 L1·r@-- L2·r@-- L3·r@-- R1·r@-- R2·r@-- R3·r@-- 罐=无罐 泵=0 阀=000000 速=+0,+0,+0.00 电=7.79V/0.57A/峰1.30 补余=0.0 IO错=0 就位暂停
[   18.193] TLM t=   0.0 L1·r@-- L2·r@-- L3·r@-- R1·r@-- R2·r@-- R3·r@-- 罐=无罐 泵=0 阀=000000 速=+0,+0,+0.00 电=7.79V/0.57A/峰1.30 补余=0.0 IO错=0 就位暂停
[   18.699] TLM t=   0.0 L1·r@-- L2·r@-- L3·r@-- R1·r@-- R2·r@-- R3·r@-- 罐=无罐 泵=0 阀=000000 速=+0,+0,+0.00 电=7.79V/0.57A/峰1.30 补余=0.0 IO错=0 就位暂停
[   19.214] TLM t=   0.0 L1·r@-- L2·r@-- L3·r@-- R1·r@-- R2·r@-- R3·r@-- 罐=无罐 泵=0 阀=000000 速=+0,+0,+0.00 电=7.78V/0.57A/峰1.30 补余=0.0 IO错=0 就位暂停
[   19.721] TLM t=   0.0 L1·r@-- L2·r@-- L3·r@-- R1·r@-- R2·r@-- R3·r@-- 罐=无罐 泵=0 阀=000000 速=+0,+0,+0.00 电=7.78V/0.57A/峰1.30 补余=0.0 IO错=0 就位暂停
[   20.233] TLM t=   0.0 L1·r@-- L2·r@-- L3·r@-- R1·r@-- R2·r@-- R3·r@-- 罐=无罐 泵=0 阀=000000 速=+0,+0,+0.00 电=7.78V/0.57A/峰1.30 补余=0.0 IO错=0 就位暂停
[   20.565] EVT 按 p：开始全吸附启动序列
[   20.566] EVT 相位 R3 stance→press
[   20.586] EVT 泵 开
[   20.733] TLM t=   0.0 L1·r@-- L2·r@-- L3·r@-- R1·r@-- R2·r@-- R3Pr@-- 罐=无罐 泵=1 阀=000000 速=+0,+0,+0.00 电=7.73V/0.65A/峰1.30 补余=0.0 IO错=0 倾+0.0
[   21.237] TLM t=   0.0 L1·r@-- L2·r@-- L3·r@-- R1·r@-- R2·r@-- R3Pr@-- 罐=无罐 泵=1 阀=000000 速=+0,+0,+0.00 电=7.75V/0.57A/峰1.30 补余=0.0 IO错=0 倾+0.0
[   21.742] TLM t=   0.0 L1·r@-- L2·r@-- L3·r@-- R1·r@-- R2·r@-- R3Pr@-- 罐=无罐 泵=1 阀=000000 速=+0,+0,+0.00 电=7.74V/0.65A/峰1.30 补余=0.0 IO错=0 倾+0.0
[   22.238] TLM t=   0.0 L1·r@-- L2·r@-- L3·r@-- R1·r@-- R2·r@-- R3Pr@-- 罐=无罐 泵=1 阀=000000 速=+0,+0,+0.00 电=7.75V/0.57A/峰1.30 补余=0.0 IO错=0 倾+0.0
[   22.742] TLM t=   0.0 L1·r@-- L2·r@-- L3·r@-- R1·r@-- R2·r@-- R3Pr@-- 罐=无罐 泵=1 阀=000000 速=+0,+0,+0.00 电=7.75V/0.49A/峰1.30 补余=0.0 IO错=0 倾+0.0
[   23.241] TLM t=   0.0 L1·r@-- L2·r@-- L3·r@-- R1·r@-- R2·r@-- R3Pr@-- 罐=无罐 泵=1 阀=000000 速=+0,+0,+0.00 电=7.77V/0.57A/峰1.30 补余=0.0 IO错=0 倾+0.0
[   23.554] EVT 吸附 R3 released→pressing 在态3.00s
[   23.555] EVT 相位 R3 press→wait
[   23.575] EVT 泵 停
[   23.746] TLM t=   0.0 L1·r@-- L2·r@-- L3·r@-- R1·r@-- R2·r@-- R3Wp@-- 罐=无罐 泵=0 阀=000000 速=+0,+0,+0.00 电=7.77V/0.65A/峰1.30 补余=0.0 IO错=0 倾+0.0
[   23.855] EVT 吸附 R3 pressing→sucking 在态0.30s
[   23.856] EVT 阀 R3 →抽气位
[   23.878] EVT 泵 开
[   24.136] EVT 吸附 R3 sucking→attached 在态0.28s -69.9kPa
[   24.136] EVT 相位 R3 wait→stance
[   24.156] EVT 相位 L1 stance→press
[   24.247] TLM t=   0.0 L1Pr@-- L2·r@-- L3·r@-- R1·r@-- R2·r@-- R3·A@-73 罐=无罐 泵=1 阀=000001 速=+0,+0,+0.00 电=7.74V/0.65A/峰1.30 补余=0.0 IO错=0 倾+0.0
[   24.359] EVT 泵 停 最差盘压-75.7
[   24.766] TLM t=   0.0 L1Pr@-- L2·r@-- L3·r@-- R1·r@-- R2·r@-- R3·A@-76 罐=无罐 泵=0 阀=000001 速=+0,+0,+0.00 电=7.78V/0.73A/峰1.30 补余=0.0 IO错=0 倾+0.0
[   25.269] TLM t=   0.0 L1Pr@-- L2·r@-- L3·r@-- R1·r@-- R2·r@-- R3·A@-75 罐=无罐 泵=0 阀=000001 速=+0,+0,+0.00 电=7.78V/0.73A/峰1.30 补余=0.0 IO错=0 倾+0.0
[   25.339] EVT 吸附 L1 released→pressing 在态4.78s
[   25.340] EVT 相位 L1 press→wait
[   25.660] EVT 吸附 L1 pressing→sucking 在态0.32s
[   25.661] EVT 阀 L1 →抽气位
[   25.686] EVT 泵 开 最差盘压-74.6
[   25.791] TLM t=   0.0 L1Ws@-27 L2·r@-- L3·r@-- R1·r@-- R2·r@-- R3·A@-74 罐=无罐 泵=1 阀=100001 速=+0,+0,+0.00 电=7.73V/0.81A/峰1.30 补余=0.0 IO错=0 倾+0.0
[   26.021] EVT 吸附 L1 sucking→attached 在态0.36s -68.5kPa
[   26.022] EVT 相位 L1 wait→stance
[   26.047] EVT 相位 R2 stance→press
[   26.287] EVT 泵 停 最差盘压-75.4
[   26.295] TLM t=   0.0 L1·A@-75 L2·r@-- L3·r@-- R1·r@-- R2Pr@-- R3·A@-76 罐=无罐 泵=0 阀=100001 速=+0,+0,+0.00 电=7.80V/0.65A/峰1.30 补余=0.0 IO错=0 倾+0.0
[   26.817] TLM t=   0.0 L1·A@-76 L2·r@-- L3·r@-- R1·r@-- R2Pr@-- R3·A@-76 罐=无罐 泵=0 阀=100001 速=+0,+0,+0.00 电=7.80V/0.73A/峰1.30 补余=0.0 IO错=0 倾+0.0
[   27.224] EVT 吸附 R2 released→pressing 在态6.66s
[   27.225] EVT 相位 R2 press→wait
[   27.318] TLM t=   0.0 L1·A@-76 L2·r@-- L3·r@-- R1·r@-- R2Wp@-- R3·A@-75 罐=无罐 泵=0 阀=100001 速=+0,+0,+0.00 电=7.79V/0.65A/峰1.30 补余=0.0 IO错=0 倾+0.0
[   27.550] EVT 吸附 R2 pressing→sucking 在态0.32s
[   27.551] EVT 阀 R2 →抽气位
[   27.568] EVT 泵 开 最差盘压-74.7
[   27.837] TLM t=   0.0 L1·A@-75 L2·r@-- L3·r@-- R1·r@-- R2Ws@-65 R3·A@-74 罐=无罐 泵=1 阀=100011 速=+0,+0,+0.00 电=7.74V/0.57A/峰1.30 补余=0.0 IO错=0 倾+0.0
[   27.849] EVT 吸附 R2 sucking→attached 在态0.30s -65.2kPa
[   27.852] EVT 相位 R2 wait→stance
[   27.869] EVT 相位 L3 stance→press
[   28.230] EVT 泵 停 最差盘压-75.2
[   28.343] TLM t=   0.0 L1·A@-76 L2·r@-- L3Pr@-- R1·r@-- R2·A@-76 R3·A@-76 罐=无罐 泵=0 阀=100011 速=+0,+0,+0.00 电=7.81V/0.57A/峰1.30 补余=0.0 IO错=0 倾+0.0
[   28.859] TLM t=   0.0 L1·A@-76 L2·r@-- L3Pr@-- R1·r@-- R2·A@-75 R3·A@-75 罐=无罐 泵=0 阀=100011 速=+0,+0,+0.00 电=7.80V/0.65A/峰1.30 补余=0.0 IO错=0 倾+0.0
[   29.055] EVT 吸附 L3 released→pressing 在态8.48s
[   29.055] EVT 相位 L3 press→wait
[   29.365] TLM t=   0.0 L1·A@-76 L2·r@-- L3Wp@-- R1·r@-- R2·A@-75 R3·A@-75 罐=无罐 泵=0 阀=100011 速=+0,+0,+0.00 电=7.80V/0.57A/峰1.30 补余=0.0 IO错=0 倾+0.0
[   29.373] EVT 吸附 L3 pressing→sucking 在态0.32s
[   29.374] EVT 阀 L3 →抽气位
[   29.394] EVT 泵 开 最差盘压-74.5
[   29.671] EVT 吸附 L3 sucking→attached 在态0.30s -63.2kPa
[   29.674] EVT 相位 L3 wait→stance
[   29.695] EVT 相位 R1 stance→press
[   29.884] TLM t=   0.0 L1·A@-75 L2·r@-- L3·A@-72 R1Pr@-- R2·A@-74 R3·A@-74 罐=无罐 泵=1 阀=101011 速=+0,+0,+0.00 电=7.80V/0.57A/峰1.30 补余=0.0 IO错=0 倾+0.0
[   30.116] EVT 泵 停 最差盘压-75.3
[   30.391] TLM t=   0.0 L1·A@-76 L2·r@-- L3·A@-76 R1Pr@-- R2·A@-76 R3·A@-76 罐=无罐 泵=0 阀=101011 速=+0,+0,+0.00 电=7.81V/0.73A/峰1.30 补余=0.0 IO错=0 倾+0.0
[   30.878] EVT 吸附 R1 released→pressing 在态10.30s
[   30.878] EVT 相位 R1 press→wait
[   30.905] TLM t=   0.0 L1·A@-76 L2·r@-- L3·A@-76 R1Wp@-- R2·A@-75 R3·A@-75 罐=无罐 泵=0 阀=101011 速=+0,+0,+0.00 电=7.80V/0.90A/峰1.30 补余=0.0 IO错=0 倾+0.0
[   31.198] EVT 吸附 R1 pressing→sucking 在态0.32s
[   31.199] EVT 阀 R1 →抽气位
[   31.224] EVT 泵 开 最差盘压-74.9
[   31.415] TLM t=   0.0 L1·A@-76 L2·r@-- L3·A@-76 R1Ws@-64 R2·A@-75 R3·A@-75 罐=无罐 泵=1 阀=101111 速=+0,+0,+0.00 电=7.74V/0.65A/峰1.30 补余=0.0 IO错=0 倾+0.0
[   31.559] EVT 吸附 R1 sucking→attached 在态0.36s -69.1kPa
[   31.560] EVT 相位 R1 wait→stance
[   31.585] EVT 相位 L2 stance→press
[   31.826] EVT 泵 停 最差盘压-75.1
[   31.931] TLM t=   0.0 L1·A@-76 L2Pr@-- L3·A@-76 R1·A@-76 R2·A@-76 R3·A@-76 罐=无罐 泵=0 阀=101111 速=+0,+0,+0.00 电=7.81V/0.65A/峰1.30 补余=0.0 IO错=0 倾+0.0
[   32.436] TLM t=   0.0 L1·A@-76 L2Pr@-- L3·A@-76 R1·A@-75 R2·A@-76 R3·A@-76 罐=无罐 泵=0 阀=101111 速=+0,+0,+0.00 电=7.82V/0.65A/峰1.30 补余=0.0 IO错=0 倾+0.0
[   32.763] EVT 吸附 L2 released→pressing 在态12.18s
[   32.763] EVT 相位 L2 press→wait
[   32.956] TLM t=   0.0 L1·A@-76 L2Wp@-- L3·A@-76 R1·A@-75 R2·A@-75 R3·A@-75 罐=无罐 泵=0 阀=101111 速=+0,+0,+0.00 电=7.82V/0.73A/峰1.30 补余=0.0 IO错=0 倾+0.0
[   33.089] EVT 吸附 L2 pressing→sucking 在态0.32s
[   33.089] EVT 阀 L2 →抽气位
[   33.107] EVT 泵 开 最差盘压-74.8
[   33.385] EVT 吸附 L2 sucking→attached 在态0.30s -66.5kPa
[   33.390] EVT 相位 L2 wait→stance
[   33.390] EVT ✓ 六足全吸附，启动序列完成，相位钟开始
[   33.459] TLM t=   0.1 L1·A@-76 L2·A@-69 L3·A@-76 R1·A@-75 R2·A@-75 R3·A@-74 罐=无罐 泵=1 阀=111111 速=+0,+0,+0.00 电=7.79V/0.57A/峰1.30 补余=0.0 IO错=0 倾+0.0
[   33.708] EVT 泵 停 最差盘压-75.0
[   33.974] TLM t=   0.6 L1·A@-76 L2·A@-76 L3·A@-76 R1·A@-75 R2·A@-76 R3·A@-76 罐=无罐 泵=0 阀=111111 速=+0,+0,+0.00 电=7.83V/0.57A/峰1.30 补余=0.0 IO错=0 倾+0.0
[   34.485] TLM t=   1.1 L1·A@-76 L2·A@-75 L3·A@-76 R1·A@-75 R2·A@-75 R3·A@-75 罐=无罐 泵=0 阀=111111 速=+0,+0,+0.00 电=7.82V/0.65A/峰1.30 补余=0.0 IO错=0 倾+0.0
[   34.998] TLM t=   1.6 L1·A@-75 L2·A@-74 L3·A@-76 R1·A@-75 R2·A@-75 R3·A@-74 罐=无罐 泵=0 阀=111111 速=+0,+0,+0.00 电=7.83V/0.65A/峰1.30 补余=0.0 IO错=0 倾+0.0
[   35.508] TLM t=   2.1 L1·A@-75 L2·A@-74 L3·A@-75 R1·A@-75 R2·A@-74 R3·A@-74 罐=无罐 泵=0 阀=111111 速=+0,+0,+0.00 电=7.83V/0.65A/峰1.30 补余=0.0 IO错=0 倾+0.0
[   36.022] TLM t=   2.6 L1·A@-75 L2·A@-73 L3·A@-75 R1·A@-75 R2·A@-74 R3·A@-73 罐=无罐 泵=0 阀=111111 速=+0,+0,+0.00 电=7.82V/0.65A/峰1.30 补余=0.0 IO错=0 倾+0.0
[   36.529] TLM t=   3.1 L1·A@-74 L2·A@-73 L3·A@-75 R1·A@-75 R2·A@-73 R3·A@-72 罐=无罐 泵=0 阀=111111 速=+0,+0,+0.00 电=7.83V/0.73A/峰1.30 补余=0.0 IO错=0 倾+0.0
[   37.044] TLM t=   3.6 L1·A@-74 L2·A@-72 L3·A@-75 R1·A@-74 R2·A@-73 R3·A@-71 罐=无罐 泵=0 阀=111111 速=+0,+0,+0.00 电=7.82V/0.65A/峰1.30 补余=0.0 IO错=0 倾+0.0
[   37.552] TLM t=   4.1 L1·A@-74 L2·A@-72 L3·A@-75 R1·A@-74 R2·A@-72 R3·A@-71 罐=无罐 泵=0 阀=111111 速=+0,+0,+0.00 电=7.82V/0.73A/峰1.30 补余=0.0 IO错=0 倾+0.0
[   38.067] TLM t=   4.7 L1·A@-73 L2·A@-71 L3·A@-75 R1·A@-74 R2·A@-72 R3·A@-70 罐=无罐 泵=0 阀=111111 速=+0,+0,+0.00 电=7.83V/0.73A/峰1.30 补余=0.0 IO错=0 倾+0.0
[   38.574] TLM t=   5.2 L1·A@-73 L2·A@-71 L3·A@-75 R1·A@-74 R2·A@-72 R3·A@-69 罐=无罐 泵=0 阀=111111 速=+0,+0,+0.00 电=7.83V/0.73A/峰1.30 补余=0.0 IO错=0 倾+0.0
[   39.096] TLM t=   5.7 L1·A@-73 L2·A@-70 L3·A@-75 R1·A@-74 R2·A@-71 R3·A@-69 罐=无罐 泵=0 阀=111111 速=+0,+0,+0.00 电=7.83V/0.65A/峰1.30 补余=0.0 IO错=0 倾+0.0
[   39.601] TLM t=   6.2 L1·A@-73 L2·A@-70 L3·A@-75 R1·A@-74 R2·A@-71 R3·A@-68 罐=无罐 泵=0 阀=111111 速=+0,+0,+0.00 电=7.82V/0.81A/峰1.30 补余=0.0 IO错=0 倾+0.0
[   40.117] TLM t=   6.7 L1·A@-73 L2·A@-69 L3·A@-75 R1·A@-74 R2·A@-70 R3·A@-67 罐=无罐 泵=0 阀=111111 速=+0,+0,+0.00 电=7.82V/0.65A/峰1.30 补余=0.0 IO错=0 倾+0.0
[   40.627] TLM t=   7.2 L1·A@-72 L2·A@-69 L3·A@-75 R1·A@-74 R2·A@-70 R3·A@-67 罐=无罐 泵=0 阀=111111 速=+0,+0,+0.00 电=7.82V/0.73A/峰1.30 补余=0.0 IO错=0 倾+0.0
[   41.145] TLM t=   7.7 L1·A@-72 L2·A@-68 L3·A@-75 R1·A@-74 R2·A@-69 R3·A@-66 罐=无罐 泵=0 阀=111111 速=+0,+0,+0.00 电=7.82V/0.65A/峰1.30 补余=0.0 IO错=0 倾+0.0
[   41.647] TLM t=   8.2 L1·A@-72 L2·A@-68 L3·A@-74 R1·A@-74 R2·A@-69 R3·A@-65 罐=无罐 泵=0 阀=111111 速=+0,+0,+0.00 电=7.82V/0.73A/峰1.30 补余=0.0 IO错=0 倾+0.0
[   42.168] TLM t=   8.7 L1·A@-72 L2·A@-67 L3·A@-74 R1·A@-74 R2·A@-69 R3·A@-65 罐=无罐 泵=0 阀=111111 速=+0,+0,+0.00 电=7.82V/0.73A/峰1.30 补余=0.0 IO错=0 倾+0.0
[   42.673] TLM t=   9.2 L1·A@-71 L2·A@-67 L3·A@-74 R1·A@-73 R2·A@-68 R3·A@-64 罐=无罐 泵=0 阀=111111 速=+0,+0,+0.00 电=7.82V/0.73A/峰1.30 补余=0.0 IO错=0 倾+0.0
[   43.189] TLM t=   9.8 L1·A@-71 L2·A@-66 L3·A@-74 R1·A@-73 R2·A@-68 R3·A@-64 罐=无罐 泵=0 阀=111111 速=+0,+0,+0.00 电=7.83V/0.73A/峰1.30 补余=0.0 IO错=0 倾+0.0
[   43.697] TLM t=  10.3 L1·A@-71 L2·A@-66 L3·A@-74 R1·A@-73 R2·A@-67 R3·A@-63 罐=无罐 泵=0 阀=111111 速=+0,+0,+0.00 电=7.83V/0.65A/峰1.30 补余=0.0 IO错=0 倾+0.0
[   44.210] TLM t=  10.8 L1·A@-71 L2·A@-65 L3·A@-74 R1·A@-73 R2·A@-67 R3·A@-62 罐=无罐 泵=0 阀=111111 速=+0,+0,+0.00 电=7.83V/0.73A/峰1.30 补余=0.0 IO错=0 倾+0.0
[   44.717] TLM t=  11.3 L1·A@-71 L2·A@-65 L3·A@-74 R1·A@-73 R2·A@-67 R3·A@-62 罐=无罐 泵=0 阀=111111 速=+0,+0,+0.00 电=7.83V/0.73A/峰1.30 补余=0.0 IO错=0 倾+0.0
[   45.238] TLM t=  11.8 L1·A@-70 L2·A@-64 L3·A@-74 R1·A@-73 R2·A@-66 R3·A@-61 罐=无罐 泵=0 阀=111111 速=+0,+0,+0.00 电=7.83V/0.73A/峰1.30 补余=0.0 IO错=0 倾+0.0
[   45.744] TLM t=  12.3 L1·A@-70 L2·A@-64 L3·A@-74 R1·A@-73 R2·A@-66 R3·A@-60 罐=无罐 泵=0 阀=111111 速=+0,+0,+0.00 电=7.83V/0.65A/峰1.30 补余=0.0 IO错=0 倾+0.0
[   46.097] EVT 泵 开 最差盘压-59.9
[   46.262] TLM t=  12.8 L1·A@-70 L2·A@-63 L3·A@-74 R1·A@-73 R2·A@-66 R3·A@-60 罐=无罐 泵=1 阀=111111 速=+0,+0,+0.00 电=7.80V/0.73A/峰1.30 补余=0.0 IO错=0 倾+0.0
[   46.769] TLM t=  13.3 L1·A@-73 L2·A@-73 L3·A@-74 R1·A@-73 R2·A@-73 R3·A@-73 罐=无罐 泵=1 阀=111111 速=+0,+0,+0.00 电=7.78V/0.73A/峰1.30 补余=0.0 IO错=0 倾+0.0
[   47.060] EVT 泵 停 最差盘压-75.2
[   47.281] TLM t=  13.8 L1·A@-76 L2·A@-76 L3·A@-76 R1·A@-76 R2·A@-76 R3·A@-76 罐=无罐 泵=0 阀=111111 速=+0,+0,+0.00 电=7.83V/0.73A/峰1.30 补余=0.0 IO错=0 倾+0.0
[   47.793] TLM t=  14.3 L1·A@-76 L2·A@-76 L3·A@-76 R1·A@-76 R2·A@-76 R3·A@-76 罐=无罐 泵=0 阀=111111 速=+0,+0,+0.00 电=7.83V/0.65A/峰1.30 补余=0.0 IO错=0 倾+0.0
[   48.307] TLM t=  14.9 L1·A@-76 L2·A@-75 L3·A@-76 R1·A@-76 R2·A@-75 R3·A@-75 罐=无罐 泵=0 阀=111111 速=+0,+0,+0.00 电=7.83V/0.73A/峰1.30 补余=0.0 IO错=0 倾+0.0
[   48.812] TLM t=  15.4 L1·A@-76 L2·A@-75 L3·A@-76 R1·A@-76 R2·A@-75 R3·A@-74 罐=无罐 泵=0 阀=111111 速=+0,+0,+0.00 电=7.82V/0.65A/峰1.30 补余=0.0 IO错=0 倾+0.0
[   49.329] TLM t=  15.9 L1·A@-76 L2·A@-74 L3·A@-76 R1·A@-75 R2·A@-74 R3·A@-74 罐=无罐 泵=0 阀=111111 速=+0,+0,+0.00 电=7.83V/0.73A/峰1.30 补余=0.0 IO错=0 倾+0.0
[   49.835] TLM t=  16.4 L1·A@-76 L2·A@-74 L3·A@-76 R1·A@-75 R2·A@-74 R3·A@-73 罐=无罐 泵=0 阀=111111 速=+0,+0,+0.00 电=7.82V/0.73A/峰1.30 补余=0.0 IO错=0 倾+0.0
[   50.352] TLM t=  16.9 L1·A@-75 L2·A@-73 L3·A@-76 R1·A@-75 R2·A@-74 R3·A@-72 罐=无罐 泵=0 阀=111111 速=+0,+0,+0.00 电=7.83V/0.73A/峰1.30 补余=0.0 IO错=0 倾+0.0
[   50.859] TLM t=  17.4 L1·A@-75 L2·A@-73 L3·A@-76 R1·A@-75 R2·A@-73 R3·A@-72 罐=无罐 泵=0 阀=111111 速=+0,+0,+0.00 电=7.82V/0.73A/峰1.30 补余=0.0 IO错=0 倾+0.0
[   51.381] TLM t=  17.9 L1·A@-75 L2·A@-72 L3·A@-76 R1·A@-75 R2·A@-73 R3·A@-71 罐=无罐 泵=0 阀=111111 速=+0,+0,+0.00 电=7.83V/0.73A/峰1.30 补余=0.0 IO错=0 倾+0.0
[   51.881] TLM t=  18.4 L1·A@-75 L2·A@-72 L3·A@-76 R1·A@-75 R2·A@-72 R3·A@-70 罐=无罐 泵=0 阀=111111 速=+0,+0,+0.00 电=7.83V/0.65A/峰1.30 补余=0.0 IO错=0 倾+0.0
[   52.400] TLM t=  18.9 L1·A@-75 L2·A@-71 L3·A@-76 R1·A@-75 R2·A@-72 R3·A@-70 罐=无罐 泵=0 阀=111111 速=+0,+0,+0.00 电=7.82V/0.73A/峰1.30 补余=0.0 IO错=0 倾+0.0
[   52.907] TLM t=  19.4 L1·A@-75 L2·A@-71 L3·A@-76 R1·A@-75 R2·A@-71 R3·A@-69 罐=无罐 泵=0 阀=111111 速=+0,+0,+0.00 电=7.82V/0.73A/峰1.30 补余=0.0 IO错=0 倾+0.0
[   53.424] TLM t=  20.0 L1·A@-74 L2·A@-70 L3·A@-75 R1·A@-75 R2·A@-71 R3·A@-68 罐=无罐 泵=0 阀=111111 速=+0,+0,+0.00 电=7.83V/0.73A/峰1.30 补余=0.0 IO错=0 倾+0.0
[   53.932] TLM t=  20.5 L1·A@-74 L2·A@-70 L3·A@-75 R1·A@-75 R2·A@-71 R3·A@-68 罐=无罐 泵=0 阀=111111 速=+0,+0,+0.00 电=7.82V/0.73A/峰1.30 补余=0.0 IO错=0 倾+0.0
[   54.154] EVT 原地抬起受理：R3
[   54.154] EVT 键 'i' 倾=+0.0待=+0.0
[   54.162] EVT 相位 R3 stance→handover
[   54.446] TLM t=  21.9 L1·A@-74 L2·A@-70 L3·A@-75 R1·A@-75 R2·A@-70 R3ZA@-67 罐=无罐 泵=0 阀=111111 速=+0,+0,+0.00 电=7.83V/0.73A/峰1.30 补余=0.0 IO错=0 倾+0.0
[   54.954] TLM t=  22.2 L1·A@-74 L2·A@-69 L3·A@-75 R1·A@-75 R2·A@-70 R3ZA@-66 罐=无罐 泵=0 阀=111111 速=+0,+0,+0.00 电=7.80V/1.14A/峰1.30 补余=0.0 IO错=0 倾+0.0
[   55.470] TLM t=  22.2 L1·A@-73 L2·A@-69 L3·A@-75 R1·A@-75 R2·A@-70 R3ZA@-66 罐=无罐 泵=0 阀=111111 速=+0,+0,+0.00 电=7.79V/1.47A/峰1.47 补余=0.0 IO错=0 倾+0.0
[   55.974] TLM t=  22.2 L1·A@-73 L2·A@-68 L3·A@-75 R1·A@-75 R2·A@-69 R3ZA@-65 罐=无罐 泵=0 阀=111111 速=+0,+0,+0.00 电=7.79V/1.55A/峰1.55 补余=0.0 IO错=0 倾+0.0
[   56.491] TLM t=  22.2 L1·A@-73 L2·A@-68 L3·A@-75 R1·A@-75 R2·A@-69 R3ZA@-65 罐=无罐 泵=0 阀=111111 速=+0,+0,+0.00 电=7.77V/1.95A/峰1.95 补余=0.0 IO错=0 倾+0.0
[   56.544] EVT 吸附 R3 attached→venting 在态32.30s -64.5kPa
[   56.544] EVT 相位 R3 handover→vent 落点Δ(+0.0,+0.0)
[   56.566] EVT 阀 R3 →排气位
[   56.845] EVT 相位 R3 vent→lift
[   56.950] EVT 吸附 R3 venting→released 在态0.40s 0.1kPa
[   56.997] TLM t=  22.2 L1·A@-72 L2·A@-67 L3·A@-75 R1·A@-75 R2·A@-68 R3Lr@-- 罐=无罐 泵=0 阀=111110 速=+0,+0,+0.00 电=7.75V/2.12A/峰2.12 补余=0.0 IO错=0 倾+0.0
[   57.498] TLM t=  22.2 L1·A@-72 L2·A@-67 L3·A@-75 R1·A@-75 R2·A@-68 R3Lr@-- 罐=无罐 泵=0 阀=111110 速=+0,+0,+0.00 电=7.74V/1.87A/峰2.12 补余=0.0 IO错=0 倾+0.0
[   57.687] EVT 相位 R3 lift→transfer
[   58.020] TLM t=  22.2 L1·A@-72 L2·A@-66 L3·A@-75 R1·A@-74 R2·A@-68 R3Tr@-- 罐=无罐 泵=0 阀=111110 速=+0,+0,+0.00 电=7.77V/1.79A/峰2.12 补余=0.0 IO错=0 倾+0.0
[   58.312] EVT 相位 R3 transfer→hover
[   58.523] TLM t=  22.2 L1·A@-71 L2·A@-66 L3·A@-75 R1·A@-74 R2·A@-67 R3Hr@-- 罐=无罐 泵=0 阀=111110 速=+0,+0,+0.00 电=7.78V/1.87A/峰2.12 补余=0.0 IO错=0 倾+0.0
[   59.044] TLM t=  22.2 L1·A@-71 L2·A@-65 L3·A@-75 R1·A@-74 R2·A@-67 R3Hr@-- 罐=无罐 泵=0 阀=111110 速=+0,+0,+0.00 电=7.77V/1.63A/峰2.12 补余=0.0 IO错=0 倾+0.0
[   59.069] EVT 落地：R3
[   59.069] EVT 键 'i' 倾=+0.0待=+0.0
[   59.073] EVT 相位 R3 hover→descend
[   59.547] TLM t=  22.2 L1·A@-70 L2·A@-65 L3·A@-75 R1·A@-74 R2·A@-66 R3Dr@-- 罐=无罐 泵=0 阀=111110 速=+0,+0,+0.00 电=7.76V/1.87A/峰2.12 补余=0.0 IO错=0 倾+0.0
[   59.555] EVT 相位 R3 descend→press
[   60.068] TLM t=  22.2 L1·A@-70 L2·A@-64 L3·A@-75 R1·A@-74 R2·A@-66 R3Pr@-- 罐=无罐 泵=0 阀=111110 速=+0,+0,+0.00 电=7.75V/1.87A/峰2.12 补余=0.0 IO错=0 倾+0.0
[   60.568] TLM t=  22.2 L1·A@-69 L2·A@-64 L3·A@-75 R1·A@-74 R2·A@-66 R3Pr@-- 罐=无罐 泵=0 阀=111110 速=+0,+0,+0.00 电=7.75V/1.87A/峰2.12 补余=0.0 IO错=0 倾+0.0
[   60.758] EVT 吸附 R3 released→pressing 在态3.80s 0.1kPa
[   60.758] EVT 相位 R3 press→wait
[   61.058] EVT 吸附 R3 pressing→sucking 在态0.30s 0.1kPa
[   61.059] EVT 阀 R3 →抽气位
[   61.084] EVT 泵 开 最差盘压-63.4
[   61.094] TLM t=  22.2 L1·A@-69 L2·A@-63 L3·A@-74 R1·A@-74 R2·A@-65 R3Ws@-6 罐=无罐 泵=1 阀=111111 速=+0,+0,+0.00 电=7.65V/1.87A/峰2.12 补余=0.0 IO错=0 倾+0.0
[   61.402] EVT 吸附 R3 sucking→attached 在态0.34s -58.3kPa
[   61.403] EVT 相位 R3 wait→stance
[   61.403] EVT 抬落完成，轮到 L1
[   61.610] TLM t=  22.4 L1·A@-69 L2·A@-67 L3·A@-74 R1·A@-74 R2·A@-67 R3·A@-67 罐=无罐 泵=1 阀=111111 速=+0,+0,+0.00 电=7.72V/1.79A/峰2.12 补余=0.0 IO错=0 倾+0.0
[   62.117] TLM t=  22.9 L1·A@-75 L2·A@-75 L3·A@-75 R1·A@-75 R2·A@-75 R3·A@-76 罐=无罐 泵=1 阀=111111 速=+0,+0,+0.00 电=7.72V/1.79A/峰2.12 补余=0.0 IO错=0 倾+0.0
[   62.167] EVT 泵 停 最差盘压-75.1
[   62.634] TLM t=  23.4 L1·A@-76 L2·A@-76 L3·A@-76 R1·A@-76 R2·A@-76 R3·A@-76 罐=无罐 泵=0 阀=111111 速=+0,+0,+0.00 电=7.78V/1.71A/峰2.12 补余=0.0 IO错=0 倾+0.0
[   63.141] TLM t=  23.9 L1·A@-76 L2·A@-76 L3·A@-76 R1·A@-76 R2·A@-75 R3·A@-75 罐=无罐 泵=0 阀=111111 速=+0,+0,+0.00 电=7.76V/1.63A/峰2.12 补余=0.0 IO错=0 倾+0.0
[   63.543] EVT 原地抬起受理：L1
[   63.543] EVT 键 'i' 倾=+0.0待=+0.0
[   63.551] EVT 相位 L1 stance→handover
[   63.653] TLM t=  25.9 L1ZA@-75 L2·A@-75 L3·A@-76 R1·A@-76 R2·A@-75 R3·A@-75 罐=无罐 泵=0 阀=111111 速=+0,+0,+0.00 电=7.77V/1.55A/峰2.12 补余=0.0 IO错=0 倾+0.0
[   64.162] TLM t=  26.4 L1ZA@-75 L2·A@-75 L3·A@-76 R1·A@-75 R2·A@-75 R3·A@-74 罐=无罐 泵=0 阀=111111 速=+0,+0,+0.00 电=7.78V/1.38A/峰2.12 补余=0.0 IO错=0 倾+0.0
[   64.681] TLM t=  26.4 L1ZA@-74 L2·A@-74 L3·A@-76 R1·A@-75 R2·A@-74 R3·A@-73 罐=无罐 泵=0 阀=111111 速=+0,+0,+0.00 电=7.79V/1.55A/峰2.12 补余=0.0 IO错=0 倾+0.0
[   65.185] TLM t=  26.4 L1ZA@-74 L2·A@-74 L3·A@-76 R1·A@-75 R2·A@-74 R3·A@-72 罐=无罐 泵=0 阀=111111 速=+0,+0,+0.00 电=7.79V/1.79A/峰2.12 补余=0.0 IO错=0 倾+0.0
[   65.702] TLM t=  26.4 L1ZA@-74 L2·A@-73 L3·A@-76 R1·A@-75 R2·A@-73 R3·A@-72 罐=无罐 泵=0 阀=111111 速=+0,+0,+0.00 电=7.77V/1.87A/峰2.12 补余=0.0 IO错=0 倾+0.0
[   65.932] EVT 吸附 L1 attached→venting 在态39.78s -73.8kPa
[   65.933] EVT 相位 L1 handover→vent 落点Δ(+0.0,+0.0)
[   65.955] EVT 阀 L1 →排气位
[   66.205] TLM t=  26.4 L1Vv@-74 L2·A@-73 L3·A@-76 R1·A@-75 R2·A@-73 R3·A@-71 罐=无罐 泵=0 阀=011111 速=+0,+0,+0.00 电=7.75V/2.04A/峰2.12 补余=0.0 IO错=0 倾+0.0
[   66.234] EVT 相位 L1 vent→lift
[   66.338] EVT 吸附 L1 venting→released 在态0.40s 0.1kPa
[   66.705] TLM t=  26.4 L1Lr@-- L2·A@-72 L3·A@-76 R1·A@-75 R2·A@-72 R3·A@-70 罐=无罐 泵=0 阀=011111 速=+0,+0,+0.00 电=7.76V/2.12A/峰2.12 补余=0.0 IO错=0 倾+0.0
[   67.076] EVT 相位 L1 lift→transfer
[   67.229] TLM t=  26.4 L1Tr@-- L2·A@-72 L3·A@-76 R1·A@-75 R2·A@-72 R3·A@-70 罐=无罐 泵=0 阀=011111 速=+0,+0,+0.00 电=7.73V/2.52A/峰2.52 补余=0.0 IO错=0 倾+0.0
[   67.701] EVT 相位 L1 transfer→hover
[   67.728] TLM t=  26.4 L1Hr@-- L2·A@-71 L3·A@-76 R1·A@-75 R2·A@-71 R3·A@-69 罐=无罐 泵=0 阀=011111 速=+0,+0,+0.00 电=7.74V/2.12A/峰2.52 补余=0.0 IO错=0 倾+0.0
[   68.249] TLM t=  26.4 L1Hr@-- L2·A@-71 L3·A@-75 R1·A@-75 R2·A@-71 R3·A@-68 罐=无罐 泵=0 阀=011111 速=+0,+0,+0.00 电=7.76V/1.95A/峰2.52 补余=0.0 IO错=0 倾+0.0
[   68.477] EVT 落地：L1
[   68.477] EVT 键 'i' 倾=+0.0待=+0.0
[   68.483] EVT 相位 L1 hover→descend
[   68.753] TLM t=  26.4 L1Dr@-- L2·A@-70 L3·A@-75 R1·A@-75 R2·A@-70 R3·A@-68 罐=无罐 泵=0 阀=011111 速=+0,+0,+0.00 电=7.75V/2.04A/峰2.52 补余=0.0 IO错=0 倾+0.0
[   68.964] EVT 相位 L1 descend→press
[   69.272] TLM t=  26.4 L1Pr@-- L2·A@-70 L3·A@-75 R1·A@-75 R2·A@-70 R3·A@-67 罐=无罐 泵=0 阀=011111 速=+0,+0,+0.00 电=7.74V/1.95A/峰2.52 补余=0.0 IO错=0 倾+0.0
[   69.773] TLM t=  26.4 L1Pr@-- L2·A@-69 L3·A@-75 R1·A@-74 R2·A@-70 R3·A@-66 罐=无罐 泵=0 阀=011111 速=+0,+0,+0.00 电=7.75V/2.12A/峰2.52 补余=0.0 IO错=0 倾+0.0
[   70.167] EVT 吸附 L1 released→pressing 在态3.82s 0.1kPa
[   70.168] EVT 相位 L1 press→wait
[   70.296] TLM t=  26.4 L1Wp@-- L2·A@-69 L3·A@-75 R1·A@-74 R2·A@-69 R3·A@-66 罐=无罐 泵=0 阀=011111 速=+0,+0,+0.00 电=7.74V/2.12A/峰2.52 补余=0.0 IO错=0 倾+0.0
[   70.468] EVT 吸附 L1 pressing→sucking 在态0.30s 0.1kPa
[   70.468] EVT 阀 L1 →抽气位
[   70.491] EVT 泵 开 最差盘压-65.4
[   70.801] TLM t=  26.4 L1Ws@-60 L2·A@-68 L3·A@-75 R1·A@-74 R2·A@-69 R3·A@-65 罐=无罐 泵=1 阀=111111 速=+0,+0,+0.00 电=7.73V/1.95A/峰2.52 补余=0.0 IO错=0 倾+0.0
[   70.806] EVT 吸附 L1 sucking→attached 在态0.34s -60.3kPa
[   70.809] EVT 相位 L1 wait→stance
[   70.809] EVT 抬落完成，轮到 R2
[   71.320] TLM t=  26.9 L1·A@-74 L2·A@-74 L3·A@-75 R1·A@-74 R2·A@-74 R3·A@-74 罐=无罐 泵=1 阀=111111 速=+0,+0,+0.00 电=7.73V/2.04A/峰2.52 补余=0.0 IO错=0 倾+0.0
[   71.493] EVT 泵 停 最差盘压-75.2
[   71.827] TLM t=  27.4 L1·A@-76 L2·A@-76 L3·A@-76 R1·A@-76 R2·A@-76 R3·A@-76 罐=无罐 泵=0 阀=111111 速=+0,+0,+0.00 电=7.74V/1.95A/峰2.52 补余=0.0 IO错=0 倾+0.0
[   72.346] TLM t=  27.9 L1·A@-76 L2·A@-76 L3·A@-76 R1·A@-76 R2·A@-75 R3·A@-75 罐=无罐 泵=0 阀=111111 速=+0,+0,+0.00 电=7.75V/1.95A/峰2.52 补余=0.0 IO错=0 倾+0.0
[   72.474] EVT 原地抬起受理：R2
[   72.474] EVT 键 'i' 倾=+0.0待=+0.0
[   72.482] EVT 相位 R2 stance→handover
[   72.851] TLM t=  30.4 L1·A@-76 L2·A@-75 L3·A@-76 R1·A@-75 R2ZA@-75 R3·A@-75 罐=无罐 泵=0 阀=111111 速=+0,+0,+0.00 电=7.75V/2.04A/峰2.52 补余=0.0 IO错=0 倾+0.0
[   73.363] TLM t=  30.6 L1·A@-76 L2·A@-75 L3·A@-76 R1·A@-75 R2ZA@-75 R3·A@-74 罐=无罐 泵=0 阀=111111 速=+0,+0,+0.00 电=7.73V/2.52A/峰2.52 补余=0.0 IO错=0 倾+0.0
[   73.882] TLM t=  30.6 L1·A@-75 L2·A@-74 L3·A@-76 R1·A@-75 R2ZA@-74 R3·A@-74 罐=无罐 泵=0 阀=111111 速=+0,+0,+0.00 电=7.70V/2.60A/峰2.60 补余=0.0 IO错=0 倾+0.0
[   74.383] TLM t=  30.6 L1·A@-75 L2·A@-74 L3·A@-76 R1·A@-75 R2ZA@-74 R3·A@-73 罐=无罐 泵=0 阀=111111 速=+0,+0,+0.00 电=7.73V/2.52A/峰2.60 补余=0.0 IO错=0 倾+0.0
[   74.870] EVT 吸附 R2 attached→venting 在态46.86s -73.2kPa
[   74.870] EVT 相位 R2 handover→vent 落点Δ(+0.0,+0.0)
[   74.895] EVT 阀 R2 →排气位
[   74.907] TLM t=  30.6 L1·A@-75 L2·A@-73 L3·A@-76 R1·A@-75 R2Vv@-73 R3·A@-72 罐=无罐 泵=0 阀=111101 速=+0,+0,+0.00 电=7.71V/2.93A/峰2.93 补余=0.0 IO错=0 倾+0.0
[   75.171] EVT 相位 R2 vent→lift
[   75.294] EVT 吸附 R2 venting→released 在态0.42s -0.1kPa
[   75.423] TLM t=  30.6 L1·A@-75 L2·A@-73 L3·A@-76 R1·A@-75 R2Lr@-- R3·A@-72 罐=无罐 泵=0 阀=111101 速=+0,+0,+0.00 电=7.71V/2.85A/峰2.93 补余=0.0 IO错=0 倾+0.0
[   75.928] TLM t=  30.6 L1·A@-75 L2·A@-72 L3·A@-76 R1·A@-75 R2Lr@-- R3·A@-71 罐=无罐 泵=0 阀=111101 速=+0,+0,+0.00 电=7.71V/3.17A/峰3.17 补余=0.0 IO错=0 倾+0.0
[   76.014] EVT 相位 R2 lift→transfer
[   76.430] TLM t=  30.6 L1·A@-75 L2·A@-72 L3·A@-76 R1·A@-75 R2Tr@-- R3·A@-70 罐=无罐 泵=0 阀=111101 速=+0,+0,+0.00 电=7.71V/2.93A/峰3.17 补余=0.0 IO错=0 倾+0.0
[   76.641] EVT 相位 R2 transfer→hover
[   76.949] TLM t=  30.6 L1·A@-75 L2·A@-71 L3·A@-75 R1·A@-75 R2Hr@-- R3·A@-70 罐=无罐 泵=0 阀=111101 速=+0,+0,+0.00 电=7.72V/2.77A/峰3.17 补余=0.0 IO错=0 倾+0.0
[   77.454] TLM t=  30.6 L1·A@-74 L2·A@-71 L3·A@-75 R1·A@-75 R2Hr@-- R3·A@-69 罐=无罐 泵=0 阀=111101 速=+0,+0,+0.00 电=7.71V/2.77A/峰3.17 补余=0.0 IO错=0 倾+0.0
[   77.678] EVT 落地：R2
[   77.678] EVT 键 'i' 倾=+0.0待=+0.0
[   77.686] EVT 相位 R2 hover→descend
[   77.975] TLM t=  30.6 L1·A@-74 L2·A@-70 L3·A@-75 R1·A@-75 R2Dr@-- R3·A@-68 罐=无罐 泵=0 阀=111101 速=+0,+0,+0.00 电=7.70V/2.93A/峰3.17 补余=0.0 IO错=0 倾+0.0
[   78.171] EVT 相位 R2 descend→press
[   78.481] TLM t=  30.6 L1·A@-74 L2·A@-70 L3·A@-75 R1·A@-75 R2Pr@-- R3·A@-68 罐=无罐 泵=0 阀=111101 速=+0,+0,+0.00 电=7.71V/2.85A/峰3.17 补余=0.0 IO错=0 倾+0.0
[   79.001] TLM t=  30.6 L1·A@-74 L2·A@-70 L3·A@-75 R1·A@-75 R2Pr@-- R3·A@-67 罐=无罐 泵=0 阀=111101 速=+0,+0,+0.00 电=7.68V/2.93A/峰3.17 补余=0.0 IO错=0 倾+0.0
[   79.374] EVT 吸附 R2 released→pressing 在态4.06s -0.1kPa
[   79.375] EVT 相位 R2 press→wait
[   79.505] TLM t=  30.6 L1·A@-74 L2·A@-69 L3·A@-75 R1·A@-74 R2Wp@-- R3·A@-67 罐=无罐 泵=0 阀=111101 速=+0,+0,+0.00 电=7.67V/2.93A/峰3.17 补余=0.0 IO错=0 倾+0.0
[   79.675] EVT 吸附 R2 pressing→sucking 在态0.30s -0.1kPa
[   79.676] EVT 阀 R2 →抽气位
[   79.691] EVT 泵 开 最差盘压-66.3
[   79.953] EVT 吸附 R2 sucking→attached 在态0.28s -58.8kPa
[   79.954] EVT 相位 R2 wait→stance
[   79.954] EVT 抬落完成，轮到 L3
[   80.021] TLM t=  30.7 L1·A@-74 L2·A@-69 L3·A@-75 R1·A@-74 R2·A@-62 R3·A@-66 罐=无罐 泵=1 阀=111111 速=+0,+0,+0.00 电=7.69V/2.77A/峰3.17 补余=0.0 IO错=0 倾+0.0
[   80.529] TLM t=  31.2 L1·A@-74 L2·A@-75 L3·A@-75 R1·A@-74 R2·A@-74 R3·A@-75 罐=无罐 泵=1 阀=111111 速=+0,+0,+0.00 电=7.68V/3.01A/峰3.17 补余=0.0 IO错=0 倾+0.0
[   80.639] EVT 泵 停 最差盘压-75.1
[   81.044] TLM t=  31.7 L1·A@-76 L2·A@-76 L3·A@-76 R1·A@-76 R2·A@-76 R3·A@-76 罐=无罐 泵=0 阀=111111 速=+0,+0,+0.00 电=7.72V/2.85A/峰3.17 补余=0.0 IO错=0 倾+0.0
[   81.547] TLM t=  32.2 L1·A@-76 L2·A@-76 L3·A@-76 R1·A@-75 R2·A@-75 R3·A@-75 罐=无罐 泵=0 阀=111111 速=+0,+0,+0.00 电=7.72V/2.69A/峰3.17 补余=0.0 IO错=0 倾+0.0
[   82.072] TLM t=  32.7 L1·A@-76 L2·A@-75 L3·A@-76 R1·A@-75 R2·A@-75 R3·A@-75 罐=无罐 泵=0 阀=111111 速=+0,+0,+0.00 电=7.72V/2.77A/峰3.17 补余=0.0 IO错=0 倾+0.0
[   82.198] EVT 原地抬起受理：L3
[   82.198] EVT 键 'i' 倾=+0.0待=+0.0
[   82.207] EVT 相位 L3 stance→handover
[   82.575] TLM t=  34.6 L1·A@-76 L2·A@-75 L3ZA@-76 R1·A@-75 R2·A@-74 R3·A@-74 罐=无罐 泵=0 阀=111111 速=+0,+0,+0.00 电=7.72V/2.85A/峰3.17 补余=0.0 IO错=0 倾+0.0
[   83.096] TLM t=  34.8 L1·A@-76 L2·A@-74 L3ZA@-76 R1·A@-75 R2·A@-74 R3·A@-73 罐=无罐 泵=0 阀=111111 速=+0,+0,+0.00 电=7.72V/2.77A/峰3.17 补余=0.0 IO错=0 倾+0.0
[   83.604] TLM t=  34.8 L1·A@-75 L2·A@-74 L3ZA@-76 R1·A@-75 R2·A@-73 R3·A@-73 罐=无罐 泵=0 阀=111111 速=+0,+0,+0.00 电=7.70V/2.69A/峰3.17 补余=0.0 IO错=0 倾+0.0
[   84.121] TLM t=  34.8 L1·A@-75 L2·A@-73 L3ZA@-76 R1·A@-75 R2·A@-73 R3·A@-72 罐=无罐 泵=0 阀=111111 速=+0,+0,+0.00 电=7.69V/2.85A/峰3.17 补余=0.0 IO错=0 倾+0.0
[   84.593] EVT 吸附 L3 attached→venting 在态54.72s -75.7kPa
[   84.594] EVT 相位 L3 handover→vent 落点Δ(+0.0,+0.0)
[   84.614] EVT 阀 L3 →排气位
[   84.622] TLM t=  34.8 L1·A@-75 L2·A@-73 L3Vv@-76 R1·A@-75 R2·A@-73 R3·A@-71 罐=无罐 泵=0 阀=110111 速=+0,+0,+0.00 电=7.68V/3.34A/峰3.34 补余=0.0 IO错=0 倾+0.0
[   84.895] EVT 相位 L3 vent→lift
[   85.017] EVT 吸附 L3 venting→released 在态0.42s 0.0kPa
[   85.144] TLM t=  34.8 L1·A@-75 L2·A@-72 L3Lr@-- R1·A@-75 R2·A@-72 R3·A@-71 罐=无罐 泵=0 阀=110111 速=+0,+0,+0.00 电=7.70V/3.26A/峰3.34 补余=0.0 IO错=0 倾+0.0
[   85.644] TLM t=  34.8 L1·A@-75 L2·A@-72 L3Lr@-- R1·A@-75 R2·A@-72 R3·A@-70 罐=无罐 泵=0 阀=110111 速=+0,+0,+0.00 电=7.70V/3.26A/峰3.34 补余=0.0 IO错=0 倾+0.0
[   85.737] EVT 相位 L3 lift→transfer
[   86.169] TLM t=  34.8 L1·A@-75 L2·A@-71 L3Tr@-- R1·A@-75 R2·A@-71 R3·A@-69 罐=无罐 泵=0 阀=110111 速=+0,+0,+0.00 电=7.67V/2.93A/峰3.34 补余=0.0 IO错=0 倾+0.0
[   86.360] EVT 相位 L3 transfer→hover
[   86.670] TLM t=  34.8 L1·A@-75 L2·A@-71 L3Hr@-- R1·A@-75 R2·A@-71 R3·A@-69 罐=无罐 泵=0 阀=110111 速=+0,+0,+0.00 电=7.69V/3.01A/峰3.34 补余=0.0 IO错=0 倾+0.0
[   87.157] EVT 落地：L3
[   87.157] EVT 键 'i' 倾=+0.0待=+0.0
[   87.160] EVT 相位 L3 hover→descend
[   87.192] TLM t=  34.8 L1·A@-75 L2·A@-70 L3Dr@-- R1·A@-75 R2·A@-71 R3·A@-68 罐=无罐 泵=0 阀=110111 速=+0,+0,+0.00 电=7.69V/3.09A/峰3.34 补余=0.0 IO错=0 倾+0.0
[   87.641] EVT 相位 L3 descend→press
[   87.691] TLM t=  34.8 L1·A@-74 L2·A@-70 L3Pr@-- R1·A@-74 R2·A@-70 R3·A@-68 罐=无罐 泵=0 阀=110111 速=+0,+0,+0.00 电=7.69V/3.01A/峰3.34 补余=0.0 IO错=0 倾+0.0
[   88.215] TLM t=  34.8 L1·A@-74 L2·A@-69 L3Pr@-- R1·A@-74 R2·A@-70 R3·A@-67 罐=无罐 泵=0 阀=110111 速=+0,+0,+0.00 电=7.71V/3.01A/峰3.34 补余=0.0 IO错=0 倾+0.0
[   88.716] TLM t=  34.8 L1·A@-74 L2·A@-69 L3Pr@-- R1·A@-74 R2·A@-69 R3·A@-66 罐=无罐 泵=0 阀=110111 速=+0,+0,+0.00 电=7.67V/2.85A/峰3.34 补余=0.0 IO错=0 倾+0.0
[   88.844] EVT 吸附 L3 released→pressing 在态3.82s 0.0kPa
[   88.845] EVT 相位 L3 press→wait
[   89.168] EVT 吸附 L3 pressing→sucking 在态0.32s 0.0kPa
[   89.168] EVT 阀 L3 →抽气位
[   89.191] EVT 泵 开 最差盘压-65.8
[   89.237] TLM t=  34.8 L1·A@-74 L2·A@-69 L3Ws@-2 R1·A@-74 R2·A@-69 R3·A@-66 罐=无罐 泵=1 阀=111111 速=+0,+0,+0.00 电=7.66V/3.17A/峰3.34 补余=0.0 IO错=0 倾+0.0
[   89.470] EVT 吸附 L3 sucking→attached 在态0.30s -52.5kPa
[   89.470] EVT 相位 L3 wait→stance
[   89.470] EVT 抬落完成，轮到 R1
[   89.741] TLM t=  35.1 L1·A@-74 L2·A@-68 L3·A@-68 R1·A@-74 R2·A@-69 R3·A@-68 罐=无罐 泵=1 阀=111111 速=+0,+0,+0.00 电=7.64V/3.34A/峰3.34 补余=0.0 IO错=0 倾+0.0
[   90.261] TLM t=  35.6 L1·A@-75 L2·A@-76 L3·A@-75 R1·A@-74 R2·A@-75 R3·A@-75 罐=无罐 泵=1 阀=111111 速=+0,+0,+0.00 电=7.62V/3.26A/峰3.34 补余=0.0 IO错=0 倾+0.0
[   90.336] EVT 泵 停 最差盘压-75.4
[   90.771] TLM t=  36.1 L1·A@-76 L2·A@-76 L3·A@-76 R1·A@-76 R2·A@-76 R3·A@-76 罐=无罐 泵=0 阀=111111 速=+0,+0,+0.00 电=7.70V/3.01A/峰3.34 补余=0.0 IO错=0 倾+0.0
[   91.288] TLM t=  36.6 L1·A@-76 L2·A@-76 L3·A@-76 R1·A@-76 R2·A@-76 R3·A@-76 罐=无罐 泵=0 阀=111111 速=+0,+0,+0.00 电=7.69V/3.09A/峰3.34 补余=0.0 IO错=0 倾+0.0
[   91.792] TLM t=  37.1 L1·A@-76 L2·A@-75 L3·A@-76 R1·A@-76 R2·A@-75 R3·A@-75 罐=无罐 泵=0 阀=111111 速=+0,+0,+0.00 电=7.68V/3.09A/峰3.34 补余=0.0 IO错=0 倾+0.0
[   92.296] EVT 原地抬起受理：R1
[   92.301] EVT 键 'i' 倾=+0.0待=+0.0
[   92.306] EVT 相位 R1 stance→handover
[   92.315] TLM t=  38.4 L1·A@-76 L2·A@-75 L3·A@-76 R1ZA@-75 R2·A@-75 R3·A@-74 罐=无罐 泵=0 阀=111111 速=+0,+0,+0.00 电=7.69V/3.01A/峰3.34 补余=0.0 IO错=0 倾+0.0
[   92.830] TLM t=  38.9 L1·A@-76 L2·A@-74 L3·A@-76 R1ZA@-75 R2·A@-74 R3·A@-74 罐=无罐 泵=0 阀=111111 速=+0,+0,+0.00 电=7.72V/2.60A/峰3.34 补余=0.0 IO错=0 倾+0.0
[   93.332] TLM t=  39.0 L1·A@-76 L2·A@-74 L3·A@-76 R1ZA@-75 R2·A@-74 R3·A@-73 罐=无罐 泵=0 阀=111111 速=+0,+0,+0.00 电=7.72V/1.95A/峰3.34 补余=0.0 IO错=0 倾+0.0
[   93.838] TLM t=  39.0 L1·A@-76 L2·A@-73 L3·A@-76 R1ZA@-75 R2·A@-74 R3·A@-72 罐=无罐 泵=0 阀=111111 速=+0,+0,+0.00 电=7.73V/1.95A/峰3.34 补余=0.0 IO错=0 倾+0.0
[   94.356] TLM t=  39.0 L1·A@-76 L2·A@-73 L3·A@-76 R1ZA@-75 R2·A@-73 R3·A@-72 罐=无罐 泵=0 阀=111111 速=+0,+0,+0.00 电=7.76V/1.95A/峰3.34 补余=0.0 IO错=0 倾+0.0
[   94.689] EVT 吸附 R1 attached→venting 在态62.90s -75.0kPa
[   94.689] EVT 相位 R1 handover→vent 落点Δ(+0.0,+0.0)
[   94.712] EVT 阀 R1 →排气位
[   94.860] TLM t=  39.0 L1·A@-76 L2·A@-73 L3·A@-75 R1Vv@-75 R2·A@-73 R3·A@-72 罐=无罐 泵=0 阀=111011 速=+0,+0,+0.00 电=7.72V/2.44A/峰3.34 补余=0.0 IO错=0 倾+0.0
[   94.990] EVT 相位 R1 vent→lift
[   95.113] EVT 吸附 R1 venting→released 在态0.42s -0.0kPa
[   95.385] TLM t=  39.0 L1·A@-75 L2·A@-72 L3·A@-75 R1Lr@-- R2·A@-72 R3·A@-71 罐=无罐 泵=0 阀=111011 速=+0,+0,+0.00 电=7.71V/2.60A/峰3.34 补余=0.0 IO错=0 倾+0.0
[   95.836] EVT 相位 R1 lift→transfer
[   95.887] TLM t=  39.0 L1·A@-75 L2·A@-71 L3·A@-75 R1Tr@-- R2·A@-72 R3·A@-70 罐=无罐 泵=0 阀=111011 速=+0,+0,+0.00 电=7.71V/2.60A/峰3.34 补余=0.0 IO错=0 倾+0.0
[   96.409] TLM t=  39.0 L1·A@-75 L2·A@-71 L3·A@-75 R1Tr@-- R2·A@-71 R3·A@-69 罐=无罐 泵=0 阀=111011 速=+0,+0,+0.00 电=7.70V/2.52A/峰3.34 补余=0.0 IO错=0 倾+0.0
[   96.460] EVT 相位 R1 transfer→hover
[   96.896] EVT 落地：R1
[   96.896] EVT 键 'i' 倾=+0.0待=+0.0
[   96.901] EVT 相位 R1 hover→descend
[   96.909] TLM t=  39.0 L1·A@-75 L2·A@-71 L3·A@-75 R1Dr@-- R2·A@-71 R3·A@-69 罐=无罐 泵=0 阀=111011 速=+0,+0,+0.00 电=7.74V/2.04A/峰3.34 补余=0.0 IO错=0 倾+0.0
[   97.382] EVT 相位 R1 descend→press
[   97.430] TLM t=  39.0 L1·A@-75 L2·A@-70 L3·A@-75 R1Pr@-- R2·A@-70 R3·A@-68 罐=无罐 泵=0 阀=111011 速=+0,+0,+0.00 电=7.71V/2.28A/峰3.34 补余=0.0 IO错=0 倾+0.0
[   97.932] TLM t=  39.0 L1·A@-75 L2·A@-70 L3·A@-75 R1Pr@-- R2·A@-70 R3·A@-67 罐=无罐 泵=0 阀=111011 速=+0,+0,+0.00 电=7.72V/2.04A/峰3.34 补余=0.0 IO错=0 倾+0.0
[   98.454] TLM t=  39.0 L1·A@-75 L2·A@-69 L3·A@-75 R1Pr@-- R2·A@-70 R3·A@-67 罐=无罐 泵=0 阀=111011 速=+0,+0,+0.00 电=7.73V/2.12A/峰3.34 补余=0.0 IO错=0 倾+0.0
[   98.586] EVT 吸附 R1 released→pressing 在态3.46s -0.0kPa
[   98.587] EVT 相位 R1 press→wait
[   98.904] EVT 吸附 R1 pressing→sucking 在态0.32s -0.0kPa
[   98.905] EVT 阀 R1 →抽气位
[   98.930] EVT 泵 开 最差盘压-65.9
[   98.955] TLM t=  39.0 L1·A@-75 L2·A@-69 L3·A@-75 R1Ws@-4 R2·A@-69 R3·A@-66 罐=无罐 泵=1 阀=111111 速=+0,+0,+0.00 电=7.63V/2.28A/峰3.34 补余=0.0 IO错=0 倾+0.0
[   99.263] EVT 吸附 R1 sucking→attached 在态0.36s -60.8kPa
[   99.266] EVT 相位 R1 wait→stance
[   99.266] EVT 抬落完成，轮到 L2
[   99.480] TLM t=  39.2 L1·A@-74 L2·A@-71 L3·A@-75 R1·A@-69 R2·A@-70 R3·A@-69 罐=无罐 泵=1 阀=111111 速=+0,+0,+0.00 电=7.70V/2.20A/峰3.34 补余=0.0 IO错=0 倾+0.0
[   99.901] EVT 泵 停 最差盘压-75.1
[   99.992] TLM t=  39.7 L1·A@-76 L2·A@-76 L3·A@-76 R1·A@-76 R2·A@-76 R3·A@-76 罐=无罐 泵=0 阀=111111 速=+0,+0,+0.00 电=7.74V/2.04A/峰3.34 补余=0.0 IO错=0 倾+0.0
[  100.512] TLM t=  40.2 L1·A@-76 L2·A@-76 L3·A@-76 R1·A@-75 R2·A@-76 R3·A@-76 罐=无罐 泵=0 阀=111111 速=+0,+0,+0.00 电=7.73V/2.28A/峰3.34 补余=0.0 IO错=0 倾+0.0
[  101.014] TLM t=  40.7 L1·A@-76 L2·A@-75 L3·A@-76 R1·A@-75 R2·A@-75 R3·A@-75 罐=无罐 泵=0 阀=111111 速=+0,+0,+0.00 电=7.75V/2.04A/峰3.34 补余=0.0 IO错=0 倾+0.0
[  101.538] TLM t=  41.2 L1·A@-76 L2·A@-75 L3·A@-76 R1·A@-75 R2·A@-75 R3·A@-74 罐=无罐 泵=0 阀=111111 速=+0,+0,+0.00 电=7.73V/2.04A/峰3.34 补余=0.0 IO错=0 倾+0.0
[  102.024] EVT 原地抬起受理：L2
[  102.024] EVT 键 'i' 倾=+0.0待=+0.0
[  102.033] EVT 相位 L2 stance→handover
[  102.041] TLM t=  42.6 L1·A@-76 L2ZA@-74 L3·A@-76 R1·A@-75 R2·A@-74 R3·A@-74 罐=无罐 泵=0 阀=111111 速=+0,+0,+0.00 电=7.72V/2.20A/峰3.34 补余=0.0 IO错=0 倾+0.0
[  102.565] TLM t=  43.1 L1·A@-76 L2ZA@-74 L3·A@-76 R1·A@-75 R2·A@-74 R3·A@-73 罐=无罐 泵=0 阀=111111 速=+0,+0,+0.00 电=7.75V/2.28A/峰3.34 补余=0.0 IO错=0 倾+0.0
[  103.073] TLM t=  43.2 L1·A@-75 L2ZA@-73 L3·A@-76 R1·A@-75 R2·A@-73 R3·A@-72 罐=无罐 泵=0 阀=111111 速=+0,+0,+0.00 电=7.72V/2.52A/峰3.34 补余=0.0 IO错=0 倾+0.0
[  103.591] TLM t=  43.2 L1·A@-75 L2ZA@-73 L3·A@-76 R1·A@-75 R2·A@-73 R3·A@-71 罐=无罐 泵=0 阀=111111 速=+0,+0,+0.00 电=7.73V/2.28A/峰3.34 补余=0.0 IO错=0 倾+0.0
[  104.099] TLM t=  43.2 L1·A@-75 L2ZA@-72 L3·A@-76 R1·A@-75 R2·A@-73 R3·A@-71 罐=无罐 泵=0 阀=111111 速=+0,+0,+0.00 电=7.71V/2.60A/峰3.34 补余=0.0 IO错=0 倾+0.0
[  104.428] EVT 吸附 L2 attached→venting 在态70.76s -72.0kPa
[  104.429] EVT 相位 L2 handover→vent 落点Δ(+0.0,+0.0)
[  104.449] EVT 阀 L2 →排气位
[  104.619] TLM t=  43.2 L1·A@-75 L2Vv@-72 L3·A@-76 R1·A@-75 R2·A@-72 R3·A@-70 罐=无罐 泵=0 阀=101111 速=+0,+0,+0.00 电=7.72V/2.52A/峰3.34 补余=0.0 IO错=0 倾+0.0
[  104.730] EVT 相位 L2 vent→lift
[  104.852] EVT 吸附 L2 venting→released 在态0.42s 0.3kPa
[  105.121] TLM t=  43.2 L1·A@-75 L2Lr@-- L3·A@-76 R1·A@-75 R2·A@-72 R3·A@-70 罐=无罐 泵=0 阀=101111 速=+0,+0,+0.00 电=7.67V/2.85A/峰3.34 补余=0.0 IO错=0 倾+0.0
[  105.572] EVT 相位 L2 lift→transfer
[  105.640] TLM t=  43.2 L1·A@-75 L2Tr@-- L3·A@-75 R1·A@-75 R2·A@-71 R3·A@-69 罐=无罐 泵=0 阀=101111 速=+0,+0,+0.00 电=7.68V/3.17A/峰3.34 补余=0.0 IO错=0 倾+0.0
[  106.148] TLM t=  43.2 L1·A@-75 L2Tr@-- L3·A@-75 R1·A@-74 R2·A@-71 R3·A@-68 罐=无罐 泵=0 阀=101111 速=+0,+0,+0.00 电=7.69V/2.93A/峰3.34 补余=0.0 IO错=0 倾+0.0
[  106.196] EVT 相位 L2 transfer→hover
[  106.665] TLM t=  43.2 L1·A@-75 L2Hr@-- L3·A@-75 R1·A@-74 R2·A@-71 R3·A@-67 罐=无罐 泵=0 阀=101111 速=+0,+0,+0.00 电=7.72V/2.60A/峰3.34 补余=0.0 IO错=0 倾+0.0
[  106.831] EVT 落地：L2
[  106.831] EVT 键 'i' 倾=+0.0待=+0.0
[  106.836] EVT 相位 L2 hover→descend
[  107.167] TLM t=  43.2 L1·A@-75 L2Dr@-- L3·A@-75 R1·A@-74 R2·A@-70 R3·A@-66 罐=无罐 泵=0 阀=101111 速=+0,+0,+0.00 电=7.71V/2.44A/峰3.34 补余=0.0 IO错=0 倾+0.0
[  107.318] EVT 相位 L2 descend→press
[  107.689] TLM t=  43.2 L1·A@-74 L2Pr@-- L3·A@-75 R1·A@-74 R2·A@-70 R3·A@-66 罐=无罐 泵=0 阀=101111 速=+0,+0,+0.00 电=7.72V/2.44A/峰3.34 补余=0.0 IO错=0 倾+0.0
[  108.195] TLM t=  43.2 L1·A@-74 L2Pr@-- L3·A@-75 R1·A@-74 R2·A@-69 R3·A@-65 罐=无罐 泵=0 阀=101111 速=+0,+0,+0.00 电=7.71V/2.52A/峰3.34 补余=0.0 IO错=0 倾+0.0
[  108.521] EVT 吸附 L2 released→pressing 在态3.66s 0.3kPa
[  108.522] EVT 相位 L2 press→wait
[  108.710] TLM t=  43.2 L1·A@-74 L2Wp@-- L3·A@-75 R1·A@-74 R2·A@-69 R3·A@-64 罐=无罐 泵=0 阀=101111 速=+0,+0,+0.00 电=7.69V/2.69A/峰3.34 补余=0.0 IO错=0 倾+0.0
[  108.847] EVT 吸附 L2 pressing→sucking 在态0.32s 0.3kPa
[  108.848] EVT 阀 L2 →抽气位
[  108.863] EVT 泵 开 最差盘压-63.8
[  109.140] EVT 吸附 L2 sucking→attached 在态0.30s -57.7kPa
[  109.149] EVT 相位 L2 wait→stance
[  109.149] EVT 抬落完成，轮到 R3
[  109.223] TLM t=  43.3 L1·A@-74 L2·A@-61 L3·A@-75 R1·A@-74 R2·A@-69 R3·A@-64 罐=无罐 泵=1 阀=111111 速=+0,+0,+0.00 电=7.66V/2.77A/峰3.34 补余=0.0 IO错=0 倾+0.0
[  109.739] TLM t=  43.8 L1·A@-75 L2·A@-75 L3·A@-75 R1·A@-74 R2·A@-75 R3·A@-75 罐=无罐 泵=1 阀=111111 速=+0,+0,+0.00 电=7.70V/2.44A/峰3.34 补余=0.0 IO错=0 倾+0.0
[  109.850] EVT 泵 停 最差盘压-75.3
[  110.242] TLM t=  44.3 L1·A@-76 L2·A@-76 L3·A@-76 R1·A@-76 R2·A@-76 R3·A@-76 罐=无罐 泵=0 阀=111111 速=+0,+0,+0.00 电=7.70V/2.60A/峰3.34 补余=0.0 IO错=0 倾+0.0
[  110.766] TLM t=  44.8 L1·A@-76 L2·A@-76 L3·A@-76 R1·A@-76 R2·A@-76 R3·A@-75 罐=无罐 泵=0 阀=111111 速=+0,+0,+0.00 电=7.73V/2.60A/峰3.34 补余=0.0 IO错=0 倾+0.0
[  111.268] TLM t=  45.3 L1·A@-76 L2·A@-75 L3·A@-76 R1·A@-76 R2·A@-75 R3·A@-75 罐=无罐 泵=0 阀=111111 速=+0,+0,+0.00 电=7.70V/2.36A/峰3.34 补余=0.0 IO错=0 倾+0.0
[  111.786] TLM t=  45.8 L1·A@-76 L2·A@-74 L3·A@-76 R1·A@-76 R2·A@-75 R3·A@-74 罐=无罐 泵=0 阀=111111 速=+0,+0,+0.00 电=7.72V/2.60A/峰3.34 补余=0.0 IO错=0 倾+0.0
[  111.995] EVT 原地抬起受理：R3
[  111.995] EVT 键 'i' 倾=+0.0待=+0.0
[  111.998] EVT 相位 R3 stance→handover
[  112.292] TLM t=  47.1 L1·A@-76 L2·A@-74 L3·A@-76 R1·A@-76 R2·A@-74 R3ZA@-73 罐=无罐 泵=0 阀=111111 速=+0,+0,+0.00 电=7.71V/2.36A/峰3.34 补余=0.0 IO错=0 倾+0.0
[  112.809] TLM t=  47.4 L1·A@-76 L2·A@-73 L3·A@-76 R1·A@-75 R2·A@-74 R3ZA@-73 罐=无罐 泵=0 阀=111111 速=+0,+0,+0.00 电=7.72V/2.20A/峰3.34 补余=0.0 IO错=0 倾+0.0
[  113.315] TLM t=  47.4 L1·A@-76 L2·A@-73 L3·A@-76 R1·A@-75 R2·A@-73 R3ZA@-72 罐=无罐 泵=0 阀=111111 速=+0,+0,+0.00 电=7.72V/2.44A/峰3.34 补余=0.0 IO错=0 倾+0.0
[  113.838] TLM t=  47.4 L1·A@-75 L2·A@-72 L3·A@-76 R1·A@-75 R2·A@-73 R3ZA@-71 罐=无罐 泵=0 阀=111111 速=+0,+0,+0.00 电=7.71V/2.28A/峰3.34 补余=0.0 IO错=0 倾+0.0
[  114.342] TLM t=  47.4 L1·A@-75 L2·A@-72 L3·A@-76 R1·A@-75 R2·A@-73 R3ZA@-71 罐=无罐 泵=0 阀=111111 速=+0,+0,+0.00 电=7.71V/2.12A/峰3.34 补余=0.0 IO错=0 倾+0.0
[  114.393] EVT 吸附 R3 attached→venting 在态52.76s -70.5kPa
[  114.393] EVT 相位 R3 handover→vent 落点Δ(+0.0,+0.0)
[  114.408] EVT 阀 R3 →排气位
[  114.691] EVT 相位 R3 vent→lift
[  114.814] EVT 吸附 R3 venting→released 在态0.42s 0.1kPa
[  114.859] TLM t=  47.4 L1·A@-75 L2·A@-71 L3·A@-76 R1·A@-75 R2·A@-72 R3Lr@-- 罐=无罐 泵=0 阀=111110 速=+0,+0,+0.00 电=7.71V/2.36A/峰3.34 补余=0.0 IO错=0 倾+0.0
[  115.363] TLM t=  47.4 L1·A@-75 L2·A@-71 L3·A@-76 R1·A@-75 R2·A@-72 R3Lr@-- 罐=无罐 泵=0 阀=111110 速=+0,+0,+0.00 电=7.68V/2.69A/峰3.34 补余=0.0 IO错=0 倾+0.0
[  115.534] EVT 相位 R3 lift→transfer
[  115.882] TLM t=  47.4 L1·A@-75 L2·A@-71 L3·A@-76 R1·A@-75 R2·A@-71 R3Tr@-- 罐=无罐 泵=0 阀=111110 速=+0,+0,+0.00 电=7.71V/2.44A/峰3.34 补余=0.0 IO错=0 倾+0.0
[  116.153] EVT 相位 R3 transfer→hover
[  116.387] TLM t=  47.4 L1·A@-75 L2·A@-70 L3·A@-76 R1·A@-75 R2·A@-71 R3Hr@-- 罐=无罐 泵=0 阀=111110 速=+0,+0,+0.00 电=7.72V/2.60A/峰3.34 补余=0.0 IO错=0 倾+0.0
[  116.907] TLM t=  47.4 L1·A@-75 L2·A@-70 L3·A@-75 R1·A@-75 R2·A@-71 R3Hr@-- 罐=无罐 泵=0 阀=111110 速=+0,+0,+0.00 电=7.71V/2.36A/峰3.34 补余=0.0 IO错=0 倾+0.0
[  116.933] EVT 落地：R3
[  116.933] EVT 键 'i' 倾=+0.0待=+0.0
[  116.936] EVT 相位 R3 hover→descend
[  117.409] TLM t=  47.4 L1·A@-74 L2·A@-69 L3·A@-75 R1·A@-75 R2·A@-70 R3Dr@-- 罐=无罐 泵=0 阀=111110 速=+0,+0,+0.00 电=7.70V/2.44A/峰3.34 补余=0.0 IO错=0 倾+0.0
[  117.417] EVT 相位 R3 descend→press
[  117.931] TLM t=  47.4 L1·A@-74 L2·A@-69 L3·A@-75 R1·A@-75 R2·A@-70 R3Pr@-- 罐=无罐 泵=0 阀=111110 速=+0,+0,+0.00 电=7.71V/2.36A/峰3.34 补余=0.0 IO错=0 倾+0.0
[  118.434] TLM t=  47.4 L1·A@-74 L2·A@-68 L3·A@-75 R1·A@-75 R2·A@-69 R3Pr@-- 罐=无罐 泵=0 阀=111110 速=+0,+0,+0.00 电=7.69V/2.52A/峰3.34 补余=0.0 IO错=0 倾+0.0
[  118.621] EVT 吸附 R3 released→pressing 在态3.80s 0.1kPa
[  118.622] EVT 相位 R3 press→wait
[  118.944] EVT 吸附 R3 pressing→sucking 在态0.32s 0.1kPa
[  118.950] EVT 阀 R3 →抽气位
[  118.958] TLM t=  47.4 L1·A@-74 L2·A@-68 L3·A@-75 R1·A@-75 R2·A@-69 R3Ws@0 罐=无罐 泵=0 阀=111111 速=+0,+0,+0.00 电=7.71V/2.52A/峰3.34 补余=0.0 IO错=0 倾+0.0
[  118.968] EVT 泵 开 最差盘压-67.6
[  119.245] EVT 吸附 R3 sucking→attached 在态0.30s -58.2kPa
[  119.246] EVT 相位 R3 wait→stance
[  119.246] EVT 抬落完成，轮到 L1
[  119.474] TLM t=  47.6 L1·A@-74 L2·A@-70 L3·A@-75 R1·A@-75 R2·A@-69 R3·A@-69 罐=无罐 泵=1 阀=111111 速=+0,+0,+0.00 电=7.68V/2.28A/峰3.34 补余=0.0 IO错=0 倾+0.0
[  119.908] EVT 泵 停 最差盘压-75.2
[  119.978] TLM t=  48.1 L1·A@-76 L2·A@-76 L3·A@-76 R1·A@-76 R2·A@-76 R3·A@-76 罐=无罐 泵=0 阀=111111 速=+0,+0,+0.00 电=7.69V/2.36A/峰3.34 补余=0.0 IO错=0 倾+0.0
[  120.482] TLM t=  48.6 L1·A@-76 L2·A@-76 L3·A@-76 R1·A@-76 R2·A@-76 R3·A@-76 罐=无罐 泵=0 阀=111111 速=+0,+0,+0.00 电=7.71V/2.44A/峰3.34 补余=0.0 IO错=0 倾+0.0
[  121.003] TLM t=  49.1 L1·A@-76 L2·A@-75 L3·A@-76 R1·A@-76 R2·A@-75 R3·A@-75 罐=无罐 泵=0 阀=111111 速=+0,+0,+0.00 电=7.72V/2.28A/峰3.34 补余=0.0 IO错=0 倾+0.0
[  121.228] EVT 原地抬起受理：L1
[  121.229] EVT 键 'i' 倾=+0.0待=+0.0
[  121.235] EVT 相位 L1 stance→handover
[  121.507] TLM t=  51.3 L1ZA@-76 L2·A@-75 L3·A@-76 R1·A@-76 R2·A@-75 R3·A@-74 罐=无罐 泵=0 阀=111111 速=+0,+0,+0.00 电=7.70V/2.20A/峰3.34 补余=0.0 IO错=0 倾+0.0
[  122.025] TLM t=  51.6 L1ZA@-76 L2·A@-74 L3·A@-76 R1·A@-76 R2·A@-74 R3·A@-74 罐=无罐 泵=0 阀=111111 速=+0,+0,+0.00 电=7.76V/1.71A/峰3.34 补余=0.0 IO错=0 倾+0.0
[  122.528] TLM t=  51.6 L1ZA@-76 L2·A@-74 L3·A@-76 R1·A@-75 R2·A@-74 R3·A@-73 罐=无罐 泵=0 阀=111111 速=+0,+0,+0.00 电=7.74V/1.87A/峰3.34 补余=0.0 IO错=0 倾+0.0
[  123.049] TLM t=  51.6 L1ZA@-75 L2·A@-73 L3·A@-76 R1·A@-75 R2·A@-74 R3·A@-72 罐=无罐 泵=0 阀=111111 速=+0,+0,+0.00 电=7.74V/2.04A/峰3.34 补余=0.0 IO错=0 倾+0.0
[  123.550] TLM t=  51.6 L1ZA@-75 L2·A@-73 L3·A@-76 R1·A@-75 R2·A@-73 R3·A@-72 罐=无罐 泵=0 阀=111111 速=+0,+0,+0.00 电=7.74V/2.20A/峰3.34 补余=0.0 IO错=0 倾+0.0
[  123.618] EVT 吸附 L1 attached→venting 在态52.58s -75.3kPa
[  123.619] EVT 相位 L1 handover→vent 落点Δ(+0.0,+0.0)
[  123.639] EVT 阀 L1 →排气位
[  123.919] EVT 相位 L1 vent→lift
[  124.042] EVT 吸附 L1 venting→released 在态0.42s 0.1kPa
[  124.069] TLM t=  51.6 L1Lr@-- L2·A@-72 L3·A@-76 R1·A@-75 R2·A@-73 R3·A@-71 罐=无罐 泵=0 阀=011111 速=+0,+0,+0.00 电=7.70V/2.69A/峰3.34 补余=0.0 IO错=0 倾+0.0
[  124.573] TLM t=  51.6 L1Lr@-- L2·A@-72 L3·A@-76 R1·A@-75 R2·A@-72 R3·A@-70 罐=无罐 泵=0 阀=011111 速=+0,+0,+0.00 电=7.70V/2.52A/峰3.34 补余=0.0 IO错=0 倾+0.0
[  124.762] EVT 相位 L1 lift→transfer
[  125.090] TLM t=  51.6 L1Tr@-- L2·A@-72 L3·A@-75 R1·A@-75 R2·A@-71 R3·A@-69 罐=无罐 泵=0 阀=011111 速=+0,+0,+0.00 电=7.71V/2.36A/峰3.34 补余=0.0 IO错=0 倾+0.0
[  125.383] EVT 相位 L1 transfer→hover
[  125.599] TLM t=  51.6 L1Hr@-- L2·A@-71 L3·A@-75 R1·A@-75 R2·A@-71 R3·A@-69 罐=无罐 泵=0 阀=011111 速=+0,+0,+0.00 电=7.71V/2.44A/峰3.34 补余=0.0 IO错=0 倾+0.0
[  125.801] EVT 落地：L1
[  125.801] EVT 键 'i' 倾=+0.0待=+0.0
[  125.805] EVT 相位 L1 hover→descend
[  126.116] TLM t=  51.6 L1Dr@-- L2·A@-71 L3·A@-75 R1·A@-75 R2·A@-70 R3·A@-68 罐=无罐 泵=0 阀=011111 速=+0,+0,+0.00 电=7.69V/2.52A/峰3.34 补余=0.0 IO错=0 倾+0.0
[  126.290] EVT 相位 L1 descend→press
[  126.623] TLM t=  51.6 L1Pr@-- L2·A@-70 L3·A@-75 R1·A@-75 R2·A@-70 R3·A@-67 罐=无罐 泵=0 阀=011111 速=+0,+0,+0.00 电=7.71V/2.28A/峰3.34 补余=0.0 IO错=0 倾+0.0
[  127.143] TLM t=  51.6 L1Pr@-- L2·A@-70 L3·A@-75 R1·A@-75 R2·A@-69 R3·A@-67 罐=无罐 泵=0 阀=011111 速=+0,+0,+0.00 电=7.71V/2.36A/峰3.34 补余=0.0 IO错=0 倾+0.0
[  127.493] EVT 吸附 L1 released→pressing 在态3.44s 0.1kPa
[  127.494] EVT 相位 L1 press→wait
[  127.648] TLM t=  51.6 L1Wp@-- L2·A@-69 L3·A@-75 R1·A@-75 R2·A@-69 R3·A@-66 罐=无罐 泵=0 阀=011111 速=+0,+0,+0.00 电=7.71V/2.52A/峰3.34 补余=0.0 IO错=0 倾+0.0
[  127.819] EVT 吸附 L1 pressing→sucking 在态0.32s 0.1kPa
[  127.820] EVT 阀 L1 →抽气位
[  127.837] EVT 泵 开 最差盘压-65.9
[  128.164] TLM t=  51.6 L1Ws@-60 L2·A@-69 L3·A@-75 R1·A@-75 R2·A@-68 R3·A@-66 罐=无罐 泵=1 阀=111111 速=+0,+0,+0.00 电=7.69V/2.44A/峰3.34 补余=0.0 IO错=0 倾+0.0
[  128.173] EVT 吸附 L1 sucking→attached 在态0.36s -60.0kPa
[  128.181] EVT 相位 L1 wait→stance
[  128.181] EVT 抬落完成，轮到 R2
[  128.674] TLM t=  52.1 L1·A@-73 L2·A@-74 L3·A@-75 R1·A@-75 R2·A@-74 R3·A@-74 罐=无罐 泵=1 阀=111111 速=+0,+0,+0.00 电=7.68V/2.28A/峰3.34 补余=0.0 IO错=0 倾+0.0
[  128.878] EVT 泵 停 最差盘压-75.4
[  129.186] TLM t=  52.6 L1·A@-76 L2·A@-77 L3·A@-76 R1·A@-76 R2·A@-76 R3·A@-76 罐=无罐 泵=0 阀=111111 速=+0,+0,+0.00 电=7.72V/2.28A/峰3.34 补余=0.0 IO错=0 倾+0.0
[  129.693] TLM t=  53.1 L1·A@-76 L2·A@-76 L3·A@-76 R1·A@-76 R2·A@-76 R3·A@-76 罐=无罐 泵=0 阀=111111 速=+0,+0,+0.00 电=7.71V/2.44A/峰3.34 补余=0.0 IO错=0 倾+0.0
[  130.178] EVT 原地抬起受理：R2
[  130.178] EVT 键 'i' 倾=+0.0待=+0.0
[  130.184] EVT 相位 R2 stance→handover
[  130.212] TLM t=  55.2 L1·A@-76 L2·A@-76 L3·A@-76 R1·A@-76 R2ZA@-75 R3·A@-75 罐=无罐 泵=0 阀=111111 速=+0,+0,+0.00 电=7.70V/2.44A/峰3.34 补余=0.0 IO错=0 倾+0.0
[  130.715] TLM t=  55.7 L1·A@-76 L2·A@-75 L3·A@-76 R1·A@-76 R2ZA@-74 R3·A@-74 罐=无罐 泵=0 阀=111111 速=+0,+0,+0.00 电=7.72V/2.44A/峰3.34 补余=0.0 IO错=0 倾+0.0
[  131.233] TLM t=  55.8 L1·A@-76 L2·A@-75 L3·A@-76 R1·A@-76 R2ZA@-74 R3·A@-74 罐=无罐 泵=0 阀=111111 速=+0,+0,+0.00 电=7.72V/2.36A/峰3.34 补余=0.0 IO错=0 倾+0.0
[  131.740] TLM t=  55.8 L1·A@-76 L2·A@-74 L3·A@-76 R1·A@-76 R2ZA@-73 R3·A@-73 罐=无罐 泵=0 阀=111111 速=+0,+0,+0.00 电=7.69V/2.85A/峰3.34 补余=0.0 IO错=0 倾+0.0
[  132.256] TLM t=  55.8 L1·A@-75 L2·A@-74 L3·A@-76 R1·A@-76 R2ZA@-73 R3·A@-73 罐=无罐 泵=0 阀=111111 速=+0,+0,+0.00 电=7.70V/2.85A/峰3.34 补余=0.0 IO错=0 倾+0.0
[  132.573] EVT 吸附 R2 attached→venting 在态52.40s -72.2kPa
[  132.573] EVT 相位 R2 handover→vent 落点Δ(+0.0,+0.0)
[  132.591] EVT 阀 R2 →排气位
[  132.760] TLM t=  55.8 L1·A@-75 L2·A@-73 L3·A@-76 R1·A@-75 R2Vv@-72 R3·A@-72 罐=无罐 泵=0 阀=111101 速=+0,+0,+0.00 电=7.67V/3.17A/峰3.34 补余=0.0 IO错=0 倾+0.0
[  132.871] EVT 相位 R2 vent→lift
[  132.994] EVT 吸附 R2 venting→released 在态0.42s -0.1kPa
[  133.261] TLM t=  55.8 L1·A@-75 L2·A@-73 L3·A@-76 R1·A@-75 R2Lr@-- R3·A@-71 罐=无罐 泵=0 阀=111101 速=+0,+0,+0.00 电=7.68V/3.01A/峰3.34 补余=0.0 IO错=0 倾+0.0
[  133.714] EVT 相位 R2 lift→transfer
[  133.784] TLM t=  55.8 L1·A@-75 L2·A@-72 L3·A@-76 R1·A@-75 R2Tr@-- R3·A@-71 罐=无罐 泵=0 阀=111101 速=+0,+0,+0.00 电=7.66V/3.50A/峰3.50 补余=0.0 IO错=0 倾+0.0
[  134.286] TLM t=  55.8 L1·A@-74 L2·A@-72 L3·A@-76 R1·A@-75 R2Tr@-- R3·A@-70 罐=无罐 泵=0 阀=111101 速=+0,+0,+0.00 电=7.67V/3.42A/峰3.50 补余=0.0 IO错=0 倾+0.0
[  134.337] EVT 相位 R2 transfer→hover
[  134.810] TLM t=  55.8 L1·A@-74 L2·A@-71 L3·A@-76 R1·A@-75 R2Hr@-- R3·A@-69 罐=无罐 泵=0 阀=111101 速=+0,+0,+0.00 电=7.67V/2.93A/峰3.50 补余=0.0 IO错=0 倾+0.0
[  135.308] TLM t=  55.8 L1·A@-74 L2·A@-71 L3·A@-76 R1·A@-75 R2Hr@-- R3·A@-69 罐=无罐 泵=0 阀=111101 速=+0,+0,+0.00 电=7.66V/3.01A/峰3.50 补余=0.0 IO错=0 倾+0.0
[  135.696] EVT 落地：R2
[  135.696] EVT 键 'i' 倾=+0.0待=+0.0
[  135.702] EVT 相位 R2 hover→descend
[  135.832] TLM t=  55.8 L1·A@-74 L2·A@-70 L3·A@-76 R1·A@-75 R2Dr@-- R3·A@-68 罐=无罐 泵=0 阀=111101 速=+0,+0,+0.00 电=7.66V/3.01A/峰3.50 补余=0.0 IO错=0 倾+0.0
[  136.183] EVT 相位 R2 descend→press
[  136.335] TLM t=  55.8 L1·A@-74 L2·A@-70 L3·A@-76 R1·A@-75 R2Pr@-- R3·A@-67 罐=无罐 泵=0 阀=111101 速=+0,+0,+0.00 电=7.65V/2.93A/峰3.50 补余=0.0 IO错=0 倾+0.0
[  136.833] TLM t=  55.8 L1·A@-74 L2·A@-69 L3·A@-75 R1·A@-75 R2Pr@-- R3·A@-67 罐=无罐 泵=0 阀=111101 速=+0,+0,+0.00 电=7.68V/3.09A/峰3.50 补余=0.0 IO错=0 倾+0.0
[  137.336] TLM t=  55.8 L1·A@-74 L2·A@-69 L3·A@-75 R1·A@-75 R2Pr@-- R3·A@-66 罐=无罐 泵=0 阀=111101 速=+0,+0,+0.00 电=7.67V/3.17A/峰3.50 补余=0.0 IO错=0 倾+0.0
[  137.388] EVT 吸附 R2 released→pressing 在态4.38s -0.1kPa
[  137.388] EVT 相位 R2 press→wait
[  137.709] EVT 吸附 R2 pressing→sucking 在态0.32s -0.1kPa
[  137.709] EVT 阀 R2 →抽气位
[  137.729] EVT 泵 开 最差盘压-65.8
[  137.839] TLM t=  55.8 L1·A@-74 L2·A@-68 L3·A@-75 R1·A@-75 R2Ws@-48 R3·A@-66 罐=无罐 泵=1 阀=111111 速=+0,+0,+0.00 电=7.65V/3.09A/峰3.50 补余=0.0 IO错=0 倾+0.0
[  138.010] EVT 吸附 R2 sucking→attached 在态0.30s -58.0kPa
[  138.010] EVT 相位 R2 wait→stance
[  138.011] EVT 抬落完成，轮到 L3
[  138.343] TLM t=  56.1 L1·A@-74 L2·A@-71 L3·A@-75 R1·A@-75 R2·A@-71 R3·A@-70 罐=无罐 泵=1 阀=111111 速=+0,+0,+0.00 电=7.65V/3.01A/峰3.50 补余=0.0 IO错=0 倾+0.0
[  138.695] EVT 泵 停 最差盘压-75.0
[  138.845] TLM t=  56.6 L1·A@-76 L2·A@-77 L3·A@-76 R1·A@-76 R2·A@-76 R3·A@-76 罐=无罐 泵=0 阀=111111 速=+0,+0,+0.00 电=7.66V/3.17A/峰3.50 补余=0.0 IO错=0 倾+0.0
[  139.348] TLM t=  57.1 L1·A@-76 L2·A@-76 L3·A@-76 R1·A@-76 R2·A@-76 R3·A@-76 罐=无罐 泵=0 阀=111111 速=+0,+0,+0.00 电=7.69V/3.26A/峰3.50 补余=0.0 IO错=0 倾+0.0
[  139.849] TLM t=  57.6 L1·A@-76 L2·A@-75 L3·A@-76 R1·A@-76 R2·A@-75 R3·A@-75 罐=无罐 泵=0 阀=111111 速=+0,+0,+0.00 电=7.68V/3.09A/峰3.50 补余=0.0 IO错=0 倾+0.0
[  140.353] TLM t=  58.1 L1·A@-76 L2·A@-75 L3·A@-76 R1·A@-75 R2·A@-75 R3·A@-74 罐=无罐 泵=0 阀=111111 速=+0,+0,+0.00 电=7.69V/3.01A/峰3.50 补余=0.0 IO错=0 倾+0.0
[  140.478] EVT 原地抬起受理：L3
[  140.478] EVT 键 'i' 倾=+0.0待=+0.0
[  140.484] EVT 相位 L3 stance→handover
[  140.851] TLM t=  59.8 L1·A@-76 L2·A@-74 L3ZA@-76 R1·A@-75 R2·A@-74 R3·A@-74 罐=无罐 泵=0 阀=111111 速=+0,+0,+0.00 电=7.68V/2.85A/峰3.50 补余=0.0 IO错=0 倾+0.0
[  141.355] TLM t=  60.0 L1·A@-76 L2·A@-74 L3ZA@-76 R1·A@-75 R2·A@-74 R3·A@-73 罐=无罐 泵=0 阀=111111 速=+0,+0,+0.00 电=7.71V/2.44A/峰3.50 补余=0.0 IO错=0 倾+0.0
[  141.858] TLM t=  60.0 L1·A@-75 L2·A@-74 L3ZA@-76 R1·A@-75 R2·A@-73 R3·A@-72 罐=无罐 泵=0 阀=111111 速=+0,+0,+0.00 电=7.71V/2.36A/峰3.50 补余=0.0 IO错=0 倾+0.0
[  142.359] TLM t=  60.0 L1·A@-75 L2·A@-73 L3ZA@-76 R1·A@-75 R2·A@-73 R3·A@-72 罐=无罐 泵=0 阀=111111 速=+0,+0,+0.00 电=7.68V/2.44A/峰3.50 补余=0.0 IO错=0 倾+0.0
[  142.863] TLM t=  60.0 L1·A@-75 L2·A@-73 L3ZA@-76 R1·A@-75 R2·A@-72 R3·A@-71 罐=无罐 泵=0 阀=111111 速=+0,+0,+0.00 电=7.69V/2.60A/峰3.50 补余=0.0 IO错=0 倾+0.0
[  142.871] EVT 吸附 L3 attached→venting 在态53.18s -75.7kPa
[  142.872] EVT 相位 L3 handover→vent 落点Δ(+0.0,+0.0)
[  142.892] EVT 阀 L3 →排气位
[  143.170] EVT 相位 L3 vent→lift
[  143.293] EVT 吸附 L3 venting→released 在态0.42s 0.1kPa
[  143.382] TLM t=  60.0 L1·A@-75 L2·A@-72 L3Lr@-- R1·A@-75 R2·A@-72 R3·A@-70 罐=无罐 泵=0 阀=110111 速=+0,+0,+0.00 电=7.66V/3.26A/峰3.50 补余=0.0 IO错=0 倾+0.0
[  143.883] TLM t=  60.0 L1·A@-75 L2·A@-72 L3Lr@-- R1·A@-75 R2·A@-72 R3·A@-70 罐=无罐 泵=0 阀=110111 速=+0,+0,+0.00 电=7.65V/2.36A/峰3.50 补余=0.0 IO错=0 倾+0.0
[  144.013] EVT 相位 L3 lift→transfer
[  144.405] TLM t=  60.0 L1·A@-75 L2·A@-71 L3Tr@-- R1·A@-75 R2·A@-71 R3·A@-69 罐=无罐 泵=0 阀=110111 速=+0,+0,+0.00 电=7.68V/2.69A/峰3.50 补余=0.0 IO错=0 倾+0.0
[  144.638] EVT 相位 L3 transfer→hover
[  144.908] TLM t=  60.0 L1·A@-75 L2·A@-71 L3Hr@-- R1·A@-75 R2·A@-71 R3·A@-69 罐=无罐 泵=0 阀=110111 速=+0,+0,+0.00 电=7.69V/2.60A/峰3.50 补余=0.0 IO错=0 倾+0.0
[  145.430] TLM t=  60.0 L1·A@-75 L2·A@-70 L3Hr@-- R1·A@-75 R2·A@-70 R3·A@-68 罐=无罐 泵=0 阀=110111 速=+0,+0,+0.00 电=7.68V/2.52A/峰3.50 补余=0.0 IO错=0 倾+0.0
[  145.796] EVT 落地：L3
[  145.796] EVT 键 'i' 倾=+0.0待=+0.0
[  145.802] EVT 相位 L3 hover→descend
[  145.931] TLM t=  60.0 L1·A@-75 L2·A@-70 L3Dr@-- R1·A@-74 R2·A@-70 R3·A@-67 罐=无罐 泵=0 阀=110111 速=+0,+0,+0.00 电=7.69V/2.69A/峰3.50 补余=0.0 IO错=0 倾+0.0
[  146.283] EVT 相位 L3 descend→press
[  146.451] TLM t=  60.0 L1·A@-74 L2·A@-69 L3Pr@-- R1·A@-74 R2·A@-70 R3·A@-67 罐=无罐 泵=0 阀=110111 速=+0,+0,+0.00 电=7.69V/2.77A/峰3.50 补余=0.0 IO错=0 倾+0.0
[  146.956] TLM t=  60.0 L1·A@-74 L2·A@-69 L3Pr@-- R1·A@-74 R2·A@-69 R3·A@-66 罐=无罐 泵=0 阀=110111 速=+0,+0,+0.00 电=7.71V/2.69A/峰3.50 补余=0.0 IO错=0 倾+0.0
[  147.480] TLM t=  60.0 L1·A@-74 L2·A@-68 L3Pr@-- R1·A@-74 R2·A@-69 R3·A@-65 罐=无罐 泵=0 阀=110111 速=+0,+0,+0.00 电=7.70V/2.60A/峰3.50 补余=0.0 IO错=0 倾+0.0
[  147.490] EVT 吸附 L3 released→pressing 在态4.18s 0.1kPa
[  147.490] EVT 相位 L3 press→wait
[  147.808] EVT 吸附 L3 pressing→sucking 在态0.32s 0.1kPa
[  147.809] EVT 阀 L3 →抽气位
[  147.834] EVT 泵 开 最差盘压-65.1
[  147.980] TLM t=  60.0 L1·A@-74 L2·A@-68 L3Ws@-46 R1·A@-74 R2·A@-68 R3·A@-65 罐=无罐 泵=1 阀=111111 速=+0,+0,+0.00 电=7.66V/2.52A/峰3.50 补余=0.0 IO错=0 倾+0.0
[  148.107] EVT 吸附 L3 sucking→attached 在态0.30s -52.0kPa
[  148.110] EVT 相位 L3 wait→stance
[  148.110] EVT 抬落完成，轮到 R1
[  148.506] TLM t=  60.4 L1·A@-74 L2·A@-70 L3·A@-70 R1·A@-74 R2·A@-69 R3·A@-70 罐=无罐 泵=1 阀=111111 速=+0,+0,+0.00 电=7.64V/2.69A/峰3.50 补余=0.0 IO错=0 倾+0.0
[  148.998] EVT 泵 停 最差盘压-75.4
[  149.006] TLM t=  60.9 L1·A@-76 L2·A@-76 L3·A@-76 R1·A@-75 R2·A@-76 R3·A@-76 罐=无罐 泵=0 阀=111111 速=+0,+0,+0.00 电=7.69V/2.52A/峰3.50 补余=0.0 IO错=0 倾+0.0
[  149.533] TLM t=  61.4 L1·A@-76 L2·A@-76 L3·A@-76 R1·A@-76 R2·A@-76 R3·A@-76 罐=无罐 泵=0 阀=111111 速=+0,+0,+0.00 电=7.69V/2.60A/峰3.50 补余=0.0 IO错=0 倾+0.0
[  150.032] TLM t=  61.9 L1·A@-76 L2·A@-76 L3·A@-76 R1·A@-76 R2·A@-76 R3·A@-75 罐=无罐 泵=0 阀=111111 速=+0,+0,+0.00 电=7.69V/2.60A/峰3.50 补余=0.0 IO错=0 倾+0.0
[  150.320] EVT 原地抬起受理：R1
[  150.320] EVT 键 'i' 倾=+0.0待=+0.0
[  150.326] EVT 相位 R1 stance→handover
[  150.559] TLM t=  63.8 L1·A@-76 L2·A@-75 L3·A@-76 R1ZA@-76 R2·A@-75 R3·A@-75 罐=无罐 泵=0 阀=111111 速=+0,+0,+0.00 电=7.72V/2.44A/峰3.50 补余=0.0 IO错=0 倾+0.0
[  151.061] TLM t=  64.2 L1·A@-76 L2·A@-75 L3·A@-76 R1ZA@-75 R2·A@-75 R3·A@-74 罐=无罐 泵=0 阀=111111 速=+0,+0,+0.00 电=7.73V/1.95A/峰3.50 补余=0.0 IO错=0 倾+0.0
[  151.585] TLM t=  64.2 L1·A@-76 L2·A@-74 L3·A@-76 R1ZA@-75 R2·A@-74 R3·A@-74 罐=无罐 泵=0 阀=111111 速=+0,+0,+0.00 电=7.72V/1.95A/峰3.50 补余=0.0 IO错=0 倾+0.0
[  152.088] TLM t=  64.2 L1·A@-76 L2·A@-74 L3·A@-76 R1ZA@-75 R2·A@-74 R3·A@-73 罐=无罐 泵=0 阀=111111 速=+0,+0,+0.00 电=7.72V/2.12A/峰3.50 补余=0.0 IO错=0 倾+0.0
[  152.608] TLM t=  64.2 L1·A@-76 L2·A@-73 L3·A@-76 R1ZA@-75 R2·A@-73 R3·A@-72 罐=无罐 泵=0 阀=111111 速=+0,+0,+0.00 电=7.72V/2.12A/峰3.50 补余=0.0 IO错=0 倾+0.0
[  152.723] EVT 吸附 R1 attached→venting 在态53.22s -75.1kPa
[  152.724] EVT 相位 R1 handover→vent 落点Δ(+0.0,+0.0)
[  152.739] EVT 阀 R1 →排气位
[  153.024] EVT 相位 R1 vent→lift
[  153.122] EVT 吸附 R1 venting→released 在态0.40s -0.1kPa
[  153.130] TLM t=  64.2 L1·A@-76 L2·A@-73 L3·A@-75 R1Lr@-- R2·A@-73 R3·A@-72 罐=无罐 泵=0 阀=111011 速=+0,+0,+0.00 电=7.70V/2.44A/峰3.50 补余=0.0 IO错=0 倾+0.0
[  153.638] TLM t=  64.2 L1·A@-75 L2·A@-72 L3·A@-75 R1Lr@-- R2·A@-73 R3·A@-71 罐=无罐 泵=0 阀=111011 速=+0,+0,+0.00 电=7.70V/2.28A/峰3.50 补余=0.0 IO错=0 倾+0.0
[  153.870] EVT 相位 R1 lift→transfer
[  154.146] TLM t=  64.2 L1·A@-75 L2·A@-72 L3·A@-75 R1Tr@-- R2·A@-72 R3·A@-70 罐=无罐 泵=0 阀=111011 速=+0,+0,+0.00 电=7.69V/2.60A/峰3.50 补余=0.0 IO错=0 倾+0.0
[  154.497] EVT 相位 R1 transfer→hover
[  154.651] TLM t=  64.2 L1·A@-75 L2·A@-71 L3·A@-75 R1Hr@-- R2·A@-72 R3·A@-70 罐=无罐 泵=0 阀=111011 速=+0,+0,+0.00 电=7.70V/2.44A/峰3.50 补余=0.0 IO错=0 倾+0.0
[  154.977] EVT 落地：R1
[  154.977] EVT 键 'i' 倾=+0.0待=+0.0
[  154.982] EVT 相位 R1 hover→descend
[  155.172] TLM t=  64.2 L1·A@-75 L2·A@-71 L3·A@-75 R1Dr@-- R2·A@-71 R3·A@-69 罐=无罐 泵=0 阀=111011 速=+0,+0,+0.00 电=7.69V/2.52A/峰3.50 补余=0.0 IO错=0 倾+0.0
[  155.464] EVT 相位 R1 descend→press
[  155.677] TLM t=  64.2 L1·A@-75 L2·A@-70 L3·A@-75 R1Pr@-- R2·A@-71 R3·A@-68 罐=无罐 泵=0 阀=111011 速=+0,+0,+0.00 电=7.71V/2.44A/峰3.50 补余=0.0 IO错=0 倾+0.0
[  156.198] TLM t=  64.2 L1·A@-75 L2·A@-70 L3·A@-75 R1Pr@-- R2·A@-70 R3·A@-67 罐=无罐 泵=0 阀=111011 速=+0,+0,+0.00 电=7.70V/2.44A/峰3.50 补余=0.0 IO错=0 倾+0.0
[  156.669] EVT 吸附 R1 released→pressing 在态3.52s -0.1kPa
[  156.669] EVT 相位 R1 press→wait
[  156.702] TLM t=  64.2 L1·A@-75 L2·A@-70 L3·A@-75 R1Wp@-- R2·A@-70 R3·A@-67 罐=无罐 泵=0 阀=111011 速=+0,+0,+0.00 电=7.70V/2.44A/峰3.50 补余=0.0 IO错=0 倾+0.0
[  156.973] EVT 吸附 R1 pressing→sucking 在态0.30s -0.1kPa
[  156.973] EVT 阀 R1 →抽气位
[  156.996] EVT 泵 开 最差盘压-66.2
[  157.223] TLM t=  64.2 L1·A@-75 L2·A@-69 L3·A@-75 R1Ws@-54 R2·A@-70 R3·A@-66 罐=无罐 泵=1 阀=111111 速=+0,+0,+0.00 电=7.64V/2.20A/峰3.50 补余=0.0 IO错=0 倾+0.0
[  157.329] EVT 吸附 R1 sucking→attached 在态0.36s -62.3kPa
[  157.334] EVT 相位 R1 wait→stance
[  157.334] EVT 抬落完成，轮到 L2
[  157.730] TLM t=  64.6 L1·A@-75 L2·A@-74 L3·A@-75 R1·A@-72 R2·A@-73 R3·A@-73 罐=无罐 泵=1 阀=111111 速=+0,+0,+0.00 电=7.71V/2.28A/峰3.50 补余=0.0 IO错=0 倾+0.0
[  157.987] EVT 泵 停 最差盘压-75.4
[  158.238] TLM t=  65.1 L1·A@-76 L2·A@-77 L3·A@-76 R1·A@-76 R2·A@-76 R3·A@-76 罐=无罐 泵=0 阀=111111 速=+0,+0,+0.00 电=7.70V/2.36A/峰3.50 补余=0.0 IO错=0 倾+0.0
[  158.758] TLM t=  65.6 L1·A@-76 L2·A@-76 L3·A@-76 R1·A@-76 R2·A@-76 R3·A@-76 罐=无罐 泵=0 阀=111111 速=+0,+0,+0.00 电=7.68V/2.20A/峰3.50 补余=0.0 IO错=0 倾+0.0
[  159.244] EVT 原地抬起受理：L2
[  159.244] EVT 键 'i' 倾=+0.0待=+0.0
[  159.253] EVT 相位 L2 stance→handover
[  159.268] TLM t=  67.8 L1·A@-76 L2ZA@-76 L3·A@-76 R1·A@-76 R2·A@-75 R3·A@-75 罐=无罐 泵=0 阀=111111 速=+0,+0,+0.00 电=7.70V/2.36A/峰3.50 补余=0.0 IO错=0 倾+0.0
[  159.787] TLM t=  68.3 L1·A@-76 L2ZA@-75 L3·A@-76 R1·A@-75 R2·A@-75 R3·A@-74 罐=无罐 泵=0 阀=111111 速=+0,+0,+0.00 电=7.71V/2.36A/峰3.50 补余=0.0 IO错=0 倾+0.0
[  160.291] TLM t=  68.4 L1·A@-76 L2ZA@-74 L3·A@-76 R1·A@-75 R2·A@-74 R3·A@-73 罐=无罐 泵=0 阀=111111 速=+0,+0,+0.00 电=7.70V/2.44A/峰3.50 补余=0.0 IO错=0 倾+0.0
[  160.814] TLM t=  68.4 L1·A@-76 L2ZA@-74 L3·A@-76 R1·A@-75 R2·A@-74 R3·A@-73 罐=无罐 泵=0 阀=111111 速=+0,+0,+0.00 电=7.70V/2.77A/峰3.50 补余=0.0 IO错=0 倾+0.0
[  161.316] TLM t=  68.4 L1·A@-76 L2ZA@-73 L3·A@-76 R1·A@-75 R2·A@-74 R3·A@-72 罐=无罐 泵=0 阀=111111 速=+0,+0,+0.00 电=7.66V/2.77A/峰3.50 补余=0.0 IO错=0 倾+0.0
[  161.648] EVT 吸附 L2 attached→venting 在态52.26s -73.1kPa
[  161.649] EVT 相位 L2 handover→vent 落点Δ(+0.0,+0.0)
[  161.669] EVT 阀 L2 →排气位
[  161.838] TLM t=  68.4 L1·A@-76 L2Vv@-73 L3·A@-76 R1·A@-75 R2·A@-73 R3·A@-71 罐=无罐 泵=0 阀=101111 速=+0,+0,+0.00 电=7.68V/3.09A/峰3.50 补余=0.0 IO错=0 倾+0.0
[  161.949] EVT 相位 L2 vent→lift
[  162.046] EVT 吸附 L2 venting→released 在态0.40s 0.3kPa
[  162.343] TLM t=  68.4 L1·A@-75 L2Lr@-- L3·A@-76 R1·A@-75 R2·A@-73 R3·A@-71 罐=无罐 泵=0 阀=101111 速=+0,+0,+0.00 电=7.66V/2.93A/峰3.50 补余=0.0 IO错=0 倾+0.0
[  162.792] EVT 相位 L2 lift→transfer
[  162.859] TLM t=  68.4 L1·A@-75 L2Tr@-- L3·A@-76 R1·A@-75 R2·A@-72 R3·A@-70 罐=无罐 泵=0 阀=101111 速=+0,+0,+0.00 电=7.65V/3.26A/峰3.50 补余=0.0 IO错=0 倾+0.0
[  163.363] TLM t=  68.4 L1·A@-75 L2Tr@-- L3·A@-76 R1·A@-75 R2·A@-72 R3·A@-69 罐=无罐 泵=0 阀=101111 速=+0,+0,+0.00 电=7.64V/3.09A/峰3.50 补余=0.0 IO错=0 倾+0.0
[  163.416] EVT 相位 L2 transfer→hover
[  163.668] EVT 落地：L2
[  163.668] EVT 键 'i' 倾=+0.0待=+0.0
[  163.669] EVT 相位 L2 hover→descend
[  163.886] TLM t=  68.4 L1·A@-75 L2Dr@-- L3·A@-76 R1·A@-75 R2·A@-72 R3·A@-68 罐=无罐 泵=0 阀=101111 速=+0,+0,+0.00 电=7.68V/2.93A/峰3.50 补余=0.0 IO错=0 倾+0.0
[  164.152] EVT 相位 L2 descend→press
[  164.389] TLM t=  68.4 L1·A@-75 L2Pr@-- L3·A@-76 R1·A@-75 R2·A@-71 R3·A@-68 罐=无罐 泵=0 阀=101111 速=+0,+0,+0.00 电=7.66V/2.93A/峰3.50 补余=0.0 IO错=0 倾+0.0
[  164.906] TLM t=  68.4 L1·A@-75 L2Pr@-- L3·A@-76 R1·A@-75 R2·A@-71 R3·A@-67 罐=无罐 泵=0 阀=101111 速=+0,+0,+0.00 电=7.66V/2.93A/峰3.50 补余=0.0 IO错=0 倾+0.0
[  165.355] EVT 吸附 L2 released→pressing 在态3.30s 0.3kPa
[  165.355] EVT 相位 L2 press→wait
[  165.411] TLM t=  68.4 L1·A@-75 L2Wp@-- L3·A@-76 R1·A@-75 R2·A@-70 R3·A@-66 罐=无罐 泵=0 阀=101111 速=+0,+0,+0.00 电=7.67V/3.09A/峰3.50 补余=0.0 IO错=0 倾+0.0
[  165.656] EVT 吸附 L2 pressing→sucking 在态0.30s 0.3kPa
[  165.656] EVT 阀 L2 →抽气位
[  165.684] EVT 泵 开 最差盘压-65.4
[  165.934] TLM t=  68.4 L1·A@-75 L2Ws@-60 L3·A@-75 R1·A@-74 R2·A@-70 R3·A@-65 罐=无罐 泵=1 阀=111111 速=+0,+0,+0.00 电=7.66V/2.93A/峰3.50 补余=0.0 IO错=0 倾+0.0
[  165.939] EVT 吸附 L2 sucking→attached 在态0.28s -59.8kPa
[  165.947] EVT 相位 L2 wait→stance
[  165.947] EVT 抬落完成，轮到 R3
[  166.438] TLM t=  68.9 L1·A@-75 L2·A@-74 L3·A@-75 R1·A@-74 R2·A@-74 R3·A@-74 罐=无罐 泵=1 阀=111111 速=+0,+0,+0.00 电=7.62V/2.93A/峰3.50 补余=0.0 IO错=0 倾+0.0
[  166.609] EVT 泵 停 最差盘压-75.3
[  166.961] TLM t=  69.4 L1·A@-76 L2·A@-76 L3·A@-76 R1·A@-76 R2·A@-76 R3·A@-76 罐=无罐 泵=0 阀=111111 速=+0,+0,+0.00 电=7.67V/2.93A/峰3.50 补余=0.0 IO错=0 倾+0.0
[  167.462] TLM t=  69.9 L1·A@-76 L2·A@-76 L3·A@-76 R1·A@-76 R2·A@-76 R3·A@-75 罐=无罐 泵=0 阀=111111 速=+0,+0,+0.00 电=7.65V/2.77A/峰3.50 补余=0.0 IO错=0 倾+0.0
[  167.987] TLM t=  70.4 L1·A@-76 L2·A@-75 L3·A@-76 R1·A@-76 R2·A@-75 R3·A@-75 罐=无罐 泵=0 阀=111111 速=+0,+0,+0.00 电=7.67V/2.85A/峰3.50 补余=0.0 IO错=0 倾+0.0
[  168.195] EVT 原地抬起受理：R3
[  168.195] EVT 键 'i' 倾=+0.0待=+0.0
[  168.196] EVT 相位 R3 stance→handover
[  168.493] TLM t=  72.3 L1·A@-76 L2·A@-75 L3·A@-76 R1·A@-76 R2·A@-75 R3ZA@-74 罐=无罐 泵=0 阀=111111 速=+0,+0,+0.00 电=7.69V/2.60A/峰3.50 补余=0.0 IO错=0 倾+0.0
[  169.014] TLM t=  72.6 L1·A@-76 L2·A@-74 L3·A@-76 R1·A@-76 R2·A@-74 R3ZA@-73 罐=无罐 泵=0 阀=111111 速=+0,+0,+0.00 电=7.72V/2.44A/峰3.50 补余=0.0 IO错=0 倾+0.0
[  169.516] TLM t=  72.6 L1·A@-76 L2·A@-73 L3·A@-76 R1·A@-75 R2·A@-74 R3ZA@-73 罐=无罐 泵=0 阀=111111 速=+0,+0,+0.00 电=7.68V/2.44A/峰3.50 补余=0.0 IO错=0 倾+0.0
[  170.039] TLM t=  72.6 L1·A@-76 L2·A@-73 L3·A@-76 R1·A@-75 R2·A@-73 R3ZA@-72 罐=无罐 泵=0 阀=111111 速=+0,+0,+0.00 电=7.71V/2.52A/峰3.50 补余=0.0 IO错=0 倾+0.0
[  170.539] TLM t=  72.6 L1·A@-75 L2·A@-72 L3·A@-76 R1·A@-75 R2·A@-73 R3ZA@-71 罐=无罐 泵=0 阀=111111 速=+0,+0,+0.00 电=7.69V/2.28A/峰3.50 补余=0.0 IO错=0 倾+0.0
[  170.593] EVT 吸附 R3 attached→venting 在态51.10s -71.1kPa
[  170.594] EVT 相位 R3 handover→vent 落点Δ(+0.0,+0.0)
[  170.606] EVT 阀 R3 →排气位
[  170.892] EVT 相位 R3 vent→lift
[  171.014] EVT 吸附 R3 venting→released 在态0.42s 0.2kPa
[  171.062] TLM t=  72.6 L1·A@-75 L2·A@-72 L3·A@-76 R1·A@-75 R2·A@-73 R3Lr@-- 罐=无罐 泵=0 阀=111110 速=+0,+0,+0.00 电=7.69V/2.60A/峰3.50 补余=0.0 IO错=0 倾+0.0
[  171.581] TLM t=  72.6 L1·A@-75 L2·A@-71 L3·A@-76 R1·A@-75 R2·A@-72 R3Lr@-- 罐=无罐 泵=0 阀=111110 速=+0,+0,+0.00 电=7.69V/2.77A/峰3.50 补余=0.0 IO错=0 倾+0.0
[  171.735] EVT 相位 R3 lift→transfer
[  172.086] TLM t=  72.6 L1·A@-75 L2·A@-71 L3·A@-76 R1·A@-75 R2·A@-72 R3Tr@-- 罐=无罐 泵=0 阀=111110 速=+0,+0,+0.00 电=7.68V/2.60A/峰3.50 补余=0.0 IO错=0 倾+0.0
[  172.352] EVT 相位 R3 transfer→hover
[  172.601] TLM t=  72.6 L1·A@-74 L2·A@-70 L3·A@-76 R1·A@-75 R2·A@-71 R3Hr@-- 罐=无罐 泵=0 阀=111110 速=+0,+0,+0.00 电=7.66V/2.52A/峰3.50 补余=0.0 IO错=0 倾+0.0
[  173.113] TLM t=  72.6 L1·A@-74 L2·A@-70 L3·A@-76 R1·A@-75 R2·A@-71 R3Hr@-- 罐=无罐 泵=0 阀=111110 速=+0,+0,+0.00 电=7.70V/2.44A/峰3.50 补余=0.0 IO错=0 倾+0.0
[  173.461] EVT 落地：R3
[  173.462] EVT 键 'i' 倾=+0.0待=+0.0
[  173.469] EVT 相位 R3 hover→descend
[  173.614] TLM t=  72.6 L1·A@-74 L2·A@-70 L3·A@-76 R1·A@-75 R2·A@-71 R3Dr@-- 罐=无罐 泵=0 阀=111110 速=+0,+0,+0.00 电=7.70V/2.69A/峰3.50 补余=0.0 IO错=0 倾+0.0
[  173.951] EVT 相位 R3 descend→press
[  174.141] TLM t=  72.6 L1·A@-74 L2·A@-69 L3·A@-75 R1·A@-75 R2·A@-70 R3Pr@-- 罐=无罐 泵=0 阀=111110 速=+0,+0,+0.00 电=7.68V/2.52A/峰3.50 补余=0.0 IO错=0 倾+0.0
[  174.642] TLM t=  72.6 L1·A@-74 L2·A@-69 L3·A@-75 R1·A@-75 R2·A@-70 R3Pr@-- 罐=无罐 泵=0 阀=111110 速=+0,+0,+0.00 电=7.65V/2.60A/峰3.50 补余=0.0 IO错=0 倾+0.0
[  175.156] EVT 吸附 R3 released→pressing 在态4.12s 0.2kPa
[  175.161] EVT 相位 R3 press→wait
[  175.168] TLM t=  72.6 L1·A@-73 L2·A@-68 L3·A@-75 R1·A@-75 R2·A@-69 R3Wp@-- 罐=无罐 泵=0 阀=111110 速=+0,+0,+0.00 电=7.69V/2.69A/峰3.50 补余=0.0 IO错=0 倾+0.0
[  175.457] EVT 吸附 R3 pressing→sucking 在态0.30s 0.2kPa
[  175.458] EVT 阀 R3 →抽气位
[  175.478] EVT 泵 开 最差盘压-67.8
[  175.677] TLM t=  72.6 L1·A@-73 L2·A@-68 L3·A@-75 R1·A@-75 R2·A@-69 R3Ws@-54 罐=无罐 泵=1 阀=111111 速=+0,+0,+0.00 电=7.66V/2.36A/峰3.50 补余=0.0 IO错=0 倾+0.0
[  175.731] EVT 吸附 R3 sucking→attached 在态0.28s -58.3kPa
[  175.731] EVT 相位 R3 wait→stance
[  175.731] EVT 抬落完成，轮到 L1
[  176.189] TLM t=  73.0 L1·A@-73 L2·A@-74 L3·A@-75 R1·A@-75 R2·A@-73 R3·A@-73 罐=无罐 泵=1 阀=111111 速=+0,+0,+0.00 电=7.68V/2.44A/峰3.50 补余=0.0 IO错=0 倾+0.0
[  176.443] EVT 泵 停 最差盘压-75.3
[  176.691] TLM t=  73.5 L1·A@-76 L2·A@-77 L3·A@-76 R1·A@-76 R2·A@-76 R3·A@-76 罐=无罐 泵=0 阀=111111 速=+0,+0,+0.00 电=7.68V/2.36A/峰3.50 补余=0.0 IO错=0 倾+0.0
[  177.216] TLM t=  74.1 L1·A@-76 L2·A@-76 L3·A@-76 R1·A@-76 R2·A@-76 R3·A@-76 罐=无罐 泵=0 阀=111111 速=+0,+0,+0.00 电=7.69V/2.44A/峰3.50 补余=0.0 IO错=0 倾+0.0
[  177.582] EVT 原地抬起受理：L1
[  177.582] EVT 键 'i' 倾=+0.0待=+0.0
[  177.590] EVT 相位 L1 stance→handover
[  177.723] TLM t=  76.3 L1ZA@-76 L2·A@-75 L3·A@-76 R1·A@-76 R2·A@-75 R3·A@-75 罐=无罐 泵=0 阀=111111 速=+0,+0,+0.00 电=7.70V/2.44A/峰3.50 补余=0.0 IO错=0 倾+0.0
[  178.241] TLM t=  76.8 L1ZA@-76 L2·A@-75 L3·A@-76 R1·A@-76 R2·A@-75 R3·A@-74 罐=无罐 泵=0 阀=111111 速=+0,+0,+0.00 电=7.73V/1.95A/峰3.50 补余=0.0 IO错=0 倾+0.0
[  178.747] TLM t=  76.8 L1ZA@-76 L2·A@-74 L3·A@-76 R1·A@-76 R2·A@-74 R3·A@-74 罐=无罐 泵=0 阀=111111 速=+0,+0,+0.00 电=7.72V/1.79A/峰3.50 补余=0.0 IO错=0 倾+0.0
[  179.266] TLM t=  76.8 L1ZA@-75 L2·A@-74 L3·A@-76 R1·A@-76 R2·A@-74 R3·A@-73 罐=无罐 泵=0 阀=111111 速=+0,+0,+0.00 电=7.73V/1.79A/峰3.50 补余=0.0 IO错=0 倾+0.0
[  179.785] TLM t=  76.8 L1ZA@-75 L2·A@-73 L3·A@-76 R1·A@-76 R2·A@-74 R3·A@-72 罐=无罐 泵=0 阀=111111 速=+0,+0,+0.00 电=7.72V/1.87A/峰3.50 补余=0.0 IO错=0 倾+0.0
[  179.988] EVT 吸附 L1 attached→venting 在态51.54s -75.1kPa
[  179.989] EVT 相位 L1 handover→vent 落点Δ(+0.0,+0.0)
[  180.017] EVT 阀 L1 →排气位
[  180.290] EVT 相位 L1 vent→lift
[  180.300] TLM t=  76.8 L1Lv@-75 L2·A@-73 L3·A@-76 R1·A@-76 R2·A@-73 R3·A@-71 罐=无罐 泵=0 阀=011111 速=+0,+0,+0.00 电=7.68V/2.36A/峰3.50 补余=0.0 IO错=0 倾+0.0
[  180.397] EVT 吸附 L1 venting→released 在态0.40s 0.1kPa
[  180.808] TLM t=  76.8 L1Lr@-- L2·A@-72 L3·A@-76 R1·A@-75 R2·A@-72 R3·A@-71 罐=无罐 泵=0 阀=011111 速=+0,+0,+0.00 电=7.67V/2.44A/峰3.50 补余=0.0 IO错=0 倾+0.0
[  181.132] EVT 相位 L1 lift→transfer
[  181.321] TLM t=  76.8 L1Tr@-- L2·A@-72 L3·A@-76 R1·A@-75 R2·A@-72 R3·A@-70 罐=无罐 泵=0 阀=011111 速=+0,+0,+0.00 电=7.69V/2.60A/峰3.50 补余=0.0 IO错=0 倾+0.0
[  181.762] EVT 相位 L1 transfer→hover
[  181.834] TLM t=  76.8 L1Hr@-- L2·A@-72 L3·A@-76 R1·A@-75 R2·A@-71 R3·A@-69 罐=无罐 泵=0 阀=011111 速=+0,+0,+0.00 电=7.69V/2.44A/峰3.50 补余=0.0 IO错=0 倾+0.0
[  182.155] EVT 落地：L1
[  182.155] EVT 键 'i' 倾=+0.0待=+0.0
[  182.156] EVT 相位 L1 hover→descend
[  182.345] TLM t=  76.8 L1Dr@-- L2·A@-71 L3·A@-76 R1·A@-75 R2·A@-70 R3·A@-69 罐=无罐 泵=0 阀=011111 速=+0,+0,+0.00 电=7.67V/2.36A/峰3.50 补余=0.0 IO错=0 倾+0.0
[  182.637] EVT 相位 L1 descend→press
[  182.855] TLM t=  76.8 L1Pr@-- L2·A@-71 L3·A@-75 R1·A@-75 R2·A@-70 R3·A@-68 罐=无罐 泵=0 阀=011111 速=+0,+0,+0.00 电=7.68V/2.52A/峰3.50 补余=0.0 IO错=0 倾+0.0
[  183.368] TLM t=  76.8 L1Pr@-- L2·A@-70 L3·A@-75 R1·A@-75 R2·A@-69 R3·A@-67 罐=无罐 泵=0 阀=011111 速=+0,+0,+0.00 电=7.69V/2.52A/峰3.50 补余=0.0 IO错=0 倾+0.0
[  183.839] EVT 吸附 L1 released→pressing 在态3.44s 0.1kPa
[  183.840] EVT 相位 L1 press→wait
[  183.876] TLM t=  76.8 L1Wp@-- L2·A@-70 L3·A@-75 R1·A@-75 R2·A@-69 R3·A@-67 罐=无罐 泵=0 阀=011111 速=+0,+0,+0.00 电=7.68V/2.44A/峰3.50 补余=0.0 IO错=0 倾+0.0
[  184.140] EVT 吸附 L1 pressing→sucking 在态0.30s 0.1kPa
[  184.141] EVT 阀 L1 →抽气位
[  184.169] EVT 泵 开 最差盘压-66.6
[  184.379] TLM t=  76.8 L1Ws@-50 L2·A@-69 L3·A@-75 R1·A@-75 R2·A@-68 R3·A@-66 罐=无罐 泵=1 阀=111111 速=+0,+0,+0.00 电=7.60V/2.36A/峰3.50 补余=0.0 IO错=0 倾+0.0
[  184.486] EVT 吸附 L1 sucking→attached 在态0.34s -60.8kPa
[  184.495] EVT 相位 L1 wait→stance
[  184.495] EVT 抬落完成，轮到 R2
[  184.904] TLM t=  77.2 L1·A@-73 L2·A@-73 L3·A@-75 R1·A@-75 R2·A@-73 R3·A@-73 罐=无罐 泵=1 阀=111111 速=+0,+0,+0.00 电=7.64V/2.60A/峰3.50 补余=0.0 IO错=0 倾+0.0
[  185.197] EVT 泵 停 最差盘压-75.5
[  185.405] TLM t=  77.7 L1·A@-77 L2·A@-77 L3·A@-77 R1·A@-76 R2·A@-76 R3·A@-77 罐=无罐 泵=0 阀=111111 速=+0,+0,+0.00 电=7.67V/2.52A/峰3.50 补余=0.0 IO错=0 倾+0.0
[  185.930] TLM t=  78.2 L1·A@-76 L2·A@-76 L3·A@-76 R1·A@-76 R2·A@-76 R3·A@-76 罐=无罐 泵=0 阀=111111 速=+0,+0,+0.00 电=7.71V/2.52A/峰3.50 补余=0.0 IO错=0 倾+0.0
[  186.431] TLM t=  78.7 L1·A@-76 L2·A@-76 L3·A@-76 R1·A@-76 R2·A@-75 R3·A@-75 罐=无罐 泵=0 阀=111111 速=+0,+0,+0.00 电=7.69V/2.52A/峰3.50 补余=0.0 IO错=0 倾+0.0
[  186.656] EVT 原地抬起受理：R2
[  186.656] EVT 键 'i' 倾=+0.0待=+0.0
[  186.665] EVT 相位 R2 stance→handover
[  186.952] TLM t=  80.7 L1·A@-76 L2·A@-75 L3·A@-76 R1·A@-76 R2ZA@-74 R3·A@-75 罐=无罐 泵=0 阀=111111 速=+0,+0,+0.00 电=7.68V/2.36A/峰3.50 补余=0.0 IO错=0 倾+0.0
[  187.454] TLM t=  81.0 L1·A@-76 L2·A@-75 L3·A@-76 R1·A@-76 R2ZA@-74 R3·A@-74 罐=无罐 泵=0 阀=111111 速=+0,+0,+0.00 电=7.71V/2.52A/峰3.50 补余=0.0 IO错=0 倾+0.0
[  187.982] TLM t=  81.0 L1·A@-76 L2·A@-74 L3·A@-76 R1·A@-76 R2ZA@-73 R3·A@-73 罐=无罐 泵=0 阀=111111 速=+0,+0,+0.00 电=7.68V/2.77A/峰3.50 补余=0.0 IO错=0 倾+0.0
[  188.479] TLM t=  81.0 L1·A@-75 L2·A@-74 L3·A@-76 R1·A@-76 R2ZA@-72 R3·A@-73 罐=无罐 泵=0 阀=111111 速=+0,+0,+0.00 电=7.66V/3.01A/峰3.50 补余=0.0 IO错=0 倾+0.0
[  189.002] TLM t=  81.0 L1·A@-75 L2·A@-73 L3·A@-76 R1·A@-76 R2ZA@-72 R3·A@-72 罐=无罐 泵=0 阀=111111 速=+0,+0,+0.00 电=7.65V/2.93A/峰3.50 补余=0.0 IO错=0 倾+0.0
[  189.054] EVT 吸附 R2 attached→venting 在态50.76s -71.9kPa
[  189.054] EVT 相位 R2 handover→vent 落点Δ(+0.0,+0.0)
[  189.074] EVT 阀 R2 →排气位
[  189.353] EVT 相位 R2 vent→lift
[  189.450] EVT 吸附 R2 venting→released 在态0.40s -0.0kPa
[  189.504] TLM t=  81.0 L1·A@-75 L2·A@-73 L3·A@-76 R1·A@-76 R2Lr@-- R3·A@-71 罐=无罐 泵=0 阀=111101 速=+0,+0,+0.00 电=7.66V/3.26A/峰3.50 补余=0.0 IO错=0 倾+0.0
[  190.030] TLM t=  81.0 L1·A@-75 L2·A@-72 L3·A@-76 R1·A@-75 R2Lr@-- R3·A@-71 罐=无罐 泵=0 阀=111101 速=+0,+0,+0.00 电=7.65V/3.34A/峰3.50 补余=0.0 IO错=0 倾+0.0
[  190.199] EVT 相位 R2 lift→transfer
[  190.533] TLM t=  81.0 L1·A@-75 L2·A@-72 L3·A@-76 R1·A@-75 R2Tr@-- R3·A@-70 罐=无罐 泵=0 阀=111101 速=+0,+0,+0.00 电=7.61V/2.93A/峰3.50 补余=0.0 IO错=0 倾+0.0
[  190.827] EVT 相位 R2 transfer→hover
[  191.055] TLM t=  81.0 L1·A@-74 L2·A@-71 L3·A@-76 R1·A@-75 R2Hr@-- R3·A@-70 罐=无罐 泵=0 阀=111101 速=+0,+0,+0.00 电=7.66V/3.09A/峰3.50 补余=0.0 IO错=0 倾+0.0
[  191.421] EVT 落地：R2
[  191.421] EVT 键 'i' 倾=+0.0待=+0.0
[  191.429] EVT 相位 R2 hover→descend
[  191.561] TLM t=  81.0 L1·A@-74 L2·A@-71 L3·A@-76 R1·A@-75 R2Dr@-- R3·A@-69 罐=无罐 泵=0 阀=111101 速=+0,+0,+0.00 电=7.65V/3.17A/峰3.50 补余=0.0 IO错=0 倾+0.0
[  191.915] EVT 相位 R2 descend→press
[  192.084] TLM t=  81.0 L1·A@-74 L2·A@-70 L3·A@-76 R1·A@-75 R2Pr@-- R3·A@-68 罐=无罐 泵=0 阀=111101 速=+0,+0,+0.00 电=7.66V/3.09A/峰3.50 补余=0.0 IO错=0 倾+0.0
[  192.588] TLM t=  81.0 L1·A@-74 L2·A@-70 L3·A@-76 R1·A@-75 R2Pr@-- R3·A@-68 罐=无罐 泵=0 阀=111101 速=+0,+0,+0.00 电=7.63V/3.17A/峰3.50 补余=0.0 IO错=0 倾+0.0
[  193.109] TLM t=  81.0 L1·A@-74 L2·A@-69 L3·A@-75 R1·A@-75 R2Pr@-- R3·A@-67 罐=无罐 泵=0 阀=111101 速=+0,+0,+0.00 电=7.65V/3.17A/峰3.50 补余=0.0 IO错=0 倾+0.0
[  193.122] EVT 吸附 R2 released→pressing 在态3.64s -0.0kPa
[  193.122] EVT 相位 R2 press→wait
[  193.423] EVT 吸附 R2 pressing→sucking 在态0.30s -0.0kPa
[  193.423] EVT 阀 R2 →抽气位
[  193.438] EVT 泵 开 最差盘压-66.6
[  193.612] TLM t=  81.0 L1·A@-74 L2·A@-69 L3·A@-75 R1·A@-75 R2Ws@-52 R3·A@-66 罐=无罐 泵=1 阀=111111 速=+0,+0,+0.00 电=7.59V/3.09A/峰3.50 补余=0.0 IO错=0 倾+0.0
[  193.703] EVT 吸附 R2 sucking→attached 在态0.28s -58.6kPa
[  193.703] EVT 相位 R2 wait→stance
[  193.703] EVT 抬落完成，轮到 L3
[  194.132] TLM t=  81.4 L1·A@-74 L2·A@-72 L3·A@-75 R1·A@-75 R2·A@-72 R3·A@-72 罐=无罐 泵=1 阀=111111 速=+0,+0,+0.00 电=7.62V/3.34A/峰3.50 补余=0.0 IO错=0 倾+0.0
[  194.425] EVT 泵 停 最差盘压-75.4
[  194.638] TLM t=  81.9 L1·A@-77 L2·A@-77 L3·A@-77 R1·A@-76 R2·A@-76 R3·A@-76 罐=无罐 泵=0 阀=111111 速=+0,+0,+0.00 电=7.66V/3.01A/峰3.50 补余=0.0 IO错=0 倾+0.0
[  195.140] TLM t=  82.4 L1·A@-76 L2·A@-76 L3·A@-76 R1·A@-76 R2·A@-76 R3·A@-76 罐=无罐 泵=0 阀=111111 速=+0,+0,+0.00 电=7.67V/2.93A/峰3.50 补余=0.0 IO错=0 倾+0.0
[  195.639] TLM t=  82.9 L1·A@-76 L2·A@-76 L3·A@-76 R1·A@-76 R2·A@-75 R3·A@-75 罐=无罐 泵=0 阀=111111 速=+0,+0,+0.00 电=7.67V/3.09A/峰3.50 补余=0.0 IO错=0 倾+0.0
[  195.967] EVT 原地抬起受理：L3
[  195.967] EVT 键 'i' 倾=+0.0待=+0.0
[  195.970] EVT 相位 L3 stance→handover
[  196.142] TLM t=  84.8 L1·A@-76 L2·A@-75 L3ZA@-76 R1·A@-76 R2·A@-75 R3·A@-75 罐=无罐 泵=0 阀=111111 速=+0,+0,+0.00 电=7.65V/2.93A/峰3.50 补余=0.0 IO错=0 倾+0.0
[  196.665] TLM t=  85.2 L1·A@-76 L2·A@-75 L3ZA@-76 R1·A@-76 R2·A@-74 R3·A@-74 罐=无罐 泵=0 阀=111111 速=+0,+0,+0.00 电=7.66V/2.60A/峰3.50 补余=0.0 IO错=0 倾+0.0
[  197.168] TLM t=  85.2 L1·A@-76 L2·A@-74 L3ZA@-76 R1·A@-76 R2·A@-74 R3·A@-73 罐=无罐 泵=0 阀=111111 速=+0,+0,+0.00 电=7.67V/2.60A/峰3.50 补余=0.0 IO错=0 倾+0.0
[  197.686] TLM t=  85.2 L1·A@-76 L2·A@-74 L3ZA@-76 R1·A@-76 R2·A@-74 R3·A@-73 罐=无罐 泵=0 阀=111111 速=+0,+0,+0.00 电=7.68V/2.52A/峰3.50 补余=0.0 IO错=0 倾+0.0
[  198.196] TLM t=  85.2 L1·A@-76 L2·A@-73 L3ZA@-76 R1·A@-75 R2·A@-73 R3·A@-72 罐=无罐 泵=0 阀=111111 速=+0,+0,+0.00 电=7.67V/2.85A/峰3.50 补余=0.0 IO错=0 倾+0.0
[  198.365] EVT 吸附 L3 attached→venting 在态49.96s -76.0kPa
[  198.365] EVT 相位 L3 handover→vent 落点Δ(+0.0,+0.0)
[  198.380] EVT 阀 L3 →排气位
[  198.663] EVT 相位 L3 vent→lift
[  198.713] TLM t=  85.2 L1·A@-75 L2·A@-73 L3Lv@-76 R1·A@-75 R2·A@-73 R3·A@-71 罐=无罐 泵=0 阀=110111 速=+0,+0,+0.00 电=7.66V/2.85A/峰3.50 补余=0.0 IO错=0 倾+0.0
[  198.766] EVT 吸附 L3 venting→released 在态0.40s 0.1kPa
[  199.219] TLM t=  85.2 L1·A@-75 L2·A@-72 L3Lr@-- R1·A@-75 R2·A@-72 R3·A@-71 罐=无罐 泵=0 阀=110111 速=+0,+0,+0.00 电=7.68V/2.60A/峰3.50 补余=0.0 IO错=0 倾+0.0
[  199.506] EVT 相位 L3 lift→transfer
[  199.737] TLM t=  85.2 L1·A@-75 L2·A@-72 L3Tr@-- R1·A@-75 R2·A@-72 R3·A@-70 罐=无罐 泵=0 阀=110111 速=+0,+0,+0.00 电=7.64V/2.93A/峰3.50 补余=0.0 IO错=0 倾+0.0
[  200.128] EVT 相位 L3 transfer→hover
[  200.239] TLM t=  85.2 L1·A@-75 L2·A@-71 L3Hr@-- R1·A@-75 R2·A@-72 R3·A@-69 罐=无罐 泵=0 阀=110111 速=+0,+0,+0.00 电=7.67V/2.52A/峰3.50 补余=0.0 IO错=0 倾+0.0
[  200.760] TLM t=  85.2 L1·A@-75 L2·A@-71 L3Hr@-- R1·A@-75 R2·A@-71 R3·A@-69 罐=无罐 泵=0 阀=110111 速=+0,+0,+0.00 电=7.68V/2.52A/峰3.50 补余=0.0 IO错=0 倾+0.0
[  201.263] TLM t=  85.2 L1·A@-75 L2·A@-70 L3Hr@-- R1·A@-75 R2·A@-71 R3·A@-68 罐=无罐 泵=0 阀=110111 速=+0,+0,+0.00 电=7.68V/2.60A/峰3.50 补余=0.0 IO错=0 倾+0.0
[  201.268] EVT 落地：L3
[  201.268] EVT 键 'i' 倾=+0.0待=+0.0
[  201.272] EVT 相位 L3 hover→descend
[  201.753] EVT 相位 L3 descend→press
[  201.786] TLM t=  85.2 L1·A@-75 L2·A@-70 L3Pr@-- R1·A@-75 R2·A@-70 R3·A@-68 罐=无罐 泵=0 阀=110111 速=+0,+0,+0.00 电=7.67V/2.60A/峰3.50 补余=0.0 IO错=0 倾+0.0
[  202.287] TLM t=  85.2 L1·A@-75 L2·A@-69 L3Pr@-- R1·A@-75 R2·A@-70 R3·A@-67 罐=无罐 泵=0 阀=110111 速=+0,+0,+0.00 电=7.67V/2.60A/峰3.50 补余=0.0 IO错=0 倾+0.0
[  202.808] TLM t=  85.2 L1·A@-75 L2·A@-69 L3Pr@-- R1·A@-75 R2·A@-70 R3·A@-66 罐=无罐 泵=0 阀=110111 速=+0,+0,+0.00 电=7.65V/2.44A/峰3.50 补余=0.0 IO错=0 倾+0.0
[  202.957] EVT 吸附 L3 released→pressing 在态4.18s 0.1kPa
[  202.957] EVT 相位 L3 press→wait
[  203.257] EVT 吸附 L3 pressing→sucking 在态0.30s 0.1kPa
[  203.258] EVT 阀 L3 →抽气位
[  203.283] EVT 泵 开 最差盘压-65.7
[  203.309] TLM t=  85.2 L1·A@-74 L2·A@-68 L3Ws@-7 R1·A@-74 R2·A@-69 R3·A@-66 罐=无罐 泵=1 阀=111111 速=+0,+0,+0.00 电=7.58V/2.60A/峰3.50 补余=0.0 IO错=0 倾+0.0
[  203.538] EVT 吸附 L3 sucking→attached 在态0.28s -51.8kPa
[  203.542] EVT 相位 L3 wait→stance
[  203.542] EVT 抬落完成，轮到 R1
[  203.836] TLM t=  85.5 L1·A@-74 L2·A@-68 L3·A@-68 R1·A@-74 R2·A@-69 R3·A@-66 罐=无罐 泵=1 阀=111111 速=+0,+0,+0.00 电=7.64V/2.52A/峰3.50 补余=0.0 IO错=0 倾+0.0
[  204.336] TLM t=  86.0 L1·A@-75 L2·A@-76 L3·A@-75 R1·A@-74 R2·A@-75 R3·A@-76 罐=无罐 泵=1 阀=111111 速=+0,+0,+0.00 电=7.64V/2.60A/峰3.50 补余=0.0 IO错=0 倾+0.0
[  204.430] EVT 泵 停 最差盘压-75.4
[  204.858] TLM t=  86.5 L1·A@-76 L2·A@-76 L3·A@-76 R1·A@-76 R2·A@-76 R3·A@-76 罐=无罐 泵=0 阀=111111 速=+0,+0,+0.00 电=7.67V/2.44A/峰3.50 补余=0.0 IO错=0 倾+0.0
[  205.184] EVT 原地抬起受理：R1
[  205.184] EVT 键 'i' 倾=+0.0待=+0.0
[  205.187] EVT 相位 R1 stance→handover
[  205.376] TLM t=  89.0 L1·A@-76 L2·A@-76 L3·A@-76 R1ZA@-76 R2·A@-76 R3·A@-76 罐=无罐 泵=0 阀=111111 速=+0,+0,+0.00 电=7.69V/2.44A/峰3.50 补余=0.0 IO错=0 倾+0.0
[  205.882] TLM t=  89.4 L1·A@-76 L2·A@-75 L3·A@-76 R1ZA@-76 R2·A@-75 R3·A@-75 罐=无罐 泵=0 阀=111111 速=+0,+0,+0.00 电=7.70V/2.04A/峰3.50 补余=0.0 IO错=0 倾+0.0
[  206.393] TLM t=  89.4 L1·A@-76 L2·A@-75 L3·A@-76 R1ZA@-75 R2·A@-75 R3·A@-74 罐=无罐 泵=0 阀=111111 速=+0,+0,+0.00 电=7.71V/1.87A/峰3.50 补余=0.0 IO错=0 倾+0.0
[  206.896] TLM t=  89.4 L1·A@-76 L2·A@-74 L3·A@-76 R1ZA@-75 R2·A@-74 R3·A@-74 罐=无罐 泵=0 阀=111111 速=+0,+0,+0.00 电=7.70V/1.95A/峰3.50 补余=0.0 IO错=0 倾+0.0
[  207.423] TLM t=  89.4 L1·A@-76 L2·A@-74 L3·A@-76 R1ZA@-75 R2·A@-74 R3·A@-73 罐=无罐 泵=0 阀=111111 速=+0,+0,+0.00 电=7.71V/2.20A/峰3.50 补余=0.0 IO错=0 倾+0.0
[  207.591] EVT 吸附 R1 attached→venting 在态49.98s -75.3kPa
[  207.592] EVT 相位 R1 handover→vent 落点Δ(+0.0,+0.0)
[  207.610] EVT 阀 R1 →排气位
[  207.893] EVT 相位 R1 vent→lift
[  207.934] TLM t=  89.4 L1·A@-76 L2·A@-73 L3·A@-76 R1Lv@-75 R2·A@-74 R3·A@-73 罐=无罐 泵=0 阀=111011 速=+0,+0,+0.00 电=7.68V/2.20A/峰3.50 补余=0.0 IO错=0 倾+0.0
[  207.987] EVT 吸附 R1 venting→released 在态0.40s -0.1kPa
[  208.442] TLM t=  89.4 L1·A@-76 L2·A@-73 L3·A@-75 R1Lr@-- R2·A@-73 R3·A@-72 罐=无罐 泵=0 阀=111011 速=+0,+0,+0.00 电=7.68V/2.36A/峰3.50 补余=0.0 IO错=0 倾+0.0
[  208.735] EVT 相位 R1 lift→transfer
[  208.957] TLM t=  89.4 L1·A@-75 L2·A@-72 L3·A@-75 R1Tr@-- R2·A@-73 R3·A@-71 罐=无罐 泵=0 阀=111011 速=+0,+0,+0.00 电=7.67V/2.28A/峰3.50 补余=0.0 IO错=0 倾+0.0
[  209.354] EVT 相位 R1 transfer→hover
[  209.465] TLM t=  89.4 L1·A@-75 L2·A@-72 L3·A@-75 R1Hr@-- R2·A@-72 R3·A@-70 罐=无罐 泵=0 阀=111011 速=+0,+0,+0.00 电=7.69V/2.36A/峰3.50 补余=0.0 IO错=0 倾+0.0
[  209.981] TLM t=  89.4 L1·A@-75 L2·A@-71 L3·A@-75 R1Hr@-- R2·A@-72 R3·A@-70 罐=无罐 泵=0 阀=111011 速=+0,+0,+0.00 电=7.69V/2.28A/峰3.50 补余=0.0 IO错=0 倾+0.0
[  210.488] TLM t=  89.4 L1·A@-75 L2·A@-71 L3·A@-75 R1Hr@-- R2·A@-72 R3·A@-69 罐=无罐 泵=0 阀=111011 速=+0,+0,+0.00 电=7.70V/2.20A/峰3.50 补余=0.0 IO错=0 倾+0.0
[  210.953] EVT 落地：R1
[  210.954] EVT 键 'i' 倾=+0.0待=+0.0
[  210.962] EVT 相位 R1 hover→descend
[  211.002] TLM t=  89.4 L1·A@-75 L2·A@-70 L3·A@-75 R1Dr@-- R2·A@-71 R3·A@-68 罐=无罐 泵=0 阀=111011 速=+0,+0,+0.00 电=7.67V/2.28A/峰3.50 补余=0.0 IO错=0 倾+0.0
[  211.443] EVT 相位 R1 descend→press
[  211.511] TLM t=  89.4 L1·A@-75 L2·A@-70 L3·A@-75 R1Pr@-- R2·A@-71 R3·A@-68 罐=无罐 泵=0 阀=111011 速=+0,+0,+0.00 电=7.68V/2.28A/峰3.50 补余=0.0 IO错=0 倾+0.0
[  212.028] TLM t=  89.4 L1·A@-75 L2·A@-70 L3·A@-75 R1Pr@-- R2·A@-70 R3·A@-67 罐=无罐 泵=0 阀=111011 速=+0,+0,+0.00 电=7.67V/2.28A/峰3.50 补余=0.0 IO错=0 倾+0.0
[  212.534] TLM t=  89.4 L1·A@-75 L2·A@-69 L3·A@-75 R1Pr@-- R2·A@-70 R3·A@-66 罐=无罐 泵=0 阀=111011 速=+0,+0,+0.00 电=7.68V/2.36A/峰3.50 补余=0.0 IO错=0 倾+0.0
[  212.646] EVT 吸附 R1 released→pressing 在态4.64s -0.1kPa
[  212.646] EVT 相位 R1 press→wait
[  212.947] EVT 吸附 R1 pressing→sucking 在态0.30s -0.1kPa
[  212.947] EVT 阀 R1 →抽气位
[  212.967] EVT 泵 开 最差盘压-65.5
[  213.038] TLM t=  89.4 L1·A@-75 L2·A@-69 L3·A@-75 R1Ws@-15 R2·A@-70 R3·A@-65 罐=无罐 泵=1 阀=111111 速=+0,+0,+0.00 电=7.67V/2.28A/峰3.50 补余=0.0 IO错=0 倾+0.0
[  213.284] EVT 吸附 R1 sucking→attached 在态0.34s -61.3kPa
[  213.284] EVT 相位 R1 wait→stance
[  213.284] EVT 抬落完成，轮到 L2
[  213.562] TLM t=  89.7 L1·A@-74 L2·A@-71 L3·A@-75 R1·A@-69 R2·A@-71 R3·A@-71 罐=无罐 泵=1 阀=111111 速=+0,+0,+0.00 电=7.68V/2.20A/峰3.50 补余=0.0 IO错=0 倾+0.0
[  213.934] EVT 泵 停 最差盘压-75.2
[  214.063] TLM t=  90.2 L1·A@-76 L2·A@-76 L3·A@-76 R1·A@-76 R2·A@-76 R3·A@-76 罐=无罐 泵=0 阀=111111 速=+0,+0,+0.00 电=7.69V/2.20A/峰3.50 补余=0.0 IO错=0 倾+0.0
[  214.589] TLM t=  90.7 L1·A@-76 L2·A@-76 L3·A@-76 R1·A@-75 R2·A@-76 R3·A@-75 罐=无罐 泵=0 阀=111111 速=+0,+0,+0.00 电=7.69V/2.28A/峰3.50 补余=0.0 IO错=0 倾+0.0
[  215.087] TLM t=  91.2 L1·A@-76 L2·A@-75 L3·A@-76 R1·A@-75 R2·A@-75 R3·A@-75 罐=无罐 泵=0 阀=111111 速=+0,+0,+0.00 电=7.68V/2.20A/峰3.50 补余=0.0 IO错=0 倾+0.0
[  215.273] EVT 原地抬起受理：L2
[  215.273] EVT 键 'i' 倾=+0.0待=+0.0
[  215.273] EVT 相位 L2 stance→handover
[  215.608] TLM t=  93.3 L1·A@-76 L2ZA@-75 L3·A@-76 R1·A@-75 R2·A@-75 R3·A@-74 罐=无罐 泵=0 阀=111111 速=+0,+0,+0.00 电=7.68V/2.36A/峰3.50 补余=0.0 IO错=0 倾+0.0
[  216.113] TLM t=  93.6 L1·A@-76 L2ZA@-74 L3·A@-76 R1·A@-75 R2·A@-74 R3·A@-73 罐=无罐 泵=0 阀=111111 速=+0,+0,+0.00 电=7.68V/2.36A/峰3.50 补余=0.0 IO错=0 倾+0.0
[  216.638] TLM t=  93.6 L1·A@-76 L2ZA@-74 L3·A@-76 R1·A@-75 R2·A@-74 R3·A@-73 罐=无罐 泵=0 阀=111111 速=+0,+0,+0.00 电=7.67V/2.60A/峰3.50 补余=0.0 IO错=0 倾+0.0
[  217.140] TLM t=  93.6 L1·A@-75 L2ZA@-73 L3·A@-76 R1·A@-75 R2·A@-74 R3·A@-72 罐=无罐 泵=0 阀=111111 速=+0,+0,+0.00 电=7.69V/2.60A/峰3.50 补余=0.0 IO错=0 倾+0.0
[  217.665] TLM t=  93.6 L1·A@-75 L2ZA@-73 L3·A@-76 R1·A@-75 R2·A@-73 R3·A@-71 罐=无罐 泵=0 阀=111111 速=+0,+0,+0.00 电=7.66V/2.77A/峰3.50 补余=0.0 IO错=0 倾+0.0
[  217.674] EVT 吸附 L2 attached→venting 在态51.46s -72.7kPa
[  217.675] EVT 相位 L2 handover→vent 落点Δ(+0.0,+0.0)
[  217.687] EVT 阀 L2 →排气位
[  217.975] EVT 相位 L2 vent→lift
[  218.075] EVT 吸附 L2 venting→released 在态0.40s 0.3kPa
[  218.166] TLM t=  93.6 L1·A@-75 L2Lr@-- L3·A@-76 R1·A@-75 R2·A@-73 R3·A@-70 罐=无罐 泵=0 阀=101111 速=+0,+0,+0.00 电=7.64V/2.85A/峰3.50 补余=0.0 IO错=0 倾+0.0
[  218.687] TLM t=  93.6 L1·A@-75 L2Lr@-- L3·A@-76 R1·A@-75 R2·A@-72 R3·A@-70 罐=无罐 泵=0 阀=101111 速=+0,+0,+0.00 电=7.63V/3.01A/峰3.50 补余=0.0 IO错=0 倾+0.0
[  218.821] EVT 相位 L2 lift→transfer
[  219.191] TLM t=  93.6 L1·A@-75 L2Tr@-- L3·A@-76 R1·A@-75 R2·A@-72 R3·A@-69 罐=无罐 泵=0 阀=101111 速=+0,+0,+0.00 电=7.65V/3.01A/峰3.50 补余=0.0 IO错=0 倾+0.0
[  219.437] EVT 相位 L2 transfer→hover
[  219.711] TLM t=  93.6 L1·A@-75 L2Hr@-- L3·A@-75 R1·A@-74 R2·A@-72 R3·A@-68 罐=无罐 泵=0 阀=101111 速=+0,+0,+0.00 电=7.66V/2.93A/峰3.50 补余=0.0 IO错=0 倾+0.0
[  220.221] TLM t=  93.6 L1·A@-75 L2Hr@-- L3·A@-75 R1·A@-74 R2·A@-71 R3·A@-67 罐=无罐 泵=0 阀=101111 速=+0,+0,+0.00 电=7.66V/2.93A/峰3.50 补余=0.0 IO错=0 倾+0.0
[  220.718] TLM t=  93.6 L1·A@-75 L2Hr@-- L3·A@-75 R1·A@-74 R2·A@-71 R3·A@-67 罐=无罐 泵=0 阀=101111 速=+0,+0,+0.00 电=7.65V/2.93A/峰3.50 补余=0.0 IO错=0 倾+0.0
[  221.227] TLM t=  93.6 L1·A@-75 L2Hr@-- L3·A@-75 R1·A@-74 R2·A@-71 R3·A@-66 罐=无罐 泵=0 阀=101111 速=+0,+0,+0.00 电=7.64V/2.93A/峰3.50 补余=0.0 IO错=0 倾+0.0
[  221.726] TLM t=  93.6 L1·A@-74 L2Hr@-- L3·A@-75 R1·A@-74 R2·A@-70 R3·A@-65 罐=无罐 泵=0 阀=101111 速=+0,+0,+0.00 电=7.65V/2.85A/峰3.50 补余=0.0 IO错=0 倾+0.0
[  221.813] EVT 落地：L2
[  221.813] EVT 键 'i' 倾=+0.0待=+0.0
[  221.822] EVT 相位 L2 hover→descend
[  222.253] TLM t=  93.6 L1·A@-74 L2Dr@-- L3·A@-75 R1·A@-74 R2·A@-70 R3·A@-64 罐=无罐 泵=0 阀=101111 速=+0,+0,+0.00 电=7.66V/3.09A/峰3.50 补余=0.0 IO错=0 倾+0.0
[  222.309] EVT 相位 L2 descend→press
[  222.754] TLM t=  93.6 L1·A@-74 L2Pr@-- L3·A@-75 R1·A@-74 R2·A@-69 R3·A@-63 罐=无罐 泵=0 阀=101111 速=+0,+0,+0.00 电=7.66V/3.17A/峰3.50 补余=0.0 IO错=0 倾+0.0
[  223.279] TLM t=  93.6 L1·A@-74 L2Pr@-- L3·A@-75 R1·A@-74 R2·A@-69 R3·A@-63 罐=无罐 泵=0 阀=101111 速=+0,+0,+0.00 电=7.63V/3.01A/峰3.50 补余=0.0 IO错=0 倾+0.0
[  223.512] EVT 吸附 L2 released→pressing 在态5.40s 0.3kPa
[  223.513] EVT 相位 L2 press→wait
[  223.782] TLM t=  93.6 L1·A@-74 L2Wp@-- L3·A@-75 R1·A@-74 R2·A@-69 R3·A@-62 罐=无罐 泵=0 阀=101111 速=+0,+0,+0.00 电=7.64V/3.09A/峰3.50 补余=0.0 IO错=0 倾+0.0
[  223.813] EVT 吸附 L2 pressing→sucking 在态0.30s 0.3kPa
[  223.814] EVT 阀 L2 →抽气位
[  223.834] EVT 泵 开 最差盘压-61.8
[  224.086] EVT 吸附 L2 sucking→attached 在态0.28s -57.0kPa
[  224.087] EVT 相位 L2 wait→stance
[  224.087] EVT 抬落完成，轮到 R3
[  224.305] TLM t=  93.8 L1·A@-74 L2·A@-66 L3·A@-75 R1·A@-74 R2·A@-68 R3·A@-67 罐=无罐 泵=1 阀=111111 速=+0,+0,+0.00 电=7.62V/2.77A/峰3.50 补余=0.0 IO错=0 倾+0.0
[  224.810] TLM t=  94.3 L1·A@-75 L2·A@-76 L3·A@-76 R1·A@-75 R2·A@-76 R3·A@-76 罐=无罐 泵=1 阀=111111 速=+0,+0,+0.00 电=7.65V/2.85A/峰3.50 补余=0.0 IO错=0 倾+0.0
[  224.860] EVT 泵 停 最差盘压-75.4
[  225.329] TLM t=  94.8 L1·A@-76 L2·A@-76 L3·A@-76 R1·A@-76 R2·A@-76 R3·A@-76 罐=无罐 泵=0 阀=111111 速=+0,+0,+0.00 电=7.67V/2.77A/峰3.50 补余=0.0 IO错=0 倾+0.0
[  225.831] TLM t=  95.3 L1·A@-76 L2·A@-76 L3·A@-76 R1·A@-76 R2·A@-76 R3·A@-75 罐=无罐 泵=0 阀=111111 速=+0,+0,+0.00 电=7.64V/2.93A/峰3.50 补余=0.0 IO错=0 倾+0.0
[  226.353] TLM t=  95.8 L1·A@-76 L2·A@-75 L3·A@-76 R1·A@-76 R2·A@-75 R3·A@-74 罐=无罐 泵=0 阀=111111 速=+0,+0,+0.00 电=7.65V/3.01A/峰3.50 补余=0.0 IO错=0 倾+0.0
[  226.859] TLM t=  96.3 L1·A@-76 L2·A@-74 L3·A@-76 R1·A@-76 R2·A@-75 R3·A@-74 罐=无罐 泵=0 阀=111111 速=+0,+0,+0.00 电=7.65V/3.01A/峰3.50 补余=0.0 IO错=0 倾+0.0
[  227.379] TLM t=  96.9 L1·A@-76 L2·A@-74 L3·A@-76 R1·A@-76 R2·A@-74 R3·A@-73 罐=无罐 泵=0 阀=111111 速=+0,+0,+0.00 电=7.66V/2.93A/峰3.50 补余=0.0 IO错=0 倾+0.0
[  227.882] TLM t=  97.4 L1·A@-76 L2·A@-73 L3·A@-76 R1·A@-76 R2·A@-74 R3·A@-72 罐=无罐 泵=0 阀=111111 速=+0,+0,+0.00 电=7.67V/2.85A/峰3.50 补余=0.0 IO错=0 倾+0.0
[  228.408] TLM t=  97.9 L1·A@-76 L2·A@-73 L3·A@-76 R1·A@-76 R2·A@-74 R3·A@-71 罐=无罐 泵=0 阀=111111 速=+0,+0,+0.00 电=7.65V/3.01A/峰3.50 补余=0.0 IO错=0 倾+0.0
[  228.910] TLM t=  98.4 L1·A@-75 L2·A@-72 L3·A@-76 R1·A@-75 R2·A@-73 R3·A@-71 罐=无罐 泵=0 阀=111111 速=+0,+0,+0.00 电=7.66V/2.85A/峰3.50 补余=0.0 IO错=0 倾+0.0
[  229.433] TLM t=  98.9 L1·A@-75 L2·A@-72 L3·A@-76 R1·A@-75 R2·A@-73 R3·A@-70 罐=无罐 泵=0 阀=111111 速=+0,+0,+0.00 电=7.66V/2.93A/峰3.50 补余=0.0 IO错=0 倾+0.0
[  229.934] TLM t=  99.4 L1·A@-75 L2·A@-71 L3·A@-76 R1·A@-75 R2·A@-72 R3·A@-69 罐=无罐 泵=0 阀=111111 速=+0,+0,+0.00 电=7.65V/2.93A/峰3.50 补余=0.0 IO错=0 倾+0.0
[  230.456] TLM t=  99.9 L1·A@-75 L2·A@-71 L3·A@-76 R1·A@-75 R2·A@-72 R3·A@-68 罐=无罐 泵=0 阀=111111 速=+0,+0,+0.00 电=7.66V/2.93A/峰3.50 补余=0.0 IO错=0 倾+0.0
[  230.961] TLM t= 100.4 L1·A@-75 L2·A@-70 L3·A@-76 R1·A@-75 R2·A@-72 R3·A@-68 罐=无罐 泵=0 阀=111111 速=+0,+0,+0.00 电=7.65V/2.93A/峰3.50 补余=0.0 IO错=0 倾+0.0
[  231.480] TLM t= 100.9 L1·A@-75 L2·A@-70 L3·A@-76 R1·A@-75 R2·A@-71 R3·A@-67 罐=无罐 泵=0 阀=111111 速=+0,+0,+0.00 电=7.65V/2.85A/峰3.50 补余=0.0 IO错=0 倾+0.0
[  231.985] TLM t= 101.4 L1·A@-75 L2·A@-69 L3·A@-76 R1·A@-75 R2·A@-71 R3·A@-66 罐=无罐 泵=0 阀=111111 速=+0,+0,+0.00 电=7.65V/2.85A/峰3.50 补余=0.0 IO错=0 倾+0.0
[  232.508] TLM t= 102.0 L1·A@-75 L2·A@-69 L3·A@-76 R1·A@-75 R2·A@-71 R3·A@-65 罐=无罐 泵=0 阀=111111 速=+0,+0,+0.00 电=7.65V/2.93A/峰3.50 补余=0.0 IO错=0 倾+0.0
[  233.006] TLM t= 102.4 L1·A@-75 L2·A@-68 L3·A@-76 R1·A@-75 R2·A@-70 R3·A@-64 罐=无罐 泵=0 阀=111111 速=+0,+0,+0.00 电=7.67V/2.85A/峰3.50 补余=0.0 IO错=0 倾+0.0
[  233.504] TLM t= 102.9 L1·A@-74 L2·A@-68 L3·A@-75 R1·A@-75 R2·A@-70 R3·A@-64 罐=无罐 泵=0 阀=111111 速=+0,+0,+0.00 电=7.67V/2.93A/峰3.50 补余=0.0 IO错=0 倾+0.0
[  234.026] TLM t= 103.4 L1·A@-74 L2·A@-67 L3·A@-75 R1·A@-75 R2·A@-69 R3·A@-63 罐=无罐 泵=0 阀=111111 速=+0,+0,+0.00 电=7.65V/2.93A/峰3.50 补余=0.0 IO错=0 倾+0.0
[  234.532] TLM t= 103.9 L1·A@-74 L2·A@-67 L3·A@-75 R1·A@-75 R2·A@-69 R3·A@-62 罐=无罐 泵=0 阀=111111 速=+0,+0,+0.00 电=7.68V/2.77A/峰3.50 补余=0.0 IO错=0 倾+0.0
[  235.054] TLM t= 104.4 L1·A@-74 L2·A@-67 L3·A@-75 R1·A@-75 R2·A@-69 R3·A@-61 罐=无罐 泵=0 阀=111111 速=+0,+0,+0.00 电=7.64V/2.93A/峰3.50 补余=0.0 IO错=0 倾+0.0
[  235.559] TLM t= 104.9 L1·A@-74 L2·A@-66 L3·A@-75 R1·A@-75 R2·A@-68 R3·A@-61 罐=无罐 泵=0 阀=111111 速=+0,+0,+0.00 电=7.67V/2.69A/峰3.50 补余=0.0 IO错=0 倾+0.0
[  235.970] EVT 泵 开 最差盘压-59.9
[  236.082] TLM t= 105.4 L1·A@-74 L2·A@-66 L3·A@-75 R1·A@-75 R2·A@-68 R3·A@-60 罐=无罐 泵=1 阀=111111 速=+0,+0,+0.00 电=7.62V/2.85A/峰3.50 补余=0.0 IO错=0 倾+0.0
[  236.583] TLM t= 105.9 L1·A@-74 L2·A@-73 L3·A@-75 R1·A@-75 R2·A@-73 R3·A@-73 罐=无罐 泵=1 阀=111111 速=+0,+0,+0.00 电=7.65V/2.85A/峰3.50 补余=0.0 IO错=0 倾+0.0
[  236.817] EVT 泵 停 最差盘压-75.2
[  237.110] TLM t= 106.4 L1·A@-76 L2·A@-76 L3·A@-76 R1·A@-76 R2·A@-76 R3·A@-76 罐=无罐 泵=0 阀=111111 速=+0,+0,+0.00 电=7.65V/2.77A/峰3.50 补余=0.0 IO错=0 倾+0.0
[  237.611] TLM t= 106.9 L1·A@-76 L2·A@-76 L3·A@-76 R1·A@-76 R2·A@-76 R3·A@-75 罐=无罐 泵=0 阀=111111 速=+0,+0,+0.00 电=7.67V/3.09A/峰3.50 补余=0.0 IO错=0 倾+0.0
[  238.136] TLM t= 107.5 L1·A@-76 L2·A@-75 L3·A@-76 R1·A@-76 R2·A@-75 R3·A@-75 罐=无罐 泵=0 阀=111111 速=+0,+0,+0.00 电=7.65V/2.93A/峰3.50 补余=0.0 IO错=0 倾+0.0
[  238.640] TLM t= 108.0 L1·A@-76 L2·A@-75 L3·A@-76 R1·A@-76 R2·A@-75 R3·A@-74 罐=无罐 泵=0 阀=111111 速=+0,+0,+0.00 电=7.65V/2.93A/峰3.50 补余=0.0 IO错=0 倾+0.0
[  239.158] TLM t= 108.5 L1·A@-76 L2·A@-74 L3·A@-76 R1·A@-76 R2·A@-74 R3·A@-73 罐=无罐 泵=0 阀=111111 速=+0,+0,+0.00 电=7.68V/2.44A/峰3.50 补余=0.0 IO错=0 倾+0.0
[  239.664] TLM t= 109.0 L1·A@-76 L2·A@-74 L3·A@-76 R1·A@-75 R2·A@-74 R3·A@-72 罐=无罐 泵=0 阀=111111 速=+0,+0,+0.00 电=7.67V/2.28A/峰3.50 补余=0.0 IO错=0 倾+0.0
[  240.046] EVT 键 'o' 倾=+0.0待=+0.0
[  240.182] TLM t= 109.5 L1·A@-75 L2·A@-73 L3·A@-76 R1·A@-75 R2·A@-74 R3·A@-72 罐=无罐 泵=0 阀=111111 速=+0,+0,+0.00 电=7.67V/2.36A/峰3.50 补余=0.0 IO错=0 倾+0.0
[  240.428] EVT 取机窗口：停泵 → 逐足串行排气（0.2s 间隔）→ 六足舵机撑住（泵禁开）
[  240.680] TLM t= 109.7 L1·A@-75 L2·A@-73 L3·A@-76 R1·A@-75 R2·A@-73 R3·A@-71 罐=无罐 泵=0 阀=111111 速=+0,+0,+0.00 电=7.67V/2.20A/峰3.50 补余=0.0 IO错=0 取机放气
[  240.839] EVT 吸附 L1 attached→venting 在态55.84s -75.2kPa
[  240.847] EVT 阀 L1 →排气位
[  241.103] EVT 吸附 L2 attached→venting 在态16.64s -72.4kPa
[  241.111] EVT 阀 L2 →排气位
[  241.190] TLM t= 109.7 L1·v@-75 L2·v@-72 L3·A@-76 R1·A@-75 R2·A@-73 R3·A@-70 罐=无罐 泵=0 阀=001111 速=+0,+0,+0.00 电=7.70V/1.47A/峰3.50 补余=0.0 IO错=0 取机放气
[  241.346] EVT 吸附 L1 venting→released 在态0.40s 0.1kPa
[  241.369] EVT 吸附 L3 attached→venting 在态37.28s -75.8kPa
[  241.376] EVT 阀 L3 →排气位
[  241.575] EVT 吸附 L2 venting→released 在态0.40s 0.3kPa
[  241.600] EVT 吸附 R1 attached→venting 在态27.78s -75.4kPa
[  241.602] EVT 阀 R1 →排气位
[  241.690] TLM t= 109.7 L1·r@-- L2·r@-- L3·v@-76 R1·v@-75 R2·A@-72 R3·A@-70 罐=无罐 泵=0 阀=000011 速=+0,+0,+0.00 电=7.69V/1.30A/峰3.50 补余=0.0 IO错=0 取机放气
[  241.801] EVT 吸附 L3 venting→released 在态0.40s 0.1kPa
[  241.824] EVT 吸附 R2 attached→venting 在态47.48s -72.3kPa
[  241.824] EVT 阀 R2 →排气位
[  242.015] EVT 吸附 R1 venting→released 在态0.40s -0.0kPa
[  242.035] EVT 吸附 R3 attached→venting 在态65.54s -69.3kPa
[  242.035] EVT 阀 R3 →排气位
[  242.201] TLM t= 109.7 L1·r@-- L2·r@-- L3·r@-- R1·r@-- R2·v@-72 R3·v@-69 罐=无罐 泵=0 阀=000000 速=+0,+0,+0.00 电=7.69V/0.98A/峰3.50 补余=0.0 IO错=0 取机放气
[  242.229] EVT 吸附 R2 venting→released 在态0.40s -0.0kPa
[  242.249] EVT 键 'o' 倾=+0.0待=+0.0（已放开）
[  242.250] EVT ⚠ 主环卡顿 1822ms（目标 20ms）
[  242.413] EVT 吸附 R3 venting→released 在态0.40s 0.2kPa
[  242.721] TLM t= 110.2 L1·r@-- L2·r@-- L3·r@-- R1·r@-- R2·r@-- R3·r@-- 罐=无罐 泵=0 阀=000000 速=+0,+0,+0.00 电=7.70V/0.81A/峰3.50 补余=0.0 IO错=0 倾+0.0 已放开
[  243.224] TLM t= 110.7 L1·r@-- L2·r@-- L3·r@-- R1·r@-- R2·r@-- R3·r@-- 罐=无罐 泵=0 阀=000000 速=+0,+0,+0.00 电=7.70V/0.81A/峰3.50 补余=0.0 IO错=0 倾+0.0 已放开
[  243.727] TLM t= 111.2 L1·r@-- L2·r@-- L3·r@-- R1·r@-- R2·r@-- R3·r@-- 罐=无罐 泵=0 阀=000000 速=+0,+0,+0.00 电=7.69V/0.81A/峰3.50 补余=0.0 IO错=0 倾+0.0 已放开
[  244.223] TLM t= 111.7 L1·r@-- L2·r@-- L3·r@-- R1·r@-- R2·r@-- R3·r@-- 罐=无罐 泵=0 阀=000000 速=+0,+0,+0.00 电=7.70V/0.73A/峰3.50 补余=0.0 IO错=0 倾+0.0 已放开
[  244.725] TLM t= 112.2 L1·r@-- L2·r@-- L3·r@-- R1·r@-- R2·r@-- R3·r@-- 罐=无罐 泵=0 阀=000000 速=+0,+0,+0.00 电=7.69V/0.73A/峰3.50 补余=0.0 IO错=0 倾+0.0 已放开
[  245.225] TLM t= 112.7 L1·r@-- L2·r@-- L3·r@-- R1·r@-- R2·r@-- R3·r@-- 罐=无罐 泵=0 阀=000000 速=+0,+0,+0.00 电=7.69V/0.81A/峰3.50 补余=0.0 IO错=0 倾+0.0 已放开
[  245.727] TLM t= 113.2 L1·r@-- L2·r@-- L3·r@-- R1·r@-- R2·r@-- R3·r@-- 罐=无罐 泵=0 阀=000000 速=+0,+0,+0.00 电=7.69V/0.73A/峰3.50 补余=0.0 IO错=0 倾+0.0 已放开
[  246.233] TLM t= 113.7 L1·r@-- L2·r@-- L3·r@-- R1·r@-- R2·r@-- R3·r@-- 罐=无罐 泵=0 阀=000000 速=+0,+0,+0.00 电=7.70V/0.81A/峰3.50 补余=0.0 IO错=0 倾+0.0 已放开
[  246.731] TLM t= 114.2 L1·r@-- L2·r@-- L3·r@-- R1·r@-- R2·r@-- R3·r@-- 罐=无罐 泵=0 阀=000000 速=+0,+0,+0.00 电=7.69V/0.81A/峰3.50 补余=0.0 IO错=0 倾+0.0 已放开
[  247.233] TLM t= 114.7 L1·r@-- L2·r@-- L3·r@-- R1·r@-- R2·r@-- R3·r@-- 罐=无罐 泵=0 阀=000000 速=+0,+0,+0.00 电=7.70V/0.81A/峰3.50 补余=0.0 IO错=0 倾+0.0 已放开
[  247.735] TLM t= 115.2 L1·r@-- L2·r@-- L3·r@-- R1·r@-- R2·r@-- R3·r@-- 罐=无罐 泵=0 阀=000000 速=+0,+0,+0.00 电=7.70V/0.73A/峰3.50 补余=0.0 IO错=0 倾+0.0 已放开
[  248.233] TLM t= 115.7 L1·r@-- L2·r@-- L3·r@-- R1·r@-- R2·r@-- R3·r@-- 罐=无罐 泵=0 阀=000000 速=+0,+0,+0.00 电=7.69V/0.73A/峰3.50 补余=0.0 IO错=0 倾+0.0 已放开
[  248.740] TLM t= 116.2 L1·r@-- L2·r@-- L3·r@-- R1·r@-- R2·r@-- R3·r@-- 罐=无罐 泵=0 阀=000000 速=+0,+0,+0.00 电=7.70V/0.49A/峰3.50 补余=0.0 IO错=0 倾+0.0 已放开
[  249.237] TLM t= 116.7 L1·r@-- L2·r@-- L3·r@-- R1·r@-- R2·r@-- R3·r@-- 罐=无罐 泵=0 阀=000000 速=+0,+0,+0.00 电=7.69V/0.65A/峰3.50 补余=0.0 IO错=0 倾+0.0 已放开
[  249.739] TLM t= 117.2 L1·r@-- L2·r@-- L3·r@-- R1·r@-- R2·r@-- R3·r@-- 罐=无罐 泵=0 阀=000000 速=+0,+0,+0.00 电=7.70V/0.49A/峰3.50 补余=0.0 IO错=0 倾+0.0 已放开
[  250.243] TLM t= 117.7 L1·r@-- L2·r@-- L3·r@-- R1·r@-- R2·r@-- R3·r@-- 罐=无罐 泵=0 阀=000000 速=+0,+0,+0.00 电=7.70V/0.49A/峰3.50 补余=0.0 IO错=0 倾+0.0 已放开
[  250.743] TLM t= 118.2 L1·r@-- L2·r@-- L3·r@-- R1·r@-- R2·r@-- R3·r@-- 罐=无罐 泵=0 阀=000000 速=+0,+0,+0.00 电=7.70V/0.65A/峰3.50 补余=0.0 IO错=0 倾+0.0 已放开
[  251.243] TLM t= 118.7 L1·r@-- L2·r@-- L3·r@-- R1·r@-- R2·r@-- R3·r@-- 罐=无罐 泵=0 阀=000000 速=+0,+0,+0.00 电=7.70V/0.57A/峰3.50 补余=0.0 IO错=0 倾+0.0 已放开
[  251.295] EVT 键 '\x1b' 倾=+0.0待=+0.0（已放开）
[  251.477] EVT 退出序列：停泵 → 逐足串行放气（通→断，0.2s 间隔） → 舵机断电（不回站姿）
[  251.783] TLM t= 118.9 L1·r@-- L2·r@-- L3·r@-- R1·r@-- R2·r@-- R3·r@-- 罐=无罐 泵=0 阀=000000 速=+0,+0,+0.00 电=7.69V/0.57A/峰3.50 补余=0.0 IO错=0 退出放气
[  251.803] EVT 阀 L1 →抽气位
[  252.024] EVT 阀 L2 →抽气位
[  252.245] EVT 阀 L3 →抽气位
[  252.292] TLM t= 118.9 L1·r@-- L2·r@-- L3·r@-- R1·r@-- R2·r@-- R3·r@-- 罐=无罐 泵=0 阀=111000 速=+0,+0,+0.00 电=7.73V/0.65A/峰3.50 补余=0.0 IO错=0 退出放气
[  252.473] EVT 阀 R1 →抽气位
[  252.694] EVT 阀 R2 →抽气位
[  252.801] TLM t= 118.9 L1·r@-- L2·r@-- L3·r@-- R1·r@-- R2·r@-- R3·r@-- 罐=无罐 泵=0 阀=111110 速=+0,+0,+0.00 电=7.74V/0.65A/峰3.50 补余=0.0 IO错=0 退出放气
[  252.921] EVT 阀 R3 →抽气位
[  253.122] EVT 退出：阀线圈已断电（coils_off）
[  253.228] EVT 退出序列完成（舵机断电）
[  253.228] EVT END 正常退出
